Mang truoc khi sap xep:
1973723782 793551153 1336295299 1728663497

Sap xep:
i = 1
Mang truoc khi xu ly: 1973723782 793551153 1336295299 1728663497
Phan tu dang xet A[1] = 793551153
Chen 793551153 vao vi tri k = 1
Mang sau khi xu ly: 1973723782 793551153 1336295299 1728663497

i = 2
Mang truoc khi xu ly: 1973723782 793551153 1336295299 1728663497
Phan tu dang xet A[2] = 1336295299
Chen 1336295299 vao vi tri k = 1
Mang sau khi xu ly: 1973723782 1336295299 793551153 1728663497

i = 3
Mang truoc khi xu ly: 1973723782 1336295299 793551153 1728663497
Phan tu dang xet A[3] = 1728663497
Chen 1728663497 vao vi tri k = 1
Mang sau khi xu ly: 1973723782 1728663497 1336295299 793551153

Mang sau khi sap xep:
1973723782 1728663497 1336295299 793551153
