Mang truoc khi sap xep:
-513521613 -853386884 64800815 -991877383 36032527

Sap xep:
i = 1
Mang truoc khi xu ly: -513521613 -853386884 64800815 -991877383 36032527
Phan tu dang xet A[1] = -853386884
Chen -853386884 vao vi tri k = 1
Mang sau khi xu ly: -513521613 -853386884 64800815 -991877383 36032527

i = 2
Mang truoc khi xu ly: -513521613 -853386884 64800815 -991877383 36032527
Phan tu dang xet A[2] = 64800815
Chen 64800815 vao vi tri k = 0
Mang sau khi xu ly: 64800815 -513521613 -853386884 -991877383 36032527

i = 3
Mang truoc khi xu ly: 64800815 -513521613 -853386884 -991877383 36032527
Phan tu dang xet A[3] = -991877383
Chen -991877383 vao vi tri k = 3
Mang sau khi xu ly: 64800815 -513521613 -853386884 -991877383 36032527

i = 4
Mang truoc khi xu ly: 64800815 -513521613 -853386884 -991877383 36032527
Phan tu dang xet A[4] = 36032527
Chen 36032527 vao vi tri k = 1
Mang sau khi xu ly: 64800815 36032527 -513521613 -853386884 -991877383

Mang sau khi sap xep:
64800815 36032527 -513521613 -853386884 -991877383
