Mang truoc khi sap xep:
926027954 1683869913 49770959 -344427171 1394148306 -812385181 1389360287 33266865 -686301851 -1881695400 -181145919 360600758 -1774041852 161685190 30640087 1499538124

Sap xep:
i = 1
Mang truoc khi xu ly: 926027954 1683869913 49770959 -344427171 1394148306 -812385181 1389360287 33266865 -686301851 -1881695400 -181145919 360600758 -1774041852 161685190 30640087 1499538124
Phan tu dang xet A[1] = 1683869913
Chen 1683869913 vao vi tri k = 0
Mang sau khi xu ly: 1683869913 926027954 49770959 -344427171 1394148306 -812385181 1389360287 33266865 -686301851 -1881695400 -181145919 360600758 -1774041852 161685190 30640087 1499538124

i = 2
Mang truoc khi xu ly: 1683869913 926027954 49770959 -344427171 1394148306 -812385181 1389360287 33266865 -686301851 -1881695400 -181145919 360600758 -1774041852 161685190 30640087 1499538124
Phan tu dang xet A[2] = 49770959
Chen 49770959 vao vi tri k = 2
Mang sau khi xu ly: 1683869913 926027954 49770959 -344427171 1394148306 -812385181 1389360287 33266865 -686301851 -1881695400 -181145919 360600758 -1774041852 161685190 30640087 1499538124

i = 3
Mang truoc khi xu ly: 1683869913 926027954 49770959 -344427171 1394148306 -812385181 1389360287 33266865 -686301851 -1881695400 -181145919 360600758 -1774041852 161685190 30640087 1499538124
Phan tu dang xet A[3] = -344427171
Chen -344427171 vao vi tri k = 3
Mang sau khi xu ly: 1683869913 926027954 49770959 -344427171 1394148306 -812385181 1389360287 33266865 -686301851 -1881695400 -181145919 360600758 -1774041852 161685190 30640087 1499538124

i = 4
Mang truoc khi xu ly: 1683869913 926027954 49770959 -344427171 1394148306 -812385181 1389360287 33266865 -686301851 -1881695400 -181145919 360600758 -1774041852 161685190 30640087 1499538124
Phan tu dang xet A[4] = 1394148306
Chen 1394148306 vao vi tri k = 1
Mang sau khi xu ly: 1683869913 1394148306 926027954 49770959 -344427171 -812385181 1389360287 33266865 -686301851 -1881695400 -181145919 360600758 -1774041852 161685190 30640087 1499538124

i = 5
Mang truoc khi xu ly: 1683869913 1394148306 926027954 49770959 -344427171 -812385181 1389360287 33266865 -686301851 -1881695400 -181145919 360600758 -1774041852 161685190 30640087 1499538124
Phan tu dang xet A[5] = -812385181
Chen -812385181 vao vi tri k = 5
Mang sau khi xu ly: 1683869913 1394148306 926027954 49770959 -344427171 -812385181 1389360287 33266865 -686301851 -1881695400 -181145919 360600758 -1774041852 161685190 30640087 1499538124

i = 6
Mang truoc khi xu ly: 1683869913 1394148306 926027954 49770959 -344427171 -812385181 1389360287 33266865 -686301851 -1881695400 -181145919 360600758 -1774041852 161685190 30640087 1499538124
Phan tu dang xet A[6] = 1389360287
Chen 1389360287 vao vi tri k = 2
Mang sau khi xu ly: 1683869913 1394148306 1389360287 926027954 49770959 -344427171 -812385181 33266865 -686301851 -1881695400 -181145919 360600758 -1774041852 161685190 30640087 1499538124

i = 7
Mang truoc khi xu ly: 1683869913 1394148306 1389360287 926027954 49770959 -344427171 -812385181 33266865 -686301851 -1881695400 -181145919 360600758 -1774041852 161685190 30640087 1499538124
Phan tu dang xet A[7] = 33266865
Chen 33266865 vao vi tri k = 5
Mang sau khi xu ly: 1683869913 1394148306 1389360287 926027954 49770959 33266865 -344427171 -812385181 -686301851 -1881695400 -181145919 360600758 -1774041852 161685190 30640087 1499538124

i = 8
Mang truoc khi xu ly: 1683869913 1394148306 1389360287 926027954 49770959 33266865 -344427171 -812385181 -686301851 -1881695400 -181145919 360600758 -1774041852 161685190 30640087 1499538124
Phan tu dang xet A[8] = -686301851
Chen -686301851 vao vi tri k = 7
Mang sau khi xu ly: 1683869913 1394148306 1389360287 926027954 49770959 33266865 -344427171 -686301851 -812385181 -1881695400 -181145919 360600758 -1774041852 161685190 30640087 1499538124

i = 9
Mang truoc khi xu ly: 1683869913 1394148306 1389360287 926027954 49770959 33266865 -344427171 -686301851 -812385181 -1881695400 -181145919 360600758 -1774041852 161685190 30640087 1499538124
Phan tu dang xet A[9] = -1881695400
Chen -1881695400 vao vi tri k = 9
Mang sau khi xu ly: 1683869913 1394148306 1389360287 926027954 49770959 33266865 -344427171 -686301851 -812385181 -1881695400 -181145919 360600758 -1774041852 161685190 30640087 1499538124

i = 10
Mang truoc khi xu ly: 1683869913 1394148306 1389360287 926027954 49770959 33266865 -344427171 -686301851 -812385181 -1881695400 -181145919 360600758 -1774041852 161685190 30640087 1499538124
Phan tu dang xet A[10] = -181145919
Chen -181145919 vao vi tri k = 6
Mang sau khi xu ly: 1683869913 1394148306 1389360287 926027954 49770959 33266865 -181145919 -344427171 -686301851 -812385181 -1881695400 360600758 -1774041852 161685190 30640087 1499538124

i = 11
Mang truoc khi xu ly: 1683869913 1394148306 1389360287 926027954 49770959 33266865 -181145919 -344427171 -686301851 -812385181 -1881695400 360600758 -1774041852 161685190 30640087 1499538124
Phan tu dang xet A[11] = 360600758
Chen 360600758 vao vi tri k = 4
Mang sau khi xu ly: 1683869913 1394148306 1389360287 926027954 360600758 49770959 33266865 -181145919 -344427171 -686301851 -812385181 -1881695400 -1774041852 161685190 30640087 1499538124

i = 12
Mang truoc khi xu ly: 1683869913 1394148306 1389360287 926027954 360600758 49770959 33266865 -181145919 -344427171 -686301851 -812385181 -1881695400 -1774041852 161685190 30640087 1499538124
Phan tu dang xet A[12] = -1774041852
Chen -1774041852 vao vi tri k = 11
Mang sau khi xu ly: 1683869913 1394148306 1389360287 926027954 360600758 49770959 33266865 -181145919 -344427171 -686301851 -812385181 -1774041852 -1881695400 161685190 30640087 1499538124

i = 13
Mang truoc khi xu ly: 1683869913 1394148306 1389360287 926027954 360600758 49770959 33266865 -181145919 -344427171 -686301851 -812385181 -1774041852 -1881695400 161685190 30640087 1499538124
Phan tu dang xet A[13] = 161685190
Chen 161685190 vao vi tri k = 5
Mang sau khi xu ly: 1683869913 1394148306 1389360287 926027954 360600758 161685190 49770959 33266865 -181145919 -344427171 -686301851 -812385181 -1774041852 -1881695400 30640087 1499538124

i = 14
Mang truoc khi xu ly: 1683869913 1394148306 1389360287 926027954 360600758 161685190 49770959 33266865 -181145919 -344427171 -686301851 -812385181 -1774041852 -1881695400 30640087 1499538124
Phan tu dang xet A[14] = 30640087
Chen 30640087 vao vi tri k = 8
Mang sau khi xu ly: 1683869913 1394148306 1389360287 926027954 360600758 161685190 49770959 33266865 30640087 -181145919 -344427171 -686301851 -812385181 -1774041852 -1881695400 1499538124

i = 15
Mang truoc khi xu ly: 1683869913 1394148306 1389360287 926027954 360600758 161685190 49770959 33266865 30640087 -181145919 -344427171 -686301851 -812385181 -1774041852 -1881695400 1499538124
Phan tu dang xet A[15] = 1499538124
Chen 1499538124 vao vi tri k = 1
Mang sau khi xu ly: 1683869913 1499538124 1394148306 1389360287 926027954 360600758 161685190 49770959 33266865 30640087 -181145919 -344427171 -686301851 -812385181 -1774041852 -1881695400

Mang sau khi sap xep:
1683869913 1499538124 1394148306 1389360287 926027954 360600758 161685190 49770959 33266865 30640087 -181145919 -344427171 -686301851 -812385181 -1774041852 -1881695400
