Mang truoc khi sap xep:
-298191011 -631190777 -1605198990 1843529554 -728453498 350900300 1597880751 -1399335650 -1859484162 -898849047 795556121 -1916309429 1946015726 -1034652066 1997063623 -756442382 378071333 -1044214306 -1094546408 1602047372 1510914054 709013272 -1822149046 1160820215 241430029 1386781829 -1094062531 -649473816 -855862591 -1476015420 -1793986734 896719066 -1759274417 -1549051076 1195981369

Sap xep:
i = 1
Mang truoc khi xu ly: -298191011 -631190777 -1605198990 1843529554 -728453498 350900300 1597880751 -1399335650 -1859484162 -898849047 795556121 -1916309429 1946015726 -1034652066 1997063623 -756442382 378071333 -1044214306 -1094546408 1602047372 1510914054 709013272 -1822149046 1160820215 241430029 1386781829 -1094062531 -649473816 -855862591 -1476015420 -1793986734 896719066 -1759274417 -1549051076 1195981369
Phan tu dang xet A[1] = -631190777
Chen -631190777 vao vi tri k = 1
Mang sau khi xu ly: -298191011 -631190777 -1605198990 1843529554 -728453498 350900300 1597880751 -1399335650 -1859484162 -898849047 795556121 -1916309429 1946015726 -1034652066 1997063623 -756442382 378071333 -1044214306 -1094546408 1602047372 1510914054 709013272 -1822149046 1160820215 241430029 1386781829 -1094062531 -649473816 -855862591 -1476015420 -1793986734 896719066 -1759274417 -1549051076 1195981369

i = 2
Mang truoc khi xu ly: -298191011 -631190777 -1605198990 1843529554 -728453498 350900300 1597880751 -1399335650 -1859484162 -898849047 795556121 -1916309429 1946015726 -1034652066 1997063623 -756442382 378071333 -1044214306 -1094546408 1602047372 1510914054 709013272 -1822149046 1160820215 241430029 1386781829 -1094062531 -649473816 -855862591 -1476015420 -1793986734 896719066 -1759274417 -1549051076 1195981369
Phan tu dang xet A[2] = -1605198990
Chen -1605198990 vao vi tri k = 2
Mang sau khi xu ly: -298191011 -631190777 -1605198990 1843529554 -728453498 350900300 1597880751 -1399335650 -1859484162 -898849047 795556121 -1916309429 1946015726 -1034652066 1997063623 -756442382 378071333 -1044214306 -1094546408 1602047372 1510914054 709013272 -1822149046 1160820215 241430029 1386781829 -1094062531 -649473816 -855862591 -1476015420 -1793986734 896719066 -1759274417 -1549051076 1195981369

i = 3
Mang truoc khi xu ly: -298191011 -631190777 -1605198990 1843529554 -728453498 350900300 1597880751 -1399335650 -1859484162 -898849047 795556121 -1916309429 1946015726 -1034652066 1997063623 -756442382 378071333 -1044214306 -1094546408 1602047372 1510914054 709013272 -1822149046 1160820215 241430029 1386781829 -1094062531 -649473816 -855862591 -1476015420 -1793986734 896719066 -1759274417 -1549051076 1195981369
Phan tu dang xet A[3] = 1843529554
Chen 1843529554 vao vi tri k = 0
Mang sau khi xu ly: 1843529554 -298191011 -631190777 -1605198990 -728453498 350900300 1597880751 -1399335650 -1859484162 -898849047 795556121 -1916309429 1946015726 -1034652066 1997063623 -756442382 378071333 -1044214306 -1094546408 1602047372 1510914054 709013272 -1822149046 1160820215 241430029 1386781829 -1094062531 -649473816 -855862591 -1476015420 -1793986734 896719066 -1759274417 -1549051076 1195981369

i = 4
Mang truoc khi xu ly: 1843529554 -298191011 -631190777 -1605198990 -728453498 350900300 1597880751 -1399335650 -1859484162 -898849047 795556121 -1916309429 1946015726 -1034652066 1997063623 -756442382 378071333 -1044214306 -1094546408 1602047372 1510914054 709013272 -1822149046 1160820215 241430029 1386781829 -1094062531 -649473816 -855862591 -1476015420 -1793986734 896719066 -1759274417 -1549051076 1195981369
Phan tu dang xet A[4] = -728453498
Chen -728453498 vao vi tri k = 3
Mang sau khi xu ly: 1843529554 -298191011 -631190777 -728453498 -1605198990 350900300 1597880751 -1399335650 -1859484162 -898849047 795556121 -1916309429 1946015726 -1034652066 1997063623 -756442382 378071333 -1044214306 -1094546408 1602047372 1510914054 709013272 -1822149046 1160820215 241430029 1386781829 -1094062531 -649473816 -855862591 -1476015420 -1793986734 896719066 -1759274417 -1549051076 1195981369

i = 5
Mang truoc khi xu ly: 1843529554 -298191011 -631190777 -728453498 -1605198990 350900300 1597880751 -1399335650 -1859484162 -898849047 795556121 -1916309429 1946015726 -1034652066 1997063623 -756442382 378071333 -1044214306 -1094546408 1602047372 1510914054 709013272 -1822149046 1160820215 241430029 1386781829 -1094062531 -649473816 -855862591 -1476015420 -1793986734 896719066 -1759274417 -1549051076 1195981369
Phan tu dang xet A[5] = 350900300
Chen 350900300 vao vi tri k = 1
Mang sau khi xu ly: 1843529554 350900300 -298191011 -631190777 -728453498 -1605198990 1597880751 -1399335650 -1859484162 -898849047 795556121 -1916309429 1946015726 -1034652066 1997063623 -756442382 378071333 -1044214306 -1094546408 1602047372 1510914054 709013272 -1822149046 1160820215 241430029 1386781829 -1094062531 -649473816 -855862591 -1476015420 -1793986734 896719066 -1759274417 -1549051076 1195981369

i = 6
Mang truoc khi xu ly: 1843529554 350900300 -298191011 -631190777 -728453498 -1605198990 1597880751 -1399335650 -1859484162 -898849047 795556121 -1916309429 1946015726 -1034652066 1997063623 -756442382 378071333 -1044214306 -1094546408 1602047372 1510914054 709013272 -1822149046 1160820215 241430029 1386781829 -1094062531 -649473816 -855862591 -1476015420 -1793986734 896719066 -1759274417 -1549051076 1195981369
Phan tu dang xet A[6] = 1597880751
Chen 1597880751 vao vi tri k = 1
Mang sau khi xu ly: 1843529554 1597880751 350900300 -298191011 -631190777 -728453498 -1605198990 -1399335650 -1859484162 -898849047 795556121 -1916309429 1946015726 -1034652066 1997063623 -756442382 378071333 -1044214306 -1094546408 1602047372 1510914054 709013272 -1822149046 1160820215 241430029 1386781829 -1094062531 -649473816 -855862591 -1476015420 -1793986734 896719066 -1759274417 -1549051076 1195981369

i = 7
Mang truoc khi xu ly: 1843529554 1597880751 350900300 -298191011 -631190777 -728453498 -1605198990 -1399335650 -1859484162 -898849047 795556121 -1916309429 1946015726 -1034652066 1997063623 -756442382 378071333 -1044214306 -1094546408 1602047372 1510914054 709013272 -1822149046 1160820215 241430029 1386781829 -1094062531 -649473816 -855862591 -1476015420 -1793986734 896719066 -1759274417 -1549051076 1195981369
Phan tu dang xet A[7] = -1399335650
Chen -1399335650 vao vi tri k = 6
Mang sau khi xu ly: 1843529554 1597880751 350900300 -298191011 -631190777 -728453498 -1399335650 -1605198990 -1859484162 -898849047 795556121 -1916309429 1946015726 -1034652066 1997063623 -756442382 378071333 -1044214306 -1094546408 1602047372 1510914054 709013272 -1822149046 1160820215 241430029 1386781829 -1094062531 -649473816 -855862591 -1476015420 -1793986734 896719066 -1759274417 -1549051076 1195981369

i = 8
Mang truoc khi xu ly: 1843529554 1597880751 350900300 -298191011 -631190777 -728453498 -1399335650 -1605198990 -1859484162 -898849047 795556121 -1916309429 1946015726 -1034652066 1997063623 -756442382 378071333 -1044214306 -1094546408 1602047372 1510914054 709013272 -1822149046 1160820215 241430029 1386781829 -1094062531 -649473816 -855862591 -1476015420 -1793986734 896719066 -1759274417 -1549051076 1195981369
Phan tu dang xet A[8] = -1859484162
Chen -1859484162 vao vi tri k = 8
Mang sau khi xu ly: 1843529554 1597880751 350900300 -298191011 -631190777 -728453498 -1399335650 -1605198990 -1859484162 -898849047 795556121 -1916309429 1946015726 -1034652066 1997063623 -756442382 378071333 -1044214306 -1094546408 1602047372 1510914054 709013272 -1822149046 1160820215 241430029 1386781829 -1094062531 -649473816 -855862591 -1476015420 -1793986734 896719066 -1759274417 -1549051076 1195981369

i = 9
Mang truoc khi xu ly: 1843529554 1597880751 350900300 -298191011 -631190777 -728453498 -1399335650 -1605198990 -1859484162 -898849047 795556121 -1916309429 1946015726 -1034652066 1997063623 -756442382 378071333 -1044214306 -1094546408 1602047372 1510914054 709013272 -1822149046 1160820215 241430029 1386781829 -1094062531 -649473816 -855862591 -1476015420 -1793986734 896719066 -1759274417 -1549051076 1195981369
Phan tu dang xet A[9] = -898849047
Chen -898849047 vao vi tri k = 6
Mang sau khi xu ly: 1843529554 1597880751 350900300 -298191011 -631190777 -728453498 -898849047 -1399335650 -1605198990 -1859484162 795556121 -1916309429 1946015726 -1034652066 1997063623 -756442382 378071333 -1044214306 -1094546408 1602047372 1510914054 709013272 -1822149046 1160820215 241430029 1386781829 -1094062531 -649473816 -855862591 -1476015420 -1793986734 896719066 -1759274417 -1549051076 1195981369

i = 10
Mang truoc khi xu ly: 1843529554 1597880751 350900300 -298191011 -631190777 -728453498 -898849047 -1399335650 -1605198990 -1859484162 795556121 -1916309429 1946015726 -1034652066 1997063623 -756442382 378071333 -1044214306 -1094546408 1602047372 1510914054 709013272 -1822149046 1160820215 241430029 1386781829 -1094062531 -649473816 -855862591 -1476015420 -1793986734 896719066 -1759274417 -1549051076 1195981369
Phan tu dang xet A[10] = 795556121
Chen 795556121 vao vi tri k = 2
Mang sau khi xu ly: 1843529554 1597880751 795556121 350900300 -298191011 -631190777 -728453498 -898849047 -1399335650 -1605198990 -1859484162 -1916309429 1946015726 -1034652066 1997063623 -756442382 378071333 -1044214306 -1094546408 1602047372 1510914054 709013272 -1822149046 1160820215 241430029 1386781829 -1094062531 -649473816 -855862591 -1476015420 -1793986734 896719066 -1759274417 -1549051076 1195981369

i = 11
Mang truoc khi xu ly: 1843529554 1597880751 795556121 350900300 -298191011 -631190777 -728453498 -898849047 -1399335650 -1605198990 -1859484162 -1916309429 1946015726 -1034652066 1997063623 -756442382 378071333 -1044214306 -1094546408 1602047372 1510914054 709013272 -1822149046 1160820215 241430029 1386781829 -1094062531 -649473816 -855862591 -1476015420 -1793986734 896719066 -1759274417 -1549051076 1195981369
Phan tu dang xet A[11] = -1916309429
Chen -1916309429 vao vi tri k = 11
Mang sau khi xu ly: 1843529554 1597880751 795556121 350900300 -298191011 -631190777 -728453498 -898849047 -1399335650 -1605198990 -1859484162 -1916309429 1946015726 -1034652066 1997063623 -756442382 378071333 -1044214306 -1094546408 1602047372 1510914054 709013272 -1822149046 1160820215 241430029 1386781829 -1094062531 -649473816 -855862591 -1476015420 -1793986734 896719066 -1759274417 -1549051076 1195981369

i = 12
Mang truoc khi xu ly: 1843529554 1597880751 795556121 350900300 -298191011 -631190777 -728453498 -898849047 -1399335650 -1605198990 -1859484162 -1916309429 1946015726 -1034652066 1997063623 -756442382 378071333 -1044214306 -1094546408 1602047372 1510914054 709013272 -1822149046 1160820215 241430029 1386781829 -1094062531 -649473816 -855862591 -1476015420 -1793986734 896719066 -1759274417 -1549051076 1195981369
Phan tu dang xet A[12] = 1946015726
Chen 1946015726 vao vi tri k = 0
Mang sau khi xu ly: 1946015726 1843529554 1597880751 795556121 350900300 -298191011 -631190777 -728453498 -898849047 -1399335650 -1605198990 -1859484162 -1916309429 -1034652066 1997063623 -756442382 378071333 -1044214306 -1094546408 1602047372 1510914054 709013272 -1822149046 1160820215 241430029 1386781829 -1094062531 -649473816 -855862591 -1476015420 -1793986734 896719066 -1759274417 -1549051076 1195981369

i = 13
Mang truoc khi xu ly: 1946015726 1843529554 1597880751 795556121 350900300 -298191011 -631190777 -728453498 -898849047 -1399335650 -1605198990 -1859484162 -1916309429 -1034652066 1997063623 -756442382 378071333 -1044214306 -1094546408 1602047372 1510914054 709013272 -1822149046 1160820215 241430029 1386781829 -1094062531 -649473816 -855862591 -1476015420 -1793986734 896719066 -1759274417 -1549051076 1195981369
Phan tu dang xet A[13] = -1034652066
Chen -1034652066 vao vi tri k = 9
Mang sau khi xu ly: 1946015726 1843529554 1597880751 795556121 350900300 -298191011 -631190777 -728453498 -898849047 -1034652066 -1399335650 -1605198990 -1859484162 -1916309429 1997063623 -756442382 378071333 -1044214306 -1094546408 1602047372 1510914054 709013272 -1822149046 1160820215 241430029 1386781829 -1094062531 -649473816 -855862591 -1476015420 -1793986734 896719066 -1759274417 -1549051076 1195981369

i = 14
Mang truoc khi xu ly: 1946015726 1843529554 1597880751 795556121 350900300 -298191011 -631190777 -728453498 -898849047 -1034652066 -1399335650 -1605198990 -1859484162 -1916309429 1997063623 -756442382 378071333 -1044214306 -1094546408 1602047372 1510914054 709013272 -1822149046 1160820215 241430029 1386781829 -1094062531 -649473816 -855862591 -1476015420 -1793986734 896719066 -1759274417 -1549051076 1195981369
Phan tu dang xet A[14] = 1997063623
Chen 1997063623 vao vi tri k = 0
Mang sau khi xu ly: 1997063623 1946015726 1843529554 1597880751 795556121 350900300 -298191011 -631190777 -728453498 -898849047 -1034652066 -1399335650 -1605198990 -1859484162 -1916309429 -756442382 378071333 -1044214306 -1094546408 1602047372 1510914054 709013272 -1822149046 1160820215 241430029 1386781829 -1094062531 -649473816 -855862591 -1476015420 -1793986734 896719066 -1759274417 -1549051076 1195981369

i = 15
Mang truoc khi xu ly: 1997063623 1946015726 1843529554 1597880751 795556121 350900300 -298191011 -631190777 -728453498 -898849047 -1034652066 -1399335650 -1605198990 -1859484162 -1916309429 -756442382 378071333 -1044214306 -1094546408 1602047372 1510914054 709013272 -1822149046 1160820215 241430029 1386781829 -1094062531 -649473816 -855862591 -1476015420 -1793986734 896719066 -1759274417 -1549051076 1195981369
Phan tu dang xet A[15] = -756442382
Chen -756442382 vao vi tri k = 9
Mang sau khi xu ly: 1997063623 1946015726 1843529554 1597880751 795556121 350900300 -298191011 -631190777 -728453498 -756442382 -898849047 -1034652066 -1399335650 -1605198990 -1859484162 -1916309429 378071333 -1044214306 -1094546408 1602047372 1510914054 709013272 -1822149046 1160820215 241430029 1386781829 -1094062531 -649473816 -855862591 -1476015420 -1793986734 896719066 -1759274417 -1549051076 1195981369

i = 16
Mang truoc khi xu ly: 1997063623 1946015726 1843529554 1597880751 795556121 350900300 -298191011 -631190777 -728453498 -756442382 -898849047 -1034652066 -1399335650 -1605198990 -1859484162 -1916309429 378071333 -1044214306 -1094546408 1602047372 1510914054 709013272 -1822149046 1160820215 241430029 1386781829 -1094062531 -649473816 -855862591 -1476015420 -1793986734 896719066 -1759274417 -1549051076 1195981369
Phan tu dang xet A[16] = 378071333
Chen 378071333 vao vi tri k = 5
Mang sau khi xu ly: 1997063623 1946015726 1843529554 1597880751 795556121 378071333 350900300 -298191011 -631190777 -728453498 -756442382 -898849047 -1034652066 -1399335650 -1605198990 -1859484162 -1916309429 -1044214306 -1094546408 1602047372 1510914054 709013272 -1822149046 1160820215 241430029 1386781829 -1094062531 -649473816 -855862591 -1476015420 -1793986734 896719066 -1759274417 -1549051076 1195981369

i = 17
Mang truoc khi xu ly: 1997063623 1946015726 1843529554 1597880751 795556121 378071333 350900300 -298191011 -631190777 -728453498 -756442382 -898849047 -1034652066 -1399335650 -1605198990 -1859484162 -1916309429 -1044214306 -1094546408 1602047372 1510914054 709013272 -1822149046 1160820215 241430029 1386781829 -1094062531 -649473816 -855862591 -1476015420 -1793986734 896719066 -1759274417 -1549051076 1195981369
Phan tu dang xet A[17] = -1044214306
Chen -1044214306 vao vi tri k = 13
Mang sau khi xu ly: 1997063623 1946015726 1843529554 1597880751 795556121 378071333 350900300 -298191011 -631190777 -728453498 -756442382 -898849047 -1034652066 -1044214306 -1399335650 -1605198990 -1859484162 -1916309429 -1094546408 1602047372 1510914054 709013272 -1822149046 1160820215 241430029 1386781829 -1094062531 -649473816 -855862591 -1476015420 -1793986734 896719066 -1759274417 -1549051076 1195981369

i = 18
Mang truoc khi xu ly: 1997063623 1946015726 1843529554 1597880751 795556121 378071333 350900300 -298191011 -631190777 -728453498 -756442382 -898849047 -1034652066 -1044214306 -1399335650 -1605198990 -1859484162 -1916309429 -1094546408 1602047372 1510914054 709013272 -1822149046 1160820215 241430029 1386781829 -1094062531 -649473816 -855862591 -1476015420 -1793986734 896719066 -1759274417 -1549051076 1195981369
Phan tu dang xet A[18] = -1094546408
Chen -1094546408 vao vi tri k = 14
Mang sau khi xu ly: 1997063623 1946015726 1843529554 1597880751 795556121 378071333 350900300 -298191011 -631190777 -728453498 -756442382 -898849047 -1034652066 -1044214306 -1094546408 -1399335650 -1605198990 -1859484162 -1916309429 1602047372 1510914054 709013272 -1822149046 1160820215 241430029 1386781829 -1094062531 -649473816 -855862591 -1476015420 -1793986734 896719066 -1759274417 -1549051076 1195981369

i = 19
Mang truoc khi xu ly: 1997063623 1946015726 1843529554 1597880751 795556121 378071333 350900300 -298191011 -631190777 -728453498 -756442382 -898849047 -1034652066 -1044214306 -1094546408 -1399335650 -1605198990 -1859484162 -1916309429 1602047372 1510914054 709013272 -1822149046 1160820215 241430029 1386781829 -1094062531 -649473816 -855862591 -1476015420 -1793986734 896719066 -1759274417 -1549051076 1195981369
Phan tu dang xet A[19] = 1602047372
Chen 1602047372 vao vi tri k = 3
Mang sau khi xu ly: 1997063623 1946015726 1843529554 1602047372 1597880751 795556121 378071333 350900300 -298191011 -631190777 -728453498 -756442382 -898849047 -1034652066 -1044214306 -1094546408 -1399335650 -1605198990 -1859484162 -1916309429 1510914054 709013272 -1822149046 1160820215 241430029 1386781829 -1094062531 -649473816 -855862591 -1476015420 -1793986734 896719066 -1759274417 -1549051076 1195981369

i = 20
Mang truoc khi xu ly: 1997063623 1946015726 1843529554 1602047372 1597880751 795556121 378071333 350900300 -298191011 -631190777 -728453498 -756442382 -898849047 -1034652066 -1044214306 -1094546408 -1399335650 -1605198990 -1859484162 -1916309429 1510914054 709013272 -1822149046 1160820215 241430029 1386781829 -1094062531 -649473816 -855862591 -1476015420 -1793986734 896719066 -1759274417 -1549051076 1195981369
Phan tu dang xet A[20] = 1510914054
Chen 1510914054 vao vi tri k = 5
Mang sau khi xu ly: 1997063623 1946015726 1843529554 1602047372 1597880751 1510914054 795556121 378071333 350900300 -298191011 -631190777 -728453498 -756442382 -898849047 -1034652066 -1044214306 -1094546408 -1399335650 -1605198990 -1859484162 -1916309429 709013272 -1822149046 1160820215 241430029 1386781829 -1094062531 -649473816 -855862591 -1476015420 -1793986734 896719066 -1759274417 -1549051076 1195981369

i = 21
Mang truoc khi xu ly: 1997063623 1946015726 1843529554 1602047372 1597880751 1510914054 795556121 378071333 350900300 -298191011 -631190777 -728453498 -756442382 -898849047 -1034652066 -1044214306 -1094546408 -1399335650 -1605198990 -1859484162 -1916309429 709013272 -1822149046 1160820215 241430029 1386781829 -1094062531 -649473816 -855862591 -1476015420 -1793986734 896719066 -1759274417 -1549051076 1195981369
Phan tu dang xet A[21] = 709013272
Chen 709013272 vao vi tri k = 7
Mang sau khi xu ly: 1997063623 1946015726 1843529554 1602047372 1597880751 1510914054 795556121 709013272 378071333 350900300 -298191011 -631190777 -728453498 -756442382 -898849047 -1034652066 -1044214306 -1094546408 -1399335650 -1605198990 -1859484162 -1916309429 -1822149046 1160820215 241430029 1386781829 -1094062531 -649473816 -855862591 -1476015420 -1793986734 896719066 -1759274417 -1549051076 1195981369

i = 22
Mang truoc khi xu ly: 1997063623 1946015726 1843529554 1602047372 1597880751 1510914054 795556121 709013272 378071333 350900300 -298191011 -631190777 -728453498 -756442382 -898849047 -1034652066 -1044214306 -1094546408 -1399335650 -1605198990 -1859484162 -1916309429 -1822149046 1160820215 241430029 1386781829 -1094062531 -649473816 -855862591 -1476015420 -1793986734 896719066 -1759274417 -1549051076 1195981369
Phan tu dang xet A[22] = -1822149046
Chen -1822149046 vao vi tri k = 20
Mang sau khi xu ly: 1997063623 1946015726 1843529554 1602047372 1597880751 1510914054 795556121 709013272 378071333 350900300 -298191011 -631190777 -728453498 -756442382 -898849047 -1034652066 -1044214306 -1094546408 -1399335650 -1605198990 -1822149046 -1859484162 -1916309429 1160820215 241430029 1386781829 -1094062531 -649473816 -855862591 -1476015420 -1793986734 896719066 -1759274417 -1549051076 1195981369

i = 23
Mang truoc khi xu ly: 1997063623 1946015726 1843529554 1602047372 1597880751 1510914054 795556121 709013272 378071333 350900300 -298191011 -631190777 -728453498 -756442382 -898849047 -1034652066 -1044214306 -1094546408 -1399335650 -1605198990 -1822149046 -1859484162 -1916309429 1160820215 241430029 1386781829 -1094062531 -649473816 -855862591 -1476015420 -1793986734 896719066 -1759274417 -1549051076 1195981369
Phan tu dang xet A[23] = 1160820215
Chen 1160820215 vao vi tri k = 6
Mang sau khi xu ly: 1997063623 1946015726 1843529554 1602047372 1597880751 1510914054 1160820215 795556121 709013272 378071333 350900300 -298191011 -631190777 -728453498 -756442382 -898849047 -1034652066 -1044214306 -1094546408 -1399335650 -1605198990 -1822149046 -1859484162 -1916309429 241430029 1386781829 -1094062531 -649473816 -855862591 -1476015420 -1793986734 896719066 -1759274417 -1549051076 1195981369

i = 24
Mang truoc khi xu ly: 1997063623 1946015726 1843529554 1602047372 1597880751 1510914054 1160820215 795556121 709013272 378071333 350900300 -298191011 -631190777 -728453498 -756442382 -898849047 -1034652066 -1044214306 -1094546408 -1399335650 -1605198990 -1822149046 -1859484162 -1916309429 241430029 1386781829 -1094062531 -649473816 -855862591 -1476015420 -1793986734 896719066 -1759274417 -1549051076 1195981369
Phan tu dang xet A[24] = 241430029
Chen 241430029 vao vi tri k = 11
Mang sau khi xu ly: 1997063623 1946015726 1843529554 1602047372 1597880751 1510914054 1160820215 795556121 709013272 378071333 350900300 241430029 -298191011 -631190777 -728453498 -756442382 -898849047 -1034652066 -1044214306 -1094546408 -1399335650 -1605198990 -1822149046 -1859484162 -1916309429 1386781829 -1094062531 -649473816 -855862591 -1476015420 -1793986734 896719066 -1759274417 -1549051076 1195981369

i = 25
Mang truoc khi xu ly: 1997063623 1946015726 1843529554 1602047372 1597880751 1510914054 1160820215 795556121 709013272 378071333 350900300 241430029 -298191011 -631190777 -728453498 -756442382 -898849047 -1034652066 -1044214306 -1094546408 -1399335650 -1605198990 -1822149046 -1859484162 -1916309429 1386781829 -1094062531 -649473816 -855862591 -1476015420 -1793986734 896719066 -1759274417 -1549051076 1195981369
Phan tu dang xet A[25] = 1386781829
Chen 1386781829 vao vi tri k = 6
Mang sau khi xu ly: 1997063623 1946015726 1843529554 1602047372 1597880751 1510914054 1386781829 1160820215 795556121 709013272 378071333 350900300 241430029 -298191011 -631190777 -728453498 -756442382 -898849047 -1034652066 -1044214306 -1094546408 -1399335650 -1605198990 -1822149046 -1859484162 -1916309429 -1094062531 -649473816 -855862591 -1476015420 -1793986734 896719066 -1759274417 -1549051076 1195981369

i = 26
Mang truoc khi xu ly: 1997063623 1946015726 1843529554 1602047372 1597880751 1510914054 1386781829 1160820215 795556121 709013272 378071333 350900300 241430029 -298191011 -631190777 -728453498 -756442382 -898849047 -1034652066 -1044214306 -1094546408 -1399335650 -1605198990 -1822149046 -1859484162 -1916309429 -1094062531 -649473816 -855862591 -1476015420 -1793986734 896719066 -1759274417 -1549051076 1195981369
Phan tu dang xet A[26] = -1094062531
Chen -1094062531 vao vi tri k = 20
Mang sau khi xu ly: 1997063623 1946015726 1843529554 1602047372 1597880751 1510914054 1386781829 1160820215 795556121 709013272 378071333 350900300 241430029 -298191011 -631190777 -728453498 -756442382 -898849047 -1034652066 -1044214306 -1094062531 -1094546408 -1399335650 -1605198990 -1822149046 -1859484162 -1916309429 -649473816 -855862591 -1476015420 -1793986734 896719066 -1759274417 -1549051076 1195981369

i = 27
Mang truoc khi xu ly: 1997063623 1946015726 1843529554 1602047372 1597880751 1510914054 1386781829 1160820215 795556121 709013272 378071333 350900300 241430029 -298191011 -631190777 -728453498 -756442382 -898849047 -1034652066 -1044214306 -1094062531 -1094546408 -1399335650 -1605198990 -1822149046 -1859484162 -1916309429 -649473816 -855862591 -1476015420 -1793986734 896719066 -1759274417 -1549051076 1195981369
Phan tu dang xet A[27] = -649473816
Chen -649473816 vao vi tri k = 15
Mang sau khi xu ly: 1997063623 1946015726 1843529554 1602047372 1597880751 1510914054 1386781829 1160820215 795556121 709013272 378071333 350900300 241430029 -298191011 -631190777 -649473816 -728453498 -756442382 -898849047 -1034652066 -1044214306 -1094062531 -1094546408 -1399335650 -1605198990 -1822149046 -1859484162 -1916309429 -855862591 -1476015420 -1793986734 896719066 -1759274417 -1549051076 1195981369

i = 28
Mang truoc khi xu ly: 1997063623 1946015726 1843529554 1602047372 1597880751 1510914054 1386781829 1160820215 795556121 709013272 378071333 350900300 241430029 -298191011 -631190777 -649473816 -728453498 -756442382 -898849047 -1034652066 -1044214306 -1094062531 -1094546408 -1399335650 -1605198990 -1822149046 -1859484162 -1916309429 -855862591 -1476015420 -1793986734 896719066 -1759274417 -1549051076 1195981369
Phan tu dang xet A[28] = -855862591
Chen -855862591 vao vi tri k = 18
Mang sau khi xu ly: 1997063623 1946015726 1843529554 1602047372 1597880751 1510914054 1386781829 1160820215 795556121 709013272 378071333 350900300 241430029 -298191011 -631190777 -649473816 -728453498 -756442382 -855862591 -898849047 -1034652066 -1044214306 -1094062531 -1094546408 -1399335650 -1605198990 -1822149046 -1859484162 -1916309429 -1476015420 -1793986734 896719066 -1759274417 -1549051076 1195981369

i = 29
Mang truoc khi xu ly: 1997063623 1946015726 1843529554 1602047372 1597880751 1510914054 1386781829 1160820215 795556121 709013272 378071333 350900300 241430029 -298191011 -631190777 -649473816 -728453498 -756442382 -855862591 -898849047 -1034652066 -1044214306 -1094062531 -1094546408 -1399335650 -1605198990 -1822149046 -1859484162 -1916309429 -1476015420 -1793986734 896719066 -1759274417 -1549051076 1195981369
Phan tu dang xet A[29] = -1476015420
Chen -1476015420 vao vi tri k = 25
Mang sau khi xu ly: 1997063623 1946015726 1843529554 1602047372 1597880751 1510914054 1386781829 1160820215 795556121 709013272 378071333 350900300 241430029 -298191011 -631190777 -649473816 -728453498 -756442382 -855862591 -898849047 -1034652066 -1044214306 -1094062531 -1094546408 -1399335650 -1476015420 -1605198990 -1822149046 -1859484162 -1916309429 -1793986734 896719066 -1759274417 -1549051076 1195981369

i = 30
Mang truoc khi xu ly: 1997063623 1946015726 1843529554 1602047372 1597880751 1510914054 1386781829 1160820215 795556121 709013272 378071333 350900300 241430029 -298191011 -631190777 -649473816 -728453498 -756442382 -855862591 -898849047 -1034652066 -1044214306 -1094062531 -1094546408 -1399335650 -1476015420 -1605198990 -1822149046 -1859484162 -1916309429 -1793986734 896719066 -1759274417 -1549051076 1195981369
Phan tu dang xet A[30] = -1793986734
Chen -1793986734 vao vi tri k = 27
Mang sau khi xu ly: 1997063623 1946015726 1843529554 1602047372 1597880751 1510914054 1386781829 1160820215 795556121 709013272 378071333 350900300 241430029 -298191011 -631190777 -649473816 -728453498 -756442382 -855862591 -898849047 -1034652066 -1044214306 -1094062531 -1094546408 -1399335650 -1476015420 -1605198990 -1793986734 -1822149046 -1859484162 -1916309429 896719066 -1759274417 -1549051076 1195981369

i = 31
Mang truoc khi xu ly: 1997063623 1946015726 1843529554 1602047372 1597880751 1510914054 1386781829 1160820215 795556121 709013272 378071333 350900300 241430029 -298191011 -631190777 -649473816 -728453498 -756442382 -855862591 -898849047 -1034652066 -1044214306 -1094062531 -1094546408 -1399335650 -1476015420 -1605198990 -1793986734 -1822149046 -1859484162 -1916309429 896719066 -1759274417 -1549051076 1195981369
Phan tu dang xet A[31] = 896719066
Chen 896719066 vao vi tri k = 8
Mang sau khi xu ly: 1997063623 1946015726 1843529554 1602047372 1597880751 1510914054 1386781829 1160820215 896719066 795556121 709013272 378071333 350900300 241430029 -298191011 -631190777 -649473816 -728453498 -756442382 -855862591 -898849047 -1034652066 -1044214306 -1094062531 -1094546408 -1399335650 -1476015420 -1605198990 -1793986734 -1822149046 -1859484162 -1916309429 -1759274417 -1549051076 1195981369

i = 32
Mang truoc khi xu ly: 1997063623 1946015726 1843529554 1602047372 1597880751 1510914054 1386781829 1160820215 896719066 795556121 709013272 378071333 350900300 241430029 -298191011 -631190777 -649473816 -728453498 -756442382 -855862591 -898849047 -1034652066 -1044214306 -1094062531 -1094546408 -1399335650 -1476015420 -1605198990 -1793986734 -1822149046 -1859484162 -1916309429 -1759274417 -1549051076 1195981369
Phan tu dang xet A[32] = -1759274417
Chen -1759274417 vao vi tri k = 28
Mang sau khi xu ly: 1997063623 1946015726 1843529554 1602047372 1597880751 1510914054 1386781829 1160820215 896719066 795556121 709013272 378071333 350900300 241430029 -298191011 -631190777 -649473816 -728453498 -756442382 -855862591 -898849047 -1034652066 -1044214306 -1094062531 -1094546408 -1399335650 -1476015420 -1605198990 -1759274417 -1793986734 -1822149046 -1859484162 -1916309429 -1549051076 1195981369

i = 33
Mang truoc khi xu ly: 1997063623 1946015726 1843529554 1602047372 1597880751 1510914054 1386781829 1160820215 896719066 795556121 709013272 378071333 350900300 241430029 -298191011 -631190777 -649473816 -728453498 -756442382 -855862591 -898849047 -1034652066 -1044214306 -1094062531 -1094546408 -1399335650 -1476015420 -1605198990 -1759274417 -1793986734 -1822149046 -1859484162 -1916309429 -1549051076 1195981369
Phan tu dang xet A[33] = -1549051076
Chen -1549051076 vao vi tri k = 27
Mang sau khi xu ly: 1997063623 1946015726 1843529554 1602047372 1597880751 1510914054 1386781829 1160820215 896719066 795556121 709013272 378071333 350900300 241430029 -298191011 -631190777 -649473816 -728453498 -756442382 -855862591 -898849047 -1034652066 -1044214306 -1094062531 -1094546408 -1399335650 -1476015420 -1549051076 -1605198990 -1759274417 -1793986734 -1822149046 -1859484162 -1916309429 1195981369

i = 34
Mang truoc khi xu ly: 1997063623 1946015726 1843529554 1602047372 1597880751 1510914054 1386781829 1160820215 896719066 795556121 709013272 378071333 350900300 241430029 -298191011 -631190777 -649473816 -728453498 -756442382 -855862591 -898849047 -1034652066 -1044214306 -1094062531 -1094546408 -1399335650 -1476015420 -1549051076 -1605198990 -1759274417 -1793986734 -1822149046 -1859484162 -1916309429 1195981369
Phan tu dang xet A[34] = 1195981369
Chen 1195981369 vao vi tri k = 7
Mang sau khi xu ly: 1997063623 1946015726 1843529554 1602047372 1597880751 1510914054 1386781829 1195981369 1160820215 896719066 795556121 709013272 378071333 350900300 241430029 -298191011 -631190777 -649473816 -728453498 -756442382 -855862591 -898849047 -1034652066 -1044214306 -1094062531 -1094546408 -1399335650 -1476015420 -1549051076 -1605198990 -1759274417 -1793986734 -1822149046 -1859484162 -1916309429

Mang sau khi sap xep:
1997063623 1946015726 1843529554 1602047372 1597880751 1510914054 1386781829 1195981369 1160820215 896719066 795556121 709013272 378071333 350900300 241430029 -298191011 -631190777 -649473816 -728453498 -756442382 -855862591 -898849047 -1034652066 -1044214306 -1094062531 -1094546408 -1399335650 -1476015420 -1549051076 -1605198990 -1759274417 -1793986734 -1822149046 -1859484162 -1916309429
