Mang truoc khi sap xep:
-1872577098 -1300469157 1907350606 -164656396 1612765208 1841208016 -1867226099 252843383 -645421232 334107525 -645117503 1467846327 -1738175529 888124655 -679322710 -1016875878 -291831306 1359074626 1430871673 642451148 -835891268 -734474506 -918774257 -170433493 1060010164 -956524055 -265629163 1666016921 637465684 -469607038 1837754498 -342632660 -1184734557 1077286323 1760417103

Sap xep:
i = 1
Mang truoc khi xu ly: -1872577098 -1300469157 1907350606 -164656396 1612765208 1841208016 -1867226099 252843383 -645421232 334107525 -645117503 1467846327 -1738175529 888124655 -679322710 -1016875878 -291831306 1359074626 1430871673 642451148 -835891268 -734474506 -918774257 -170433493 1060010164 -956524055 -265629163 1666016921 637465684 -469607038 1837754498 -342632660 -1184734557 1077286323 1760417103
Phan tu dang xet A[1] = -1300469157
Chen -1300469157 vao vi tri k = 0
Mang sau khi xu ly: -1300469157 -1872577098 1907350606 -164656396 1612765208 1841208016 -1867226099 252843383 -645421232 334107525 -645117503 1467846327 -1738175529 888124655 -679322710 -1016875878 -291831306 1359074626 1430871673 642451148 -835891268 -734474506 -918774257 -170433493 1060010164 -956524055 -265629163 1666016921 637465684 -469607038 1837754498 -342632660 -1184734557 1077286323 1760417103

i = 2
Mang truoc khi xu ly: -1300469157 -1872577098 1907350606 -164656396 1612765208 1841208016 -1867226099 252843383 -645421232 334107525 -645117503 1467846327 -1738175529 888124655 -679322710 -1016875878 -291831306 1359074626 1430871673 642451148 -835891268 -734474506 -918774257 -170433493 1060010164 -956524055 -265629163 1666016921 637465684 -469607038 1837754498 -342632660 -1184734557 1077286323 1760417103
Phan tu dang xet A[2] = 1907350606
Chen 1907350606 vao vi tri k = 0
Mang sau khi xu ly: 1907350606 -1300469157 -1872577098 -164656396 1612765208 1841208016 -1867226099 252843383 -645421232 334107525 -645117503 1467846327 -1738175529 888124655 -679322710 -1016875878 -291831306 1359074626 1430871673 642451148 -835891268 -734474506 -918774257 -170433493 1060010164 -956524055 -265629163 1666016921 637465684 -469607038 1837754498 -342632660 -1184734557 1077286323 1760417103

i = 3
Mang truoc khi xu ly: 1907350606 -1300469157 -1872577098 -164656396 1612765208 1841208016 -1867226099 252843383 -645421232 334107525 -645117503 1467846327 -1738175529 888124655 -679322710 -1016875878 -291831306 1359074626 1430871673 642451148 -835891268 -734474506 -918774257 -170433493 1060010164 -956524055 -265629163 1666016921 637465684 -469607038 1837754498 -342632660 -1184734557 1077286323 1760417103
Phan tu dang xet A[3] = -164656396
Chen -164656396 vao vi tri k = 1
Mang sau khi xu ly: 1907350606 -164656396 -1300469157 -1872577098 1612765208 1841208016 -1867226099 252843383 -645421232 334107525 -645117503 1467846327 -1738175529 888124655 -679322710 -1016875878 -291831306 1359074626 1430871673 642451148 -835891268 -734474506 -918774257 -170433493 1060010164 -956524055 -265629163 1666016921 637465684 -469607038 1837754498 -342632660 -1184734557 1077286323 1760417103

i = 4
Mang truoc khi xu ly: 1907350606 -164656396 -1300469157 -1872577098 1612765208 1841208016 -1867226099 252843383 -645421232 334107525 -645117503 1467846327 -1738175529 888124655 -679322710 -1016875878 -291831306 1359074626 1430871673 642451148 -835891268 -734474506 -918774257 -170433493 1060010164 -956524055 -265629163 1666016921 637465684 -469607038 1837754498 -342632660 -1184734557 1077286323 1760417103
Phan tu dang xet A[4] = 1612765208
Chen 1612765208 vao vi tri k = 1
Mang sau khi xu ly: 1907350606 1612765208 -164656396 -1300469157 -1872577098 1841208016 -1867226099 252843383 -645421232 334107525 -645117503 1467846327 -1738175529 888124655 -679322710 -1016875878 -291831306 1359074626 1430871673 642451148 -835891268 -734474506 -918774257 -170433493 1060010164 -956524055 -265629163 1666016921 637465684 -469607038 1837754498 -342632660 -1184734557 1077286323 1760417103

i = 5
Mang truoc khi xu ly: 1907350606 1612765208 -164656396 -1300469157 -1872577098 1841208016 -1867226099 252843383 -645421232 334107525 -645117503 1467846327 -1738175529 888124655 -679322710 -1016875878 -291831306 1359074626 1430871673 642451148 -835891268 -734474506 -918774257 -170433493 1060010164 -956524055 -265629163 1666016921 637465684 -469607038 1837754498 -342632660 -1184734557 1077286323 1760417103
Phan tu dang xet A[5] = 1841208016
Chen 1841208016 vao vi tri k = 1
Mang sau khi xu ly: 1907350606 1841208016 1612765208 -164656396 -1300469157 -1872577098 -1867226099 252843383 -645421232 334107525 -645117503 1467846327 -1738175529 888124655 -679322710 -1016875878 -291831306 1359074626 1430871673 642451148 -835891268 -734474506 -918774257 -170433493 1060010164 -956524055 -265629163 1666016921 637465684 -469607038 1837754498 -342632660 -1184734557 1077286323 1760417103

i = 6
Mang truoc khi xu ly: 1907350606 1841208016 1612765208 -164656396 -1300469157 -1872577098 -1867226099 252843383 -645421232 334107525 -645117503 1467846327 -1738175529 888124655 -679322710 -1016875878 -291831306 1359074626 1430871673 642451148 -835891268 -734474506 -918774257 -170433493 1060010164 -956524055 -265629163 1666016921 637465684 -469607038 1837754498 -342632660 -1184734557 1077286323 1760417103
Phan tu dang xet A[6] = -1867226099
Chen -1867226099 vao vi tri k = 5
Mang sau khi xu ly: 1907350606 1841208016 1612765208 -164656396 -1300469157 -1867226099 -1872577098 252843383 -645421232 334107525 -645117503 1467846327 -1738175529 888124655 -679322710 -1016875878 -291831306 1359074626 1430871673 642451148 -835891268 -734474506 -918774257 -170433493 1060010164 -956524055 -265629163 1666016921 637465684 -469607038 1837754498 -342632660 -1184734557 1077286323 1760417103

i = 7
Mang truoc khi xu ly: 1907350606 1841208016 1612765208 -164656396 -1300469157 -1867226099 -1872577098 252843383 -645421232 334107525 -645117503 1467846327 -1738175529 888124655 -679322710 -1016875878 -291831306 1359074626 1430871673 642451148 -835891268 -734474506 -918774257 -170433493 1060010164 -956524055 -265629163 1666016921 637465684 -469607038 1837754498 -342632660 -1184734557 1077286323 1760417103
Phan tu dang xet A[7] = 252843383
Chen 252843383 vao vi tri k = 3
Mang sau khi xu ly: 1907350606 1841208016 1612765208 252843383 -164656396 -1300469157 -1867226099 -1872577098 -645421232 334107525 -645117503 1467846327 -1738175529 888124655 -679322710 -1016875878 -291831306 1359074626 1430871673 642451148 -835891268 -734474506 -918774257 -170433493 1060010164 -956524055 -265629163 1666016921 637465684 -469607038 1837754498 -342632660 -1184734557 1077286323 1760417103

i = 8
Mang truoc khi xu ly: 1907350606 1841208016 1612765208 252843383 -164656396 -1300469157 -1867226099 -1872577098 -645421232 334107525 -645117503 1467846327 -1738175529 888124655 -679322710 -1016875878 -291831306 1359074626 1430871673 642451148 -835891268 -734474506 -918774257 -170433493 1060010164 -956524055 -265629163 1666016921 637465684 -469607038 1837754498 -342632660 -1184734557 1077286323 1760417103
Phan tu dang xet A[8] = -645421232
Chen -645421232 vao vi tri k = 5
Mang sau khi xu ly: 1907350606 1841208016 1612765208 252843383 -164656396 -645421232 -1300469157 -1867226099 -1872577098 334107525 -645117503 1467846327 -1738175529 888124655 -679322710 -1016875878 -291831306 1359074626 1430871673 642451148 -835891268 -734474506 -918774257 -170433493 1060010164 -956524055 -265629163 1666016921 637465684 -469607038 1837754498 -342632660 -1184734557 1077286323 1760417103

i = 9
Mang truoc khi xu ly: 1907350606 1841208016 1612765208 252843383 -164656396 -645421232 -1300469157 -1867226099 -1872577098 334107525 -645117503 1467846327 -1738175529 888124655 -679322710 -1016875878 -291831306 1359074626 1430871673 642451148 -835891268 -734474506 -918774257 -170433493 1060010164 -956524055 -265629163 1666016921 637465684 -469607038 1837754498 -342632660 -1184734557 1077286323 1760417103
Phan tu dang xet A[9] = 334107525
Chen 334107525 vao vi tri k = 3
Mang sau khi xu ly: 1907350606 1841208016 1612765208 334107525 252843383 -164656396 -645421232 -1300469157 -1867226099 -1872577098 -645117503 1467846327 -1738175529 888124655 -679322710 -1016875878 -291831306 1359074626 1430871673 642451148 -835891268 -734474506 -918774257 -170433493 1060010164 -956524055 -265629163 1666016921 637465684 -469607038 1837754498 -342632660 -1184734557 1077286323 1760417103

i = 10
Mang truoc khi xu ly: 1907350606 1841208016 1612765208 334107525 252843383 -164656396 -645421232 -1300469157 -1867226099 -1872577098 -645117503 1467846327 -1738175529 888124655 -679322710 -1016875878 -291831306 1359074626 1430871673 642451148 -835891268 -734474506 -918774257 -170433493 1060010164 -956524055 -265629163 1666016921 637465684 -469607038 1837754498 -342632660 -1184734557 1077286323 1760417103
Phan tu dang xet A[10] = -645117503
Chen -645117503 vao vi tri k = 6
Mang sau khi xu ly: 1907350606 1841208016 1612765208 334107525 252843383 -164656396 -645117503 -645421232 -1300469157 -1867226099 -1872577098 1467846327 -1738175529 888124655 -679322710 -1016875878 -291831306 1359074626 1430871673 642451148 -835891268 -734474506 -918774257 -170433493 1060010164 -956524055 -265629163 1666016921 637465684 -469607038 1837754498 -342632660 -1184734557 1077286323 1760417103

i = 11
Mang truoc khi xu ly: 1907350606 1841208016 1612765208 334107525 252843383 -164656396 -645117503 -645421232 -1300469157 -1867226099 -1872577098 1467846327 -1738175529 888124655 -679322710 -1016875878 -291831306 1359074626 1430871673 642451148 -835891268 -734474506 -918774257 -170433493 1060010164 -956524055 -265629163 1666016921 637465684 -469607038 1837754498 -342632660 -1184734557 1077286323 1760417103
Phan tu dang xet A[11] = 1467846327
Chen 1467846327 vao vi tri k = 3
Mang sau khi xu ly: 1907350606 1841208016 1612765208 1467846327 334107525 252843383 -164656396 -645117503 -645421232 -1300469157 -1867226099 -1872577098 -1738175529 888124655 -679322710 -1016875878 -291831306 1359074626 1430871673 642451148 -835891268 -734474506 -918774257 -170433493 1060010164 -956524055 -265629163 1666016921 637465684 -469607038 1837754498 -342632660 -1184734557 1077286323 1760417103

i = 12
Mang truoc khi xu ly: 1907350606 1841208016 1612765208 1467846327 334107525 252843383 -164656396 -645117503 -645421232 -1300469157 -1867226099 -1872577098 -1738175529 888124655 -679322710 -1016875878 -291831306 1359074626 1430871673 642451148 -835891268 -734474506 -918774257 -170433493 1060010164 -956524055 -265629163 1666016921 637465684 -469607038 1837754498 -342632660 -1184734557 1077286323 1760417103
Phan tu dang xet A[12] = -1738175529
Chen -1738175529 vao vi tri k = 10
Mang sau khi xu ly: 1907350606 1841208016 1612765208 1467846327 334107525 252843383 -164656396 -645117503 -645421232 -1300469157 -1738175529 -1867226099 -1872577098 888124655 -679322710 -1016875878 -291831306 1359074626 1430871673 642451148 -835891268 -734474506 -918774257 -170433493 1060010164 -956524055 -265629163 1666016921 637465684 -469607038 1837754498 -342632660 -1184734557 1077286323 1760417103

i = 13
Mang truoc khi xu ly: 1907350606 1841208016 1612765208 1467846327 334107525 252843383 -164656396 -645117503 -645421232 -1300469157 -1738175529 -1867226099 -1872577098 888124655 -679322710 -1016875878 -291831306 1359074626 1430871673 642451148 -835891268 -734474506 -918774257 -170433493 1060010164 -956524055 -265629163 1666016921 637465684 -469607038 1837754498 -342632660 -1184734557 1077286323 1760417103
Phan tu dang xet A[13] = 888124655
Chen 888124655 vao vi tri k = 4
Mang sau khi xu ly: 1907350606 1841208016 1612765208 1467846327 888124655 334107525 252843383 -164656396 -645117503 -645421232 -1300469157 -1738175529 -1867226099 -1872577098 -679322710 -1016875878 -291831306 1359074626 1430871673 642451148 -835891268 -734474506 -918774257 -170433493 1060010164 -956524055 -265629163 1666016921 637465684 -469607038 1837754498 -342632660 -1184734557 1077286323 1760417103

i = 14
Mang truoc khi xu ly: 1907350606 1841208016 1612765208 1467846327 888124655 334107525 252843383 -164656396 -645117503 -645421232 -1300469157 -1738175529 -1867226099 -1872577098 -679322710 -1016875878 -291831306 1359074626 1430871673 642451148 -835891268 -734474506 -918774257 -170433493 1060010164 -956524055 -265629163 1666016921 637465684 -469607038 1837754498 -342632660 -1184734557 1077286323 1760417103
Phan tu dang xet A[14] = -679322710
Chen -679322710 vao vi tri k = 10
Mang sau khi xu ly: 1907350606 1841208016 1612765208 1467846327 888124655 334107525 252843383 -164656396 -645117503 -645421232 -679322710 -1300469157 -1738175529 -1867226099 -1872577098 -1016875878 -291831306 1359074626 1430871673 642451148 -835891268 -734474506 -918774257 -170433493 1060010164 -956524055 -265629163 1666016921 637465684 -469607038 1837754498 -342632660 -1184734557 1077286323 1760417103

i = 15
Mang truoc khi xu ly: 1907350606 1841208016 1612765208 1467846327 888124655 334107525 252843383 -164656396 -645117503 -645421232 -679322710 -1300469157 -1738175529 -1867226099 -1872577098 -1016875878 -291831306 1359074626 1430871673 642451148 -835891268 -734474506 -918774257 -170433493 1060010164 -956524055 -265629163 1666016921 637465684 -469607038 1837754498 -342632660 -1184734557 1077286323 1760417103
Phan tu dang xet A[15] = -1016875878
Chen -1016875878 vao vi tri k = 11
Mang sau khi xu ly: 1907350606 1841208016 1612765208 1467846327 888124655 334107525 252843383 -164656396 -645117503 -645421232 -679322710 -1016875878 -1300469157 -1738175529 -1867226099 -1872577098 -291831306 1359074626 1430871673 642451148 -835891268 -734474506 -918774257 -170433493 1060010164 -956524055 -265629163 1666016921 637465684 -469607038 1837754498 -342632660 -1184734557 1077286323 1760417103

i = 16
Mang truoc khi xu ly: 1907350606 1841208016 1612765208 1467846327 888124655 334107525 252843383 -164656396 -645117503 -645421232 -679322710 -1016875878 -1300469157 -1738175529 -1867226099 -1872577098 -291831306 1359074626 1430871673 642451148 -835891268 -734474506 -918774257 -170433493 1060010164 -956524055 -265629163 1666016921 637465684 -469607038 1837754498 -342632660 -1184734557 1077286323 1760417103
Phan tu dang xet A[16] = -291831306
Chen -291831306 vao vi tri k = 8
Mang sau khi xu ly: 1907350606 1841208016 1612765208 1467846327 888124655 334107525 252843383 -164656396 -291831306 -645117503 -645421232 -679322710 -1016875878 -1300469157 -1738175529 -1867226099 -1872577098 1359074626 1430871673 642451148 -835891268 -734474506 -918774257 -170433493 1060010164 -956524055 -265629163 1666016921 637465684 -469607038 1837754498 -342632660 -1184734557 1077286323 1760417103

i = 17
Mang truoc khi xu ly: 1907350606 1841208016 1612765208 1467846327 888124655 334107525 252843383 -164656396 -291831306 -645117503 -645421232 -679322710 -1016875878 -1300469157 -1738175529 -1867226099 -1872577098 1359074626 1430871673 642451148 -835891268 -734474506 -918774257 -170433493 1060010164 -956524055 -265629163 1666016921 637465684 -469607038 1837754498 -342632660 -1184734557 1077286323 1760417103
Phan tu dang xet A[17] = 1359074626
Chen 1359074626 vao vi tri k = 4
Mang sau khi xu ly: 1907350606 1841208016 1612765208 1467846327 1359074626 888124655 334107525 252843383 -164656396 -291831306 -645117503 -645421232 -679322710 -1016875878 -1300469157 -1738175529 -1867226099 -1872577098 1430871673 642451148 -835891268 -734474506 -918774257 -170433493 1060010164 -956524055 -265629163 1666016921 637465684 -469607038 1837754498 -342632660 -1184734557 1077286323 1760417103

i = 18
Mang truoc khi xu ly: 1907350606 1841208016 1612765208 1467846327 1359074626 888124655 334107525 252843383 -164656396 -291831306 -645117503 -645421232 -679322710 -1016875878 -1300469157 -1738175529 -1867226099 -1872577098 1430871673 642451148 -835891268 -734474506 -918774257 -170433493 1060010164 -956524055 -265629163 1666016921 637465684 -469607038 1837754498 -342632660 -1184734557 1077286323 1760417103
Phan tu dang xet A[18] = 1430871673
Chen 1430871673 vao vi tri k = 4
Mang sau khi xu ly: 1907350606 1841208016 1612765208 1467846327 1430871673 1359074626 888124655 334107525 252843383 -164656396 -291831306 -645117503 -645421232 -679322710 -1016875878 -1300469157 -1738175529 -1867226099 -1872577098 642451148 -835891268 -734474506 -918774257 -170433493 1060010164 -956524055 -265629163 1666016921 637465684 -469607038 1837754498 -342632660 -1184734557 1077286323 1760417103

i = 19
Mang truoc khi xu ly: 1907350606 1841208016 1612765208 1467846327 1430871673 1359074626 888124655 334107525 252843383 -164656396 -291831306 -645117503 -645421232 -679322710 -1016875878 -1300469157 -1738175529 -1867226099 -1872577098 642451148 -835891268 -734474506 -918774257 -170433493 1060010164 -956524055 -265629163 1666016921 637465684 -469607038 1837754498 -342632660 -1184734557 1077286323 1760417103
Phan tu dang xet A[19] = 642451148
Chen 642451148 vao vi tri k = 7
Mang sau khi xu ly: 1907350606 1841208016 1612765208 1467846327 1430871673 1359074626 888124655 642451148 334107525 252843383 -164656396 -291831306 -645117503 -645421232 -679322710 -1016875878 -1300469157 -1738175529 -1867226099 -1872577098 -835891268 -734474506 -918774257 -170433493 1060010164 -956524055 -265629163 1666016921 637465684 -469607038 1837754498 -342632660 -1184734557 1077286323 1760417103

i = 20
Mang truoc khi xu ly: 1907350606 1841208016 1612765208 1467846327 1430871673 1359074626 888124655 642451148 334107525 252843383 -164656396 -291831306 -645117503 -645421232 -679322710 -1016875878 -1300469157 -1738175529 -1867226099 -1872577098 -835891268 -734474506 -918774257 -170433493 1060010164 -956524055 -265629163 1666016921 637465684 -469607038 1837754498 -342632660 -1184734557 1077286323 1760417103
Phan tu dang xet A[20] = -835891268
Chen -835891268 vao vi tri k = 15
Mang sau khi xu ly: 1907350606 1841208016 1612765208 1467846327 1430871673 1359074626 888124655 642451148 334107525 252843383 -164656396 -291831306 -645117503 -645421232 -679322710 -835891268 -1016875878 -1300469157 -1738175529 -1867226099 -1872577098 -734474506 -918774257 -170433493 1060010164 -956524055 -265629163 1666016921 637465684 -469607038 1837754498 -342632660 -1184734557 1077286323 1760417103

i = 21
Mang truoc khi xu ly: 1907350606 1841208016 1612765208 1467846327 1430871673 1359074626 888124655 642451148 334107525 252843383 -164656396 -291831306 -645117503 -645421232 -679322710 -835891268 -1016875878 -1300469157 -1738175529 -1867226099 -1872577098 -734474506 -918774257 -170433493 1060010164 -956524055 -265629163 1666016921 637465684 -469607038 1837754498 -342632660 -1184734557 1077286323 1760417103
Phan tu dang xet A[21] = -734474506
Chen -734474506 vao vi tri k = 15
Mang sau khi xu ly: 1907350606 1841208016 1612765208 1467846327 1430871673 1359074626 888124655 642451148 334107525 252843383 -164656396 -291831306 -645117503 -645421232 -679322710 -734474506 -835891268 -1016875878 -1300469157 -1738175529 -1867226099 -1872577098 -918774257 -170433493 1060010164 -956524055 -265629163 1666016921 637465684 -469607038 1837754498 -342632660 -1184734557 1077286323 1760417103

i = 22
Mang truoc khi xu ly: 1907350606 1841208016 1612765208 1467846327 1430871673 1359074626 888124655 642451148 334107525 252843383 -164656396 -291831306 -645117503 -645421232 -679322710 -734474506 -835891268 -1016875878 -1300469157 -1738175529 -1867226099 -1872577098 -918774257 -170433493 1060010164 -956524055 -265629163 1666016921 637465684 -469607038 1837754498 -342632660 -1184734557 1077286323 1760417103
Phan tu dang xet A[22] = -918774257
Chen -918774257 vao vi tri k = 17
Mang sau khi xu ly: 1907350606 1841208016 1612765208 1467846327 1430871673 1359074626 888124655 642451148 334107525 252843383 -164656396 -291831306 -645117503 -645421232 -679322710 -734474506 -835891268 -918774257 -1016875878 -1300469157 -1738175529 -1867226099 -1872577098 -170433493 1060010164 -956524055 -265629163 1666016921 637465684 -469607038 1837754498 -342632660 -1184734557 1077286323 1760417103

i = 23
Mang truoc khi xu ly: 1907350606 1841208016 1612765208 1467846327 1430871673 1359074626 888124655 642451148 334107525 252843383 -164656396 -291831306 -645117503 -645421232 -679322710 -734474506 -835891268 -918774257 -1016875878 -1300469157 -1738175529 -1867226099 -1872577098 -170433493 1060010164 -956524055 -265629163 1666016921 637465684 -469607038 1837754498 -342632660 -1184734557 1077286323 1760417103
Phan tu dang xet A[23] = -170433493
Chen -170433493 vao vi tri k = 11
Mang sau khi xu ly: 1907350606 1841208016 1612765208 1467846327 1430871673 1359074626 888124655 642451148 334107525 252843383 -164656396 -170433493 -291831306 -645117503 -645421232 -679322710 -734474506 -835891268 -918774257 -1016875878 -1300469157 -1738175529 -1867226099 -1872577098 1060010164 -956524055 -265629163 1666016921 637465684 -469607038 1837754498 -342632660 -1184734557 1077286323 1760417103

i = 24
Mang truoc khi xu ly: 1907350606 1841208016 1612765208 1467846327 1430871673 1359074626 888124655 642451148 334107525 252843383 -164656396 -170433493 -291831306 -645117503 -645421232 -679322710 -734474506 -835891268 -918774257 -1016875878 -1300469157 -1738175529 -1867226099 -1872577098 1060010164 -956524055 -265629163 1666016921 637465684 -469607038 1837754498 -342632660 -1184734557 1077286323 1760417103
Phan tu dang xet A[24] = 1060010164
Chen 1060010164 vao vi tri k = 6
Mang sau khi xu ly: 1907350606 1841208016 1612765208 1467846327 1430871673 1359074626 1060010164 888124655 642451148 334107525 252843383 -164656396 -170433493 -291831306 -645117503 -645421232 -679322710 -734474506 -835891268 -918774257 -1016875878 -1300469157 -1738175529 -1867226099 -1872577098 -956524055 -265629163 1666016921 637465684 -469607038 1837754498 -342632660 -1184734557 1077286323 1760417103

i = 25
Mang truoc khi xu ly: 1907350606 1841208016 1612765208 1467846327 1430871673 1359074626 1060010164 888124655 642451148 334107525 252843383 -164656396 -170433493 -291831306 -645117503 -645421232 -679322710 -734474506 -835891268 -918774257 -1016875878 -1300469157 -1738175529 -1867226099 -1872577098 -956524055 -265629163 1666016921 637465684 -469607038 1837754498 -342632660 -1184734557 1077286323 1760417103
Phan tu dang xet A[25] = -956524055
Chen -956524055 vao vi tri k = 20
Mang sau khi xu ly: 1907350606 1841208016 1612765208 1467846327 1430871673 1359074626 1060010164 888124655 642451148 334107525 252843383 -164656396 -170433493 -291831306 -645117503 -645421232 -679322710 -734474506 -835891268 -918774257 -956524055 -1016875878 -1300469157 -1738175529 -1867226099 -1872577098 -265629163 1666016921 637465684 -469607038 1837754498 -342632660 -1184734557 1077286323 1760417103

i = 26
Mang truoc khi xu ly: 1907350606 1841208016 1612765208 1467846327 1430871673 1359074626 1060010164 888124655 642451148 334107525 252843383 -164656396 -170433493 -291831306 -645117503 -645421232 -679322710 -734474506 -835891268 -918774257 -956524055 -1016875878 -1300469157 -1738175529 -1867226099 -1872577098 -265629163 1666016921 637465684 -469607038 1837754498 -342632660 -1184734557 1077286323 1760417103
Phan tu dang xet A[26] = -265629163
Chen -265629163 vao vi tri k = 13
Mang sau khi xu ly: 1907350606 1841208016 1612765208 1467846327 1430871673 1359074626 1060010164 888124655 642451148 334107525 252843383 -164656396 -170433493 -265629163 -291831306 -645117503 -645421232 -679322710 -734474506 -835891268 -918774257 -956524055 -1016875878 -1300469157 -1738175529 -1867226099 -1872577098 1666016921 637465684 -469607038 1837754498 -342632660 -1184734557 1077286323 1760417103

i = 27
Mang truoc khi xu ly: 1907350606 1841208016 1612765208 1467846327 1430871673 1359074626 1060010164 888124655 642451148 334107525 252843383 -164656396 -170433493 -265629163 -291831306 -645117503 -645421232 -679322710 -734474506 -835891268 -918774257 -956524055 -1016875878 -1300469157 -1738175529 -1867226099 -1872577098 1666016921 637465684 -469607038 1837754498 -342632660 -1184734557 1077286323 1760417103
Phan tu dang xet A[27] = 1666016921
Chen 1666016921 vao vi tri k = 2
Mang sau khi xu ly: 1907350606 1841208016 1666016921 1612765208 1467846327 1430871673 1359074626 1060010164 888124655 642451148 334107525 252843383 -164656396 -170433493 -265629163 -291831306 -645117503 -645421232 -679322710 -734474506 -835891268 -918774257 -956524055 -1016875878 -1300469157 -1738175529 -1867226099 -1872577098 637465684 -469607038 1837754498 -342632660 -1184734557 1077286323 1760417103

i = 28
Mang truoc khi xu ly: 1907350606 1841208016 1666016921 1612765208 1467846327 1430871673 1359074626 1060010164 888124655 642451148 334107525 252843383 -164656396 -170433493 -265629163 -291831306 -645117503 -645421232 -679322710 -734474506 -835891268 -918774257 -956524055 -1016875878 -1300469157 -1738175529 -1867226099 -1872577098 637465684 -469607038 1837754498 -342632660 -1184734557 1077286323 1760417103
Phan tu dang xet A[28] = 637465684
Chen 637465684 vao vi tri k = 10
Mang sau khi xu ly: 1907350606 1841208016 1666016921 1612765208 1467846327 1430871673 1359074626 1060010164 888124655 642451148 637465684 334107525 252843383 -164656396 -170433493 -265629163 -291831306 -645117503 -645421232 -679322710 -734474506 -835891268 -918774257 -956524055 -1016875878 -1300469157 -1738175529 -1867226099 -1872577098 -469607038 1837754498 -342632660 -1184734557 1077286323 1760417103

i = 29
Mang truoc khi xu ly: 1907350606 1841208016 1666016921 1612765208 1467846327 1430871673 1359074626 1060010164 888124655 642451148 637465684 334107525 252843383 -164656396 -170433493 -265629163 -291831306 -645117503 -645421232 -679322710 -734474506 -835891268 -918774257 -956524055 -1016875878 -1300469157 -1738175529 -1867226099 -1872577098 -469607038 1837754498 -342632660 -1184734557 1077286323 1760417103
Phan tu dang xet A[29] = -469607038
Chen -469607038 vao vi tri k = 17
Mang sau khi xu ly: 1907350606 1841208016 1666016921 1612765208 1467846327 1430871673 1359074626 1060010164 888124655 642451148 637465684 334107525 252843383 -164656396 -170433493 -265629163 -291831306 -469607038 -645117503 -645421232 -679322710 -734474506 -835891268 -918774257 -956524055 -1016875878 -1300469157 -1738175529 -1867226099 -1872577098 1837754498 -342632660 -1184734557 1077286323 1760417103

i = 30
Mang truoc khi xu ly: 1907350606 1841208016 1666016921 1612765208 1467846327 1430871673 1359074626 1060010164 888124655 642451148 637465684 334107525 252843383 -164656396 -170433493 -265629163 -291831306 -469607038 -645117503 -645421232 -679322710 -734474506 -835891268 -918774257 -956524055 -1016875878 -1300469157 -1738175529 -1867226099 -1872577098 1837754498 -342632660 -1184734557 1077286323 1760417103
Phan tu dang xet A[30] = 1837754498
Chen 1837754498 vao vi tri k = 2
Mang sau khi xu ly: 1907350606 1841208016 1837754498 1666016921 1612765208 1467846327 1430871673 1359074626 1060010164 888124655 642451148 637465684 334107525 252843383 -164656396 -170433493 -265629163 -291831306 -469607038 -645117503 -645421232 -679322710 -734474506 -835891268 -918774257 -956524055 -1016875878 -1300469157 -1738175529 -1867226099 -1872577098 -342632660 -1184734557 1077286323 1760417103

i = 31
Mang truoc khi xu ly: 1907350606 1841208016 1837754498 1666016921 1612765208 1467846327 1430871673 1359074626 1060010164 888124655 642451148 637465684 334107525 252843383 -164656396 -170433493 -265629163 -291831306 -469607038 -645117503 -645421232 -679322710 -734474506 -835891268 -918774257 -956524055 -1016875878 -1300469157 -1738175529 -1867226099 -1872577098 -342632660 -1184734557 1077286323 1760417103
Phan tu dang xet A[31] = -342632660
Chen -342632660 vao vi tri k = 18
Mang sau khi xu ly: 1907350606 1841208016 1837754498 1666016921 1612765208 1467846327 1430871673 1359074626 1060010164 888124655 642451148 637465684 334107525 252843383 -164656396 -170433493 -265629163 -291831306 -342632660 -469607038 -645117503 -645421232 -679322710 -734474506 -835891268 -918774257 -956524055 -1016875878 -1300469157 -1738175529 -1867226099 -1872577098 -1184734557 1077286323 1760417103

i = 32
Mang truoc khi xu ly: 1907350606 1841208016 1837754498 1666016921 1612765208 1467846327 1430871673 1359074626 1060010164 888124655 642451148 637465684 334107525 252843383 -164656396 -170433493 -265629163 -291831306 -342632660 -469607038 -645117503 -645421232 -679322710 -734474506 -835891268 -918774257 -956524055 -1016875878 -1300469157 -1738175529 -1867226099 -1872577098 -1184734557 1077286323 1760417103
Phan tu dang xet A[32] = -1184734557
Chen -1184734557 vao vi tri k = 28
Mang sau khi xu ly: 1907350606 1841208016 1837754498 1666016921 1612765208 1467846327 1430871673 1359074626 1060010164 888124655 642451148 637465684 334107525 252843383 -164656396 -170433493 -265629163 -291831306 -342632660 -469607038 -645117503 -645421232 -679322710 -734474506 -835891268 -918774257 -956524055 -1016875878 -1184734557 -1300469157 -1738175529 -1867226099 -1872577098 1077286323 1760417103

i = 33
Mang truoc khi xu ly: 1907350606 1841208016 1837754498 1666016921 1612765208 1467846327 1430871673 1359074626 1060010164 888124655 642451148 637465684 334107525 252843383 -164656396 -170433493 -265629163 -291831306 -342632660 -469607038 -645117503 -645421232 -679322710 -734474506 -835891268 -918774257 -956524055 -1016875878 -1184734557 -1300469157 -1738175529 -1867226099 -1872577098 1077286323 1760417103
Phan tu dang xet A[33] = 1077286323
Chen 1077286323 vao vi tri k = 8
Mang sau khi xu ly: 1907350606 1841208016 1837754498 1666016921 1612765208 1467846327 1430871673 1359074626 1077286323 1060010164 888124655 642451148 637465684 334107525 252843383 -164656396 -170433493 -265629163 -291831306 -342632660 -469607038 -645117503 -645421232 -679322710 -734474506 -835891268 -918774257 -956524055 -1016875878 -1184734557 -1300469157 -1738175529 -1867226099 -1872577098 1760417103

i = 34
Mang truoc khi xu ly: 1907350606 1841208016 1837754498 1666016921 1612765208 1467846327 1430871673 1359074626 1077286323 1060010164 888124655 642451148 637465684 334107525 252843383 -164656396 -170433493 -265629163 -291831306 -342632660 -469607038 -645117503 -645421232 -679322710 -734474506 -835891268 -918774257 -956524055 -1016875878 -1184734557 -1300469157 -1738175529 -1867226099 -1872577098 1760417103
Phan tu dang xet A[34] = 1760417103
Chen 1760417103 vao vi tri k = 3
Mang sau khi xu ly: 1907350606 1841208016 1837754498 1760417103 1666016921 1612765208 1467846327 1430871673 1359074626 1077286323 1060010164 888124655 642451148 637465684 334107525 252843383 -164656396 -170433493 -265629163 -291831306 -342632660 -469607038 -645117503 -645421232 -679322710 -734474506 -835891268 -918774257 -956524055 -1016875878 -1184734557 -1300469157 -1738175529 -1867226099 -1872577098

Mang sau khi sap xep:
1907350606 1841208016 1837754498 1760417103 1666016921 1612765208 1467846327 1430871673 1359074626 1077286323 1060010164 888124655 642451148 637465684 334107525 252843383 -164656396 -170433493 -265629163 -291831306 -342632660 -469607038 -645117503 -645421232 -679322710 -734474506 -835891268 -918774257 -956524055 -1016875878 -1184734557 -1300469157 -1738175529 -1867226099 -1872577098
