Mang truoc khi sap xep:
-1256321346 -1843705770 1623064488 -1492444736 1627223646 1589535925 -888784363 219025101 1842459332 107803325 1430227584 531611945 -1207852398 -693641347 889756992 -861599706 -1325796508 695287096 840809587 874418097 36934386 1267567572 -1489763861 -1431424584 -217921841 -1195306006 44319467 -1905396546 1365122296 -1061134541 -1223317534 -216230015 -1231956125 -1083710386 1197611494 850439654 -903504168 1410073019 -1757456064 881490762 -1508179616 -1953682643 -1971554471 235215449 297062253 1730601597 362900547 832011368 356264310

Sap xep:
i = 1
Mang truoc khi xu ly: -1256321346 -1843705770 1623064488 -1492444736 1627223646 1589535925 -888784363 219025101 1842459332 107803325 1430227584 531611945 -1207852398 -693641347 889756992 -861599706 -1325796508 695287096 840809587 874418097 36934386 1267567572 -1489763861 -1431424584 -217921841 -1195306006 44319467 -1905396546 1365122296 -1061134541 -1223317534 -216230015 -1231956125 -1083710386 1197611494 850439654 -903504168 1410073019 -1757456064 881490762 -1508179616 -1953682643 -1971554471 235215449 297062253 1730601597 362900547 832011368 356264310
Phan tu dang xet A[1] = -1843705770
Chen -1843705770 vao vi tri k = 1
Mang sau khi xu ly: -1256321346 -1843705770 1623064488 -1492444736 1627223646 1589535925 -888784363 219025101 1842459332 107803325 1430227584 531611945 -1207852398 -693641347 889756992 -861599706 -1325796508 695287096 840809587 874418097 36934386 1267567572 -1489763861 -1431424584 -217921841 -1195306006 44319467 -1905396546 1365122296 -1061134541 -1223317534 -216230015 -1231956125 -1083710386 1197611494 850439654 -903504168 1410073019 -1757456064 881490762 -1508179616 -1953682643 -1971554471 235215449 297062253 1730601597 362900547 832011368 356264310

i = 2
Mang truoc khi xu ly: -1256321346 -1843705770 1623064488 -1492444736 1627223646 1589535925 -888784363 219025101 1842459332 107803325 1430227584 531611945 -1207852398 -693641347 889756992 -861599706 -1325796508 695287096 840809587 874418097 36934386 1267567572 -1489763861 -1431424584 -217921841 -1195306006 44319467 -1905396546 1365122296 -1061134541 -1223317534 -216230015 -1231956125 -1083710386 1197611494 850439654 -903504168 1410073019 -1757456064 881490762 -1508179616 -1953682643 -1971554471 235215449 297062253 1730601597 362900547 832011368 356264310
Phan tu dang xet A[2] = 1623064488
Chen 1623064488 vao vi tri k = 0
Mang sau khi xu ly: 1623064488 -1256321346 -1843705770 -1492444736 1627223646 1589535925 -888784363 219025101 1842459332 107803325 1430227584 531611945 -1207852398 -693641347 889756992 -861599706 -1325796508 695287096 840809587 874418097 36934386 1267567572 -1489763861 -1431424584 -217921841 -1195306006 44319467 -1905396546 1365122296 -1061134541 -1223317534 -216230015 -1231956125 -1083710386 1197611494 850439654 -903504168 1410073019 -1757456064 881490762 -1508179616 -1953682643 -1971554471 235215449 297062253 1730601597 362900547 832011368 356264310

i = 3
Mang truoc khi xu ly: 1623064488 -1256321346 -1843705770 -1492444736 1627223646 1589535925 -888784363 219025101 1842459332 107803325 1430227584 531611945 -1207852398 -693641347 889756992 -861599706 -1325796508 695287096 840809587 874418097 36934386 1267567572 -1489763861 -1431424584 -217921841 -1195306006 44319467 -1905396546 1365122296 -1061134541 -1223317534 -216230015 -1231956125 -1083710386 1197611494 850439654 -903504168 1410073019 -1757456064 881490762 -1508179616 -1953682643 -1971554471 235215449 297062253 1730601597 362900547 832011368 356264310
Phan tu dang xet A[3] = -1492444736
Chen -1492444736 vao vi tri k = 2
Mang sau khi xu ly: 1623064488 -1256321346 -1492444736 -1843705770 1627223646 1589535925 -888784363 219025101 1842459332 107803325 1430227584 531611945 -1207852398 -693641347 889756992 -861599706 -1325796508 695287096 840809587 874418097 36934386 1267567572 -1489763861 -1431424584 -217921841 -1195306006 44319467 -1905396546 1365122296 -1061134541 -1223317534 -216230015 -1231956125 -1083710386 1197611494 850439654 -903504168 1410073019 -1757456064 881490762 -1508179616 -1953682643 -1971554471 235215449 297062253 1730601597 362900547 832011368 356264310

i = 4
Mang truoc khi xu ly: 1623064488 -1256321346 -1492444736 -1843705770 1627223646 1589535925 -888784363 219025101 1842459332 107803325 1430227584 531611945 -1207852398 -693641347 889756992 -861599706 -1325796508 695287096 840809587 874418097 36934386 1267567572 -1489763861 -1431424584 -217921841 -1195306006 44319467 -1905396546 1365122296 -1061134541 -1223317534 -216230015 -1231956125 -1083710386 1197611494 850439654 -903504168 1410073019 -1757456064 881490762 -1508179616 -1953682643 -1971554471 235215449 297062253 1730601597 362900547 832011368 356264310
Phan tu dang xet A[4] = 1627223646
Chen 1627223646 vao vi tri k = 0
Mang sau khi xu ly: 1627223646 1623064488 -1256321346 -1492444736 -1843705770 1589535925 -888784363 219025101 1842459332 107803325 1430227584 531611945 -1207852398 -693641347 889756992 -861599706 -1325796508 695287096 840809587 874418097 36934386 1267567572 -1489763861 -1431424584 -217921841 -1195306006 44319467 -1905396546 1365122296 -1061134541 -1223317534 -216230015 -1231956125 -1083710386 1197611494 850439654 -903504168 1410073019 -1757456064 881490762 -1508179616 -1953682643 -1971554471 235215449 297062253 1730601597 362900547 832011368 356264310

i = 5
Mang truoc khi xu ly: 1627223646 1623064488 -1256321346 -1492444736 -1843705770 1589535925 -888784363 219025101 1842459332 107803325 1430227584 531611945 -1207852398 -693641347 889756992 -861599706 -1325796508 695287096 840809587 874418097 36934386 1267567572 -1489763861 -1431424584 -217921841 -1195306006 44319467 -1905396546 1365122296 -1061134541 -1223317534 -216230015 -1231956125 -1083710386 1197611494 850439654 -903504168 1410073019 -1757456064 881490762 -1508179616 -1953682643 -1971554471 235215449 297062253 1730601597 362900547 832011368 356264310
Phan tu dang xet A[5] = 1589535925
Chen 1589535925 vao vi tri k = 2
Mang sau khi xu ly: 1627223646 1623064488 1589535925 -1256321346 -1492444736 -1843705770 -888784363 219025101 1842459332 107803325 1430227584 531611945 -1207852398 -693641347 889756992 -861599706 -1325796508 695287096 840809587 874418097 36934386 1267567572 -1489763861 -1431424584 -217921841 -1195306006 44319467 -1905396546 1365122296 -1061134541 -1223317534 -216230015 -1231956125 -1083710386 1197611494 850439654 -903504168 1410073019 -1757456064 881490762 -1508179616 -1953682643 -1971554471 235215449 297062253 1730601597 362900547 832011368 356264310

i = 6
Mang truoc khi xu ly: 1627223646 1623064488 1589535925 -1256321346 -1492444736 -1843705770 -888784363 219025101 1842459332 107803325 1430227584 531611945 -1207852398 -693641347 889756992 -861599706 -1325796508 695287096 840809587 874418097 36934386 1267567572 -1489763861 -1431424584 -217921841 -1195306006 44319467 -1905396546 1365122296 -1061134541 -1223317534 -216230015 -1231956125 -1083710386 1197611494 850439654 -903504168 1410073019 -1757456064 881490762 -1508179616 -1953682643 -1971554471 235215449 297062253 1730601597 362900547 832011368 356264310
Phan tu dang xet A[6] = -888784363
Chen -888784363 vao vi tri k = 3
Mang sau khi xu ly: 1627223646 1623064488 1589535925 -888784363 -1256321346 -1492444736 -1843705770 219025101 1842459332 107803325 1430227584 531611945 -1207852398 -693641347 889756992 -861599706 -1325796508 695287096 840809587 874418097 36934386 1267567572 -1489763861 -1431424584 -217921841 -1195306006 44319467 -1905396546 1365122296 -1061134541 -1223317534 -216230015 -1231956125 -1083710386 1197611494 850439654 -903504168 1410073019 -1757456064 881490762 -1508179616 -1953682643 -1971554471 235215449 297062253 1730601597 362900547 832011368 356264310

i = 7
Mang truoc khi xu ly: 1627223646 1623064488 1589535925 -888784363 -1256321346 -1492444736 -1843705770 219025101 1842459332 107803325 1430227584 531611945 -1207852398 -693641347 889756992 -861599706 -1325796508 695287096 840809587 874418097 36934386 1267567572 -1489763861 -1431424584 -217921841 -1195306006 44319467 -1905396546 1365122296 -1061134541 -1223317534 -216230015 -1231956125 -1083710386 1197611494 850439654 -903504168 1410073019 -1757456064 881490762 -1508179616 -1953682643 -1971554471 235215449 297062253 1730601597 362900547 832011368 356264310
Phan tu dang xet A[7] = 219025101
Chen 219025101 vao vi tri k = 3
Mang sau khi xu ly: 1627223646 1623064488 1589535925 219025101 -888784363 -1256321346 -1492444736 -1843705770 1842459332 107803325 1430227584 531611945 -1207852398 -693641347 889756992 -861599706 -1325796508 695287096 840809587 874418097 36934386 1267567572 -1489763861 -1431424584 -217921841 -1195306006 44319467 -1905396546 1365122296 -1061134541 -1223317534 -216230015 -1231956125 -1083710386 1197611494 850439654 -903504168 1410073019 -1757456064 881490762 -1508179616 -1953682643 -1971554471 235215449 297062253 1730601597 362900547 832011368 356264310

i = 8
Mang truoc khi xu ly: 1627223646 1623064488 1589535925 219025101 -888784363 -1256321346 -1492444736 -1843705770 1842459332 107803325 1430227584 531611945 -1207852398 -693641347 889756992 -861599706 -1325796508 695287096 840809587 874418097 36934386 1267567572 -1489763861 -1431424584 -217921841 -1195306006 44319467 -1905396546 1365122296 -1061134541 -1223317534 -216230015 -1231956125 -1083710386 1197611494 850439654 -903504168 1410073019 -1757456064 881490762 -1508179616 -1953682643 -1971554471 235215449 297062253 1730601597 362900547 832011368 356264310
Phan tu dang xet A[8] = 1842459332
Chen 1842459332 vao vi tri k = 0
Mang sau khi xu ly: 1842459332 1627223646 1623064488 1589535925 219025101 -888784363 -1256321346 -1492444736 -1843705770 107803325 1430227584 531611945 -1207852398 -693641347 889756992 -861599706 -1325796508 695287096 840809587 874418097 36934386 1267567572 -1489763861 -1431424584 -217921841 -1195306006 44319467 -1905396546 1365122296 -1061134541 -1223317534 -216230015 -1231956125 -1083710386 1197611494 850439654 -903504168 1410073019 -1757456064 881490762 -1508179616 -1953682643 -1971554471 235215449 297062253 1730601597 362900547 832011368 356264310

i = 9
Mang truoc khi xu ly: 1842459332 1627223646 1623064488 1589535925 219025101 -888784363 -1256321346 -1492444736 -1843705770 107803325 1430227584 531611945 -1207852398 -693641347 889756992 -861599706 -1325796508 695287096 840809587 874418097 36934386 1267567572 -1489763861 -1431424584 -217921841 -1195306006 44319467 -1905396546 1365122296 -1061134541 -1223317534 -216230015 -1231956125 -1083710386 1197611494 850439654 -903504168 1410073019 -1757456064 881490762 -1508179616 -1953682643 -1971554471 235215449 297062253 1730601597 362900547 832011368 356264310
Phan tu dang xet A[9] = 107803325
Chen 107803325 vao vi tri k = 5
Mang sau khi xu ly: 1842459332 1627223646 1623064488 1589535925 219025101 107803325 -888784363 -1256321346 -1492444736 -1843705770 1430227584 531611945 -1207852398 -693641347 889756992 -861599706 -1325796508 695287096 840809587 874418097 36934386 1267567572 -1489763861 -1431424584 -217921841 -1195306006 44319467 -1905396546 1365122296 -1061134541 -1223317534 -216230015 -1231956125 -1083710386 1197611494 850439654 -903504168 1410073019 -1757456064 881490762 -1508179616 -1953682643 -1971554471 235215449 297062253 1730601597 362900547 832011368 356264310

i = 10
Mang truoc khi xu ly: 1842459332 1627223646 1623064488 1589535925 219025101 107803325 -888784363 -1256321346 -1492444736 -1843705770 1430227584 531611945 -1207852398 -693641347 889756992 -861599706 -1325796508 695287096 840809587 874418097 36934386 1267567572 -1489763861 -1431424584 -217921841 -1195306006 44319467 -1905396546 1365122296 -1061134541 -1223317534 -216230015 -1231956125 -1083710386 1197611494 850439654 -903504168 1410073019 -1757456064 881490762 -1508179616 -1953682643 -1971554471 235215449 297062253 1730601597 362900547 832011368 356264310
Phan tu dang xet A[10] = 1430227584
Chen 1430227584 vao vi tri k = 4
Mang sau khi xu ly: 1842459332 1627223646 1623064488 1589535925 1430227584 219025101 107803325 -888784363 -1256321346 -1492444736 -1843705770 531611945 -1207852398 -693641347 889756992 -861599706 -1325796508 695287096 840809587 874418097 36934386 1267567572 -1489763861 -1431424584 -217921841 -1195306006 44319467 -1905396546 1365122296 -1061134541 -1223317534 -216230015 -1231956125 -1083710386 1197611494 850439654 -903504168 1410073019 -1757456064 881490762 -1508179616 -1953682643 -1971554471 235215449 297062253 1730601597 362900547 832011368 356264310

i = 11
Mang truoc khi xu ly: 1842459332 1627223646 1623064488 1589535925 1430227584 219025101 107803325 -888784363 -1256321346 -1492444736 -1843705770 531611945 -1207852398 -693641347 889756992 -861599706 -1325796508 695287096 840809587 874418097 36934386 1267567572 -1489763861 -1431424584 -217921841 -1195306006 44319467 -1905396546 1365122296 -1061134541 -1223317534 -216230015 -1231956125 -1083710386 1197611494 850439654 -903504168 1410073019 -1757456064 881490762 -1508179616 -1953682643 -1971554471 235215449 297062253 1730601597 362900547 832011368 356264310
Phan tu dang xet A[11] = 531611945
Chen 531611945 vao vi tri k = 5
Mang sau khi xu ly: 1842459332 1627223646 1623064488 1589535925 1430227584 531611945 219025101 107803325 -888784363 -1256321346 -1492444736 -1843705770 -1207852398 -693641347 889756992 -861599706 -1325796508 695287096 840809587 874418097 36934386 1267567572 -1489763861 -1431424584 -217921841 -1195306006 44319467 -1905396546 1365122296 -1061134541 -1223317534 -216230015 -1231956125 -1083710386 1197611494 850439654 -903504168 1410073019 -1757456064 881490762 -1508179616 -1953682643 -1971554471 235215449 297062253 1730601597 362900547 832011368 356264310

i = 12
Mang truoc khi xu ly: 1842459332 1627223646 1623064488 1589535925 1430227584 531611945 219025101 107803325 -888784363 -1256321346 -1492444736 -1843705770 -1207852398 -693641347 889756992 -861599706 -1325796508 695287096 840809587 874418097 36934386 1267567572 -1489763861 -1431424584 -217921841 -1195306006 44319467 -1905396546 1365122296 -1061134541 -1223317534 -216230015 -1231956125 -1083710386 1197611494 850439654 -903504168 1410073019 -1757456064 881490762 -1508179616 -1953682643 -1971554471 235215449 297062253 1730601597 362900547 832011368 356264310
Phan tu dang xet A[12] = -1207852398
Chen -1207852398 vao vi tri k = 9
Mang sau khi xu ly: 1842459332 1627223646 1623064488 1589535925 1430227584 531611945 219025101 107803325 -888784363 -1207852398 -1256321346 -1492444736 -1843705770 -693641347 889756992 -861599706 -1325796508 695287096 840809587 874418097 36934386 1267567572 -1489763861 -1431424584 -217921841 -1195306006 44319467 -1905396546 1365122296 -1061134541 -1223317534 -216230015 -1231956125 -1083710386 1197611494 850439654 -903504168 1410073019 -1757456064 881490762 -1508179616 -1953682643 -1971554471 235215449 297062253 1730601597 362900547 832011368 356264310

i = 13
Mang truoc khi xu ly: 1842459332 1627223646 1623064488 1589535925 1430227584 531611945 219025101 107803325 -888784363 -1207852398 -1256321346 -1492444736 -1843705770 -693641347 889756992 -861599706 -1325796508 695287096 840809587 874418097 36934386 1267567572 -1489763861 -1431424584 -217921841 -1195306006 44319467 -1905396546 1365122296 -1061134541 -1223317534 -216230015 -1231956125 -1083710386 1197611494 850439654 -903504168 1410073019 -1757456064 881490762 -1508179616 -1953682643 -1971554471 235215449 297062253 1730601597 362900547 832011368 356264310
Phan tu dang xet A[13] = -693641347
Chen -693641347 vao vi tri k = 8
Mang sau khi xu ly: 1842459332 1627223646 1623064488 1589535925 1430227584 531611945 219025101 107803325 -693641347 -888784363 -1207852398 -1256321346 -1492444736 -1843705770 889756992 -861599706 -1325796508 695287096 840809587 874418097 36934386 1267567572 -1489763861 -1431424584 -217921841 -1195306006 44319467 -1905396546 1365122296 -1061134541 -1223317534 -216230015 -1231956125 -1083710386 1197611494 850439654 -903504168 1410073019 -1757456064 881490762 -1508179616 -1953682643 -1971554471 235215449 297062253 1730601597 362900547 832011368 356264310

i = 14
Mang truoc khi xu ly: 1842459332 1627223646 1623064488 1589535925 1430227584 531611945 219025101 107803325 -693641347 -888784363 -1207852398 -1256321346 -1492444736 -1843705770 889756992 -861599706 -1325796508 695287096 840809587 874418097 36934386 1267567572 -1489763861 -1431424584 -217921841 -1195306006 44319467 -1905396546 1365122296 -1061134541 -1223317534 -216230015 -1231956125 -1083710386 1197611494 850439654 -903504168 1410073019 -1757456064 881490762 -1508179616 -1953682643 -1971554471 235215449 297062253 1730601597 362900547 832011368 356264310
Phan tu dang xet A[14] = 889756992
Chen 889756992 vao vi tri k = 5
Mang sau khi xu ly: 1842459332 1627223646 1623064488 1589535925 1430227584 889756992 531611945 219025101 107803325 -693641347 -888784363 -1207852398 -1256321346 -1492444736 -1843705770 -861599706 -1325796508 695287096 840809587 874418097 36934386 1267567572 -1489763861 -1431424584 -217921841 -1195306006 44319467 -1905396546 1365122296 -1061134541 -1223317534 -216230015 -1231956125 -1083710386 1197611494 850439654 -903504168 1410073019 -1757456064 881490762 -1508179616 -1953682643 -1971554471 235215449 297062253 1730601597 362900547 832011368 356264310

i = 15
Mang truoc khi xu ly: 1842459332 1627223646 1623064488 1589535925 1430227584 889756992 531611945 219025101 107803325 -693641347 -888784363 -1207852398 -1256321346 -1492444736 -1843705770 -861599706 -1325796508 695287096 840809587 874418097 36934386 1267567572 -1489763861 -1431424584 -217921841 -1195306006 44319467 -1905396546 1365122296 -1061134541 -1223317534 -216230015 -1231956125 -1083710386 1197611494 850439654 -903504168 1410073019 -1757456064 881490762 -1508179616 -1953682643 -1971554471 235215449 297062253 1730601597 362900547 832011368 356264310
Phan tu dang xet A[15] = -861599706
Chen -861599706 vao vi tri k = 10
Mang sau khi xu ly: 1842459332 1627223646 1623064488 1589535925 1430227584 889756992 531611945 219025101 107803325 -693641347 -861599706 -888784363 -1207852398 -1256321346 -1492444736 -1843705770 -1325796508 695287096 840809587 874418097 36934386 1267567572 -1489763861 -1431424584 -217921841 -1195306006 44319467 -1905396546 1365122296 -1061134541 -1223317534 -216230015 -1231956125 -1083710386 1197611494 850439654 -903504168 1410073019 -1757456064 881490762 -1508179616 -1953682643 -1971554471 235215449 297062253 1730601597 362900547 832011368 356264310

i = 16
Mang truoc khi xu ly: 1842459332 1627223646 1623064488 1589535925 1430227584 889756992 531611945 219025101 107803325 -693641347 -861599706 -888784363 -1207852398 -1256321346 -1492444736 -1843705770 -1325796508 695287096 840809587 874418097 36934386 1267567572 -1489763861 -1431424584 -217921841 -1195306006 44319467 -1905396546 1365122296 -1061134541 -1223317534 -216230015 -1231956125 -1083710386 1197611494 850439654 -903504168 1410073019 -1757456064 881490762 -1508179616 -1953682643 -1971554471 235215449 297062253 1730601597 362900547 832011368 356264310
Phan tu dang xet A[16] = -1325796508
Chen -1325796508 vao vi tri k = 14
Mang sau khi xu ly: 1842459332 1627223646 1623064488 1589535925 1430227584 889756992 531611945 219025101 107803325 -693641347 -861599706 -888784363 -1207852398 -1256321346 -1325796508 -1492444736 -1843705770 695287096 840809587 874418097 36934386 1267567572 -1489763861 -1431424584 -217921841 -1195306006 44319467 -1905396546 1365122296 -1061134541 -1223317534 -216230015 -1231956125 -1083710386 1197611494 850439654 -903504168 1410073019 -1757456064 881490762 -1508179616 -1953682643 -1971554471 235215449 297062253 1730601597 362900547 832011368 356264310

i = 17
Mang truoc khi xu ly: 1842459332 1627223646 1623064488 1589535925 1430227584 889756992 531611945 219025101 107803325 -693641347 -861599706 -888784363 -1207852398 -1256321346 -1325796508 -1492444736 -1843705770 695287096 840809587 874418097 36934386 1267567572 -1489763861 -1431424584 -217921841 -1195306006 44319467 -1905396546 1365122296 -1061134541 -1223317534 -216230015 -1231956125 -1083710386 1197611494 850439654 -903504168 1410073019 -1757456064 881490762 -1508179616 -1953682643 -1971554471 235215449 297062253 1730601597 362900547 832011368 356264310
Phan tu dang xet A[17] = 695287096
Chen 695287096 vao vi tri k = 6
Mang sau khi xu ly: 1842459332 1627223646 1623064488 1589535925 1430227584 889756992 695287096 531611945 219025101 107803325 -693641347 -861599706 -888784363 -1207852398 -1256321346 -1325796508 -1492444736 -1843705770 840809587 874418097 36934386 1267567572 -1489763861 -1431424584 -217921841 -1195306006 44319467 -1905396546 1365122296 -1061134541 -1223317534 -216230015 -1231956125 -1083710386 1197611494 850439654 -903504168 1410073019 -1757456064 881490762 -1508179616 -1953682643 -1971554471 235215449 297062253 1730601597 362900547 832011368 356264310

i = 18
Mang truoc khi xu ly: 1842459332 1627223646 1623064488 1589535925 1430227584 889756992 695287096 531611945 219025101 107803325 -693641347 -861599706 -888784363 -1207852398 -1256321346 -1325796508 -1492444736 -1843705770 840809587 874418097 36934386 1267567572 -1489763861 -1431424584 -217921841 -1195306006 44319467 -1905396546 1365122296 -1061134541 -1223317534 -216230015 -1231956125 -1083710386 1197611494 850439654 -903504168 1410073019 -1757456064 881490762 -1508179616 -1953682643 -1971554471 235215449 297062253 1730601597 362900547 832011368 356264310
Phan tu dang xet A[18] = 840809587
Chen 840809587 vao vi tri k = 6
Mang sau khi xu ly: 1842459332 1627223646 1623064488 1589535925 1430227584 889756992 840809587 695287096 531611945 219025101 107803325 -693641347 -861599706 -888784363 -1207852398 -1256321346 -1325796508 -1492444736 -1843705770 874418097 36934386 1267567572 -1489763861 -1431424584 -217921841 -1195306006 44319467 -1905396546 1365122296 -1061134541 -1223317534 -216230015 -1231956125 -1083710386 1197611494 850439654 -903504168 1410073019 -1757456064 881490762 -1508179616 -1953682643 -1971554471 235215449 297062253 1730601597 362900547 832011368 356264310

i = 19
Mang truoc khi xu ly: 1842459332 1627223646 1623064488 1589535925 1430227584 889756992 840809587 695287096 531611945 219025101 107803325 -693641347 -861599706 -888784363 -1207852398 -1256321346 -1325796508 -1492444736 -1843705770 874418097 36934386 1267567572 -1489763861 -1431424584 -217921841 -1195306006 44319467 -1905396546 1365122296 -1061134541 -1223317534 -216230015 -1231956125 -1083710386 1197611494 850439654 -903504168 1410073019 -1757456064 881490762 -1508179616 -1953682643 -1971554471 235215449 297062253 1730601597 362900547 832011368 356264310
Phan tu dang xet A[19] = 874418097
Chen 874418097 vao vi tri k = 6
Mang sau khi xu ly: 1842459332 1627223646 1623064488 1589535925 1430227584 889756992 874418097 840809587 695287096 531611945 219025101 107803325 -693641347 -861599706 -888784363 -1207852398 -1256321346 -1325796508 -1492444736 -1843705770 36934386 1267567572 -1489763861 -1431424584 -217921841 -1195306006 44319467 -1905396546 1365122296 -1061134541 -1223317534 -216230015 -1231956125 -1083710386 1197611494 850439654 -903504168 1410073019 -1757456064 881490762 -1508179616 -1953682643 -1971554471 235215449 297062253 1730601597 362900547 832011368 356264310

i = 20
Mang truoc khi xu ly: 1842459332 1627223646 1623064488 1589535925 1430227584 889756992 874418097 840809587 695287096 531611945 219025101 107803325 -693641347 -861599706 -888784363 -1207852398 -1256321346 -1325796508 -1492444736 -1843705770 36934386 1267567572 -1489763861 -1431424584 -217921841 -1195306006 44319467 -1905396546 1365122296 -1061134541 -1223317534 -216230015 -1231956125 -1083710386 1197611494 850439654 -903504168 1410073019 -1757456064 881490762 -1508179616 -1953682643 -1971554471 235215449 297062253 1730601597 362900547 832011368 356264310
Phan tu dang xet A[20] = 36934386
Chen 36934386 vao vi tri k = 12
Mang sau khi xu ly: 1842459332 1627223646 1623064488 1589535925 1430227584 889756992 874418097 840809587 695287096 531611945 219025101 107803325 36934386 -693641347 -861599706 -888784363 -1207852398 -1256321346 -1325796508 -1492444736 -1843705770 1267567572 -1489763861 -1431424584 -217921841 -1195306006 44319467 -1905396546 1365122296 -1061134541 -1223317534 -216230015 -1231956125 -1083710386 1197611494 850439654 -903504168 1410073019 -1757456064 881490762 -1508179616 -1953682643 -1971554471 235215449 297062253 1730601597 362900547 832011368 356264310

i = 21
Mang truoc khi xu ly: 1842459332 1627223646 1623064488 1589535925 1430227584 889756992 874418097 840809587 695287096 531611945 219025101 107803325 36934386 -693641347 -861599706 -888784363 -1207852398 -1256321346 -1325796508 -1492444736 -1843705770 1267567572 -1489763861 -1431424584 -217921841 -1195306006 44319467 -1905396546 1365122296 -1061134541 -1223317534 -216230015 -1231956125 -1083710386 1197611494 850439654 -903504168 1410073019 -1757456064 881490762 -1508179616 -1953682643 -1971554471 235215449 297062253 1730601597 362900547 832011368 356264310
Phan tu dang xet A[21] = 1267567572
Chen 1267567572 vao vi tri k = 5
Mang sau khi xu ly: 1842459332 1627223646 1623064488 1589535925 1430227584 1267567572 889756992 874418097 840809587 695287096 531611945 219025101 107803325 36934386 -693641347 -861599706 -888784363 -1207852398 -1256321346 -1325796508 -1492444736 -1843705770 -1489763861 -1431424584 -217921841 -1195306006 44319467 -1905396546 1365122296 -1061134541 -1223317534 -216230015 -1231956125 -1083710386 1197611494 850439654 -903504168 1410073019 -1757456064 881490762 -1508179616 -1953682643 -1971554471 235215449 297062253 1730601597 362900547 832011368 356264310

i = 22
Mang truoc khi xu ly: 1842459332 1627223646 1623064488 1589535925 1430227584 1267567572 889756992 874418097 840809587 695287096 531611945 219025101 107803325 36934386 -693641347 -861599706 -888784363 -1207852398 -1256321346 -1325796508 -1492444736 -1843705770 -1489763861 -1431424584 -217921841 -1195306006 44319467 -1905396546 1365122296 -1061134541 -1223317534 -216230015 -1231956125 -1083710386 1197611494 850439654 -903504168 1410073019 -1757456064 881490762 -1508179616 -1953682643 -1971554471 235215449 297062253 1730601597 362900547 832011368 356264310
Phan tu dang xet A[22] = -1489763861
Chen -1489763861 vao vi tri k = 20
Mang sau khi xu ly: 1842459332 1627223646 1623064488 1589535925 1430227584 1267567572 889756992 874418097 840809587 695287096 531611945 219025101 107803325 36934386 -693641347 -861599706 -888784363 -1207852398 -1256321346 -1325796508 -1489763861 -1492444736 -1843705770 -1431424584 -217921841 -1195306006 44319467 -1905396546 1365122296 -1061134541 -1223317534 -216230015 -1231956125 -1083710386 1197611494 850439654 -903504168 1410073019 -1757456064 881490762 -1508179616 -1953682643 -1971554471 235215449 297062253 1730601597 362900547 832011368 356264310

i = 23
Mang truoc khi xu ly: 1842459332 1627223646 1623064488 1589535925 1430227584 1267567572 889756992 874418097 840809587 695287096 531611945 219025101 107803325 36934386 -693641347 -861599706 -888784363 -1207852398 -1256321346 -1325796508 -1489763861 -1492444736 -1843705770 -1431424584 -217921841 -1195306006 44319467 -1905396546 1365122296 -1061134541 -1223317534 -216230015 -1231956125 -1083710386 1197611494 850439654 -903504168 1410073019 -1757456064 881490762 -1508179616 -1953682643 -1971554471 235215449 297062253 1730601597 362900547 832011368 356264310
Phan tu dang xet A[23] = -1431424584
Chen -1431424584 vao vi tri k = 20
Mang sau khi xu ly: 1842459332 1627223646 1623064488 1589535925 1430227584 1267567572 889756992 874418097 840809587 695287096 531611945 219025101 107803325 36934386 -693641347 -861599706 -888784363 -1207852398 -1256321346 -1325796508 -1431424584 -1489763861 -1492444736 -1843705770 -217921841 -1195306006 44319467 -1905396546 1365122296 -1061134541 -1223317534 -216230015 -1231956125 -1083710386 1197611494 850439654 -903504168 1410073019 -1757456064 881490762 -1508179616 -1953682643 -1971554471 235215449 297062253 1730601597 362900547 832011368 356264310

i = 24
Mang truoc khi xu ly: 1842459332 1627223646 1623064488 1589535925 1430227584 1267567572 889756992 874418097 840809587 695287096 531611945 219025101 107803325 36934386 -693641347 -861599706 -888784363 -1207852398 -1256321346 -1325796508 -1431424584 -1489763861 -1492444736 -1843705770 -217921841 -1195306006 44319467 -1905396546 1365122296 -1061134541 -1223317534 -216230015 -1231956125 -1083710386 1197611494 850439654 -903504168 1410073019 -1757456064 881490762 -1508179616 -1953682643 -1971554471 235215449 297062253 1730601597 362900547 832011368 356264310
Phan tu dang xet A[24] = -217921841
Chen -217921841 vao vi tri k = 14
Mang sau khi xu ly: 1842459332 1627223646 1623064488 1589535925 1430227584 1267567572 889756992 874418097 840809587 695287096 531611945 219025101 107803325 36934386 -217921841 -693641347 -861599706 -888784363 -1207852398 -1256321346 -1325796508 -1431424584 -1489763861 -1492444736 -1843705770 -1195306006 44319467 -1905396546 1365122296 -1061134541 -1223317534 -216230015 -1231956125 -1083710386 1197611494 850439654 -903504168 1410073019 -1757456064 881490762 -1508179616 -1953682643 -1971554471 235215449 297062253 1730601597 362900547 832011368 356264310

i = 25
Mang truoc khi xu ly: 1842459332 1627223646 1623064488 1589535925 1430227584 1267567572 889756992 874418097 840809587 695287096 531611945 219025101 107803325 36934386 -217921841 -693641347 -861599706 -888784363 -1207852398 -1256321346 -1325796508 -1431424584 -1489763861 -1492444736 -1843705770 -1195306006 44319467 -1905396546 1365122296 -1061134541 -1223317534 -216230015 -1231956125 -1083710386 1197611494 850439654 -903504168 1410073019 -1757456064 881490762 -1508179616 -1953682643 -1971554471 235215449 297062253 1730601597 362900547 832011368 356264310
Phan tu dang xet A[25] = -1195306006
Chen -1195306006 vao vi tri k = 18
Mang sau khi xu ly: 1842459332 1627223646 1623064488 1589535925 1430227584 1267567572 889756992 874418097 840809587 695287096 531611945 219025101 107803325 36934386 -217921841 -693641347 -861599706 -888784363 -1195306006 -1207852398 -1256321346 -1325796508 -1431424584 -1489763861 -1492444736 -1843705770 44319467 -1905396546 1365122296 -1061134541 -1223317534 -216230015 -1231956125 -1083710386 1197611494 850439654 -903504168 1410073019 -1757456064 881490762 -1508179616 -1953682643 -1971554471 235215449 297062253 1730601597 362900547 832011368 356264310

i = 26
Mang truoc khi xu ly: 1842459332 1627223646 1623064488 1589535925 1430227584 1267567572 889756992 874418097 840809587 695287096 531611945 219025101 107803325 36934386 -217921841 -693641347 -861599706 -888784363 -1195306006 -1207852398 -1256321346 -1325796508 -1431424584 -1489763861 -1492444736 -1843705770 44319467 -1905396546 1365122296 -1061134541 -1223317534 -216230015 -1231956125 -1083710386 1197611494 850439654 -903504168 1410073019 -1757456064 881490762 -1508179616 -1953682643 -1971554471 235215449 297062253 1730601597 362900547 832011368 356264310
Phan tu dang xet A[26] = 44319467
Chen 44319467 vao vi tri k = 13
Mang sau khi xu ly: 1842459332 1627223646 1623064488 1589535925 1430227584 1267567572 889756992 874418097 840809587 695287096 531611945 219025101 107803325 44319467 36934386 -217921841 -693641347 -861599706 -888784363 -1195306006 -1207852398 -1256321346 -1325796508 -1431424584 -1489763861 -1492444736 -1843705770 -1905396546 1365122296 -1061134541 -1223317534 -216230015 -1231956125 -1083710386 1197611494 850439654 -903504168 1410073019 -1757456064 881490762 -1508179616 -1953682643 -1971554471 235215449 297062253 1730601597 362900547 832011368 356264310

i = 27
Mang truoc khi xu ly: 1842459332 1627223646 1623064488 1589535925 1430227584 1267567572 889756992 874418097 840809587 695287096 531611945 219025101 107803325 44319467 36934386 -217921841 -693641347 -861599706 -888784363 -1195306006 -1207852398 -1256321346 -1325796508 -1431424584 -1489763861 -1492444736 -1843705770 -1905396546 1365122296 -1061134541 -1223317534 -216230015 -1231956125 -1083710386 1197611494 850439654 -903504168 1410073019 -1757456064 881490762 -1508179616 -1953682643 -1971554471 235215449 297062253 1730601597 362900547 832011368 356264310
Phan tu dang xet A[27] = -1905396546
Chen -1905396546 vao vi tri k = 27
Mang sau khi xu ly: 1842459332 1627223646 1623064488 1589535925 1430227584 1267567572 889756992 874418097 840809587 695287096 531611945 219025101 107803325 44319467 36934386 -217921841 -693641347 -861599706 -888784363 -1195306006 -1207852398 -1256321346 -1325796508 -1431424584 -1489763861 -1492444736 -1843705770 -1905396546 1365122296 -1061134541 -1223317534 -216230015 -1231956125 -1083710386 1197611494 850439654 -903504168 1410073019 -1757456064 881490762 -1508179616 -1953682643 -1971554471 235215449 297062253 1730601597 362900547 832011368 356264310

i = 28
Mang truoc khi xu ly: 1842459332 1627223646 1623064488 1589535925 1430227584 1267567572 889756992 874418097 840809587 695287096 531611945 219025101 107803325 44319467 36934386 -217921841 -693641347 -861599706 -888784363 -1195306006 -1207852398 -1256321346 -1325796508 -1431424584 -1489763861 -1492444736 -1843705770 -1905396546 1365122296 -1061134541 -1223317534 -216230015 -1231956125 -1083710386 1197611494 850439654 -903504168 1410073019 -1757456064 881490762 -1508179616 -1953682643 -1971554471 235215449 297062253 1730601597 362900547 832011368 356264310
Phan tu dang xet A[28] = 1365122296
Chen 1365122296 vao vi tri k = 5
Mang sau khi xu ly: 1842459332 1627223646 1623064488 1589535925 1430227584 1365122296 1267567572 889756992 874418097 840809587 695287096 531611945 219025101 107803325 44319467 36934386 -217921841 -693641347 -861599706 -888784363 -1195306006 -1207852398 -1256321346 -1325796508 -1431424584 -1489763861 -1492444736 -1843705770 -1905396546 -1061134541 -1223317534 -216230015 -1231956125 -1083710386 1197611494 850439654 -903504168 1410073019 -1757456064 881490762 -1508179616 -1953682643 -1971554471 235215449 297062253 1730601597 362900547 832011368 356264310

i = 29
Mang truoc khi xu ly: 1842459332 1627223646 1623064488 1589535925 1430227584 1365122296 1267567572 889756992 874418097 840809587 695287096 531611945 219025101 107803325 44319467 36934386 -217921841 -693641347 -861599706 -888784363 -1195306006 -1207852398 -1256321346 -1325796508 -1431424584 -1489763861 -1492444736 -1843705770 -1905396546 -1061134541 -1223317534 -216230015 -1231956125 -1083710386 1197611494 850439654 -903504168 1410073019 -1757456064 881490762 -1508179616 -1953682643 -1971554471 235215449 297062253 1730601597 362900547 832011368 356264310
Phan tu dang xet A[29] = -1061134541
Chen -1061134541 vao vi tri k = 20
Mang sau khi xu ly: 1842459332 1627223646 1623064488 1589535925 1430227584 1365122296 1267567572 889756992 874418097 840809587 695287096 531611945 219025101 107803325 44319467 36934386 -217921841 -693641347 -861599706 -888784363 -1061134541 -1195306006 -1207852398 -1256321346 -1325796508 -1431424584 -1489763861 -1492444736 -1843705770 -1905396546 -1223317534 -216230015 -1231956125 -1083710386 1197611494 850439654 -903504168 1410073019 -1757456064 881490762 -1508179616 -1953682643 -1971554471 235215449 297062253 1730601597 362900547 832011368 356264310

i = 30
Mang truoc khi xu ly: 1842459332 1627223646 1623064488 1589535925 1430227584 1365122296 1267567572 889756992 874418097 840809587 695287096 531611945 219025101 107803325 44319467 36934386 -217921841 -693641347 -861599706 -888784363 -1061134541 -1195306006 -1207852398 -1256321346 -1325796508 -1431424584 -1489763861 -1492444736 -1843705770 -1905396546 -1223317534 -216230015 -1231956125 -1083710386 1197611494 850439654 -903504168 1410073019 -1757456064 881490762 -1508179616 -1953682643 -1971554471 235215449 297062253 1730601597 362900547 832011368 356264310
Phan tu dang xet A[30] = -1223317534
Chen -1223317534 vao vi tri k = 23
Mang sau khi xu ly: 1842459332 1627223646 1623064488 1589535925 1430227584 1365122296 1267567572 889756992 874418097 840809587 695287096 531611945 219025101 107803325 44319467 36934386 -217921841 -693641347 -861599706 -888784363 -1061134541 -1195306006 -1207852398 -1223317534 -1256321346 -1325796508 -1431424584 -1489763861 -1492444736 -1843705770 -1905396546 -216230015 -1231956125 -1083710386 1197611494 850439654 -903504168 1410073019 -1757456064 881490762 -1508179616 -1953682643 -1971554471 235215449 297062253 1730601597 362900547 832011368 356264310

i = 31
Mang truoc khi xu ly: 1842459332 1627223646 1623064488 1589535925 1430227584 1365122296 1267567572 889756992 874418097 840809587 695287096 531611945 219025101 107803325 44319467 36934386 -217921841 -693641347 -861599706 -888784363 -1061134541 -1195306006 -1207852398 -1223317534 -1256321346 -1325796508 -1431424584 -1489763861 -1492444736 -1843705770 -1905396546 -216230015 -1231956125 -1083710386 1197611494 850439654 -903504168 1410073019 -1757456064 881490762 -1508179616 -1953682643 -1971554471 235215449 297062253 1730601597 362900547 832011368 356264310
Phan tu dang xet A[31] = -216230015
Chen -216230015 vao vi tri k = 16
Mang sau khi xu ly: 1842459332 1627223646 1623064488 1589535925 1430227584 1365122296 1267567572 889756992 874418097 840809587 695287096 531611945 219025101 107803325 44319467 36934386 -216230015 -217921841 -693641347 -861599706 -888784363 -1061134541 -1195306006 -1207852398 -1223317534 -1256321346 -1325796508 -1431424584 -1489763861 -1492444736 -1843705770 -1905396546 -1231956125 -1083710386 1197611494 850439654 -903504168 1410073019 -1757456064 881490762 -1508179616 -1953682643 -1971554471 235215449 297062253 1730601597 362900547 832011368 356264310

i = 32
Mang truoc khi xu ly: 1842459332 1627223646 1623064488 1589535925 1430227584 1365122296 1267567572 889756992 874418097 840809587 695287096 531611945 219025101 107803325 44319467 36934386 -216230015 -217921841 -693641347 -861599706 -888784363 -1061134541 -1195306006 -1207852398 -1223317534 -1256321346 -1325796508 -1431424584 -1489763861 -1492444736 -1843705770 -1905396546 -1231956125 -1083710386 1197611494 850439654 -903504168 1410073019 -1757456064 881490762 -1508179616 -1953682643 -1971554471 235215449 297062253 1730601597 362900547 832011368 356264310
Phan tu dang xet A[32] = -1231956125
Chen -1231956125 vao vi tri k = 25
Mang sau khi xu ly: 1842459332 1627223646 1623064488 1589535925 1430227584 1365122296 1267567572 889756992 874418097 840809587 695287096 531611945 219025101 107803325 44319467 36934386 -216230015 -217921841 -693641347 -861599706 -888784363 -1061134541 -1195306006 -1207852398 -1223317534 -1231956125 -1256321346 -1325796508 -1431424584 -1489763861 -1492444736 -1843705770 -1905396546 -1083710386 1197611494 850439654 -903504168 1410073019 -1757456064 881490762 -1508179616 -1953682643 -1971554471 235215449 297062253 1730601597 362900547 832011368 356264310

i = 33
Mang truoc khi xu ly: 1842459332 1627223646 1623064488 1589535925 1430227584 1365122296 1267567572 889756992 874418097 840809587 695287096 531611945 219025101 107803325 44319467 36934386 -216230015 -217921841 -693641347 -861599706 -888784363 -1061134541 -1195306006 -1207852398 -1223317534 -1231956125 -1256321346 -1325796508 -1431424584 -1489763861 -1492444736 -1843705770 -1905396546 -1083710386 1197611494 850439654 -903504168 1410073019 -1757456064 881490762 -1508179616 -1953682643 -1971554471 235215449 297062253 1730601597 362900547 832011368 356264310
Phan tu dang xet A[33] = -1083710386
Chen -1083710386 vao vi tri k = 22
Mang sau khi xu ly: 1842459332 1627223646 1623064488 1589535925 1430227584 1365122296 1267567572 889756992 874418097 840809587 695287096 531611945 219025101 107803325 44319467 36934386 -216230015 -217921841 -693641347 -861599706 -888784363 -1061134541 -1083710386 -1195306006 -1207852398 -1223317534 -1231956125 -1256321346 -1325796508 -1431424584 -1489763861 -1492444736 -1843705770 -1905396546 1197611494 850439654 -903504168 1410073019 -1757456064 881490762 -1508179616 -1953682643 -1971554471 235215449 297062253 1730601597 362900547 832011368 356264310

i = 34
Mang truoc khi xu ly: 1842459332 1627223646 1623064488 1589535925 1430227584 1365122296 1267567572 889756992 874418097 840809587 695287096 531611945 219025101 107803325 44319467 36934386 -216230015 -217921841 -693641347 -861599706 -888784363 -1061134541 -1083710386 -1195306006 -1207852398 -1223317534 -1231956125 -1256321346 -1325796508 -1431424584 -1489763861 -1492444736 -1843705770 -1905396546 1197611494 850439654 -903504168 1410073019 -1757456064 881490762 -1508179616 -1953682643 -1971554471 235215449 297062253 1730601597 362900547 832011368 356264310
Phan tu dang xet A[34] = 1197611494
Chen 1197611494 vao vi tri k = 7
Mang sau khi xu ly: 1842459332 1627223646 1623064488 1589535925 1430227584 1365122296 1267567572 1197611494 889756992 874418097 840809587 695287096 531611945 219025101 107803325 44319467 36934386 -216230015 -217921841 -693641347 -861599706 -888784363 -1061134541 -1083710386 -1195306006 -1207852398 -1223317534 -1231956125 -1256321346 -1325796508 -1431424584 -1489763861 -1492444736 -1843705770 -1905396546 850439654 -903504168 1410073019 -1757456064 881490762 -1508179616 -1953682643 -1971554471 235215449 297062253 1730601597 362900547 832011368 356264310

i = 35
Mang truoc khi xu ly: 1842459332 1627223646 1623064488 1589535925 1430227584 1365122296 1267567572 1197611494 889756992 874418097 840809587 695287096 531611945 219025101 107803325 44319467 36934386 -216230015 -217921841 -693641347 -861599706 -888784363 -1061134541 -1083710386 -1195306006 -1207852398 -1223317534 -1231956125 -1256321346 -1325796508 -1431424584 -1489763861 -1492444736 -1843705770 -1905396546 850439654 -903504168 1410073019 -1757456064 881490762 -1508179616 -1953682643 -1971554471 235215449 297062253 1730601597 362900547 832011368 356264310
Phan tu dang xet A[35] = 850439654
Chen 850439654 vao vi tri k = 10
Mang sau khi xu ly: 1842459332 1627223646 1623064488 1589535925 1430227584 1365122296 1267567572 1197611494 889756992 874418097 850439654 840809587 695287096 531611945 219025101 107803325 44319467 36934386 -216230015 -217921841 -693641347 -861599706 -888784363 -1061134541 -1083710386 -1195306006 -1207852398 -1223317534 -1231956125 -1256321346 -1325796508 -1431424584 -1489763861 -1492444736 -1843705770 -1905396546 -903504168 1410073019 -1757456064 881490762 -1508179616 -1953682643 -1971554471 235215449 297062253 1730601597 362900547 832011368 356264310

i = 36
Mang truoc khi xu ly: 1842459332 1627223646 1623064488 1589535925 1430227584 1365122296 1267567572 1197611494 889756992 874418097 850439654 840809587 695287096 531611945 219025101 107803325 44319467 36934386 -216230015 -217921841 -693641347 -861599706 -888784363 -1061134541 -1083710386 -1195306006 -1207852398 -1223317534 -1231956125 -1256321346 -1325796508 -1431424584 -1489763861 -1492444736 -1843705770 -1905396546 -903504168 1410073019 -1757456064 881490762 -1508179616 -1953682643 -1971554471 235215449 297062253 1730601597 362900547 832011368 356264310
Phan tu dang xet A[36] = -903504168
Chen -903504168 vao vi tri k = 23
Mang sau khi xu ly: 1842459332 1627223646 1623064488 1589535925 1430227584 1365122296 1267567572 1197611494 889756992 874418097 850439654 840809587 695287096 531611945 219025101 107803325 44319467 36934386 -216230015 -217921841 -693641347 -861599706 -888784363 -903504168 -1061134541 -1083710386 -1195306006 -1207852398 -1223317534 -1231956125 -1256321346 -1325796508 -1431424584 -1489763861 -1492444736 -1843705770 -1905396546 1410073019 -1757456064 881490762 -1508179616 -1953682643 -1971554471 235215449 297062253 1730601597 362900547 832011368 356264310

i = 37
Mang truoc khi xu ly: 1842459332 1627223646 1623064488 1589535925 1430227584 1365122296 1267567572 1197611494 889756992 874418097 850439654 840809587 695287096 531611945 219025101 107803325 44319467 36934386 -216230015 -217921841 -693641347 -861599706 -888784363 -903504168 -1061134541 -1083710386 -1195306006 -1207852398 -1223317534 -1231956125 -1256321346 -1325796508 -1431424584 -1489763861 -1492444736 -1843705770 -1905396546 1410073019 -1757456064 881490762 -1508179616 -1953682643 -1971554471 235215449 297062253 1730601597 362900547 832011368 356264310
Phan tu dang xet A[37] = 1410073019
Chen 1410073019 vao vi tri k = 5
Mang sau khi xu ly: 1842459332 1627223646 1623064488 1589535925 1430227584 1410073019 1365122296 1267567572 1197611494 889756992 874418097 850439654 840809587 695287096 531611945 219025101 107803325 44319467 36934386 -216230015 -217921841 -693641347 -861599706 -888784363 -903504168 -1061134541 -1083710386 -1195306006 -1207852398 -1223317534 -1231956125 -1256321346 -1325796508 -1431424584 -1489763861 -1492444736 -1843705770 -1905396546 -1757456064 881490762 -1508179616 -1953682643 -1971554471 235215449 297062253 1730601597 362900547 832011368 356264310

i = 38
Mang truoc khi xu ly: 1842459332 1627223646 1623064488 1589535925 1430227584 1410073019 1365122296 1267567572 1197611494 889756992 874418097 850439654 840809587 695287096 531611945 219025101 107803325 44319467 36934386 -216230015 -217921841 -693641347 -861599706 -888784363 -903504168 -1061134541 -1083710386 -1195306006 -1207852398 -1223317534 -1231956125 -1256321346 -1325796508 -1431424584 -1489763861 -1492444736 -1843705770 -1905396546 -1757456064 881490762 -1508179616 -1953682643 -1971554471 235215449 297062253 1730601597 362900547 832011368 356264310
Phan tu dang xet A[38] = -1757456064
Chen -1757456064 vao vi tri k = 36
Mang sau khi xu ly: 1842459332 1627223646 1623064488 1589535925 1430227584 1410073019 1365122296 1267567572 1197611494 889756992 874418097 850439654 840809587 695287096 531611945 219025101 107803325 44319467 36934386 -216230015 -217921841 -693641347 -861599706 -888784363 -903504168 -1061134541 -1083710386 -1195306006 -1207852398 -1223317534 -1231956125 -1256321346 -1325796508 -1431424584 -1489763861 -1492444736 -1757456064 -1843705770 -1905396546 881490762 -1508179616 -1953682643 -1971554471 235215449 297062253 1730601597 362900547 832011368 356264310

i = 39
Mang truoc khi xu ly: 1842459332 1627223646 1623064488 1589535925 1430227584 1410073019 1365122296 1267567572 1197611494 889756992 874418097 850439654 840809587 695287096 531611945 219025101 107803325 44319467 36934386 -216230015 -217921841 -693641347 -861599706 -888784363 -903504168 -1061134541 -1083710386 -1195306006 -1207852398 -1223317534 -1231956125 -1256321346 -1325796508 -1431424584 -1489763861 -1492444736 -1757456064 -1843705770 -1905396546 881490762 -1508179616 -1953682643 -1971554471 235215449 297062253 1730601597 362900547 832011368 356264310
Phan tu dang xet A[39] = 881490762
Chen 881490762 vao vi tri k = 10
Mang sau khi xu ly: 1842459332 1627223646 1623064488 1589535925 1430227584 1410073019 1365122296 1267567572 1197611494 889756992 881490762 874418097 850439654 840809587 695287096 531611945 219025101 107803325 44319467 36934386 -216230015 -217921841 -693641347 -861599706 -888784363 -903504168 -1061134541 -1083710386 -1195306006 -1207852398 -1223317534 -1231956125 -1256321346 -1325796508 -1431424584 -1489763861 -1492444736 -1757456064 -1843705770 -1905396546 -1508179616 -1953682643 -1971554471 235215449 297062253 1730601597 362900547 832011368 356264310

i = 40
Mang truoc khi xu ly: 1842459332 1627223646 1623064488 1589535925 1430227584 1410073019 1365122296 1267567572 1197611494 889756992 881490762 874418097 850439654 840809587 695287096 531611945 219025101 107803325 44319467 36934386 -216230015 -217921841 -693641347 -861599706 -888784363 -903504168 -1061134541 -1083710386 -1195306006 -1207852398 -1223317534 -1231956125 -1256321346 -1325796508 -1431424584 -1489763861 -1492444736 -1757456064 -1843705770 -1905396546 -1508179616 -1953682643 -1971554471 235215449 297062253 1730601597 362900547 832011368 356264310
Phan tu dang xet A[40] = -1508179616
Chen -1508179616 vao vi tri k = 37
Mang sau khi xu ly: 1842459332 1627223646 1623064488 1589535925 1430227584 1410073019 1365122296 1267567572 1197611494 889756992 881490762 874418097 850439654 840809587 695287096 531611945 219025101 107803325 44319467 36934386 -216230015 -217921841 -693641347 -861599706 -888784363 -903504168 -1061134541 -1083710386 -1195306006 -1207852398 -1223317534 -1231956125 -1256321346 -1325796508 -1431424584 -1489763861 -1492444736 -1508179616 -1757456064 -1843705770 -1905396546 -1953682643 -1971554471 235215449 297062253 1730601597 362900547 832011368 356264310

i = 41
Mang truoc khi xu ly: 1842459332 1627223646 1623064488 1589535925 1430227584 1410073019 1365122296 1267567572 1197611494 889756992 881490762 874418097 850439654 840809587 695287096 531611945 219025101 107803325 44319467 36934386 -216230015 -217921841 -693641347 -861599706 -888784363 -903504168 -1061134541 -1083710386 -1195306006 -1207852398 -1223317534 -1231956125 -1256321346 -1325796508 -1431424584 -1489763861 -1492444736 -1508179616 -1757456064 -1843705770 -1905396546 -1953682643 -1971554471 235215449 297062253 1730601597 362900547 832011368 356264310
Phan tu dang xet A[41] = -1953682643
Chen -1953682643 vao vi tri k = 41
Mang sau khi xu ly: 1842459332 1627223646 1623064488 1589535925 1430227584 1410073019 1365122296 1267567572 1197611494 889756992 881490762 874418097 850439654 840809587 695287096 531611945 219025101 107803325 44319467 36934386 -216230015 -217921841 -693641347 -861599706 -888784363 -903504168 -1061134541 -1083710386 -1195306006 -1207852398 -1223317534 -1231956125 -1256321346 -1325796508 -1431424584 -1489763861 -1492444736 -1508179616 -1757456064 -1843705770 -1905396546 -1953682643 -1971554471 235215449 297062253 1730601597 362900547 832011368 356264310

i = 42
Mang truoc khi xu ly: 1842459332 1627223646 1623064488 1589535925 1430227584 1410073019 1365122296 1267567572 1197611494 889756992 881490762 874418097 850439654 840809587 695287096 531611945 219025101 107803325 44319467 36934386 -216230015 -217921841 -693641347 -861599706 -888784363 -903504168 -1061134541 -1083710386 -1195306006 -1207852398 -1223317534 -1231956125 -1256321346 -1325796508 -1431424584 -1489763861 -1492444736 -1508179616 -1757456064 -1843705770 -1905396546 -1953682643 -1971554471 235215449 297062253 1730601597 362900547 832011368 356264310
Phan tu dang xet A[42] = -1971554471
Chen -1971554471 vao vi tri k = 42
Mang sau khi xu ly: 1842459332 1627223646 1623064488 1589535925 1430227584 1410073019 1365122296 1267567572 1197611494 889756992 881490762 874418097 850439654 840809587 695287096 531611945 219025101 107803325 44319467 36934386 -216230015 -217921841 -693641347 -861599706 -888784363 -903504168 -1061134541 -1083710386 -1195306006 -1207852398 -1223317534 -1231956125 -1256321346 -1325796508 -1431424584 -1489763861 -1492444736 -1508179616 -1757456064 -1843705770 -1905396546 -1953682643 -1971554471 235215449 297062253 1730601597 362900547 832011368 356264310

i = 43
Mang truoc khi xu ly: 1842459332 1627223646 1623064488 1589535925 1430227584 1410073019 1365122296 1267567572 1197611494 889756992 881490762 874418097 850439654 840809587 695287096 531611945 219025101 107803325 44319467 36934386 -216230015 -217921841 -693641347 -861599706 -888784363 -903504168 -1061134541 -1083710386 -1195306006 -1207852398 -1223317534 -1231956125 -1256321346 -1325796508 -1431424584 -1489763861 -1492444736 -1508179616 -1757456064 -1843705770 -1905396546 -1953682643 -1971554471 235215449 297062253 1730601597 362900547 832011368 356264310
Phan tu dang xet A[43] = 235215449
Chen 235215449 vao vi tri k = 16
Mang sau khi xu ly: 1842459332 1627223646 1623064488 1589535925 1430227584 1410073019 1365122296 1267567572 1197611494 889756992 881490762 874418097 850439654 840809587 695287096 531611945 235215449 219025101 107803325 44319467 36934386 -216230015 -217921841 -693641347 -861599706 -888784363 -903504168 -1061134541 -1083710386 -1195306006 -1207852398 -1223317534 -1231956125 -1256321346 -1325796508 -1431424584 -1489763861 -1492444736 -1508179616 -1757456064 -1843705770 -1905396546 -1953682643 -1971554471 297062253 1730601597 362900547 832011368 356264310

i = 44
Mang truoc khi xu ly: 1842459332 1627223646 1623064488 1589535925 1430227584 1410073019 1365122296 1267567572 1197611494 889756992 881490762 874418097 850439654 840809587 695287096 531611945 235215449 219025101 107803325 44319467 36934386 -216230015 -217921841 -693641347 -861599706 -888784363 -903504168 -1061134541 -1083710386 -1195306006 -1207852398 -1223317534 -1231956125 -1256321346 -1325796508 -1431424584 -1489763861 -1492444736 -1508179616 -1757456064 -1843705770 -1905396546 -1953682643 -1971554471 297062253 1730601597 362900547 832011368 356264310
Phan tu dang xet A[44] = 297062253
Chen 297062253 vao vi tri k = 16
Mang sau khi xu ly: 1842459332 1627223646 1623064488 1589535925 1430227584 1410073019 1365122296 1267567572 1197611494 889756992 881490762 874418097 850439654 840809587 695287096 531611945 297062253 235215449 219025101 107803325 44319467 36934386 -216230015 -217921841 -693641347 -861599706 -888784363 -903504168 -1061134541 -1083710386 -1195306006 -1207852398 -1223317534 -1231956125 -1256321346 -1325796508 -1431424584 -1489763861 -1492444736 -1508179616 -1757456064 -1843705770 -1905396546 -1953682643 -1971554471 1730601597 362900547 832011368 356264310

i = 45
Mang truoc khi xu ly: 1842459332 1627223646 1623064488 1589535925 1430227584 1410073019 1365122296 1267567572 1197611494 889756992 881490762 874418097 850439654 840809587 695287096 531611945 297062253 235215449 219025101 107803325 44319467 36934386 -216230015 -217921841 -693641347 -861599706 -888784363 -903504168 -1061134541 -1083710386 -1195306006 -1207852398 -1223317534 -1231956125 -1256321346 -1325796508 -1431424584 -1489763861 -1492444736 -1508179616 -1757456064 -1843705770 -1905396546 -1953682643 -1971554471 1730601597 362900547 832011368 356264310
Phan tu dang xet A[45] = 1730601597
Chen 1730601597 vao vi tri k = 1
Mang sau khi xu ly: 1842459332 1730601597 1627223646 1623064488 1589535925 1430227584 1410073019 1365122296 1267567572 1197611494 889756992 881490762 874418097 850439654 840809587 695287096 531611945 297062253 235215449 219025101 107803325 44319467 36934386 -216230015 -217921841 -693641347 -861599706 -888784363 -903504168 -1061134541 -1083710386 -1195306006 -1207852398 -1223317534 -1231956125 -1256321346 -1325796508 -1431424584 -1489763861 -1492444736 -1508179616 -1757456064 -1843705770 -1905396546 -1953682643 -1971554471 362900547 832011368 356264310

i = 46
Mang truoc khi xu ly: 1842459332 1730601597 1627223646 1623064488 1589535925 1430227584 1410073019 1365122296 1267567572 1197611494 889756992 881490762 874418097 850439654 840809587 695287096 531611945 297062253 235215449 219025101 107803325 44319467 36934386 -216230015 -217921841 -693641347 -861599706 -888784363 -903504168 -1061134541 -1083710386 -1195306006 -1207852398 -1223317534 -1231956125 -1256321346 -1325796508 -1431424584 -1489763861 -1492444736 -1508179616 -1757456064 -1843705770 -1905396546 -1953682643 -1971554471 362900547 832011368 356264310
Phan tu dang xet A[46] = 362900547
Chen 362900547 vao vi tri k = 17
Mang sau khi xu ly: 1842459332 1730601597 1627223646 1623064488 1589535925 1430227584 1410073019 1365122296 1267567572 1197611494 889756992 881490762 874418097 850439654 840809587 695287096 531611945 362900547 297062253 235215449 219025101 107803325 44319467 36934386 -216230015 -217921841 -693641347 -861599706 -888784363 -903504168 -1061134541 -1083710386 -1195306006 -1207852398 -1223317534 -1231956125 -1256321346 -1325796508 -1431424584 -1489763861 -1492444736 -1508179616 -1757456064 -1843705770 -1905396546 -1953682643 -1971554471 832011368 356264310

i = 47
Mang truoc khi xu ly: 1842459332 1730601597 1627223646 1623064488 1589535925 1430227584 1410073019 1365122296 1267567572 1197611494 889756992 881490762 874418097 850439654 840809587 695287096 531611945 362900547 297062253 235215449 219025101 107803325 44319467 36934386 -216230015 -217921841 -693641347 -861599706 -888784363 -903504168 -1061134541 -1083710386 -1195306006 -1207852398 -1223317534 -1231956125 -1256321346 -1325796508 -1431424584 -1489763861 -1492444736 -1508179616 -1757456064 -1843705770 -1905396546 -1953682643 -1971554471 832011368 356264310
Phan tu dang xet A[47] = 832011368
Chen 832011368 vao vi tri k = 15
Mang sau khi xu ly: 1842459332 1730601597 1627223646 1623064488 1589535925 1430227584 1410073019 1365122296 1267567572 1197611494 889756992 881490762 874418097 850439654 840809587 832011368 695287096 531611945 362900547 297062253 235215449 219025101 107803325 44319467 36934386 -216230015 -217921841 -693641347 -861599706 -888784363 -903504168 -1061134541 -1083710386 -1195306006 -1207852398 -1223317534 -1231956125 -1256321346 -1325796508 -1431424584 -1489763861 -1492444736 -1508179616 -1757456064 -1843705770 -1905396546 -1953682643 -1971554471 356264310

i = 48
Mang truoc khi xu ly: 1842459332 1730601597 1627223646 1623064488 1589535925 1430227584 1410073019 1365122296 1267567572 1197611494 889756992 881490762 874418097 850439654 840809587 832011368 695287096 531611945 362900547 297062253 235215449 219025101 107803325 44319467 36934386 -216230015 -217921841 -693641347 -861599706 -888784363 -903504168 -1061134541 -1083710386 -1195306006 -1207852398 -1223317534 -1231956125 -1256321346 -1325796508 -1431424584 -1489763861 -1492444736 -1508179616 -1757456064 -1843705770 -1905396546 -1953682643 -1971554471 356264310
Phan tu dang xet A[48] = 356264310
Chen 356264310 vao vi tri k = 19
Mang sau khi xu ly: 1842459332 1730601597 1627223646 1623064488 1589535925 1430227584 1410073019 1365122296 1267567572 1197611494 889756992 881490762 874418097 850439654 840809587 832011368 695287096 531611945 362900547 356264310 297062253 235215449 219025101 107803325 44319467 36934386 -216230015 -217921841 -693641347 -861599706 -888784363 -903504168 -1061134541 -1083710386 -1195306006 -1207852398 -1223317534 -1231956125 -1256321346 -1325796508 -1431424584 -1489763861 -1492444736 -1508179616 -1757456064 -1843705770 -1905396546 -1953682643 -1971554471

Mang sau khi sap xep:
1842459332 1730601597 1627223646 1623064488 1589535925 1430227584 1410073019 1365122296 1267567572 1197611494 889756992 881490762 874418097 850439654 840809587 832011368 695287096 531611945 362900547 356264310 297062253 235215449 219025101 107803325 44319467 36934386 -216230015 -217921841 -693641347 -861599706 -888784363 -903504168 -1061134541 -1083710386 -1195306006 -1207852398 -1223317534 -1231956125 -1256321346 -1325796508 -1431424584 -1489763861 -1492444736 -1508179616 -1757456064 -1843705770 -1905396546 -1953682643 -1971554471
