Mang truoc khi sap xep:
-1458319023 -615265553 1872575272 -1602761327 945517775 -443977168 586899408 -229610313 79668417 1359915987 -816579568 -635825145 -1611110314 1026527253

Sap xep:
i = 1
Mang truoc khi xu ly: -1458319023 -615265553 1872575272 -1602761327 945517775 -443977168 586899408 -229610313 79668417 1359915987 -816579568 -635825145 -1611110314 1026527253
Phan tu dang xet A[1] = -615265553
Chen -615265553 vao vi tri k = 0
Mang sau khi xu ly: -615265553 -1458319023 1872575272 -1602761327 945517775 -443977168 586899408 -229610313 79668417 1359915987 -816579568 -635825145 -1611110314 1026527253

i = 2
Mang truoc khi xu ly: -615265553 -1458319023 1872575272 -1602761327 945517775 -443977168 586899408 -229610313 79668417 1359915987 -816579568 -635825145 -1611110314 1026527253
Phan tu dang xet A[2] = 1872575272
Chen 1872575272 vao vi tri k = 0
Mang sau khi xu ly: 1872575272 -615265553 -1458319023 -1602761327 945517775 -443977168 586899408 -229610313 79668417 1359915987 -816579568 -635825145 -1611110314 1026527253

i = 3
Mang truoc khi xu ly: 1872575272 -615265553 -1458319023 -1602761327 945517775 -443977168 586899408 -229610313 79668417 1359915987 -816579568 -635825145 -1611110314 1026527253
Phan tu dang xet A[3] = -1602761327
Chen -1602761327 vao vi tri k = 3
Mang sau khi xu ly: 1872575272 -615265553 -1458319023 -1602761327 945517775 -443977168 586899408 -229610313 79668417 1359915987 -816579568 -635825145 -1611110314 1026527253

i = 4
Mang truoc khi xu ly: 1872575272 -615265553 -1458319023 -1602761327 945517775 -443977168 586899408 -229610313 79668417 1359915987 -816579568 -635825145 -1611110314 1026527253
Phan tu dang xet A[4] = 945517775
Chen 945517775 vao vi tri k = 1
Mang sau khi xu ly: 1872575272 945517775 -615265553 -1458319023 -1602761327 -443977168 586899408 -229610313 79668417 1359915987 -816579568 -635825145 -1611110314 1026527253

i = 5
Mang truoc khi xu ly: 1872575272 945517775 -615265553 -1458319023 -1602761327 -443977168 586899408 -229610313 79668417 1359915987 -816579568 -635825145 -1611110314 1026527253
Phan tu dang xet A[5] = -443977168
Chen -443977168 vao vi tri k = 2
Mang sau khi xu ly: 1872575272 945517775 -443977168 -615265553 -1458319023 -1602761327 586899408 -229610313 79668417 1359915987 -816579568 -635825145 -1611110314 1026527253

i = 6
Mang truoc khi xu ly: 1872575272 945517775 -443977168 -615265553 -1458319023 -1602761327 586899408 -229610313 79668417 1359915987 -816579568 -635825145 -1611110314 1026527253
Phan tu dang xet A[6] = 586899408
Chen 586899408 vao vi tri k = 2
Mang sau khi xu ly: 1872575272 945517775 586899408 -443977168 -615265553 -1458319023 -1602761327 -229610313 79668417 1359915987 -816579568 -635825145 -1611110314 1026527253

i = 7
Mang truoc khi xu ly: 1872575272 945517775 586899408 -443977168 -615265553 -1458319023 -1602761327 -229610313 79668417 1359915987 -816579568 -635825145 -1611110314 1026527253
Phan tu dang xet A[7] = -229610313
Chen -229610313 vao vi tri k = 3
Mang sau khi xu ly: 1872575272 945517775 586899408 -229610313 -443977168 -615265553 -1458319023 -1602761327 79668417 1359915987 -816579568 -635825145 -1611110314 1026527253

i = 8
Mang truoc khi xu ly: 1872575272 945517775 586899408 -229610313 -443977168 -615265553 -1458319023 -1602761327 79668417 1359915987 -816579568 -635825145 -1611110314 1026527253
Phan tu dang xet A[8] = 79668417
Chen 79668417 vao vi tri k = 3
Mang sau khi xu ly: 1872575272 945517775 586899408 79668417 -229610313 -443977168 -615265553 -1458319023 -1602761327 1359915987 -816579568 -635825145 -1611110314 1026527253

i = 9
Mang truoc khi xu ly: 1872575272 945517775 586899408 79668417 -229610313 -443977168 -615265553 -1458319023 -1602761327 1359915987 -816579568 -635825145 -1611110314 1026527253
Phan tu dang xet A[9] = 1359915987
Chen 1359915987 vao vi tri k = 1
Mang sau khi xu ly: 1872575272 1359915987 945517775 586899408 79668417 -229610313 -443977168 -615265553 -1458319023 -1602761327 -816579568 -635825145 -1611110314 1026527253

i = 10
Mang truoc khi xu ly: 1872575272 1359915987 945517775 586899408 79668417 -229610313 -443977168 -615265553 -1458319023 -1602761327 -816579568 -635825145 -1611110314 1026527253
Phan tu dang xet A[10] = -816579568
Chen -816579568 vao vi tri k = 8
Mang sau khi xu ly: 1872575272 1359915987 945517775 586899408 79668417 -229610313 -443977168 -615265553 -816579568 -1458319023 -1602761327 -635825145 -1611110314 1026527253

i = 11
Mang truoc khi xu ly: 1872575272 1359915987 945517775 586899408 79668417 -229610313 -443977168 -615265553 -816579568 -1458319023 -1602761327 -635825145 -1611110314 1026527253
Phan tu dang xet A[11] = -635825145
Chen -635825145 vao vi tri k = 8
Mang sau khi xu ly: 1872575272 1359915987 945517775 586899408 79668417 -229610313 -443977168 -615265553 -635825145 -816579568 -1458319023 -1602761327 -1611110314 1026527253

i = 12
Mang truoc khi xu ly: 1872575272 1359915987 945517775 586899408 79668417 -229610313 -443977168 -615265553 -635825145 -816579568 -1458319023 -1602761327 -1611110314 1026527253
Phan tu dang xet A[12] = -1611110314
Chen -1611110314 vao vi tri k = 12
Mang sau khi xu ly: 1872575272 1359915987 945517775 586899408 79668417 -229610313 -443977168 -615265553 -635825145 -816579568 -1458319023 -1602761327 -1611110314 1026527253

i = 13
Mang truoc khi xu ly: 1872575272 1359915987 945517775 586899408 79668417 -229610313 -443977168 -615265553 -635825145 -816579568 -1458319023 -1602761327 -1611110314 1026527253
Phan tu dang xet A[13] = 1026527253
Chen 1026527253 vao vi tri k = 2
Mang sau khi xu ly: 1872575272 1359915987 1026527253 945517775 586899408 79668417 -229610313 -443977168 -615265553 -635825145 -816579568 -1458319023 -1602761327 -1611110314

Mang sau khi sap xep:
1872575272 1359915987 1026527253 945517775 586899408 79668417 -229610313 -443977168 -615265553 -635825145 -816579568 -1458319023 -1602761327 -1611110314
