Mang truoc khi sap xep:
728831280 1499895094 1014271068 442754940 -1935754095 142556445 -135222347 756190185 1039646149 1745185972 -442989433 1214529816 -1511120620 62544536 -1884676215 1894111187 -779033112 955395486 -788747052 794109330 -700444281

Sap xep:
i = 1
Mang truoc khi xu ly: 728831280 1499895094 1014271068 442754940 -1935754095 142556445 -135222347 756190185 1039646149 1745185972 -442989433 1214529816 -1511120620 62544536 -1884676215 1894111187 -779033112 955395486 -788747052 794109330 -700444281
Phan tu dang xet A[1] = 1499895094
Chen 1499895094 vao vi tri k = 0
Mang sau khi xu ly: 1499895094 728831280 1014271068 442754940 -1935754095 142556445 -135222347 756190185 1039646149 1745185972 -442989433 1214529816 -1511120620 62544536 -1884676215 1894111187 -779033112 955395486 -788747052 794109330 -700444281

i = 2
Mang truoc khi xu ly: 1499895094 728831280 1014271068 442754940 -1935754095 142556445 -135222347 756190185 1039646149 1745185972 -442989433 1214529816 -1511120620 62544536 -1884676215 1894111187 -779033112 955395486 -788747052 794109330 -700444281
Phan tu dang xet A[2] = 1014271068
Chen 1014271068 vao vi tri k = 1
Mang sau khi xu ly: 1499895094 1014271068 728831280 442754940 -1935754095 142556445 -135222347 756190185 1039646149 1745185972 -442989433 1214529816 -1511120620 62544536 -1884676215 1894111187 -779033112 955395486 -788747052 794109330 -700444281

i = 3
Mang truoc khi xu ly: 1499895094 1014271068 728831280 442754940 -1935754095 142556445 -135222347 756190185 1039646149 1745185972 -442989433 1214529816 -1511120620 62544536 -1884676215 1894111187 -779033112 955395486 -788747052 794109330 -700444281
Phan tu dang xet A[3] = 442754940
Chen 442754940 vao vi tri k = 3
Mang sau khi xu ly: 1499895094 1014271068 728831280 442754940 -1935754095 142556445 -135222347 756190185 1039646149 1745185972 -442989433 1214529816 -1511120620 62544536 -1884676215 1894111187 -779033112 955395486 -788747052 794109330 -700444281

i = 4
Mang truoc khi xu ly: 1499895094 1014271068 728831280 442754940 -1935754095 142556445 -135222347 756190185 1039646149 1745185972 -442989433 1214529816 -1511120620 62544536 -1884676215 1894111187 -779033112 955395486 -788747052 794109330 -700444281
Phan tu dang xet A[4] = -1935754095
Chen -1935754095 vao vi tri k = 4
Mang sau khi xu ly: 1499895094 1014271068 728831280 442754940 -1935754095 142556445 -135222347 756190185 1039646149 1745185972 -442989433 1214529816 -1511120620 62544536 -1884676215 1894111187 -779033112 955395486 -788747052 794109330 -700444281

i = 5
Mang truoc khi xu ly: 1499895094 1014271068 728831280 442754940 -1935754095 142556445 -135222347 756190185 1039646149 1745185972 -442989433 1214529816 -1511120620 62544536 -1884676215 1894111187 -779033112 955395486 -788747052 794109330 -700444281
Phan tu dang xet A[5] = 142556445
Chen 142556445 vao vi tri k = 4
Mang sau khi xu ly: 1499895094 1014271068 728831280 442754940 142556445 -1935754095 -135222347 756190185 1039646149 1745185972 -442989433 1214529816 -1511120620 62544536 -1884676215 1894111187 -779033112 955395486 -788747052 794109330 -700444281

i = 6
Mang truoc khi xu ly: 1499895094 1014271068 728831280 442754940 142556445 -1935754095 -135222347 756190185 1039646149 1745185972 -442989433 1214529816 -1511120620 62544536 -1884676215 1894111187 -779033112 955395486 -788747052 794109330 -700444281
Phan tu dang xet A[6] = -135222347
Chen -135222347 vao vi tri k = 5
Mang sau khi xu ly: 1499895094 1014271068 728831280 442754940 142556445 -135222347 -1935754095 756190185 1039646149 1745185972 -442989433 1214529816 -1511120620 62544536 -1884676215 1894111187 -779033112 955395486 -788747052 794109330 -700444281

i = 7
Mang truoc khi xu ly: 1499895094 1014271068 728831280 442754940 142556445 -135222347 -1935754095 756190185 1039646149 1745185972 -442989433 1214529816 -1511120620 62544536 -1884676215 1894111187 -779033112 955395486 -788747052 794109330 -700444281
Phan tu dang xet A[7] = 756190185
Chen 756190185 vao vi tri k = 2
Mang sau khi xu ly: 1499895094 1014271068 756190185 728831280 442754940 142556445 -135222347 -1935754095 1039646149 1745185972 -442989433 1214529816 -1511120620 62544536 -1884676215 1894111187 -779033112 955395486 -788747052 794109330 -700444281

i = 8
Mang truoc khi xu ly: 1499895094 1014271068 756190185 728831280 442754940 142556445 -135222347 -1935754095 1039646149 1745185972 -442989433 1214529816 -1511120620 62544536 -1884676215 1894111187 -779033112 955395486 -788747052 794109330 -700444281
Phan tu dang xet A[8] = 1039646149
Chen 1039646149 vao vi tri k = 1
Mang sau khi xu ly: 1499895094 1039646149 1014271068 756190185 728831280 442754940 142556445 -135222347 -1935754095 1745185972 -442989433 1214529816 -1511120620 62544536 -1884676215 1894111187 -779033112 955395486 -788747052 794109330 -700444281

i = 9
Mang truoc khi xu ly: 1499895094 1039646149 1014271068 756190185 728831280 442754940 142556445 -135222347 -1935754095 1745185972 -442989433 1214529816 -1511120620 62544536 -1884676215 1894111187 -779033112 955395486 -788747052 794109330 -700444281
Phan tu dang xet A[9] = 1745185972
Chen 1745185972 vao vi tri k = 0
Mang sau khi xu ly: 1745185972 1499895094 1039646149 1014271068 756190185 728831280 442754940 142556445 -135222347 -1935754095 -442989433 1214529816 -1511120620 62544536 -1884676215 1894111187 -779033112 955395486 -788747052 794109330 -700444281

i = 10
Mang truoc khi xu ly: 1745185972 1499895094 1039646149 1014271068 756190185 728831280 442754940 142556445 -135222347 -1935754095 -442989433 1214529816 -1511120620 62544536 -1884676215 1894111187 -779033112 955395486 -788747052 794109330 -700444281
Phan tu dang xet A[10] = -442989433
Chen -442989433 vao vi tri k = 9
Mang sau khi xu ly: 1745185972 1499895094 1039646149 1014271068 756190185 728831280 442754940 142556445 -135222347 -442989433 -1935754095 1214529816 -1511120620 62544536 -1884676215 1894111187 -779033112 955395486 -788747052 794109330 -700444281

i = 11
Mang truoc khi xu ly: 1745185972 1499895094 1039646149 1014271068 756190185 728831280 442754940 142556445 -135222347 -442989433 -1935754095 1214529816 -1511120620 62544536 -1884676215 1894111187 -779033112 955395486 -788747052 794109330 -700444281
Phan tu dang xet A[11] = 1214529816
Chen 1214529816 vao vi tri k = 2
Mang sau khi xu ly: 1745185972 1499895094 1214529816 1039646149 1014271068 756190185 728831280 442754940 142556445 -135222347 -442989433 -1935754095 -1511120620 62544536 -1884676215 1894111187 -779033112 955395486 -788747052 794109330 -700444281

i = 12
Mang truoc khi xu ly: 1745185972 1499895094 1214529816 1039646149 1014271068 756190185 728831280 442754940 142556445 -135222347 -442989433 -1935754095 -1511120620 62544536 -1884676215 1894111187 -779033112 955395486 -788747052 794109330 -700444281
Phan tu dang xet A[12] = -1511120620
Chen -1511120620 vao vi tri k = 11
Mang sau khi xu ly: 1745185972 1499895094 1214529816 1039646149 1014271068 756190185 728831280 442754940 142556445 -135222347 -442989433 -1511120620 -1935754095 62544536 -1884676215 1894111187 -779033112 955395486 -788747052 794109330 -700444281

i = 13
Mang truoc khi xu ly: 1745185972 1499895094 1214529816 1039646149 1014271068 756190185 728831280 442754940 142556445 -135222347 -442989433 -1511120620 -1935754095 62544536 -1884676215 1894111187 -779033112 955395486 -788747052 794109330 -700444281
Phan tu dang xet A[13] = 62544536
Chen 62544536 vao vi tri k = 9
Mang sau khi xu ly: 1745185972 1499895094 1214529816 1039646149 1014271068 756190185 728831280 442754940 142556445 62544536 -135222347 -442989433 -1511120620 -1935754095 -1884676215 1894111187 -779033112 955395486 -788747052 794109330 -700444281

i = 14
Mang truoc khi xu ly: 1745185972 1499895094 1214529816 1039646149 1014271068 756190185 728831280 442754940 142556445 62544536 -135222347 -442989433 -1511120620 -1935754095 -1884676215 1894111187 -779033112 955395486 -788747052 794109330 -700444281
Phan tu dang xet A[14] = -1884676215
Chen -1884676215 vao vi tri k = 13
Mang sau khi xu ly: 1745185972 1499895094 1214529816 1039646149 1014271068 756190185 728831280 442754940 142556445 62544536 -135222347 -442989433 -1511120620 -1884676215 -1935754095 1894111187 -779033112 955395486 -788747052 794109330 -700444281

i = 15
Mang truoc khi xu ly: 1745185972 1499895094 1214529816 1039646149 1014271068 756190185 728831280 442754940 142556445 62544536 -135222347 -442989433 -1511120620 -1884676215 -1935754095 1894111187 -779033112 955395486 -788747052 794109330 -700444281
Phan tu dang xet A[15] = 1894111187
Chen 1894111187 vao vi tri k = 0
Mang sau khi xu ly: 1894111187 1745185972 1499895094 1214529816 1039646149 1014271068 756190185 728831280 442754940 142556445 62544536 -135222347 -442989433 -1511120620 -1884676215 -1935754095 -779033112 955395486 -788747052 794109330 -700444281

i = 16
Mang truoc khi xu ly: 1894111187 1745185972 1499895094 1214529816 1039646149 1014271068 756190185 728831280 442754940 142556445 62544536 -135222347 -442989433 -1511120620 -1884676215 -1935754095 -779033112 955395486 -788747052 794109330 -700444281
Phan tu dang xet A[16] = -779033112
Chen -779033112 vao vi tri k = 13
Mang sau khi xu ly: 1894111187 1745185972 1499895094 1214529816 1039646149 1014271068 756190185 728831280 442754940 142556445 62544536 -135222347 -442989433 -779033112 -1511120620 -1884676215 -1935754095 955395486 -788747052 794109330 -700444281

i = 17
Mang truoc khi xu ly: 1894111187 1745185972 1499895094 1214529816 1039646149 1014271068 756190185 728831280 442754940 142556445 62544536 -135222347 -442989433 -779033112 -1511120620 -1884676215 -1935754095 955395486 -788747052 794109330 -700444281
Phan tu dang xet A[17] = 955395486
Chen 955395486 vao vi tri k = 6
Mang sau khi xu ly: 1894111187 1745185972 1499895094 1214529816 1039646149 1014271068 955395486 756190185 728831280 442754940 142556445 62544536 -135222347 -442989433 -779033112 -1511120620 -1884676215 -1935754095 -788747052 794109330 -700444281

i = 18
Mang truoc khi xu ly: 1894111187 1745185972 1499895094 1214529816 1039646149 1014271068 955395486 756190185 728831280 442754940 142556445 62544536 -135222347 -442989433 -779033112 -1511120620 -1884676215 -1935754095 -788747052 794109330 -700444281
Phan tu dang xet A[18] = -788747052
Chen -788747052 vao vi tri k = 15
Mang sau khi xu ly: 1894111187 1745185972 1499895094 1214529816 1039646149 1014271068 955395486 756190185 728831280 442754940 142556445 62544536 -135222347 -442989433 -779033112 -788747052 -1511120620 -1884676215 -1935754095 794109330 -700444281

i = 19
Mang truoc khi xu ly: 1894111187 1745185972 1499895094 1214529816 1039646149 1014271068 955395486 756190185 728831280 442754940 142556445 62544536 -135222347 -442989433 -779033112 -788747052 -1511120620 -1884676215 -1935754095 794109330 -700444281
Phan tu dang xet A[19] = 794109330
Chen 794109330 vao vi tri k = 7
Mang sau khi xu ly: 1894111187 1745185972 1499895094 1214529816 1039646149 1014271068 955395486 794109330 756190185 728831280 442754940 142556445 62544536 -135222347 -442989433 -779033112 -788747052 -1511120620 -1884676215 -1935754095 -700444281

i = 20
Mang truoc khi xu ly: 1894111187 1745185972 1499895094 1214529816 1039646149 1014271068 955395486 794109330 756190185 728831280 442754940 142556445 62544536 -135222347 -442989433 -779033112 -788747052 -1511120620 -1884676215 -1935754095 -700444281
Phan tu dang xet A[20] = -700444281
Chen -700444281 vao vi tri k = 15
Mang sau khi xu ly: 1894111187 1745185972 1499895094 1214529816 1039646149 1014271068 955395486 794109330 756190185 728831280 442754940 142556445 62544536 -135222347 -442989433 -700444281 -779033112 -788747052 -1511120620 -1884676215 -1935754095

Mang sau khi sap xep:
1894111187 1745185972 1499895094 1214529816 1039646149 1014271068 955395486 794109330 756190185 728831280 442754940 142556445 62544536 -135222347 -442989433 -700444281 -779033112 -788747052 -1511120620 -1884676215 -1935754095
