Mang truoc khi sap xep:
1084229919 422267378 717273727 -1799179405 1408411916

Sap xep:
i = 1
Mang truoc khi xu ly: 1084229919 422267378 717273727 -1799179405 1408411916
Phan tu dang xet A[1] = 422267378
Chen 422267378 vao vi tri k = 1
Mang sau khi xu ly: 1084229919 422267378 717273727 -1799179405 1408411916

i = 2
Mang truoc khi xu ly: 1084229919 422267378 717273727 -1799179405 1408411916
Phan tu dang xet A[2] = 717273727
Chen 717273727 vao vi tri k = 1
Mang sau khi xu ly: 1084229919 717273727 422267378 -1799179405 1408411916

i = 3
Mang truoc khi xu ly: 1084229919 717273727 422267378 -1799179405 1408411916
Phan tu dang xet A[3] = -1799179405
Chen -1799179405 vao vi tri k = 3
Mang sau khi xu ly: 1084229919 717273727 422267378 -1799179405 1408411916

i = 4
Mang truoc khi xu ly: 1084229919 717273727 422267378 -1799179405 1408411916
Phan tu dang xet A[4] = 1408411916
Chen 1408411916 vao vi tri k = 0
Mang sau khi xu ly: 1408411916 1084229919 717273727 422267378 -1799179405

Mang sau khi sap xep:
1408411916 1084229919 717273727 422267378 -1799179405
