Mang truoc khi sap xep:
156823829 -1126432693 -1085967716 -396690018 -1817905951 288111195 -889005103 -360792622 1847570325 1841189145 -1382072488 -653940418 -1566709073 1144715090 -378339502 -1213190906 -1859065982 -1213821165 -1811344869 -385425518 -1734728590 646549207 -902081198 579275282 -1775476449 -1250624131 -1669599440 -1402079411 1094551332 1704192909 -592561854 -1323624537 -869865823 1664609908 -727654025 1831295258 913975056 787110229 -386223609 -748373593 517960691 -1052726891 -943181622 -836348357 838530692 1100700281 -1311516877 348562780 -667609134

Sap xep:
i = 1
Mang truoc khi xu ly: 156823829 -1126432693 -1085967716 -396690018 -1817905951 288111195 -889005103 -360792622 1847570325 1841189145 -1382072488 -653940418 -1566709073 1144715090 -378339502 -1213190906 -1859065982 -1213821165 -1811344869 -385425518 -1734728590 646549207 -902081198 579275282 -1775476449 -1250624131 -1669599440 -1402079411 1094551332 1704192909 -592561854 -1323624537 -869865823 1664609908 -727654025 1831295258 913975056 787110229 -386223609 -748373593 517960691 -1052726891 -943181622 -836348357 838530692 1100700281 -1311516877 348562780 -667609134
Phan tu dang xet A[1] = -1126432693
Chen -1126432693 vao vi tri k = 1
Mang sau khi xu ly: 156823829 -1126432693 -1085967716 -396690018 -1817905951 288111195 -889005103 -360792622 1847570325 1841189145 -1382072488 -653940418 -1566709073 1144715090 -378339502 -1213190906 -1859065982 -1213821165 -1811344869 -385425518 -1734728590 646549207 -902081198 579275282 -1775476449 -1250624131 -1669599440 -1402079411 1094551332 1704192909 -592561854 -1323624537 -869865823 1664609908 -727654025 1831295258 913975056 787110229 -386223609 -748373593 517960691 -1052726891 -943181622 -836348357 838530692 1100700281 -1311516877 348562780 -667609134

i = 2
Mang truoc khi xu ly: 156823829 -1126432693 -1085967716 -396690018 -1817905951 288111195 -889005103 -360792622 1847570325 1841189145 -1382072488 -653940418 -1566709073 1144715090 -378339502 -1213190906 -1859065982 -1213821165 -1811344869 -385425518 -1734728590 646549207 -902081198 579275282 -1775476449 -1250624131 -1669599440 -1402079411 1094551332 1704192909 -592561854 -1323624537 -869865823 1664609908 -727654025 1831295258 913975056 787110229 -386223609 -748373593 517960691 -1052726891 -943181622 -836348357 838530692 1100700281 -1311516877 348562780 -667609134
Phan tu dang xet A[2] = -1085967716
Chen -1085967716 vao vi tri k = 1
Mang sau khi xu ly: 156823829 -1085967716 -1126432693 -396690018 -1817905951 288111195 -889005103 -360792622 1847570325 1841189145 -1382072488 -653940418 -1566709073 1144715090 -378339502 -1213190906 -1859065982 -1213821165 -1811344869 -385425518 -1734728590 646549207 -902081198 579275282 -1775476449 -1250624131 -1669599440 -1402079411 1094551332 1704192909 -592561854 -1323624537 -869865823 1664609908 -727654025 1831295258 913975056 787110229 -386223609 -748373593 517960691 -1052726891 -943181622 -836348357 838530692 1100700281 -1311516877 348562780 -667609134

i = 3
Mang truoc khi xu ly: 156823829 -1085967716 -1126432693 -396690018 -1817905951 288111195 -889005103 -360792622 1847570325 1841189145 -1382072488 -653940418 -1566709073 1144715090 -378339502 -1213190906 -1859065982 -1213821165 -1811344869 -385425518 -1734728590 646549207 -902081198 579275282 -1775476449 -1250624131 -1669599440 -1402079411 1094551332 1704192909 -592561854 -1323624537 -869865823 1664609908 -727654025 1831295258 913975056 787110229 -386223609 -748373593 517960691 -1052726891 -943181622 -836348357 838530692 1100700281 -1311516877 348562780 -667609134
Phan tu dang xet A[3] = -396690018
Chen -396690018 vao vi tri k = 1
Mang sau khi xu ly: 156823829 -396690018 -1085967716 -1126432693 -1817905951 288111195 -889005103 -360792622 1847570325 1841189145 -1382072488 -653940418 -1566709073 1144715090 -378339502 -1213190906 -1859065982 -1213821165 -1811344869 -385425518 -1734728590 646549207 -902081198 579275282 -1775476449 -1250624131 -1669599440 -1402079411 1094551332 1704192909 -592561854 -1323624537 -869865823 1664609908 -727654025 1831295258 913975056 787110229 -386223609 -748373593 517960691 -1052726891 -943181622 -836348357 838530692 1100700281 -1311516877 348562780 -667609134

i = 4
Mang truoc khi xu ly: 156823829 -396690018 -1085967716 -1126432693 -1817905951 288111195 -889005103 -360792622 1847570325 1841189145 -1382072488 -653940418 -1566709073 1144715090 -378339502 -1213190906 -1859065982 -1213821165 -1811344869 -385425518 -1734728590 646549207 -902081198 579275282 -1775476449 -1250624131 -1669599440 -1402079411 1094551332 1704192909 -592561854 -1323624537 -869865823 1664609908 -727654025 1831295258 913975056 787110229 -386223609 -748373593 517960691 -1052726891 -943181622 -836348357 838530692 1100700281 -1311516877 348562780 -667609134
Phan tu dang xet A[4] = -1817905951
Chen -1817905951 vao vi tri k = 4
Mang sau khi xu ly: 156823829 -396690018 -1085967716 -1126432693 -1817905951 288111195 -889005103 -360792622 1847570325 1841189145 -1382072488 -653940418 -1566709073 1144715090 -378339502 -1213190906 -1859065982 -1213821165 -1811344869 -385425518 -1734728590 646549207 -902081198 579275282 -1775476449 -1250624131 -1669599440 -1402079411 1094551332 1704192909 -592561854 -1323624537 -869865823 1664609908 -727654025 1831295258 913975056 787110229 -386223609 -748373593 517960691 -1052726891 -943181622 -836348357 838530692 1100700281 -1311516877 348562780 -667609134

i = 5
Mang truoc khi xu ly: 156823829 -396690018 -1085967716 -1126432693 -1817905951 288111195 -889005103 -360792622 1847570325 1841189145 -1382072488 -653940418 -1566709073 1144715090 -378339502 -1213190906 -1859065982 -1213821165 -1811344869 -385425518 -1734728590 646549207 -902081198 579275282 -1775476449 -1250624131 -1669599440 -1402079411 1094551332 1704192909 -592561854 -1323624537 -869865823 1664609908 -727654025 1831295258 913975056 787110229 -386223609 -748373593 517960691 -1052726891 -943181622 -836348357 838530692 1100700281 -1311516877 348562780 -667609134
Phan tu dang xet A[5] = 288111195
Chen 288111195 vao vi tri k = 0
Mang sau khi xu ly: 288111195 156823829 -396690018 -1085967716 -1126432693 -1817905951 -889005103 -360792622 1847570325 1841189145 -1382072488 -653940418 -1566709073 1144715090 -378339502 -1213190906 -1859065982 -1213821165 -1811344869 -385425518 -1734728590 646549207 -902081198 579275282 -1775476449 -1250624131 -1669599440 -1402079411 1094551332 1704192909 -592561854 -1323624537 -869865823 1664609908 -727654025 1831295258 913975056 787110229 -386223609 -748373593 517960691 -1052726891 -943181622 -836348357 838530692 1100700281 -1311516877 348562780 -667609134

i = 6
Mang truoc khi xu ly: 288111195 156823829 -396690018 -1085967716 -1126432693 -1817905951 -889005103 -360792622 1847570325 1841189145 -1382072488 -653940418 -1566709073 1144715090 -378339502 -1213190906 -1859065982 -1213821165 -1811344869 -385425518 -1734728590 646549207 -902081198 579275282 -1775476449 -1250624131 -1669599440 -1402079411 1094551332 1704192909 -592561854 -1323624537 -869865823 1664609908 -727654025 1831295258 913975056 787110229 -386223609 -748373593 517960691 -1052726891 -943181622 -836348357 838530692 1100700281 -1311516877 348562780 -667609134
Phan tu dang xet A[6] = -889005103
Chen -889005103 vao vi tri k = 3
Mang sau khi xu ly: 288111195 156823829 -396690018 -889005103 -1085967716 -1126432693 -1817905951 -360792622 1847570325 1841189145 -1382072488 -653940418 -1566709073 1144715090 -378339502 -1213190906 -1859065982 -1213821165 -1811344869 -385425518 -1734728590 646549207 -902081198 579275282 -1775476449 -1250624131 -1669599440 -1402079411 1094551332 1704192909 -592561854 -1323624537 -869865823 1664609908 -727654025 1831295258 913975056 787110229 -386223609 -748373593 517960691 -1052726891 -943181622 -836348357 838530692 1100700281 -1311516877 348562780 -667609134

i = 7
Mang truoc khi xu ly: 288111195 156823829 -396690018 -889005103 -1085967716 -1126432693 -1817905951 -360792622 1847570325 1841189145 -1382072488 -653940418 -1566709073 1144715090 -378339502 -1213190906 -1859065982 -1213821165 -1811344869 -385425518 -1734728590 646549207 -902081198 579275282 -1775476449 -1250624131 -1669599440 -1402079411 1094551332 1704192909 -592561854 -1323624537 -869865823 1664609908 -727654025 1831295258 913975056 787110229 -386223609 -748373593 517960691 -1052726891 -943181622 -836348357 838530692 1100700281 -1311516877 348562780 -667609134
Phan tu dang xet A[7] = -360792622
Chen -360792622 vao vi tri k = 2
Mang sau khi xu ly: 288111195 156823829 -360792622 -396690018 -889005103 -1085967716 -1126432693 -1817905951 1847570325 1841189145 -1382072488 -653940418 -1566709073 1144715090 -378339502 -1213190906 -1859065982 -1213821165 -1811344869 -385425518 -1734728590 646549207 -902081198 579275282 -1775476449 -1250624131 -1669599440 -1402079411 1094551332 1704192909 -592561854 -1323624537 -869865823 1664609908 -727654025 1831295258 913975056 787110229 -386223609 -748373593 517960691 -1052726891 -943181622 -836348357 838530692 1100700281 -1311516877 348562780 -667609134

i = 8
Mang truoc khi xu ly: 288111195 156823829 -360792622 -396690018 -889005103 -1085967716 -1126432693 -1817905951 1847570325 1841189145 -1382072488 -653940418 -1566709073 1144715090 -378339502 -1213190906 -1859065982 -1213821165 -1811344869 -385425518 -1734728590 646549207 -902081198 579275282 -1775476449 -1250624131 -1669599440 -1402079411 1094551332 1704192909 -592561854 -1323624537 -869865823 1664609908 -727654025 1831295258 913975056 787110229 -386223609 -748373593 517960691 -1052726891 -943181622 -836348357 838530692 1100700281 -1311516877 348562780 -667609134
Phan tu dang xet A[8] = 1847570325
Chen 1847570325 vao vi tri k = 0
Mang sau khi xu ly: 1847570325 288111195 156823829 -360792622 -396690018 -889005103 -1085967716 -1126432693 -1817905951 1841189145 -1382072488 -653940418 -1566709073 1144715090 -378339502 -1213190906 -1859065982 -1213821165 -1811344869 -385425518 -1734728590 646549207 -902081198 579275282 -1775476449 -1250624131 -1669599440 -1402079411 1094551332 1704192909 -592561854 -1323624537 -869865823 1664609908 -727654025 1831295258 913975056 787110229 -386223609 -748373593 517960691 -1052726891 -943181622 -836348357 838530692 1100700281 -1311516877 348562780 -667609134

i = 9
Mang truoc khi xu ly: 1847570325 288111195 156823829 -360792622 -396690018 -889005103 -1085967716 -1126432693 -1817905951 1841189145 -1382072488 -653940418 -1566709073 1144715090 -378339502 -1213190906 -1859065982 -1213821165 -1811344869 -385425518 -1734728590 646549207 -902081198 579275282 -1775476449 -1250624131 -1669599440 -1402079411 1094551332 1704192909 -592561854 -1323624537 -869865823 1664609908 -727654025 1831295258 913975056 787110229 -386223609 -748373593 517960691 -1052726891 -943181622 -836348357 838530692 1100700281 -1311516877 348562780 -667609134
Phan tu dang xet A[9] = 1841189145
Chen 1841189145 vao vi tri k = 1
Mang sau khi xu ly: 1847570325 1841189145 288111195 156823829 -360792622 -396690018 -889005103 -1085967716 -1126432693 -1817905951 -1382072488 -653940418 -1566709073 1144715090 -378339502 -1213190906 -1859065982 -1213821165 -1811344869 -385425518 -1734728590 646549207 -902081198 579275282 -1775476449 -1250624131 -1669599440 -1402079411 1094551332 1704192909 -592561854 -1323624537 -869865823 1664609908 -727654025 1831295258 913975056 787110229 -386223609 -748373593 517960691 -1052726891 -943181622 -836348357 838530692 1100700281 -1311516877 348562780 -667609134

i = 10
Mang truoc khi xu ly: 1847570325 1841189145 288111195 156823829 -360792622 -396690018 -889005103 -1085967716 -1126432693 -1817905951 -1382072488 -653940418 -1566709073 1144715090 -378339502 -1213190906 -1859065982 -1213821165 -1811344869 -385425518 -1734728590 646549207 -902081198 579275282 -1775476449 -1250624131 -1669599440 -1402079411 1094551332 1704192909 -592561854 -1323624537 -869865823 1664609908 -727654025 1831295258 913975056 787110229 -386223609 -748373593 517960691 -1052726891 -943181622 -836348357 838530692 1100700281 -1311516877 348562780 -667609134
Phan tu dang xet A[10] = -1382072488
Chen -1382072488 vao vi tri k = 9
Mang sau khi xu ly: 1847570325 1841189145 288111195 156823829 -360792622 -396690018 -889005103 -1085967716 -1126432693 -1382072488 -1817905951 -653940418 -1566709073 1144715090 -378339502 -1213190906 -1859065982 -1213821165 -1811344869 -385425518 -1734728590 646549207 -902081198 579275282 -1775476449 -1250624131 -1669599440 -1402079411 1094551332 1704192909 -592561854 -1323624537 -869865823 1664609908 -727654025 1831295258 913975056 787110229 -386223609 -748373593 517960691 -1052726891 -943181622 -836348357 838530692 1100700281 -1311516877 348562780 -667609134

i = 11
Mang truoc khi xu ly: 1847570325 1841189145 288111195 156823829 -360792622 -396690018 -889005103 -1085967716 -1126432693 -1382072488 -1817905951 -653940418 -1566709073 1144715090 -378339502 -1213190906 -1859065982 -1213821165 -1811344869 -385425518 -1734728590 646549207 -902081198 579275282 -1775476449 -1250624131 -1669599440 -1402079411 1094551332 1704192909 -592561854 -1323624537 -869865823 1664609908 -727654025 1831295258 913975056 787110229 -386223609 -748373593 517960691 -1052726891 -943181622 -836348357 838530692 1100700281 -1311516877 348562780 -667609134
Phan tu dang xet A[11] = -653940418
Chen -653940418 vao vi tri k = 6
Mang sau khi xu ly: 1847570325 1841189145 288111195 156823829 -360792622 -396690018 -653940418 -889005103 -1085967716 -1126432693 -1382072488 -1817905951 -1566709073 1144715090 -378339502 -1213190906 -1859065982 -1213821165 -1811344869 -385425518 -1734728590 646549207 -902081198 579275282 -1775476449 -1250624131 -1669599440 -1402079411 1094551332 1704192909 -592561854 -1323624537 -869865823 1664609908 -727654025 1831295258 913975056 787110229 -386223609 -748373593 517960691 -1052726891 -943181622 -836348357 838530692 1100700281 -1311516877 348562780 -667609134

i = 12
Mang truoc khi xu ly: 1847570325 1841189145 288111195 156823829 -360792622 -396690018 -653940418 -889005103 -1085967716 -1126432693 -1382072488 -1817905951 -1566709073 1144715090 -378339502 -1213190906 -1859065982 -1213821165 -1811344869 -385425518 -1734728590 646549207 -902081198 579275282 -1775476449 -1250624131 -1669599440 -1402079411 1094551332 1704192909 -592561854 -1323624537 -869865823 1664609908 -727654025 1831295258 913975056 787110229 -386223609 -748373593 517960691 -1052726891 -943181622 -836348357 838530692 1100700281 -1311516877 348562780 -667609134
Phan tu dang xet A[12] = -1566709073
Chen -1566709073 vao vi tri k = 11
Mang sau khi xu ly: 1847570325 1841189145 288111195 156823829 -360792622 -396690018 -653940418 -889005103 -1085967716 -1126432693 -1382072488 -1566709073 -1817905951 1144715090 -378339502 -1213190906 -1859065982 -1213821165 -1811344869 -385425518 -1734728590 646549207 -902081198 579275282 -1775476449 -1250624131 -1669599440 -1402079411 1094551332 1704192909 -592561854 -1323624537 -869865823 1664609908 -727654025 1831295258 913975056 787110229 -386223609 -748373593 517960691 -1052726891 -943181622 -836348357 838530692 1100700281 -1311516877 348562780 -667609134

i = 13
Mang truoc khi xu ly: 1847570325 1841189145 288111195 156823829 -360792622 -396690018 -653940418 -889005103 -1085967716 -1126432693 -1382072488 -1566709073 -1817905951 1144715090 -378339502 -1213190906 -1859065982 -1213821165 -1811344869 -385425518 -1734728590 646549207 -902081198 579275282 -1775476449 -1250624131 -1669599440 -1402079411 1094551332 1704192909 -592561854 -1323624537 -869865823 1664609908 -727654025 1831295258 913975056 787110229 -386223609 -748373593 517960691 -1052726891 -943181622 -836348357 838530692 1100700281 -1311516877 348562780 -667609134
Phan tu dang xet A[13] = 1144715090
Chen 1144715090 vao vi tri k = 2
Mang sau khi xu ly: 1847570325 1841189145 1144715090 288111195 156823829 -360792622 -396690018 -653940418 -889005103 -1085967716 -1126432693 -1382072488 -1566709073 -1817905951 -378339502 -1213190906 -1859065982 -1213821165 -1811344869 -385425518 -1734728590 646549207 -902081198 579275282 -1775476449 -1250624131 -1669599440 -1402079411 1094551332 1704192909 -592561854 -1323624537 -869865823 1664609908 -727654025 1831295258 913975056 787110229 -386223609 -748373593 517960691 -1052726891 -943181622 -836348357 838530692 1100700281 -1311516877 348562780 -667609134

i = 14
Mang truoc khi xu ly: 1847570325 1841189145 1144715090 288111195 156823829 -360792622 -396690018 -653940418 -889005103 -1085967716 -1126432693 -1382072488 -1566709073 -1817905951 -378339502 -1213190906 -1859065982 -1213821165 -1811344869 -385425518 -1734728590 646549207 -902081198 579275282 -1775476449 -1250624131 -1669599440 -1402079411 1094551332 1704192909 -592561854 -1323624537 -869865823 1664609908 -727654025 1831295258 913975056 787110229 -386223609 -748373593 517960691 -1052726891 -943181622 -836348357 838530692 1100700281 -1311516877 348562780 -667609134
Phan tu dang xet A[14] = -378339502
Chen -378339502 vao vi tri k = 6
Mang sau khi xu ly: 1847570325 1841189145 1144715090 288111195 156823829 -360792622 -378339502 -396690018 -653940418 -889005103 -1085967716 -1126432693 -1382072488 -1566709073 -1817905951 -1213190906 -1859065982 -1213821165 -1811344869 -385425518 -1734728590 646549207 -902081198 579275282 -1775476449 -1250624131 -1669599440 -1402079411 1094551332 1704192909 -592561854 -1323624537 -869865823 1664609908 -727654025 1831295258 913975056 787110229 -386223609 -748373593 517960691 -1052726891 -943181622 -836348357 838530692 1100700281 -1311516877 348562780 -667609134

i = 15
Mang truoc khi xu ly: 1847570325 1841189145 1144715090 288111195 156823829 -360792622 -378339502 -396690018 -653940418 -889005103 -1085967716 -1126432693 -1382072488 -1566709073 -1817905951 -1213190906 -1859065982 -1213821165 -1811344869 -385425518 -1734728590 646549207 -902081198 579275282 -1775476449 -1250624131 -1669599440 -1402079411 1094551332 1704192909 -592561854 -1323624537 -869865823 1664609908 -727654025 1831295258 913975056 787110229 -386223609 -748373593 517960691 -1052726891 -943181622 -836348357 838530692 1100700281 -1311516877 348562780 -667609134
Phan tu dang xet A[15] = -1213190906
Chen -1213190906 vao vi tri k = 12
Mang sau khi xu ly: 1847570325 1841189145 1144715090 288111195 156823829 -360792622 -378339502 -396690018 -653940418 -889005103 -1085967716 -1126432693 -1213190906 -1382072488 -1566709073 -1817905951 -1859065982 -1213821165 -1811344869 -385425518 -1734728590 646549207 -902081198 579275282 -1775476449 -1250624131 -1669599440 -1402079411 1094551332 1704192909 -592561854 -1323624537 -869865823 1664609908 -727654025 1831295258 913975056 787110229 -386223609 -748373593 517960691 -1052726891 -943181622 -836348357 838530692 1100700281 -1311516877 348562780 -667609134

i = 16
Mang truoc khi xu ly: 1847570325 1841189145 1144715090 288111195 156823829 -360792622 -378339502 -396690018 -653940418 -889005103 -1085967716 -1126432693 -1213190906 -1382072488 -1566709073 -1817905951 -1859065982 -1213821165 -1811344869 -385425518 -1734728590 646549207 -902081198 579275282 -1775476449 -1250624131 -1669599440 -1402079411 1094551332 1704192909 -592561854 -1323624537 -869865823 1664609908 -727654025 1831295258 913975056 787110229 -386223609 -748373593 517960691 -1052726891 -943181622 -836348357 838530692 1100700281 -1311516877 348562780 -667609134
Phan tu dang xet A[16] = -1859065982
Chen -1859065982 vao vi tri k = 16
Mang sau khi xu ly: 1847570325 1841189145 1144715090 288111195 156823829 -360792622 -378339502 -396690018 -653940418 -889005103 -1085967716 -1126432693 -1213190906 -1382072488 -1566709073 -1817905951 -1859065982 -1213821165 -1811344869 -385425518 -1734728590 646549207 -902081198 579275282 -1775476449 -1250624131 -1669599440 -1402079411 1094551332 1704192909 -592561854 -1323624537 -869865823 1664609908 -727654025 1831295258 913975056 787110229 -386223609 -748373593 517960691 -1052726891 -943181622 -836348357 838530692 1100700281 -1311516877 348562780 -667609134

i = 17
Mang truoc khi xu ly: 1847570325 1841189145 1144715090 288111195 156823829 -360792622 -378339502 -396690018 -653940418 -889005103 -1085967716 -1126432693 -1213190906 -1382072488 -1566709073 -1817905951 -1859065982 -1213821165 -1811344869 -385425518 -1734728590 646549207 -902081198 579275282 -1775476449 -1250624131 -1669599440 -1402079411 1094551332 1704192909 -592561854 -1323624537 -869865823 1664609908 -727654025 1831295258 913975056 787110229 -386223609 -748373593 517960691 -1052726891 -943181622 -836348357 838530692 1100700281 -1311516877 348562780 -667609134
Phan tu dang xet A[17] = -1213821165
Chen -1213821165 vao vi tri k = 13
Mang sau khi xu ly: 1847570325 1841189145 1144715090 288111195 156823829 -360792622 -378339502 -396690018 -653940418 -889005103 -1085967716 -1126432693 -1213190906 -1213821165 -1382072488 -1566709073 -1817905951 -1859065982 -1811344869 -385425518 -1734728590 646549207 -902081198 579275282 -1775476449 -1250624131 -1669599440 -1402079411 1094551332 1704192909 -592561854 -1323624537 -869865823 1664609908 -727654025 1831295258 913975056 787110229 -386223609 -748373593 517960691 -1052726891 -943181622 -836348357 838530692 1100700281 -1311516877 348562780 -667609134

i = 18
Mang truoc khi xu ly: 1847570325 1841189145 1144715090 288111195 156823829 -360792622 -378339502 -396690018 -653940418 -889005103 -1085967716 -1126432693 -1213190906 -1213821165 -1382072488 -1566709073 -1817905951 -1859065982 -1811344869 -385425518 -1734728590 646549207 -902081198 579275282 -1775476449 -1250624131 -1669599440 -1402079411 1094551332 1704192909 -592561854 -1323624537 -869865823 1664609908 -727654025 1831295258 913975056 787110229 -386223609 -748373593 517960691 -1052726891 -943181622 -836348357 838530692 1100700281 -1311516877 348562780 -667609134
Phan tu dang xet A[18] = -1811344869
Chen -1811344869 vao vi tri k = 16
Mang sau khi xu ly: 1847570325 1841189145 1144715090 288111195 156823829 -360792622 -378339502 -396690018 -653940418 -889005103 -1085967716 -1126432693 -1213190906 -1213821165 -1382072488 -1566709073 -1811344869 -1817905951 -1859065982 -385425518 -1734728590 646549207 -902081198 579275282 -1775476449 -1250624131 -1669599440 -1402079411 1094551332 1704192909 -592561854 -1323624537 -869865823 1664609908 -727654025 1831295258 913975056 787110229 -386223609 -748373593 517960691 -1052726891 -943181622 -836348357 838530692 1100700281 -1311516877 348562780 -667609134

i = 19
Mang truoc khi xu ly: 1847570325 1841189145 1144715090 288111195 156823829 -360792622 -378339502 -396690018 -653940418 -889005103 -1085967716 -1126432693 -1213190906 -1213821165 -1382072488 -1566709073 -1811344869 -1817905951 -1859065982 -385425518 -1734728590 646549207 -902081198 579275282 -1775476449 -1250624131 -1669599440 -1402079411 1094551332 1704192909 -592561854 -1323624537 -869865823 1664609908 -727654025 1831295258 913975056 787110229 -386223609 -748373593 517960691 -1052726891 -943181622 -836348357 838530692 1100700281 -1311516877 348562780 -667609134
Phan tu dang xet A[19] = -385425518
Chen -385425518 vao vi tri k = 7
Mang sau khi xu ly: 1847570325 1841189145 1144715090 288111195 156823829 -360792622 -378339502 -385425518 -396690018 -653940418 -889005103 -1085967716 -1126432693 -1213190906 -1213821165 -1382072488 -1566709073 -1811344869 -1817905951 -1859065982 -1734728590 646549207 -902081198 579275282 -1775476449 -1250624131 -1669599440 -1402079411 1094551332 1704192909 -592561854 -1323624537 -869865823 1664609908 -727654025 1831295258 913975056 787110229 -386223609 -748373593 517960691 -1052726891 -943181622 -836348357 838530692 1100700281 -1311516877 348562780 -667609134

i = 20
Mang truoc khi xu ly: 1847570325 1841189145 1144715090 288111195 156823829 -360792622 -378339502 -385425518 -396690018 -653940418 -889005103 -1085967716 -1126432693 -1213190906 -1213821165 -1382072488 -1566709073 -1811344869 -1817905951 -1859065982 -1734728590 646549207 -902081198 579275282 -1775476449 -1250624131 -1669599440 -1402079411 1094551332 1704192909 -592561854 -1323624537 -869865823 1664609908 -727654025 1831295258 913975056 787110229 -386223609 -748373593 517960691 -1052726891 -943181622 -836348357 838530692 1100700281 -1311516877 348562780 -667609134
Phan tu dang xet A[20] = -1734728590
Chen -1734728590 vao vi tri k = 17
Mang sau khi xu ly: 1847570325 1841189145 1144715090 288111195 156823829 -360792622 -378339502 -385425518 -396690018 -653940418 -889005103 -1085967716 -1126432693 -1213190906 -1213821165 -1382072488 -1566709073 -1734728590 -1811344869 -1817905951 -1859065982 646549207 -902081198 579275282 -1775476449 -1250624131 -1669599440 -1402079411 1094551332 1704192909 -592561854 -1323624537 -869865823 1664609908 -727654025 1831295258 913975056 787110229 -386223609 -748373593 517960691 -1052726891 -943181622 -836348357 838530692 1100700281 -1311516877 348562780 -667609134

i = 21
Mang truoc khi xu ly: 1847570325 1841189145 1144715090 288111195 156823829 -360792622 -378339502 -385425518 -396690018 -653940418 -889005103 -1085967716 -1126432693 -1213190906 -1213821165 -1382072488 -1566709073 -1734728590 -1811344869 -1817905951 -1859065982 646549207 -902081198 579275282 -1775476449 -1250624131 -1669599440 -1402079411 1094551332 1704192909 -592561854 -1323624537 -869865823 1664609908 -727654025 1831295258 913975056 787110229 -386223609 -748373593 517960691 -1052726891 -943181622 -836348357 838530692 1100700281 -1311516877 348562780 -667609134
Phan tu dang xet A[21] = 646549207
Chen 646549207 vao vi tri k = 3
Mang sau khi xu ly: 1847570325 1841189145 1144715090 646549207 288111195 156823829 -360792622 -378339502 -385425518 -396690018 -653940418 -889005103 -1085967716 -1126432693 -1213190906 -1213821165 -1382072488 -1566709073 -1734728590 -1811344869 -1817905951 -1859065982 -902081198 579275282 -1775476449 -1250624131 -1669599440 -1402079411 1094551332 1704192909 -592561854 -1323624537 -869865823 1664609908 -727654025 1831295258 913975056 787110229 -386223609 -748373593 517960691 -1052726891 -943181622 -836348357 838530692 1100700281 -1311516877 348562780 -667609134

i = 22
Mang truoc khi xu ly: 1847570325 1841189145 1144715090 646549207 288111195 156823829 -360792622 -378339502 -385425518 -396690018 -653940418 -889005103 -1085967716 -1126432693 -1213190906 -1213821165 -1382072488 -1566709073 -1734728590 -1811344869 -1817905951 -1859065982 -902081198 579275282 -1775476449 -1250624131 -1669599440 -1402079411 1094551332 1704192909 -592561854 -1323624537 -869865823 1664609908 -727654025 1831295258 913975056 787110229 -386223609 -748373593 517960691 -1052726891 -943181622 -836348357 838530692 1100700281 -1311516877 348562780 -667609134
Phan tu dang xet A[22] = -902081198
Chen -902081198 vao vi tri k = 12
Mang sau khi xu ly: 1847570325 1841189145 1144715090 646549207 288111195 156823829 -360792622 -378339502 -385425518 -396690018 -653940418 -889005103 -902081198 -1085967716 -1126432693 -1213190906 -1213821165 -1382072488 -1566709073 -1734728590 -1811344869 -1817905951 -1859065982 579275282 -1775476449 -1250624131 -1669599440 -1402079411 1094551332 1704192909 -592561854 -1323624537 -869865823 1664609908 -727654025 1831295258 913975056 787110229 -386223609 -748373593 517960691 -1052726891 -943181622 -836348357 838530692 1100700281 -1311516877 348562780 -667609134

i = 23
Mang truoc khi xu ly: 1847570325 1841189145 1144715090 646549207 288111195 156823829 -360792622 -378339502 -385425518 -396690018 -653940418 -889005103 -902081198 -1085967716 -1126432693 -1213190906 -1213821165 -1382072488 -1566709073 -1734728590 -1811344869 -1817905951 -1859065982 579275282 -1775476449 -1250624131 -1669599440 -1402079411 1094551332 1704192909 -592561854 -1323624537 -869865823 1664609908 -727654025 1831295258 913975056 787110229 -386223609 -748373593 517960691 -1052726891 -943181622 -836348357 838530692 1100700281 -1311516877 348562780 -667609134
Phan tu dang xet A[23] = 579275282
Chen 579275282 vao vi tri k = 4
Mang sau khi xu ly: 1847570325 1841189145 1144715090 646549207 579275282 288111195 156823829 -360792622 -378339502 -385425518 -396690018 -653940418 -889005103 -902081198 -1085967716 -1126432693 -1213190906 -1213821165 -1382072488 -1566709073 -1734728590 -1811344869 -1817905951 -1859065982 -1775476449 -1250624131 -1669599440 -1402079411 1094551332 1704192909 -592561854 -1323624537 -869865823 1664609908 -727654025 1831295258 913975056 787110229 -386223609 -748373593 517960691 -1052726891 -943181622 -836348357 838530692 1100700281 -1311516877 348562780 -667609134

i = 24
Mang truoc khi xu ly: 1847570325 1841189145 1144715090 646549207 579275282 288111195 156823829 -360792622 -378339502 -385425518 -396690018 -653940418 -889005103 -902081198 -1085967716 -1126432693 -1213190906 -1213821165 -1382072488 -1566709073 -1734728590 -1811344869 -1817905951 -1859065982 -1775476449 -1250624131 -1669599440 -1402079411 1094551332 1704192909 -592561854 -1323624537 -869865823 1664609908 -727654025 1831295258 913975056 787110229 -386223609 -748373593 517960691 -1052726891 -943181622 -836348357 838530692 1100700281 -1311516877 348562780 -667609134
Phan tu dang xet A[24] = -1775476449
Chen -1775476449 vao vi tri k = 21
Mang sau khi xu ly: 1847570325 1841189145 1144715090 646549207 579275282 288111195 156823829 -360792622 -378339502 -385425518 -396690018 -653940418 -889005103 -902081198 -1085967716 -1126432693 -1213190906 -1213821165 -1382072488 -1566709073 -1734728590 -1775476449 -1811344869 -1817905951 -1859065982 -1250624131 -1669599440 -1402079411 1094551332 1704192909 -592561854 -1323624537 -869865823 1664609908 -727654025 1831295258 913975056 787110229 -386223609 -748373593 517960691 -1052726891 -943181622 -836348357 838530692 1100700281 -1311516877 348562780 -667609134

i = 25
Mang truoc khi xu ly: 1847570325 1841189145 1144715090 646549207 579275282 288111195 156823829 -360792622 -378339502 -385425518 -396690018 -653940418 -889005103 -902081198 -1085967716 -1126432693 -1213190906 -1213821165 -1382072488 -1566709073 -1734728590 -1775476449 -1811344869 -1817905951 -1859065982 -1250624131 -1669599440 -1402079411 1094551332 1704192909 -592561854 -1323624537 -869865823 1664609908 -727654025 1831295258 913975056 787110229 -386223609 -748373593 517960691 -1052726891 -943181622 -836348357 838530692 1100700281 -1311516877 348562780 -667609134
Phan tu dang xet A[25] = -1250624131
Chen -1250624131 vao vi tri k = 18
Mang sau khi xu ly: 1847570325 1841189145 1144715090 646549207 579275282 288111195 156823829 -360792622 -378339502 -385425518 -396690018 -653940418 -889005103 -902081198 -1085967716 -1126432693 -1213190906 -1213821165 -1250624131 -1382072488 -1566709073 -1734728590 -1775476449 -1811344869 -1817905951 -1859065982 -1669599440 -1402079411 1094551332 1704192909 -592561854 -1323624537 -869865823 1664609908 -727654025 1831295258 913975056 787110229 -386223609 -748373593 517960691 -1052726891 -943181622 -836348357 838530692 1100700281 -1311516877 348562780 -667609134

i = 26
Mang truoc khi xu ly: 1847570325 1841189145 1144715090 646549207 579275282 288111195 156823829 -360792622 -378339502 -385425518 -396690018 -653940418 -889005103 -902081198 -1085967716 -1126432693 -1213190906 -1213821165 -1250624131 -1382072488 -1566709073 -1734728590 -1775476449 -1811344869 -1817905951 -1859065982 -1669599440 -1402079411 1094551332 1704192909 -592561854 -1323624537 -869865823 1664609908 -727654025 1831295258 913975056 787110229 -386223609 -748373593 517960691 -1052726891 -943181622 -836348357 838530692 1100700281 -1311516877 348562780 -667609134
Phan tu dang xet A[26] = -1669599440
Chen -1669599440 vao vi tri k = 21
Mang sau khi xu ly: 1847570325 1841189145 1144715090 646549207 579275282 288111195 156823829 -360792622 -378339502 -385425518 -396690018 -653940418 -889005103 -902081198 -1085967716 -1126432693 -1213190906 -1213821165 -1250624131 -1382072488 -1566709073 -1669599440 -1734728590 -1775476449 -1811344869 -1817905951 -1859065982 -1402079411 1094551332 1704192909 -592561854 -1323624537 -869865823 1664609908 -727654025 1831295258 913975056 787110229 -386223609 -748373593 517960691 -1052726891 -943181622 -836348357 838530692 1100700281 -1311516877 348562780 -667609134

i = 27
Mang truoc khi xu ly: 1847570325 1841189145 1144715090 646549207 579275282 288111195 156823829 -360792622 -378339502 -385425518 -396690018 -653940418 -889005103 -902081198 -1085967716 -1126432693 -1213190906 -1213821165 -1250624131 -1382072488 -1566709073 -1669599440 -1734728590 -1775476449 -1811344869 -1817905951 -1859065982 -1402079411 1094551332 1704192909 -592561854 -1323624537 -869865823 1664609908 -727654025 1831295258 913975056 787110229 -386223609 -748373593 517960691 -1052726891 -943181622 -836348357 838530692 1100700281 -1311516877 348562780 -667609134
Phan tu dang xet A[27] = -1402079411
Chen -1402079411 vao vi tri k = 20
Mang sau khi xu ly: 1847570325 1841189145 1144715090 646549207 579275282 288111195 156823829 -360792622 -378339502 -385425518 -396690018 -653940418 -889005103 -902081198 -1085967716 -1126432693 -1213190906 -1213821165 -1250624131 -1382072488 -1402079411 -1566709073 -1669599440 -1734728590 -1775476449 -1811344869 -1817905951 -1859065982 1094551332 1704192909 -592561854 -1323624537 -869865823 1664609908 -727654025 1831295258 913975056 787110229 -386223609 -748373593 517960691 -1052726891 -943181622 -836348357 838530692 1100700281 -1311516877 348562780 -667609134

i = 28
Mang truoc khi xu ly: 1847570325 1841189145 1144715090 646549207 579275282 288111195 156823829 -360792622 -378339502 -385425518 -396690018 -653940418 -889005103 -902081198 -1085967716 -1126432693 -1213190906 -1213821165 -1250624131 -1382072488 -1402079411 -1566709073 -1669599440 -1734728590 -1775476449 -1811344869 -1817905951 -1859065982 1094551332 1704192909 -592561854 -1323624537 -869865823 1664609908 -727654025 1831295258 913975056 787110229 -386223609 -748373593 517960691 -1052726891 -943181622 -836348357 838530692 1100700281 -1311516877 348562780 -667609134
Phan tu dang xet A[28] = 1094551332
Chen 1094551332 vao vi tri k = 3
Mang sau khi xu ly: 1847570325 1841189145 1144715090 1094551332 646549207 579275282 288111195 156823829 -360792622 -378339502 -385425518 -396690018 -653940418 -889005103 -902081198 -1085967716 -1126432693 -1213190906 -1213821165 -1250624131 -1382072488 -1402079411 -1566709073 -1669599440 -1734728590 -1775476449 -1811344869 -1817905951 -1859065982 1704192909 -592561854 -1323624537 -869865823 1664609908 -727654025 1831295258 913975056 787110229 -386223609 -748373593 517960691 -1052726891 -943181622 -836348357 838530692 1100700281 -1311516877 348562780 -667609134

i = 29
Mang truoc khi xu ly: 1847570325 1841189145 1144715090 1094551332 646549207 579275282 288111195 156823829 -360792622 -378339502 -385425518 -396690018 -653940418 -889005103 -902081198 -1085967716 -1126432693 -1213190906 -1213821165 -1250624131 -1382072488 -1402079411 -1566709073 -1669599440 -1734728590 -1775476449 -1811344869 -1817905951 -1859065982 1704192909 -592561854 -1323624537 -869865823 1664609908 -727654025 1831295258 913975056 787110229 -386223609 -748373593 517960691 -1052726891 -943181622 -836348357 838530692 1100700281 -1311516877 348562780 -667609134
Phan tu dang xet A[29] = 1704192909
Chen 1704192909 vao vi tri k = 2
Mang sau khi xu ly: 1847570325 1841189145 1704192909 1144715090 1094551332 646549207 579275282 288111195 156823829 -360792622 -378339502 -385425518 -396690018 -653940418 -889005103 -902081198 -1085967716 -1126432693 -1213190906 -1213821165 -1250624131 -1382072488 -1402079411 -1566709073 -1669599440 -1734728590 -1775476449 -1811344869 -1817905951 -1859065982 -592561854 -1323624537 -869865823 1664609908 -727654025 1831295258 913975056 787110229 -386223609 -748373593 517960691 -1052726891 -943181622 -836348357 838530692 1100700281 -1311516877 348562780 -667609134

i = 30
Mang truoc khi xu ly: 1847570325 1841189145 1704192909 1144715090 1094551332 646549207 579275282 288111195 156823829 -360792622 -378339502 -385425518 -396690018 -653940418 -889005103 -902081198 -1085967716 -1126432693 -1213190906 -1213821165 -1250624131 -1382072488 -1402079411 -1566709073 -1669599440 -1734728590 -1775476449 -1811344869 -1817905951 -1859065982 -592561854 -1323624537 -869865823 1664609908 -727654025 1831295258 913975056 787110229 -386223609 -748373593 517960691 -1052726891 -943181622 -836348357 838530692 1100700281 -1311516877 348562780 -667609134
Phan tu dang xet A[30] = -592561854
Chen -592561854 vao vi tri k = 13
Mang sau khi xu ly: 1847570325 1841189145 1704192909 1144715090 1094551332 646549207 579275282 288111195 156823829 -360792622 -378339502 -385425518 -396690018 -592561854 -653940418 -889005103 -902081198 -1085967716 -1126432693 -1213190906 -1213821165 -1250624131 -1382072488 -1402079411 -1566709073 -1669599440 -1734728590 -1775476449 -1811344869 -1817905951 -1859065982 -1323624537 -869865823 1664609908 -727654025 1831295258 913975056 787110229 -386223609 -748373593 517960691 -1052726891 -943181622 -836348357 838530692 1100700281 -1311516877 348562780 -667609134

i = 31
Mang truoc khi xu ly: 1847570325 1841189145 1704192909 1144715090 1094551332 646549207 579275282 288111195 156823829 -360792622 -378339502 -385425518 -396690018 -592561854 -653940418 -889005103 -902081198 -1085967716 -1126432693 -1213190906 -1213821165 -1250624131 -1382072488 -1402079411 -1566709073 -1669599440 -1734728590 -1775476449 -1811344869 -1817905951 -1859065982 -1323624537 -869865823 1664609908 -727654025 1831295258 913975056 787110229 -386223609 -748373593 517960691 -1052726891 -943181622 -836348357 838530692 1100700281 -1311516877 348562780 -667609134
Phan tu dang xet A[31] = -1323624537
Chen -1323624537 vao vi tri k = 22
Mang sau khi xu ly: 1847570325 1841189145 1704192909 1144715090 1094551332 646549207 579275282 288111195 156823829 -360792622 -378339502 -385425518 -396690018 -592561854 -653940418 -889005103 -902081198 -1085967716 -1126432693 -1213190906 -1213821165 -1250624131 -1323624537 -1382072488 -1402079411 -1566709073 -1669599440 -1734728590 -1775476449 -1811344869 -1817905951 -1859065982 -869865823 1664609908 -727654025 1831295258 913975056 787110229 -386223609 -748373593 517960691 -1052726891 -943181622 -836348357 838530692 1100700281 -1311516877 348562780 -667609134

i = 32
Mang truoc khi xu ly: 1847570325 1841189145 1704192909 1144715090 1094551332 646549207 579275282 288111195 156823829 -360792622 -378339502 -385425518 -396690018 -592561854 -653940418 -889005103 -902081198 -1085967716 -1126432693 -1213190906 -1213821165 -1250624131 -1323624537 -1382072488 -1402079411 -1566709073 -1669599440 -1734728590 -1775476449 -1811344869 -1817905951 -1859065982 -869865823 1664609908 -727654025 1831295258 913975056 787110229 -386223609 -748373593 517960691 -1052726891 -943181622 -836348357 838530692 1100700281 -1311516877 348562780 -667609134
Phan tu dang xet A[32] = -869865823
Chen -869865823 vao vi tri k = 15
Mang sau khi xu ly: 1847570325 1841189145 1704192909 1144715090 1094551332 646549207 579275282 288111195 156823829 -360792622 -378339502 -385425518 -396690018 -592561854 -653940418 -869865823 -889005103 -902081198 -1085967716 -1126432693 -1213190906 -1213821165 -1250624131 -1323624537 -1382072488 -1402079411 -1566709073 -1669599440 -1734728590 -1775476449 -1811344869 -1817905951 -1859065982 1664609908 -727654025 1831295258 913975056 787110229 -386223609 -748373593 517960691 -1052726891 -943181622 -836348357 838530692 1100700281 -1311516877 348562780 -667609134

i = 33
Mang truoc khi xu ly: 1847570325 1841189145 1704192909 1144715090 1094551332 646549207 579275282 288111195 156823829 -360792622 -378339502 -385425518 -396690018 -592561854 -653940418 -869865823 -889005103 -902081198 -1085967716 -1126432693 -1213190906 -1213821165 -1250624131 -1323624537 -1382072488 -1402079411 -1566709073 -1669599440 -1734728590 -1775476449 -1811344869 -1817905951 -1859065982 1664609908 -727654025 1831295258 913975056 787110229 -386223609 -748373593 517960691 -1052726891 -943181622 -836348357 838530692 1100700281 -1311516877 348562780 -667609134
Phan tu dang xet A[33] = 1664609908
Chen 1664609908 vao vi tri k = 3
Mang sau khi xu ly: 1847570325 1841189145 1704192909 1664609908 1144715090 1094551332 646549207 579275282 288111195 156823829 -360792622 -378339502 -385425518 -396690018 -592561854 -653940418 -869865823 -889005103 -902081198 -1085967716 -1126432693 -1213190906 -1213821165 -1250624131 -1323624537 -1382072488 -1402079411 -1566709073 -1669599440 -1734728590 -1775476449 -1811344869 -1817905951 -1859065982 -727654025 1831295258 913975056 787110229 -386223609 -748373593 517960691 -1052726891 -943181622 -836348357 838530692 1100700281 -1311516877 348562780 -667609134

i = 34
Mang truoc khi xu ly: 1847570325 1841189145 1704192909 1664609908 1144715090 1094551332 646549207 579275282 288111195 156823829 -360792622 -378339502 -385425518 -396690018 -592561854 -653940418 -869865823 -889005103 -902081198 -1085967716 -1126432693 -1213190906 -1213821165 -1250624131 -1323624537 -1382072488 -1402079411 -1566709073 -1669599440 -1734728590 -1775476449 -1811344869 -1817905951 -1859065982 -727654025 1831295258 913975056 787110229 -386223609 -748373593 517960691 -1052726891 -943181622 -836348357 838530692 1100700281 -1311516877 348562780 -667609134
Phan tu dang xet A[34] = -727654025
Chen -727654025 vao vi tri k = 16
Mang sau khi xu ly: 1847570325 1841189145 1704192909 1664609908 1144715090 1094551332 646549207 579275282 288111195 156823829 -360792622 -378339502 -385425518 -396690018 -592561854 -653940418 -727654025 -869865823 -889005103 -902081198 -1085967716 -1126432693 -1213190906 -1213821165 -1250624131 -1323624537 -1382072488 -1402079411 -1566709073 -1669599440 -1734728590 -1775476449 -1811344869 -1817905951 -1859065982 1831295258 913975056 787110229 -386223609 -748373593 517960691 -1052726891 -943181622 -836348357 838530692 1100700281 -1311516877 348562780 -667609134

i = 35
Mang truoc khi xu ly: 1847570325 1841189145 1704192909 1664609908 1144715090 1094551332 646549207 579275282 288111195 156823829 -360792622 -378339502 -385425518 -396690018 -592561854 -653940418 -727654025 -869865823 -889005103 -902081198 -1085967716 -1126432693 -1213190906 -1213821165 -1250624131 -1323624537 -1382072488 -1402079411 -1566709073 -1669599440 -1734728590 -1775476449 -1811344869 -1817905951 -1859065982 1831295258 913975056 787110229 -386223609 -748373593 517960691 -1052726891 -943181622 -836348357 838530692 1100700281 -1311516877 348562780 -667609134
Phan tu dang xet A[35] = 1831295258
Chen 1831295258 vao vi tri k = 2
Mang sau khi xu ly: 1847570325 1841189145 1831295258 1704192909 1664609908 1144715090 1094551332 646549207 579275282 288111195 156823829 -360792622 -378339502 -385425518 -396690018 -592561854 -653940418 -727654025 -869865823 -889005103 -902081198 -1085967716 -1126432693 -1213190906 -1213821165 -1250624131 -1323624537 -1382072488 -1402079411 -1566709073 -1669599440 -1734728590 -1775476449 -1811344869 -1817905951 -1859065982 913975056 787110229 -386223609 -748373593 517960691 -1052726891 -943181622 -836348357 838530692 1100700281 -1311516877 348562780 -667609134

i = 36
Mang truoc khi xu ly: 1847570325 1841189145 1831295258 1704192909 1664609908 1144715090 1094551332 646549207 579275282 288111195 156823829 -360792622 -378339502 -385425518 -396690018 -592561854 -653940418 -727654025 -869865823 -889005103 -902081198 -1085967716 -1126432693 -1213190906 -1213821165 -1250624131 -1323624537 -1382072488 -1402079411 -1566709073 -1669599440 -1734728590 -1775476449 -1811344869 -1817905951 -1859065982 913975056 787110229 -386223609 -748373593 517960691 -1052726891 -943181622 -836348357 838530692 1100700281 -1311516877 348562780 -667609134
Phan tu dang xet A[36] = 913975056
Chen 913975056 vao vi tri k = 7
Mang sau khi xu ly: 1847570325 1841189145 1831295258 1704192909 1664609908 1144715090 1094551332 913975056 646549207 579275282 288111195 156823829 -360792622 -378339502 -385425518 -396690018 -592561854 -653940418 -727654025 -869865823 -889005103 -902081198 -1085967716 -1126432693 -1213190906 -1213821165 -1250624131 -1323624537 -1382072488 -1402079411 -1566709073 -1669599440 -1734728590 -1775476449 -1811344869 -1817905951 -1859065982 787110229 -386223609 -748373593 517960691 -1052726891 -943181622 -836348357 838530692 1100700281 -1311516877 348562780 -667609134

i = 37
Mang truoc khi xu ly: 1847570325 1841189145 1831295258 1704192909 1664609908 1144715090 1094551332 913975056 646549207 579275282 288111195 156823829 -360792622 -378339502 -385425518 -396690018 -592561854 -653940418 -727654025 -869865823 -889005103 -902081198 -1085967716 -1126432693 -1213190906 -1213821165 -1250624131 -1323624537 -1382072488 -1402079411 -1566709073 -1669599440 -1734728590 -1775476449 -1811344869 -1817905951 -1859065982 787110229 -386223609 -748373593 517960691 -1052726891 -943181622 -836348357 838530692 1100700281 -1311516877 348562780 -667609134
Phan tu dang xet A[37] = 787110229
Chen 787110229 vao vi tri k = 8
Mang sau khi xu ly: 1847570325 1841189145 1831295258 1704192909 1664609908 1144715090 1094551332 913975056 787110229 646549207 579275282 288111195 156823829 -360792622 -378339502 -385425518 -396690018 -592561854 -653940418 -727654025 -869865823 -889005103 -902081198 -1085967716 -1126432693 -1213190906 -1213821165 -1250624131 -1323624537 -1382072488 -1402079411 -1566709073 -1669599440 -1734728590 -1775476449 -1811344869 -1817905951 -1859065982 -386223609 -748373593 517960691 -1052726891 -943181622 -836348357 838530692 1100700281 -1311516877 348562780 -667609134

i = 38
Mang truoc khi xu ly: 1847570325 1841189145 1831295258 1704192909 1664609908 1144715090 1094551332 913975056 787110229 646549207 579275282 288111195 156823829 -360792622 -378339502 -385425518 -396690018 -592561854 -653940418 -727654025 -869865823 -889005103 -902081198 -1085967716 -1126432693 -1213190906 -1213821165 -1250624131 -1323624537 -1382072488 -1402079411 -1566709073 -1669599440 -1734728590 -1775476449 -1811344869 -1817905951 -1859065982 -386223609 -748373593 517960691 -1052726891 -943181622 -836348357 838530692 1100700281 -1311516877 348562780 -667609134
Phan tu dang xet A[38] = -386223609
Chen -386223609 vao vi tri k = 16
Mang sau khi xu ly: 1847570325 1841189145 1831295258 1704192909 1664609908 1144715090 1094551332 913975056 787110229 646549207 579275282 288111195 156823829 -360792622 -378339502 -385425518 -386223609 -396690018 -592561854 -653940418 -727654025 -869865823 -889005103 -902081198 -1085967716 -1126432693 -1213190906 -1213821165 -1250624131 -1323624537 -1382072488 -1402079411 -1566709073 -1669599440 -1734728590 -1775476449 -1811344869 -1817905951 -1859065982 -748373593 517960691 -1052726891 -943181622 -836348357 838530692 1100700281 -1311516877 348562780 -667609134

i = 39
Mang truoc khi xu ly: 1847570325 1841189145 1831295258 1704192909 1664609908 1144715090 1094551332 913975056 787110229 646549207 579275282 288111195 156823829 -360792622 -378339502 -385425518 -386223609 -396690018 -592561854 -653940418 -727654025 -869865823 -889005103 -902081198 -1085967716 -1126432693 -1213190906 -1213821165 -1250624131 -1323624537 -1382072488 -1402079411 -1566709073 -1669599440 -1734728590 -1775476449 -1811344869 -1817905951 -1859065982 -748373593 517960691 -1052726891 -943181622 -836348357 838530692 1100700281 -1311516877 348562780 -667609134
Phan tu dang xet A[39] = -748373593
Chen -748373593 vao vi tri k = 21
Mang sau khi xu ly: 1847570325 1841189145 1831295258 1704192909 1664609908 1144715090 1094551332 913975056 787110229 646549207 579275282 288111195 156823829 -360792622 -378339502 -385425518 -386223609 -396690018 -592561854 -653940418 -727654025 -748373593 -869865823 -889005103 -902081198 -1085967716 -1126432693 -1213190906 -1213821165 -1250624131 -1323624537 -1382072488 -1402079411 -1566709073 -1669599440 -1734728590 -1775476449 -1811344869 -1817905951 -1859065982 517960691 -1052726891 -943181622 -836348357 838530692 1100700281 -1311516877 348562780 -667609134

i = 40
Mang truoc khi xu ly: 1847570325 1841189145 1831295258 1704192909 1664609908 1144715090 1094551332 913975056 787110229 646549207 579275282 288111195 156823829 -360792622 -378339502 -385425518 -386223609 -396690018 -592561854 -653940418 -727654025 -748373593 -869865823 -889005103 -902081198 -1085967716 -1126432693 -1213190906 -1213821165 -1250624131 -1323624537 -1382072488 -1402079411 -1566709073 -1669599440 -1734728590 -1775476449 -1811344869 -1817905951 -1859065982 517960691 -1052726891 -943181622 -836348357 838530692 1100700281 -1311516877 348562780 -667609134
Phan tu dang xet A[40] = 517960691
Chen 517960691 vao vi tri k = 11
Mang sau khi xu ly: 1847570325 1841189145 1831295258 1704192909 1664609908 1144715090 1094551332 913975056 787110229 646549207 579275282 517960691 288111195 156823829 -360792622 -378339502 -385425518 -386223609 -396690018 -592561854 -653940418 -727654025 -748373593 -869865823 -889005103 -902081198 -1085967716 -1126432693 -1213190906 -1213821165 -1250624131 -1323624537 -1382072488 -1402079411 -1566709073 -1669599440 -1734728590 -1775476449 -1811344869 -1817905951 -1859065982 -1052726891 -943181622 -836348357 838530692 1100700281 -1311516877 348562780 -667609134

i = 41
Mang truoc khi xu ly: 1847570325 1841189145 1831295258 1704192909 1664609908 1144715090 1094551332 913975056 787110229 646549207 579275282 517960691 288111195 156823829 -360792622 -378339502 -385425518 -386223609 -396690018 -592561854 -653940418 -727654025 -748373593 -869865823 -889005103 -902081198 -1085967716 -1126432693 -1213190906 -1213821165 -1250624131 -1323624537 -1382072488 -1402079411 -1566709073 -1669599440 -1734728590 -1775476449 -1811344869 -1817905951 -1859065982 -1052726891 -943181622 -836348357 838530692 1100700281 -1311516877 348562780 -667609134
Phan tu dang xet A[41] = -1052726891
Chen -1052726891 vao vi tri k = 26
Mang sau khi xu ly: 1847570325 1841189145 1831295258 1704192909 1664609908 1144715090 1094551332 913975056 787110229 646549207 579275282 517960691 288111195 156823829 -360792622 -378339502 -385425518 -386223609 -396690018 -592561854 -653940418 -727654025 -748373593 -869865823 -889005103 -902081198 -1052726891 -1085967716 -1126432693 -1213190906 -1213821165 -1250624131 -1323624537 -1382072488 -1402079411 -1566709073 -1669599440 -1734728590 -1775476449 -1811344869 -1817905951 -1859065982 -943181622 -836348357 838530692 1100700281 -1311516877 348562780 -667609134

i = 42
Mang truoc khi xu ly: 1847570325 1841189145 1831295258 1704192909 1664609908 1144715090 1094551332 913975056 787110229 646549207 579275282 517960691 288111195 156823829 -360792622 -378339502 -385425518 -386223609 -396690018 -592561854 -653940418 -727654025 -748373593 -869865823 -889005103 -902081198 -1052726891 -1085967716 -1126432693 -1213190906 -1213821165 -1250624131 -1323624537 -1382072488 -1402079411 -1566709073 -1669599440 -1734728590 -1775476449 -1811344869 -1817905951 -1859065982 -943181622 -836348357 838530692 1100700281 -1311516877 348562780 -667609134
Phan tu dang xet A[42] = -943181622
Chen -943181622 vao vi tri k = 26
Mang sau khi xu ly: 1847570325 1841189145 1831295258 1704192909 1664609908 1144715090 1094551332 913975056 787110229 646549207 579275282 517960691 288111195 156823829 -360792622 -378339502 -385425518 -386223609 -396690018 -592561854 -653940418 -727654025 -748373593 -869865823 -889005103 -902081198 -943181622 -1052726891 -1085967716 -1126432693 -1213190906 -1213821165 -1250624131 -1323624537 -1382072488 -1402079411 -1566709073 -1669599440 -1734728590 -1775476449 -1811344869 -1817905951 -1859065982 -836348357 838530692 1100700281 -1311516877 348562780 -667609134

i = 43
Mang truoc khi xu ly: 1847570325 1841189145 1831295258 1704192909 1664609908 1144715090 1094551332 913975056 787110229 646549207 579275282 517960691 288111195 156823829 -360792622 -378339502 -385425518 -386223609 -396690018 -592561854 -653940418 -727654025 -748373593 -869865823 -889005103 -902081198 -943181622 -1052726891 -1085967716 -1126432693 -1213190906 -1213821165 -1250624131 -1323624537 -1382072488 -1402079411 -1566709073 -1669599440 -1734728590 -1775476449 -1811344869 -1817905951 -1859065982 -836348357 838530692 1100700281 -1311516877 348562780 -667609134
Phan tu dang xet A[43] = -836348357
Chen -836348357 vao vi tri k = 23
Mang sau khi xu ly: 1847570325 1841189145 1831295258 1704192909 1664609908 1144715090 1094551332 913975056 787110229 646549207 579275282 517960691 288111195 156823829 -360792622 -378339502 -385425518 -386223609 -396690018 -592561854 -653940418 -727654025 -748373593 -836348357 -869865823 -889005103 -902081198 -943181622 -1052726891 -1085967716 -1126432693 -1213190906 -1213821165 -1250624131 -1323624537 -1382072488 -1402079411 -1566709073 -1669599440 -1734728590 -1775476449 -1811344869 -1817905951 -1859065982 838530692 1100700281 -1311516877 348562780 -667609134

i = 44
Mang truoc khi xu ly: 1847570325 1841189145 1831295258 1704192909 1664609908 1144715090 1094551332 913975056 787110229 646549207 579275282 517960691 288111195 156823829 -360792622 -378339502 -385425518 -386223609 -396690018 -592561854 -653940418 -727654025 -748373593 -836348357 -869865823 -889005103 -902081198 -943181622 -1052726891 -1085967716 -1126432693 -1213190906 -1213821165 -1250624131 -1323624537 -1382072488 -1402079411 -1566709073 -1669599440 -1734728590 -1775476449 -1811344869 -1817905951 -1859065982 838530692 1100700281 -1311516877 348562780 -667609134
Phan tu dang xet A[44] = 838530692
Chen 838530692 vao vi tri k = 8
Mang sau khi xu ly: 1847570325 1841189145 1831295258 1704192909 1664609908 1144715090 1094551332 913975056 838530692 787110229 646549207 579275282 517960691 288111195 156823829 -360792622 -378339502 -385425518 -386223609 -396690018 -592561854 -653940418 -727654025 -748373593 -836348357 -869865823 -889005103 -902081198 -943181622 -1052726891 -1085967716 -1126432693 -1213190906 -1213821165 -1250624131 -1323624537 -1382072488 -1402079411 -1566709073 -1669599440 -1734728590 -1775476449 -1811344869 -1817905951 -1859065982 1100700281 -1311516877 348562780 -667609134

i = 45
Mang truoc khi xu ly: 1847570325 1841189145 1831295258 1704192909 1664609908 1144715090 1094551332 913975056 838530692 787110229 646549207 579275282 517960691 288111195 156823829 -360792622 -378339502 -385425518 -386223609 -396690018 -592561854 -653940418 -727654025 -748373593 -836348357 -869865823 -889005103 -902081198 -943181622 -1052726891 -1085967716 -1126432693 -1213190906 -1213821165 -1250624131 -1323624537 -1382072488 -1402079411 -1566709073 -1669599440 -1734728590 -1775476449 -1811344869 -1817905951 -1859065982 1100700281 -1311516877 348562780 -667609134
Phan tu dang xet A[45] = 1100700281
Chen 1100700281 vao vi tri k = 6
Mang sau khi xu ly: 1847570325 1841189145 1831295258 1704192909 1664609908 1144715090 1100700281 1094551332 913975056 838530692 787110229 646549207 579275282 517960691 288111195 156823829 -360792622 -378339502 -385425518 -386223609 -396690018 -592561854 -653940418 -727654025 -748373593 -836348357 -869865823 -889005103 -902081198 -943181622 -1052726891 -1085967716 -1126432693 -1213190906 -1213821165 -1250624131 -1323624537 -1382072488 -1402079411 -1566709073 -1669599440 -1734728590 -1775476449 -1811344869 -1817905951 -1859065982 -1311516877 348562780 -667609134

i = 46
Mang truoc khi xu ly: 1847570325 1841189145 1831295258 1704192909 1664609908 1144715090 1100700281 1094551332 913975056 838530692 787110229 646549207 579275282 517960691 288111195 156823829 -360792622 -378339502 -385425518 -386223609 -396690018 -592561854 -653940418 -727654025 -748373593 -836348357 -869865823 -889005103 -902081198 -943181622 -1052726891 -1085967716 -1126432693 -1213190906 -1213821165 -1250624131 -1323624537 -1382072488 -1402079411 -1566709073 -1669599440 -1734728590 -1775476449 -1811344869 -1817905951 -1859065982 -1311516877 348562780 -667609134
Phan tu dang xet A[46] = -1311516877
Chen -1311516877 vao vi tri k = 36
Mang sau khi xu ly: 1847570325 1841189145 1831295258 1704192909 1664609908 1144715090 1100700281 1094551332 913975056 838530692 787110229 646549207 579275282 517960691 288111195 156823829 -360792622 -378339502 -385425518 -386223609 -396690018 -592561854 -653940418 -727654025 -748373593 -836348357 -869865823 -889005103 -902081198 -943181622 -1052726891 -1085967716 -1126432693 -1213190906 -1213821165 -1250624131 -1311516877 -1323624537 -1382072488 -1402079411 -1566709073 -1669599440 -1734728590 -1775476449 -1811344869 -1817905951 -1859065982 348562780 -667609134

i = 47
Mang truoc khi xu ly: 1847570325 1841189145 1831295258 1704192909 1664609908 1144715090 1100700281 1094551332 913975056 838530692 787110229 646549207 579275282 517960691 288111195 156823829 -360792622 -378339502 -385425518 -386223609 -396690018 -592561854 -653940418 -727654025 -748373593 -836348357 -869865823 -889005103 -902081198 -943181622 -1052726891 -1085967716 -1126432693 -1213190906 -1213821165 -1250624131 -1311516877 -1323624537 -1382072488 -1402079411 -1566709073 -1669599440 -1734728590 -1775476449 -1811344869 -1817905951 -1859065982 348562780 -667609134
Phan tu dang xet A[47] = 348562780
Chen 348562780 vao vi tri k = 14
Mang sau khi xu ly: 1847570325 1841189145 1831295258 1704192909 1664609908 1144715090 1100700281 1094551332 913975056 838530692 787110229 646549207 579275282 517960691 348562780 288111195 156823829 -360792622 -378339502 -385425518 -386223609 -396690018 -592561854 -653940418 -727654025 -748373593 -836348357 -869865823 -889005103 -902081198 -943181622 -1052726891 -1085967716 -1126432693 -1213190906 -1213821165 -1250624131 -1311516877 -1323624537 -1382072488 -1402079411 -1566709073 -1669599440 -1734728590 -1775476449 -1811344869 -1817905951 -1859065982 -667609134

i = 48
Mang truoc khi xu ly: 1847570325 1841189145 1831295258 1704192909 1664609908 1144715090 1100700281 1094551332 913975056 838530692 787110229 646549207 579275282 517960691 348562780 288111195 156823829 -360792622 -378339502 -385425518 -386223609 -396690018 -592561854 -653940418 -727654025 -748373593 -836348357 -869865823 -889005103 -902081198 -943181622 -1052726891 -1085967716 -1126432693 -1213190906 -1213821165 -1250624131 -1311516877 -1323624537 -1382072488 -1402079411 -1566709073 -1669599440 -1734728590 -1775476449 -1811344869 -1817905951 -1859065982 -667609134
Phan tu dang xet A[48] = -667609134
Chen -667609134 vao vi tri k = 24
Mang sau khi xu ly: 1847570325 1841189145 1831295258 1704192909 1664609908 1144715090 1100700281 1094551332 913975056 838530692 787110229 646549207 579275282 517960691 348562780 288111195 156823829 -360792622 -378339502 -385425518 -386223609 -396690018 -592561854 -653940418 -667609134 -727654025 -748373593 -836348357 -869865823 -889005103 -902081198 -943181622 -1052726891 -1085967716 -1126432693 -1213190906 -1213821165 -1250624131 -1311516877 -1323624537 -1382072488 -1402079411 -1566709073 -1669599440 -1734728590 -1775476449 -1811344869 -1817905951 -1859065982

Mang sau khi sap xep:
1847570325 1841189145 1831295258 1704192909 1664609908 1144715090 1100700281 1094551332 913975056 838530692 787110229 646549207 579275282 517960691 348562780 288111195 156823829 -360792622 -378339502 -385425518 -386223609 -396690018 -592561854 -653940418 -667609134 -727654025 -748373593 -836348357 -869865823 -889005103 -902081198 -943181622 -1052726891 -1085967716 -1126432693 -1213190906 -1213821165 -1250624131 -1311516877 -1323624537 -1382072488 -1402079411 -1566709073 -1669599440 -1734728590 -1775476449 -1811344869 -1817905951 -1859065982
