Mang truoc khi sap xep:
1539367369 496365883 -1870273448 800088844 -268469822 -537342604 1942906077 -1831932710 1758833923 355400596 -1274575604 1583719027 1266796916 -117188595 1202558226 -893191179 -157641562 1637713045 -541101167 662698990 -414998625 -485172992 -170230107 -1889386061 -1011690336 1905970285 227204912 554383543 1679407277 1195162523 -526451459 -1287934361 -1532489127 -724759405

Sap xep:
i = 1
Mang truoc khi xu ly: 1539367369 496365883 -1870273448 800088844 -268469822 -537342604 1942906077 -1831932710 1758833923 355400596 -1274575604 1583719027 1266796916 -117188595 1202558226 -893191179 -157641562 1637713045 -541101167 662698990 -414998625 -485172992 -170230107 -1889386061 -1011690336 1905970285 227204912 554383543 1679407277 1195162523 -526451459 -1287934361 -1532489127 -724759405
Phan tu dang xet A[1] = 496365883
Chen 496365883 vao vi tri k = 1
Mang sau khi xu ly: 1539367369 496365883 -1870273448 800088844 -268469822 -537342604 1942906077 -1831932710 1758833923 355400596 -1274575604 1583719027 1266796916 -117188595 1202558226 -893191179 -157641562 1637713045 -541101167 662698990 -414998625 -485172992 -170230107 -1889386061 -1011690336 1905970285 227204912 554383543 1679407277 1195162523 -526451459 -1287934361 -1532489127 -724759405

i = 2
Mang truoc khi xu ly: 1539367369 496365883 -1870273448 800088844 -268469822 -537342604 1942906077 -1831932710 1758833923 355400596 -1274575604 1583719027 1266796916 -117188595 1202558226 -893191179 -157641562 1637713045 -541101167 662698990 -414998625 -485172992 -170230107 -1889386061 -1011690336 1905970285 227204912 554383543 1679407277 1195162523 -526451459 -1287934361 -1532489127 -724759405
Phan tu dang xet A[2] = -1870273448
Chen -1870273448 vao vi tri k = 2
Mang sau khi xu ly: 1539367369 496365883 -1870273448 800088844 -268469822 -537342604 1942906077 -1831932710 1758833923 355400596 -1274575604 1583719027 1266796916 -117188595 1202558226 -893191179 -157641562 1637713045 -541101167 662698990 -414998625 -485172992 -170230107 -1889386061 -1011690336 1905970285 227204912 554383543 1679407277 1195162523 -526451459 -1287934361 -1532489127 -724759405

i = 3
Mang truoc khi xu ly: 1539367369 496365883 -1870273448 800088844 -268469822 -537342604 1942906077 -1831932710 1758833923 355400596 -1274575604 1583719027 1266796916 -117188595 1202558226 -893191179 -157641562 1637713045 -541101167 662698990 -414998625 -485172992 -170230107 -1889386061 -1011690336 1905970285 227204912 554383543 1679407277 1195162523 -526451459 -1287934361 -1532489127 -724759405
Phan tu dang xet A[3] = 800088844
Chen 800088844 vao vi tri k = 1
Mang sau khi xu ly: 1539367369 800088844 496365883 -1870273448 -268469822 -537342604 1942906077 -1831932710 1758833923 355400596 -1274575604 1583719027 1266796916 -117188595 1202558226 -893191179 -157641562 1637713045 -541101167 662698990 -414998625 -485172992 -170230107 -1889386061 -1011690336 1905970285 227204912 554383543 1679407277 1195162523 -526451459 -1287934361 -1532489127 -724759405

i = 4
Mang truoc khi xu ly: 1539367369 800088844 496365883 -1870273448 -268469822 -537342604 1942906077 -1831932710 1758833923 355400596 -1274575604 1583719027 1266796916 -117188595 1202558226 -893191179 -157641562 1637713045 -541101167 662698990 -414998625 -485172992 -170230107 -1889386061 -1011690336 1905970285 227204912 554383543 1679407277 1195162523 -526451459 -1287934361 -1532489127 -724759405
Phan tu dang xet A[4] = -268469822
Chen -268469822 vao vi tri k = 3
Mang sau khi xu ly: 1539367369 800088844 496365883 -268469822 -1870273448 -537342604 1942906077 -1831932710 1758833923 355400596 -1274575604 1583719027 1266796916 -117188595 1202558226 -893191179 -157641562 1637713045 -541101167 662698990 -414998625 -485172992 -170230107 -1889386061 -1011690336 1905970285 227204912 554383543 1679407277 1195162523 -526451459 -1287934361 -1532489127 -724759405

i = 5
Mang truoc khi xu ly: 1539367369 800088844 496365883 -268469822 -1870273448 -537342604 1942906077 -1831932710 1758833923 355400596 -1274575604 1583719027 1266796916 -117188595 1202558226 -893191179 -157641562 1637713045 -541101167 662698990 -414998625 -485172992 -170230107 -1889386061 -1011690336 1905970285 227204912 554383543 1679407277 1195162523 -526451459 -1287934361 -1532489127 -724759405
Phan tu dang xet A[5] = -537342604
Chen -537342604 vao vi tri k = 4
Mang sau khi xu ly: 1539367369 800088844 496365883 -268469822 -537342604 -1870273448 1942906077 -1831932710 1758833923 355400596 -1274575604 1583719027 1266796916 -117188595 1202558226 -893191179 -157641562 1637713045 -541101167 662698990 -414998625 -485172992 -170230107 -1889386061 -1011690336 1905970285 227204912 554383543 1679407277 1195162523 -526451459 -1287934361 -1532489127 -724759405

i = 6
Mang truoc khi xu ly: 1539367369 800088844 496365883 -268469822 -537342604 -1870273448 1942906077 -1831932710 1758833923 355400596 -1274575604 1583719027 1266796916 -117188595 1202558226 -893191179 -157641562 1637713045 -541101167 662698990 -414998625 -485172992 -170230107 -1889386061 -1011690336 1905970285 227204912 554383543 1679407277 1195162523 -526451459 -1287934361 -1532489127 -724759405
Phan tu dang xet A[6] = 1942906077
Chen 1942906077 vao vi tri k = 0
Mang sau khi xu ly: 1942906077 1539367369 800088844 496365883 -268469822 -537342604 -1870273448 -1831932710 1758833923 355400596 -1274575604 1583719027 1266796916 -117188595 1202558226 -893191179 -157641562 1637713045 -541101167 662698990 -414998625 -485172992 -170230107 -1889386061 -1011690336 1905970285 227204912 554383543 1679407277 1195162523 -526451459 -1287934361 -1532489127 -724759405

i = 7
Mang truoc khi xu ly: 1942906077 1539367369 800088844 496365883 -268469822 -537342604 -1870273448 -1831932710 1758833923 355400596 -1274575604 1583719027 1266796916 -117188595 1202558226 -893191179 -157641562 1637713045 -541101167 662698990 -414998625 -485172992 -170230107 -1889386061 -1011690336 1905970285 227204912 554383543 1679407277 1195162523 -526451459 -1287934361 -1532489127 -724759405
Phan tu dang xet A[7] = -1831932710
Chen -1831932710 vao vi tri k = 6
Mang sau khi xu ly: 1942906077 1539367369 800088844 496365883 -268469822 -537342604 -1831932710 -1870273448 1758833923 355400596 -1274575604 1583719027 1266796916 -117188595 1202558226 -893191179 -157641562 1637713045 -541101167 662698990 -414998625 -485172992 -170230107 -1889386061 -1011690336 1905970285 227204912 554383543 1679407277 1195162523 -526451459 -1287934361 -1532489127 -724759405

i = 8
Mang truoc khi xu ly: 1942906077 1539367369 800088844 496365883 -268469822 -537342604 -1831932710 -1870273448 1758833923 355400596 -1274575604 1583719027 1266796916 -117188595 1202558226 -893191179 -157641562 1637713045 -541101167 662698990 -414998625 -485172992 -170230107 -1889386061 -1011690336 1905970285 227204912 554383543 1679407277 1195162523 -526451459 -1287934361 -1532489127 -724759405
Phan tu dang xet A[8] = 1758833923
Chen 1758833923 vao vi tri k = 1
Mang sau khi xu ly: 1942906077 1758833923 1539367369 800088844 496365883 -268469822 -537342604 -1831932710 -1870273448 355400596 -1274575604 1583719027 1266796916 -117188595 1202558226 -893191179 -157641562 1637713045 -541101167 662698990 -414998625 -485172992 -170230107 -1889386061 -1011690336 1905970285 227204912 554383543 1679407277 1195162523 -526451459 -1287934361 -1532489127 -724759405

i = 9
Mang truoc khi xu ly: 1942906077 1758833923 1539367369 800088844 496365883 -268469822 -537342604 -1831932710 -1870273448 355400596 -1274575604 1583719027 1266796916 -117188595 1202558226 -893191179 -157641562 1637713045 -541101167 662698990 -414998625 -485172992 -170230107 -1889386061 -1011690336 1905970285 227204912 554383543 1679407277 1195162523 -526451459 -1287934361 -1532489127 -724759405
Phan tu dang xet A[9] = 355400596
Chen 355400596 vao vi tri k = 5
Mang sau khi xu ly: 1942906077 1758833923 1539367369 800088844 496365883 355400596 -268469822 -537342604 -1831932710 -1870273448 -1274575604 1583719027 1266796916 -117188595 1202558226 -893191179 -157641562 1637713045 -541101167 662698990 -414998625 -485172992 -170230107 -1889386061 -1011690336 1905970285 227204912 554383543 1679407277 1195162523 -526451459 -1287934361 -1532489127 -724759405

i = 10
Mang truoc khi xu ly: 1942906077 1758833923 1539367369 800088844 496365883 355400596 -268469822 -537342604 -1831932710 -1870273448 -1274575604 1583719027 1266796916 -117188595 1202558226 -893191179 -157641562 1637713045 -541101167 662698990 -414998625 -485172992 -170230107 -1889386061 -1011690336 1905970285 227204912 554383543 1679407277 1195162523 -526451459 -1287934361 -1532489127 -724759405
Phan tu dang xet A[10] = -1274575604
Chen -1274575604 vao vi tri k = 8
Mang sau khi xu ly: 1942906077 1758833923 1539367369 800088844 496365883 355400596 -268469822 -537342604 -1274575604 -1831932710 -1870273448 1583719027 1266796916 -117188595 1202558226 -893191179 -157641562 1637713045 -541101167 662698990 -414998625 -485172992 -170230107 -1889386061 -1011690336 1905970285 227204912 554383543 1679407277 1195162523 -526451459 -1287934361 -1532489127 -724759405

i = 11
Mang truoc khi xu ly: 1942906077 1758833923 1539367369 800088844 496365883 355400596 -268469822 -537342604 -1274575604 -1831932710 -1870273448 1583719027 1266796916 -117188595 1202558226 -893191179 -157641562 1637713045 -541101167 662698990 -414998625 -485172992 -170230107 -1889386061 -1011690336 1905970285 227204912 554383543 1679407277 1195162523 -526451459 -1287934361 -1532489127 -724759405
Phan tu dang xet A[11] = 1583719027
Chen 1583719027 vao vi tri k = 2
Mang sau khi xu ly: 1942906077 1758833923 1583719027 1539367369 800088844 496365883 355400596 -268469822 -537342604 -1274575604 -1831932710 -1870273448 1266796916 -117188595 1202558226 -893191179 -157641562 1637713045 -541101167 662698990 -414998625 -485172992 -170230107 -1889386061 -1011690336 1905970285 227204912 554383543 1679407277 1195162523 -526451459 -1287934361 -1532489127 -724759405

i = 12
Mang truoc khi xu ly: 1942906077 1758833923 1583719027 1539367369 800088844 496365883 355400596 -268469822 -537342604 -1274575604 -1831932710 -1870273448 1266796916 -117188595 1202558226 -893191179 -157641562 1637713045 -541101167 662698990 -414998625 -485172992 -170230107 -1889386061 -1011690336 1905970285 227204912 554383543 1679407277 1195162523 -526451459 -1287934361 -1532489127 -724759405
Phan tu dang xet A[12] = 1266796916
Chen 1266796916 vao vi tri k = 4
Mang sau khi xu ly: 1942906077 1758833923 1583719027 1539367369 1266796916 800088844 496365883 355400596 -268469822 -537342604 -1274575604 -1831932710 -1870273448 -117188595 1202558226 -893191179 -157641562 1637713045 -541101167 662698990 -414998625 -485172992 -170230107 -1889386061 -1011690336 1905970285 227204912 554383543 1679407277 1195162523 -526451459 -1287934361 -1532489127 -724759405

i = 13
Mang truoc khi xu ly: 1942906077 1758833923 1583719027 1539367369 1266796916 800088844 496365883 355400596 -268469822 -537342604 -1274575604 -1831932710 -1870273448 -117188595 1202558226 -893191179 -157641562 1637713045 -541101167 662698990 -414998625 -485172992 -170230107 -1889386061 -1011690336 1905970285 227204912 554383543 1679407277 1195162523 -526451459 -1287934361 -1532489127 -724759405
Phan tu dang xet A[13] = -117188595
Chen -117188595 vao vi tri k = 8
Mang sau khi xu ly: 1942906077 1758833923 1583719027 1539367369 1266796916 800088844 496365883 355400596 -117188595 -268469822 -537342604 -1274575604 -1831932710 -1870273448 1202558226 -893191179 -157641562 1637713045 -541101167 662698990 -414998625 -485172992 -170230107 -1889386061 -1011690336 1905970285 227204912 554383543 1679407277 1195162523 -526451459 -1287934361 -1532489127 -724759405

i = 14
Mang truoc khi xu ly: 1942906077 1758833923 1583719027 1539367369 1266796916 800088844 496365883 355400596 -117188595 -268469822 -537342604 -1274575604 -1831932710 -1870273448 1202558226 -893191179 -157641562 1637713045 -541101167 662698990 -414998625 -485172992 -170230107 -1889386061 -1011690336 1905970285 227204912 554383543 1679407277 1195162523 -526451459 -1287934361 -1532489127 -724759405
Phan tu dang xet A[14] = 1202558226
Chen 1202558226 vao vi tri k = 5
Mang sau khi xu ly: 1942906077 1758833923 1583719027 1539367369 1266796916 1202558226 800088844 496365883 355400596 -117188595 -268469822 -537342604 -1274575604 -1831932710 -1870273448 -893191179 -157641562 1637713045 -541101167 662698990 -414998625 -485172992 -170230107 -1889386061 -1011690336 1905970285 227204912 554383543 1679407277 1195162523 -526451459 -1287934361 -1532489127 -724759405

i = 15
Mang truoc khi xu ly: 1942906077 1758833923 1583719027 1539367369 1266796916 1202558226 800088844 496365883 355400596 -117188595 -268469822 -537342604 -1274575604 -1831932710 -1870273448 -893191179 -157641562 1637713045 -541101167 662698990 -414998625 -485172992 -170230107 -1889386061 -1011690336 1905970285 227204912 554383543 1679407277 1195162523 -526451459 -1287934361 -1532489127 -724759405
Phan tu dang xet A[15] = -893191179
Chen -893191179 vao vi tri k = 12
Mang sau khi xu ly: 1942906077 1758833923 1583719027 1539367369 1266796916 1202558226 800088844 496365883 355400596 -117188595 -268469822 -537342604 -893191179 -1274575604 -1831932710 -1870273448 -157641562 1637713045 -541101167 662698990 -414998625 -485172992 -170230107 -1889386061 -1011690336 1905970285 227204912 554383543 1679407277 1195162523 -526451459 -1287934361 -1532489127 -724759405

i = 16
Mang truoc khi xu ly: 1942906077 1758833923 1583719027 1539367369 1266796916 1202558226 800088844 496365883 355400596 -117188595 -268469822 -537342604 -893191179 -1274575604 -1831932710 -1870273448 -157641562 1637713045 -541101167 662698990 -414998625 -485172992 -170230107 -1889386061 -1011690336 1905970285 227204912 554383543 1679407277 1195162523 -526451459 -1287934361 -1532489127 -724759405
Phan tu dang xet A[16] = -157641562
Chen -157641562 vao vi tri k = 10
Mang sau khi xu ly: 1942906077 1758833923 1583719027 1539367369 1266796916 1202558226 800088844 496365883 355400596 -117188595 -157641562 -268469822 -537342604 -893191179 -1274575604 -1831932710 -1870273448 1637713045 -541101167 662698990 -414998625 -485172992 -170230107 -1889386061 -1011690336 1905970285 227204912 554383543 1679407277 1195162523 -526451459 -1287934361 -1532489127 -724759405

i = 17
Mang truoc khi xu ly: 1942906077 1758833923 1583719027 1539367369 1266796916 1202558226 800088844 496365883 355400596 -117188595 -157641562 -268469822 -537342604 -893191179 -1274575604 -1831932710 -1870273448 1637713045 -541101167 662698990 -414998625 -485172992 -170230107 -1889386061 -1011690336 1905970285 227204912 554383543 1679407277 1195162523 -526451459 -1287934361 -1532489127 -724759405
Phan tu dang xet A[17] = 1637713045
Chen 1637713045 vao vi tri k = 2
Mang sau khi xu ly: 1942906077 1758833923 1637713045 1583719027 1539367369 1266796916 1202558226 800088844 496365883 355400596 -117188595 -157641562 -268469822 -537342604 -893191179 -1274575604 -1831932710 -1870273448 -541101167 662698990 -414998625 -485172992 -170230107 -1889386061 -1011690336 1905970285 227204912 554383543 1679407277 1195162523 -526451459 -1287934361 -1532489127 -724759405

i = 18
Mang truoc khi xu ly: 1942906077 1758833923 1637713045 1583719027 1539367369 1266796916 1202558226 800088844 496365883 355400596 -117188595 -157641562 -268469822 -537342604 -893191179 -1274575604 -1831932710 -1870273448 -541101167 662698990 -414998625 -485172992 -170230107 -1889386061 -1011690336 1905970285 227204912 554383543 1679407277 1195162523 -526451459 -1287934361 -1532489127 -724759405
Phan tu dang xet A[18] = -541101167
Chen -541101167 vao vi tri k = 14
Mang sau khi xu ly: 1942906077 1758833923 1637713045 1583719027 1539367369 1266796916 1202558226 800088844 496365883 355400596 -117188595 -157641562 -268469822 -537342604 -541101167 -893191179 -1274575604 -1831932710 -1870273448 662698990 -414998625 -485172992 -170230107 -1889386061 -1011690336 1905970285 227204912 554383543 1679407277 1195162523 -526451459 -1287934361 -1532489127 -724759405

i = 19
Mang truoc khi xu ly: 1942906077 1758833923 1637713045 1583719027 1539367369 1266796916 1202558226 800088844 496365883 355400596 -117188595 -157641562 -268469822 -537342604 -541101167 -893191179 -1274575604 -1831932710 -1870273448 662698990 -414998625 -485172992 -170230107 -1889386061 -1011690336 1905970285 227204912 554383543 1679407277 1195162523 -526451459 -1287934361 -1532489127 -724759405
Phan tu dang xet A[19] = 662698990
Chen 662698990 vao vi tri k = 8
Mang sau khi xu ly: 1942906077 1758833923 1637713045 1583719027 1539367369 1266796916 1202558226 800088844 662698990 496365883 355400596 -117188595 -157641562 -268469822 -537342604 -541101167 -893191179 -1274575604 -1831932710 -1870273448 -414998625 -485172992 -170230107 -1889386061 -1011690336 1905970285 227204912 554383543 1679407277 1195162523 -526451459 -1287934361 -1532489127 -724759405

i = 20
Mang truoc khi xu ly: 1942906077 1758833923 1637713045 1583719027 1539367369 1266796916 1202558226 800088844 662698990 496365883 355400596 -117188595 -157641562 -268469822 -537342604 -541101167 -893191179 -1274575604 -1831932710 -1870273448 -414998625 -485172992 -170230107 -1889386061 -1011690336 1905970285 227204912 554383543 1679407277 1195162523 -526451459 -1287934361 -1532489127 -724759405
Phan tu dang xet A[20] = -414998625
Chen -414998625 vao vi tri k = 14
Mang sau khi xu ly: 1942906077 1758833923 1637713045 1583719027 1539367369 1266796916 1202558226 800088844 662698990 496365883 355400596 -117188595 -157641562 -268469822 -414998625 -537342604 -541101167 -893191179 -1274575604 -1831932710 -1870273448 -485172992 -170230107 -1889386061 -1011690336 1905970285 227204912 554383543 1679407277 1195162523 -526451459 -1287934361 -1532489127 -724759405

i = 21
Mang truoc khi xu ly: 1942906077 1758833923 1637713045 1583719027 1539367369 1266796916 1202558226 800088844 662698990 496365883 355400596 -117188595 -157641562 -268469822 -414998625 -537342604 -541101167 -893191179 -1274575604 -1831932710 -1870273448 -485172992 -170230107 -1889386061 -1011690336 1905970285 227204912 554383543 1679407277 1195162523 -526451459 -1287934361 -1532489127 -724759405
Phan tu dang xet A[21] = -485172992
Chen -485172992 vao vi tri k = 15
Mang sau khi xu ly: 1942906077 1758833923 1637713045 1583719027 1539367369 1266796916 1202558226 800088844 662698990 496365883 355400596 -117188595 -157641562 -268469822 -414998625 -485172992 -537342604 -541101167 -893191179 -1274575604 -1831932710 -1870273448 -170230107 -1889386061 -1011690336 1905970285 227204912 554383543 1679407277 1195162523 -526451459 -1287934361 -1532489127 -724759405

i = 22
Mang truoc khi xu ly: 1942906077 1758833923 1637713045 1583719027 1539367369 1266796916 1202558226 800088844 662698990 496365883 355400596 -117188595 -157641562 -268469822 -414998625 -485172992 -537342604 -541101167 -893191179 -1274575604 -1831932710 -1870273448 -170230107 -1889386061 -1011690336 1905970285 227204912 554383543 1679407277 1195162523 -526451459 -1287934361 -1532489127 -724759405
Phan tu dang xet A[22] = -170230107
Chen -170230107 vao vi tri k = 13
Mang sau khi xu ly: 1942906077 1758833923 1637713045 1583719027 1539367369 1266796916 1202558226 800088844 662698990 496365883 355400596 -117188595 -157641562 -170230107 -268469822 -414998625 -485172992 -537342604 -541101167 -893191179 -1274575604 -1831932710 -1870273448 -1889386061 -1011690336 1905970285 227204912 554383543 1679407277 1195162523 -526451459 -1287934361 -1532489127 -724759405

i = 23
Mang truoc khi xu ly: 1942906077 1758833923 1637713045 1583719027 1539367369 1266796916 1202558226 800088844 662698990 496365883 355400596 -117188595 -157641562 -170230107 -268469822 -414998625 -485172992 -537342604 -541101167 -893191179 -1274575604 -1831932710 -1870273448 -1889386061 -1011690336 1905970285 227204912 554383543 1679407277 1195162523 -526451459 -1287934361 -1532489127 -724759405
Phan tu dang xet A[23] = -1889386061
Chen -1889386061 vao vi tri k = 23
Mang sau khi xu ly: 1942906077 1758833923 1637713045 1583719027 1539367369 1266796916 1202558226 800088844 662698990 496365883 355400596 -117188595 -157641562 -170230107 -268469822 -414998625 -485172992 -537342604 -541101167 -893191179 -1274575604 -1831932710 -1870273448 -1889386061 -1011690336 1905970285 227204912 554383543 1679407277 1195162523 -526451459 -1287934361 -1532489127 -724759405

i = 24
Mang truoc khi xu ly: 1942906077 1758833923 1637713045 1583719027 1539367369 1266796916 1202558226 800088844 662698990 496365883 355400596 -117188595 -157641562 -170230107 -268469822 -414998625 -485172992 -537342604 -541101167 -893191179 -1274575604 -1831932710 -1870273448 -1889386061 -1011690336 1905970285 227204912 554383543 1679407277 1195162523 -526451459 -1287934361 -1532489127 -724759405
Phan tu dang xet A[24] = -1011690336
Chen -1011690336 vao vi tri k = 20
Mang sau khi xu ly: 1942906077 1758833923 1637713045 1583719027 1539367369 1266796916 1202558226 800088844 662698990 496365883 355400596 -117188595 -157641562 -170230107 -268469822 -414998625 -485172992 -537342604 -541101167 -893191179 -1011690336 -1274575604 -1831932710 -1870273448 -1889386061 1905970285 227204912 554383543 1679407277 1195162523 -526451459 -1287934361 -1532489127 -724759405

i = 25
Mang truoc khi xu ly: 1942906077 1758833923 1637713045 1583719027 1539367369 1266796916 1202558226 800088844 662698990 496365883 355400596 -117188595 -157641562 -170230107 -268469822 -414998625 -485172992 -537342604 -541101167 -893191179 -1011690336 -1274575604 -1831932710 -1870273448 -1889386061 1905970285 227204912 554383543 1679407277 1195162523 -526451459 -1287934361 -1532489127 -724759405
Phan tu dang xet A[25] = 1905970285
Chen 1905970285 vao vi tri k = 1
Mang sau khi xu ly: 1942906077 1905970285 1758833923 1637713045 1583719027 1539367369 1266796916 1202558226 800088844 662698990 496365883 355400596 -117188595 -157641562 -170230107 -268469822 -414998625 -485172992 -537342604 -541101167 -893191179 -1011690336 -1274575604 -1831932710 -1870273448 -1889386061 227204912 554383543 1679407277 1195162523 -526451459 -1287934361 -1532489127 -724759405

i = 26
Mang truoc khi xu ly: 1942906077 1905970285 1758833923 1637713045 1583719027 1539367369 1266796916 1202558226 800088844 662698990 496365883 355400596 -117188595 -157641562 -170230107 -268469822 -414998625 -485172992 -537342604 -541101167 -893191179 -1011690336 -1274575604 -1831932710 -1870273448 -1889386061 227204912 554383543 1679407277 1195162523 -526451459 -1287934361 -1532489127 -724759405
Phan tu dang xet A[26] = 227204912
Chen 227204912 vao vi tri k = 12
Mang sau khi xu ly: 1942906077 1905970285 1758833923 1637713045 1583719027 1539367369 1266796916 1202558226 800088844 662698990 496365883 355400596 227204912 -117188595 -157641562 -170230107 -268469822 -414998625 -485172992 -537342604 -541101167 -893191179 -1011690336 -1274575604 -1831932710 -1870273448 -1889386061 554383543 1679407277 1195162523 -526451459 -1287934361 -1532489127 -724759405

i = 27
Mang truoc khi xu ly: 1942906077 1905970285 1758833923 1637713045 1583719027 1539367369 1266796916 1202558226 800088844 662698990 496365883 355400596 227204912 -117188595 -157641562 -170230107 -268469822 -414998625 -485172992 -537342604 -541101167 -893191179 -1011690336 -1274575604 -1831932710 -1870273448 -1889386061 554383543 1679407277 1195162523 -526451459 -1287934361 -1532489127 -724759405
Phan tu dang xet A[27] = 554383543
Chen 554383543 vao vi tri k = 10
Mang sau khi xu ly: 1942906077 1905970285 1758833923 1637713045 1583719027 1539367369 1266796916 1202558226 800088844 662698990 554383543 496365883 355400596 227204912 -117188595 -157641562 -170230107 -268469822 -414998625 -485172992 -537342604 -541101167 -893191179 -1011690336 -1274575604 -1831932710 -1870273448 -1889386061 1679407277 1195162523 -526451459 -1287934361 -1532489127 -724759405

i = 28
Mang truoc khi xu ly: 1942906077 1905970285 1758833923 1637713045 1583719027 1539367369 1266796916 1202558226 800088844 662698990 554383543 496365883 355400596 227204912 -117188595 -157641562 -170230107 -268469822 -414998625 -485172992 -537342604 -541101167 -893191179 -1011690336 -1274575604 -1831932710 -1870273448 -1889386061 1679407277 1195162523 -526451459 -1287934361 -1532489127 -724759405
Phan tu dang xet A[28] = 1679407277
Chen 1679407277 vao vi tri k = 3
Mang sau khi xu ly: 1942906077 1905970285 1758833923 1679407277 1637713045 1583719027 1539367369 1266796916 1202558226 800088844 662698990 554383543 496365883 355400596 227204912 -117188595 -157641562 -170230107 -268469822 -414998625 -485172992 -537342604 -541101167 -893191179 -1011690336 -1274575604 -1831932710 -1870273448 -1889386061 1195162523 -526451459 -1287934361 -1532489127 -724759405

i = 29
Mang truoc khi xu ly: 1942906077 1905970285 1758833923 1679407277 1637713045 1583719027 1539367369 1266796916 1202558226 800088844 662698990 554383543 496365883 355400596 227204912 -117188595 -157641562 -170230107 -268469822 -414998625 -485172992 -537342604 -541101167 -893191179 -1011690336 -1274575604 -1831932710 -1870273448 -1889386061 1195162523 -526451459 -1287934361 -1532489127 -724759405
Phan tu dang xet A[29] = 1195162523
Chen 1195162523 vao vi tri k = 9
Mang sau khi xu ly: 1942906077 1905970285 1758833923 1679407277 1637713045 1583719027 1539367369 1266796916 1202558226 1195162523 800088844 662698990 554383543 496365883 355400596 227204912 -117188595 -157641562 -170230107 -268469822 -414998625 -485172992 -537342604 -541101167 -893191179 -1011690336 -1274575604 -1831932710 -1870273448 -1889386061 -526451459 -1287934361 -1532489127 -724759405

i = 30
Mang truoc khi xu ly: 1942906077 1905970285 1758833923 1679407277 1637713045 1583719027 1539367369 1266796916 1202558226 1195162523 800088844 662698990 554383543 496365883 355400596 227204912 -117188595 -157641562 -170230107 -268469822 -414998625 -485172992 -537342604 -541101167 -893191179 -1011690336 -1274575604 -1831932710 -1870273448 -1889386061 -526451459 -1287934361 -1532489127 -724759405
Phan tu dang xet A[30] = -526451459
Chen -526451459 vao vi tri k = 22
Mang sau khi xu ly: 1942906077 1905970285 1758833923 1679407277 1637713045 1583719027 1539367369 1266796916 1202558226 1195162523 800088844 662698990 554383543 496365883 355400596 227204912 -117188595 -157641562 -170230107 -268469822 -414998625 -485172992 -526451459 -537342604 -541101167 -893191179 -1011690336 -1274575604 -1831932710 -1870273448 -1889386061 -1287934361 -1532489127 -724759405

i = 31
Mang truoc khi xu ly: 1942906077 1905970285 1758833923 1679407277 1637713045 1583719027 1539367369 1266796916 1202558226 1195162523 800088844 662698990 554383543 496365883 355400596 227204912 -117188595 -157641562 -170230107 -268469822 -414998625 -485172992 -526451459 -537342604 -541101167 -893191179 -1011690336 -1274575604 -1831932710 -1870273448 -1889386061 -1287934361 -1532489127 -724759405
Phan tu dang xet A[31] = -1287934361
Chen -1287934361 vao vi tri k = 28
Mang sau khi xu ly: 1942906077 1905970285 1758833923 1679407277 1637713045 1583719027 1539367369 1266796916 1202558226 1195162523 800088844 662698990 554383543 496365883 355400596 227204912 -117188595 -157641562 -170230107 -268469822 -414998625 -485172992 -526451459 -537342604 -541101167 -893191179 -1011690336 -1274575604 -1287934361 -1831932710 -1870273448 -1889386061 -1532489127 -724759405

i = 32
Mang truoc khi xu ly: 1942906077 1905970285 1758833923 1679407277 1637713045 1583719027 1539367369 1266796916 1202558226 1195162523 800088844 662698990 554383543 496365883 355400596 227204912 -117188595 -157641562 -170230107 -268469822 -414998625 -485172992 -526451459 -537342604 -541101167 -893191179 -1011690336 -1274575604 -1287934361 -1831932710 -1870273448 -1889386061 -1532489127 -724759405
Phan tu dang xet A[32] = -1532489127
Chen -1532489127 vao vi tri k = 29
Mang sau khi xu ly: 1942906077 1905970285 1758833923 1679407277 1637713045 1583719027 1539367369 1266796916 1202558226 1195162523 800088844 662698990 554383543 496365883 355400596 227204912 -117188595 -157641562 -170230107 -268469822 -414998625 -485172992 -526451459 -537342604 -541101167 -893191179 -1011690336 -1274575604 -1287934361 -1532489127 -1831932710 -1870273448 -1889386061 -724759405

i = 33
Mang truoc khi xu ly: 1942906077 1905970285 1758833923 1679407277 1637713045 1583719027 1539367369 1266796916 1202558226 1195162523 800088844 662698990 554383543 496365883 355400596 227204912 -117188595 -157641562 -170230107 -268469822 -414998625 -485172992 -526451459 -537342604 -541101167 -893191179 -1011690336 -1274575604 -1287934361 -1532489127 -1831932710 -1870273448 -1889386061 -724759405
Phan tu dang xet A[33] = -724759405
Chen -724759405 vao vi tri k = 25
Mang sau khi xu ly: 1942906077 1905970285 1758833923 1679407277 1637713045 1583719027 1539367369 1266796916 1202558226 1195162523 800088844 662698990 554383543 496365883 355400596 227204912 -117188595 -157641562 -170230107 -268469822 -414998625 -485172992 -526451459 -537342604 -541101167 -724759405 -893191179 -1011690336 -1274575604 -1287934361 -1532489127 -1831932710 -1870273448 -1889386061

Mang sau khi sap xep:
1942906077 1905970285 1758833923 1679407277 1637713045 1583719027 1539367369 1266796916 1202558226 1195162523 800088844 662698990 554383543 496365883 355400596 227204912 -117188595 -157641562 -170230107 -268469822 -414998625 -485172992 -526451459 -537342604 -541101167 -724759405 -893191179 -1011690336 -1274575604 -1287934361 -1532489127 -1831932710 -1870273448 -1889386061
