Mang truoc khi sap xep:
-753771649 304701332 -1572048059 620784071 1193822720 919338655 1627032772 -1483442475 -1862439873 -810886272 1102929262 -799658869 -1313632110 -675267608 -1251339577

Sap xep:
i = 1
Mang truoc khi xu ly: -753771649 304701332 -1572048059 620784071 1193822720 919338655 1627032772 -1483442475 -1862439873 -810886272 1102929262 -799658869 -1313632110 -675267608 -1251339577
Phan tu dang xet A[1] = 304701332
Chen 304701332 vao vi tri k = 0
Mang sau khi xu ly: 304701332 -753771649 -1572048059 620784071 1193822720 919338655 1627032772 -1483442475 -1862439873 -810886272 1102929262 -799658869 -1313632110 -675267608 -1251339577

i = 2
Mang truoc khi xu ly: 304701332 -753771649 -1572048059 620784071 1193822720 919338655 1627032772 -1483442475 -1862439873 -810886272 1102929262 -799658869 -1313632110 -675267608 -1251339577
Phan tu dang xet A[2] = -1572048059
Chen -1572048059 vao vi tri k = 2
Mang sau khi xu ly: 304701332 -753771649 -1572048059 620784071 1193822720 919338655 1627032772 -1483442475 -1862439873 -810886272 1102929262 -799658869 -1313632110 -675267608 -1251339577

i = 3
Mang truoc khi xu ly: 304701332 -753771649 -1572048059 620784071 1193822720 919338655 1627032772 -1483442475 -1862439873 -810886272 1102929262 -799658869 -1313632110 -675267608 -1251339577
Phan tu dang xet A[3] = 620784071
Chen 620784071 vao vi tri k = 0
Mang sau khi xu ly: 620784071 304701332 -753771649 -1572048059 1193822720 919338655 1627032772 -1483442475 -1862439873 -810886272 1102929262 -799658869 -1313632110 -675267608 -1251339577

i = 4
Mang truoc khi xu ly: 620784071 304701332 -753771649 -1572048059 1193822720 919338655 1627032772 -1483442475 -1862439873 -810886272 1102929262 -799658869 -1313632110 -675267608 -1251339577
Phan tu dang xet A[4] = 1193822720
Chen 1193822720 vao vi tri k = 0
Mang sau khi xu ly: 1193822720 620784071 304701332 -753771649 -1572048059 919338655 1627032772 -1483442475 -1862439873 -810886272 1102929262 -799658869 -1313632110 -675267608 -1251339577

i = 5
Mang truoc khi xu ly: 1193822720 620784071 304701332 -753771649 -1572048059 919338655 1627032772 -1483442475 -1862439873 -810886272 1102929262 -799658869 -1313632110 -675267608 -1251339577
Phan tu dang xet A[5] = 919338655
Chen 919338655 vao vi tri k = 1
Mang sau khi xu ly: 1193822720 919338655 620784071 304701332 -753771649 -1572048059 1627032772 -1483442475 -1862439873 -810886272 1102929262 -799658869 -1313632110 -675267608 -1251339577

i = 6
Mang truoc khi xu ly: 1193822720 919338655 620784071 304701332 -753771649 -1572048059 1627032772 -1483442475 -1862439873 -810886272 1102929262 -799658869 -1313632110 -675267608 -1251339577
Phan tu dang xet A[6] = 1627032772
Chen 1627032772 vao vi tri k = 0
Mang sau khi xu ly: 1627032772 1193822720 919338655 620784071 304701332 -753771649 -1572048059 -1483442475 -1862439873 -810886272 1102929262 -799658869 -1313632110 -675267608 -1251339577

i = 7
Mang truoc khi xu ly: 1627032772 1193822720 919338655 620784071 304701332 -753771649 -1572048059 -1483442475 -1862439873 -810886272 1102929262 -799658869 -1313632110 -675267608 -1251339577
Phan tu dang xet A[7] = -1483442475
Chen -1483442475 vao vi tri k = 6
Mang sau khi xu ly: 1627032772 1193822720 919338655 620784071 304701332 -753771649 -1483442475 -1572048059 -1862439873 -810886272 1102929262 -799658869 -1313632110 -675267608 -1251339577

i = 8
Mang truoc khi xu ly: 1627032772 1193822720 919338655 620784071 304701332 -753771649 -1483442475 -1572048059 -1862439873 -810886272 1102929262 -799658869 -1313632110 -675267608 -1251339577
Phan tu dang xet A[8] = -1862439873
Chen -1862439873 vao vi tri k = 8
Mang sau khi xu ly: 1627032772 1193822720 919338655 620784071 304701332 -753771649 -1483442475 -1572048059 -1862439873 -810886272 1102929262 -799658869 -1313632110 -675267608 -1251339577

i = 9
Mang truoc khi xu ly: 1627032772 1193822720 919338655 620784071 304701332 -753771649 -1483442475 -1572048059 -1862439873 -810886272 1102929262 -799658869 -1313632110 -675267608 -1251339577
Phan tu dang xet A[9] = -810886272
Chen -810886272 vao vi tri k = 6
Mang sau khi xu ly: 1627032772 1193822720 919338655 620784071 304701332 -753771649 -810886272 -1483442475 -1572048059 -1862439873 1102929262 -799658869 -1313632110 -675267608 -1251339577

i = 10
Mang truoc khi xu ly: 1627032772 1193822720 919338655 620784071 304701332 -753771649 -810886272 -1483442475 -1572048059 -1862439873 1102929262 -799658869 -1313632110 -675267608 -1251339577
Phan tu dang xet A[10] = 1102929262
Chen 1102929262 vao vi tri k = 2
Mang sau khi xu ly: 1627032772 1193822720 1102929262 919338655 620784071 304701332 -753771649 -810886272 -1483442475 -1572048059 -1862439873 -799658869 -1313632110 -675267608 -1251339577

i = 11
Mang truoc khi xu ly: 1627032772 1193822720 1102929262 919338655 620784071 304701332 -753771649 -810886272 -1483442475 -1572048059 -1862439873 -799658869 -1313632110 -675267608 -1251339577
Phan tu dang xet A[11] = -799658869
Chen -799658869 vao vi tri k = 7
Mang sau khi xu ly: 1627032772 1193822720 1102929262 919338655 620784071 304701332 -753771649 -799658869 -810886272 -1483442475 -1572048059 -1862439873 -1313632110 -675267608 -1251339577

i = 12
Mang truoc khi xu ly: 1627032772 1193822720 1102929262 919338655 620784071 304701332 -753771649 -799658869 -810886272 -1483442475 -1572048059 -1862439873 -1313632110 -675267608 -1251339577
Phan tu dang xet A[12] = -1313632110
Chen -1313632110 vao vi tri k = 9
Mang sau khi xu ly: 1627032772 1193822720 1102929262 919338655 620784071 304701332 -753771649 -799658869 -810886272 -1313632110 -1483442475 -1572048059 -1862439873 -675267608 -1251339577

i = 13
Mang truoc khi xu ly: 1627032772 1193822720 1102929262 919338655 620784071 304701332 -753771649 -799658869 -810886272 -1313632110 -1483442475 -1572048059 -1862439873 -675267608 -1251339577
Phan tu dang xet A[13] = -675267608
Chen -675267608 vao vi tri k = 6
Mang sau khi xu ly: 1627032772 1193822720 1102929262 919338655 620784071 304701332 -675267608 -753771649 -799658869 -810886272 -1313632110 -1483442475 -1572048059 -1862439873 -1251339577

i = 14
Mang truoc khi xu ly: 1627032772 1193822720 1102929262 919338655 620784071 304701332 -675267608 -753771649 -799658869 -810886272 -1313632110 -1483442475 -1572048059 -1862439873 -1251339577
Phan tu dang xet A[14] = -1251339577
Chen -1251339577 vao vi tri k = 10
Mang sau khi xu ly: 1627032772 1193822720 1102929262 919338655 620784071 304701332 -675267608 -753771649 -799658869 -810886272 -1251339577 -1313632110 -1483442475 -1572048059 -1862439873

Mang sau khi sap xep:
1627032772 1193822720 1102929262 919338655 620784071 304701332 -675267608 -753771649 -799658869 -810886272 -1251339577 -1313632110 -1483442475 -1572048059 -1862439873
