Mang truoc khi sap xep:
629216478 -199274293 331207306 -1512238644 -1365835303 -387979447 -1101526530 991527180 -241711612 -447180705 1725646252 846929624 782153732 -1329987222 455144360 -690000779 -105918228 -204080126 1074671923 -1288899920 -892440441 -1683315463 -29999379 1570493678 -861859619 -1790012947 890873025 962507623 1924216443 1017602188 957056956 831545290 -1594774912 -480978094 -923333637 203930023 1774877892 477654259 -649097388 -575866209 -72129007 -13836530 -381300256 -1619644841 1939338575 295760180 -344171906 -1144012313 -687340134 399053877 579397771 -329616281 -1995367769 1125598582 -1204140021 -605053779 1215411711 1357213150

Sap xep:
i = 1
Mang truoc khi xu ly: 629216478 -199274293 331207306 -1512238644 -1365835303 -387979447 -1101526530 991527180 -241711612 -447180705 1725646252 846929624 782153732 -1329987222 455144360 -690000779 -105918228 -204080126 1074671923 -1288899920 -892440441 -1683315463 -29999379 1570493678 -861859619 -1790012947 890873025 962507623 1924216443 1017602188 957056956 831545290 -1594774912 -480978094 -923333637 203930023 1774877892 477654259 -649097388 -575866209 -72129007 -13836530 -381300256 -1619644841 1939338575 295760180 -344171906 -1144012313 -687340134 399053877 579397771 -329616281 -1995367769 1125598582 -1204140021 -605053779 1215411711 1357213150
Phan tu dang xet A[1] = -199274293
Chen -199274293 vao vi tri k = 1
Mang sau khi xu ly: 629216478 -199274293 331207306 -1512238644 -1365835303 -387979447 -1101526530 991527180 -241711612 -447180705 1725646252 846929624 782153732 -1329987222 455144360 -690000779 -105918228 -204080126 1074671923 -1288899920 -892440441 -1683315463 -29999379 1570493678 -861859619 -1790012947 890873025 962507623 1924216443 1017602188 957056956 831545290 -1594774912 -480978094 -923333637 203930023 1774877892 477654259 -649097388 -575866209 -72129007 -13836530 -381300256 -1619644841 1939338575 295760180 -344171906 -1144012313 -687340134 399053877 579397771 -329616281 -1995367769 1125598582 -1204140021 -605053779 1215411711 1357213150

i = 2
Mang truoc khi xu ly: 629216478 -199274293 331207306 -1512238644 -1365835303 -387979447 -1101526530 991527180 -241711612 -447180705 1725646252 846929624 782153732 -1329987222 455144360 -690000779 -105918228 -204080126 1074671923 -1288899920 -892440441 -1683315463 -29999379 1570493678 -861859619 -1790012947 890873025 962507623 1924216443 1017602188 957056956 831545290 -1594774912 -480978094 -923333637 203930023 1774877892 477654259 -649097388 -575866209 -72129007 -13836530 -381300256 -1619644841 1939338575 295760180 -344171906 -1144012313 -687340134 399053877 579397771 -329616281 -1995367769 1125598582 -1204140021 -605053779 1215411711 1357213150
Phan tu dang xet A[2] = 331207306
Chen 331207306 vao vi tri k = 1
Mang sau khi xu ly: 629216478 331207306 -199274293 -1512238644 -1365835303 -387979447 -1101526530 991527180 -241711612 -447180705 1725646252 846929624 782153732 -1329987222 455144360 -690000779 -105918228 -204080126 1074671923 -1288899920 -892440441 -1683315463 -29999379 1570493678 -861859619 -1790012947 890873025 962507623 1924216443 1017602188 957056956 831545290 -1594774912 -480978094 -923333637 203930023 1774877892 477654259 -649097388 -575866209 -72129007 -13836530 -381300256 -1619644841 1939338575 295760180 -344171906 -1144012313 -687340134 399053877 579397771 -329616281 -1995367769 1125598582 -1204140021 -605053779 1215411711 1357213150

i = 3
Mang truoc khi xu ly: 629216478 331207306 -199274293 -1512238644 -1365835303 -387979447 -1101526530 991527180 -241711612 -447180705 1725646252 846929624 782153732 -1329987222 455144360 -690000779 -105918228 -204080126 1074671923 -1288899920 -892440441 -1683315463 -29999379 1570493678 -861859619 -1790012947 890873025 962507623 1924216443 1017602188 957056956 831545290 -1594774912 -480978094 -923333637 203930023 1774877892 477654259 -649097388 -575866209 -72129007 -13836530 -381300256 -1619644841 1939338575 295760180 -344171906 -1144012313 -687340134 399053877 579397771 -329616281 -1995367769 1125598582 -1204140021 -605053779 1215411711 1357213150
Phan tu dang xet A[3] = -1512238644
Chen -1512238644 vao vi tri k = 3
Mang sau khi xu ly: 629216478 331207306 -199274293 -1512238644 -1365835303 -387979447 -1101526530 991527180 -241711612 -447180705 1725646252 846929624 782153732 -1329987222 455144360 -690000779 -105918228 -204080126 1074671923 -1288899920 -892440441 -1683315463 -29999379 1570493678 -861859619 -1790012947 890873025 962507623 1924216443 1017602188 957056956 831545290 -1594774912 -480978094 -923333637 203930023 1774877892 477654259 -649097388 -575866209 -72129007 -13836530 -381300256 -1619644841 1939338575 295760180 -344171906 -1144012313 -687340134 399053877 579397771 -329616281 -1995367769 1125598582 -1204140021 -605053779 1215411711 1357213150

i = 4
Mang truoc khi xu ly: 629216478 331207306 -199274293 -1512238644 -1365835303 -387979447 -1101526530 991527180 -241711612 -447180705 1725646252 846929624 782153732 -1329987222 455144360 -690000779 -105918228 -204080126 1074671923 -1288899920 -892440441 -1683315463 -29999379 1570493678 -861859619 -1790012947 890873025 962507623 1924216443 1017602188 957056956 831545290 -1594774912 -480978094 -923333637 203930023 1774877892 477654259 -649097388 -575866209 -72129007 -13836530 -381300256 -1619644841 1939338575 295760180 -344171906 -1144012313 -687340134 399053877 579397771 -329616281 -1995367769 1125598582 -1204140021 -605053779 1215411711 1357213150
Phan tu dang xet A[4] = -1365835303
Chen -1365835303 vao vi tri k = 3
Mang sau khi xu ly: 629216478 331207306 -199274293 -1365835303 -1512238644 -387979447 -1101526530 991527180 -241711612 -447180705 1725646252 846929624 782153732 -1329987222 455144360 -690000779 -105918228 -204080126 1074671923 -1288899920 -892440441 -1683315463 -29999379 1570493678 -861859619 -1790012947 890873025 962507623 1924216443 1017602188 957056956 831545290 -1594774912 -480978094 -923333637 203930023 1774877892 477654259 -649097388 -575866209 -72129007 -13836530 -381300256 -1619644841 1939338575 295760180 -344171906 -1144012313 -687340134 399053877 579397771 -329616281 -1995367769 1125598582 -1204140021 -605053779 1215411711 1357213150

i = 5
Mang truoc khi xu ly: 629216478 331207306 -199274293 -1365835303 -1512238644 -387979447 -1101526530 991527180 -241711612 -447180705 1725646252 846929624 782153732 -1329987222 455144360 -690000779 -105918228 -204080126 1074671923 -1288899920 -892440441 -1683315463 -29999379 1570493678 -861859619 -1790012947 890873025 962507623 1924216443 1017602188 957056956 831545290 -1594774912 -480978094 -923333637 203930023 1774877892 477654259 -649097388 -575866209 -72129007 -13836530 -381300256 -1619644841 1939338575 295760180 -344171906 -1144012313 -687340134 399053877 579397771 -329616281 -1995367769 1125598582 -1204140021 -605053779 1215411711 1357213150
Phan tu dang xet A[5] = -387979447
Chen -387979447 vao vi tri k = 3
Mang sau khi xu ly: 629216478 331207306 -199274293 -387979447 -1365835303 -1512238644 -1101526530 991527180 -241711612 -447180705 1725646252 846929624 782153732 -1329987222 455144360 -690000779 -105918228 -204080126 1074671923 -1288899920 -892440441 -1683315463 -29999379 1570493678 -861859619 -1790012947 890873025 962507623 1924216443 1017602188 957056956 831545290 -1594774912 -480978094 -923333637 203930023 1774877892 477654259 -649097388 -575866209 -72129007 -13836530 -381300256 -1619644841 1939338575 295760180 -344171906 -1144012313 -687340134 399053877 579397771 -329616281 -1995367769 1125598582 -1204140021 -605053779 1215411711 1357213150

i = 6
Mang truoc khi xu ly: 629216478 331207306 -199274293 -387979447 -1365835303 -1512238644 -1101526530 991527180 -241711612 -447180705 1725646252 846929624 782153732 -1329987222 455144360 -690000779 -105918228 -204080126 1074671923 -1288899920 -892440441 -1683315463 -29999379 1570493678 -861859619 -1790012947 890873025 962507623 1924216443 1017602188 957056956 831545290 -1594774912 -480978094 -923333637 203930023 1774877892 477654259 -649097388 -575866209 -72129007 -13836530 -381300256 -1619644841 1939338575 295760180 -344171906 -1144012313 -687340134 399053877 579397771 -329616281 -1995367769 1125598582 -1204140021 -605053779 1215411711 1357213150
Phan tu dang xet A[6] = -1101526530
Chen -1101526530 vao vi tri k = 4
Mang sau khi xu ly: 629216478 331207306 -199274293 -387979447 -1101526530 -1365835303 -1512238644 991527180 -241711612 -447180705 1725646252 846929624 782153732 -1329987222 455144360 -690000779 -105918228 -204080126 1074671923 -1288899920 -892440441 -1683315463 -29999379 1570493678 -861859619 -1790012947 890873025 962507623 1924216443 1017602188 957056956 831545290 -1594774912 -480978094 -923333637 203930023 1774877892 477654259 -649097388 -575866209 -72129007 -13836530 -381300256 -1619644841 1939338575 295760180 -344171906 -1144012313 -687340134 399053877 579397771 -329616281 -1995367769 1125598582 -1204140021 -605053779 1215411711 1357213150

i = 7
Mang truoc khi xu ly: 629216478 331207306 -199274293 -387979447 -1101526530 -1365835303 -1512238644 991527180 -241711612 -447180705 1725646252 846929624 782153732 -1329987222 455144360 -690000779 -105918228 -204080126 1074671923 -1288899920 -892440441 -1683315463 -29999379 1570493678 -861859619 -1790012947 890873025 962507623 1924216443 1017602188 957056956 831545290 -1594774912 -480978094 -923333637 203930023 1774877892 477654259 -649097388 -575866209 -72129007 -13836530 -381300256 -1619644841 1939338575 295760180 -344171906 -1144012313 -687340134 399053877 579397771 -329616281 -1995367769 1125598582 -1204140021 -605053779 1215411711 1357213150
Phan tu dang xet A[7] = 991527180
Chen 991527180 vao vi tri k = 0
Mang sau khi xu ly: 991527180 629216478 331207306 -199274293 -387979447 -1101526530 -1365835303 -1512238644 -241711612 -447180705 1725646252 846929624 782153732 -1329987222 455144360 -690000779 -105918228 -204080126 1074671923 -1288899920 -892440441 -1683315463 -29999379 1570493678 -861859619 -1790012947 890873025 962507623 1924216443 1017602188 957056956 831545290 -1594774912 -480978094 -923333637 203930023 1774877892 477654259 -649097388 -575866209 -72129007 -13836530 -381300256 -1619644841 1939338575 295760180 -344171906 -1144012313 -687340134 399053877 579397771 -329616281 -1995367769 1125598582 -1204140021 -605053779 1215411711 1357213150

i = 8
Mang truoc khi xu ly: 991527180 629216478 331207306 -199274293 -387979447 -1101526530 -1365835303 -1512238644 -241711612 -447180705 1725646252 846929624 782153732 -1329987222 455144360 -690000779 -105918228 -204080126 1074671923 -1288899920 -892440441 -1683315463 -29999379 1570493678 -861859619 -1790012947 890873025 962507623 1924216443 1017602188 957056956 831545290 -1594774912 -480978094 -923333637 203930023 1774877892 477654259 -649097388 -575866209 -72129007 -13836530 -381300256 -1619644841 1939338575 295760180 -344171906 -1144012313 -687340134 399053877 579397771 -329616281 -1995367769 1125598582 -1204140021 -605053779 1215411711 1357213150
Phan tu dang xet A[8] = -241711612
Chen -241711612 vao vi tri k = 4
Mang sau khi xu ly: 991527180 629216478 331207306 -199274293 -241711612 -387979447 -1101526530 -1365835303 -1512238644 -447180705 1725646252 846929624 782153732 -1329987222 455144360 -690000779 -105918228 -204080126 1074671923 -1288899920 -892440441 -1683315463 -29999379 1570493678 -861859619 -1790012947 890873025 962507623 1924216443 1017602188 957056956 831545290 -1594774912 -480978094 -923333637 203930023 1774877892 477654259 -649097388 -575866209 -72129007 -13836530 -381300256 -1619644841 1939338575 295760180 -344171906 -1144012313 -687340134 399053877 579397771 -329616281 -1995367769 1125598582 -1204140021 -605053779 1215411711 1357213150

i = 9
Mang truoc khi xu ly: 991527180 629216478 331207306 -199274293 -241711612 -387979447 -1101526530 -1365835303 -1512238644 -447180705 1725646252 846929624 782153732 -1329987222 455144360 -690000779 -105918228 -204080126 1074671923 -1288899920 -892440441 -1683315463 -29999379 1570493678 -861859619 -1790012947 890873025 962507623 1924216443 1017602188 957056956 831545290 -1594774912 -480978094 -923333637 203930023 1774877892 477654259 -649097388 -575866209 -72129007 -13836530 -381300256 -1619644841 1939338575 295760180 -344171906 -1144012313 -687340134 399053877 579397771 -329616281 -1995367769 1125598582 -1204140021 -605053779 1215411711 1357213150
Phan tu dang xet A[9] = -447180705
Chen -447180705 vao vi tri k = 6
Mang sau khi xu ly: 991527180 629216478 331207306 -199274293 -241711612 -387979447 -447180705 -1101526530 -1365835303 -1512238644 1725646252 846929624 782153732 -1329987222 455144360 -690000779 -105918228 -204080126 1074671923 -1288899920 -892440441 -1683315463 -29999379 1570493678 -861859619 -1790012947 890873025 962507623 1924216443 1017602188 957056956 831545290 -1594774912 -480978094 -923333637 203930023 1774877892 477654259 -649097388 -575866209 -72129007 -13836530 -381300256 -1619644841 1939338575 295760180 -344171906 -1144012313 -687340134 399053877 579397771 -329616281 -1995367769 1125598582 -1204140021 -605053779 1215411711 1357213150

i = 10
Mang truoc khi xu ly: 991527180 629216478 331207306 -199274293 -241711612 -387979447 -447180705 -1101526530 -1365835303 -1512238644 1725646252 846929624 782153732 -1329987222 455144360 -690000779 -105918228 -204080126 1074671923 -1288899920 -892440441 -1683315463 -29999379 1570493678 -861859619 -1790012947 890873025 962507623 1924216443 1017602188 957056956 831545290 -1594774912 -480978094 -923333637 203930023 1774877892 477654259 -649097388 -575866209 -72129007 -13836530 -381300256 -1619644841 1939338575 295760180 -344171906 -1144012313 -687340134 399053877 579397771 -329616281 -1995367769 1125598582 -1204140021 -605053779 1215411711 1357213150
Phan tu dang xet A[10] = 1725646252
Chen 1725646252 vao vi tri k = 0
Mang sau khi xu ly: 1725646252 991527180 629216478 331207306 -199274293 -241711612 -387979447 -447180705 -1101526530 -1365835303 -1512238644 846929624 782153732 -1329987222 455144360 -690000779 -105918228 -204080126 1074671923 -1288899920 -892440441 -1683315463 -29999379 1570493678 -861859619 -1790012947 890873025 962507623 1924216443 1017602188 957056956 831545290 -1594774912 -480978094 -923333637 203930023 1774877892 477654259 -649097388 -575866209 -72129007 -13836530 -381300256 -1619644841 1939338575 295760180 -344171906 -1144012313 -687340134 399053877 579397771 -329616281 -1995367769 1125598582 -1204140021 -605053779 1215411711 1357213150

i = 11
Mang truoc khi xu ly: 1725646252 991527180 629216478 331207306 -199274293 -241711612 -387979447 -447180705 -1101526530 -1365835303 -1512238644 846929624 782153732 -1329987222 455144360 -690000779 -105918228 -204080126 1074671923 -1288899920 -892440441 -1683315463 -29999379 1570493678 -861859619 -1790012947 890873025 962507623 1924216443 1017602188 957056956 831545290 -1594774912 -480978094 -923333637 203930023 1774877892 477654259 -649097388 -575866209 -72129007 -13836530 -381300256 -1619644841 1939338575 295760180 -344171906 -1144012313 -687340134 399053877 579397771 -329616281 -1995367769 1125598582 -1204140021 -605053779 1215411711 1357213150
Phan tu dang xet A[11] = 846929624
Chen 846929624 vao vi tri k = 2
Mang sau khi xu ly: 1725646252 991527180 846929624 629216478 331207306 -199274293 -241711612 -387979447 -447180705 -1101526530 -1365835303 -1512238644 782153732 -1329987222 455144360 -690000779 -105918228 -204080126 1074671923 -1288899920 -892440441 -1683315463 -29999379 1570493678 -861859619 -1790012947 890873025 962507623 1924216443 1017602188 957056956 831545290 -1594774912 -480978094 -923333637 203930023 1774877892 477654259 -649097388 -575866209 -72129007 -13836530 -381300256 -1619644841 1939338575 295760180 -344171906 -1144012313 -687340134 399053877 579397771 -329616281 -1995367769 1125598582 -1204140021 -605053779 1215411711 1357213150

i = 12
Mang truoc khi xu ly: 1725646252 991527180 846929624 629216478 331207306 -199274293 -241711612 -387979447 -447180705 -1101526530 -1365835303 -1512238644 782153732 -1329987222 455144360 -690000779 -105918228 -204080126 1074671923 -1288899920 -892440441 -1683315463 -29999379 1570493678 -861859619 -1790012947 890873025 962507623 1924216443 1017602188 957056956 831545290 -1594774912 -480978094 -923333637 203930023 1774877892 477654259 -649097388 -575866209 -72129007 -13836530 -381300256 -1619644841 1939338575 295760180 -344171906 -1144012313 -687340134 399053877 579397771 -329616281 -1995367769 1125598582 -1204140021 -605053779 1215411711 1357213150
Phan tu dang xet A[12] = 782153732
Chen 782153732 vao vi tri k = 3
Mang sau khi xu ly: 1725646252 991527180 846929624 782153732 629216478 331207306 -199274293 -241711612 -387979447 -447180705 -1101526530 -1365835303 -1512238644 -1329987222 455144360 -690000779 -105918228 -204080126 1074671923 -1288899920 -892440441 -1683315463 -29999379 1570493678 -861859619 -1790012947 890873025 962507623 1924216443 1017602188 957056956 831545290 -1594774912 -480978094 -923333637 203930023 1774877892 477654259 -649097388 -575866209 -72129007 -13836530 -381300256 -1619644841 1939338575 295760180 -344171906 -1144012313 -687340134 399053877 579397771 -329616281 -1995367769 1125598582 -1204140021 -605053779 1215411711 1357213150

i = 13
Mang truoc khi xu ly: 1725646252 991527180 846929624 782153732 629216478 331207306 -199274293 -241711612 -387979447 -447180705 -1101526530 -1365835303 -1512238644 -1329987222 455144360 -690000779 -105918228 -204080126 1074671923 -1288899920 -892440441 -1683315463 -29999379 1570493678 -861859619 -1790012947 890873025 962507623 1924216443 1017602188 957056956 831545290 -1594774912 -480978094 -923333637 203930023 1774877892 477654259 -649097388 -575866209 -72129007 -13836530 -381300256 -1619644841 1939338575 295760180 -344171906 -1144012313 -687340134 399053877 579397771 -329616281 -1995367769 1125598582 -1204140021 -605053779 1215411711 1357213150
Phan tu dang xet A[13] = -1329987222
Chen -1329987222 vao vi tri k = 11
Mang sau khi xu ly: 1725646252 991527180 846929624 782153732 629216478 331207306 -199274293 -241711612 -387979447 -447180705 -1101526530 -1329987222 -1365835303 -1512238644 455144360 -690000779 -105918228 -204080126 1074671923 -1288899920 -892440441 -1683315463 -29999379 1570493678 -861859619 -1790012947 890873025 962507623 1924216443 1017602188 957056956 831545290 -1594774912 -480978094 -923333637 203930023 1774877892 477654259 -649097388 -575866209 -72129007 -13836530 -381300256 -1619644841 1939338575 295760180 -344171906 -1144012313 -687340134 399053877 579397771 -329616281 -1995367769 1125598582 -1204140021 -605053779 1215411711 1357213150

i = 14
Mang truoc khi xu ly: 1725646252 991527180 846929624 782153732 629216478 331207306 -199274293 -241711612 -387979447 -447180705 -1101526530 -1329987222 -1365835303 -1512238644 455144360 -690000779 -105918228 -204080126 1074671923 -1288899920 -892440441 -1683315463 -29999379 1570493678 -861859619 -1790012947 890873025 962507623 1924216443 1017602188 957056956 831545290 -1594774912 -480978094 -923333637 203930023 1774877892 477654259 -649097388 -575866209 -72129007 -13836530 -381300256 -1619644841 1939338575 295760180 -344171906 -1144012313 -687340134 399053877 579397771 -329616281 -1995367769 1125598582 -1204140021 -605053779 1215411711 1357213150
Phan tu dang xet A[14] = 455144360
Chen 455144360 vao vi tri k = 5
Mang sau khi xu ly: 1725646252 991527180 846929624 782153732 629216478 455144360 331207306 -199274293 -241711612 -387979447 -447180705 -1101526530 -1329987222 -1365835303 -1512238644 -690000779 -105918228 -204080126 1074671923 -1288899920 -892440441 -1683315463 -29999379 1570493678 -861859619 -1790012947 890873025 962507623 1924216443 1017602188 957056956 831545290 -1594774912 -480978094 -923333637 203930023 1774877892 477654259 -649097388 -575866209 -72129007 -13836530 -381300256 -1619644841 1939338575 295760180 -344171906 -1144012313 -687340134 399053877 579397771 -329616281 -1995367769 1125598582 -1204140021 -605053779 1215411711 1357213150

i = 15
Mang truoc khi xu ly: 1725646252 991527180 846929624 782153732 629216478 455144360 331207306 -199274293 -241711612 -387979447 -447180705 -1101526530 -1329987222 -1365835303 -1512238644 -690000779 -105918228 -204080126 1074671923 -1288899920 -892440441 -1683315463 -29999379 1570493678 -861859619 -1790012947 890873025 962507623 1924216443 1017602188 957056956 831545290 -1594774912 -480978094 -923333637 203930023 1774877892 477654259 -649097388 -575866209 -72129007 -13836530 -381300256 -1619644841 1939338575 295760180 -344171906 -1144012313 -687340134 399053877 579397771 -329616281 -1995367769 1125598582 -1204140021 -605053779 1215411711 1357213150
Phan tu dang xet A[15] = -690000779
Chen -690000779 vao vi tri k = 11
Mang sau khi xu ly: 1725646252 991527180 846929624 782153732 629216478 455144360 331207306 -199274293 -241711612 -387979447 -447180705 -690000779 -1101526530 -1329987222 -1365835303 -1512238644 -105918228 -204080126 1074671923 -1288899920 -892440441 -1683315463 -29999379 1570493678 -861859619 -1790012947 890873025 962507623 1924216443 1017602188 957056956 831545290 -1594774912 -480978094 -923333637 203930023 1774877892 477654259 -649097388 -575866209 -72129007 -13836530 -381300256 -1619644841 1939338575 295760180 -344171906 -1144012313 -687340134 399053877 579397771 -329616281 -1995367769 1125598582 -1204140021 -605053779 1215411711 1357213150

i = 16
Mang truoc khi xu ly: 1725646252 991527180 846929624 782153732 629216478 455144360 331207306 -199274293 -241711612 -387979447 -447180705 -690000779 -1101526530 -1329987222 -1365835303 -1512238644 -105918228 -204080126 1074671923 -1288899920 -892440441 -1683315463 -29999379 1570493678 -861859619 -1790012947 890873025 962507623 1924216443 1017602188 957056956 831545290 -1594774912 -480978094 -923333637 203930023 1774877892 477654259 -649097388 -575866209 -72129007 -13836530 -381300256 -1619644841 1939338575 295760180 -344171906 -1144012313 -687340134 399053877 579397771 -329616281 -1995367769 1125598582 -1204140021 -605053779 1215411711 1357213150
Phan tu dang xet A[16] = -105918228
Chen -105918228 vao vi tri k = 7
Mang sau khi xu ly: 1725646252 991527180 846929624 782153732 629216478 455144360 331207306 -105918228 -199274293 -241711612 -387979447 -447180705 -690000779 -1101526530 -1329987222 -1365835303 -1512238644 -204080126 1074671923 -1288899920 -892440441 -1683315463 -29999379 1570493678 -861859619 -1790012947 890873025 962507623 1924216443 1017602188 957056956 831545290 -1594774912 -480978094 -923333637 203930023 1774877892 477654259 -649097388 -575866209 -72129007 -13836530 -381300256 -1619644841 1939338575 295760180 -344171906 -1144012313 -687340134 399053877 579397771 -329616281 -1995367769 1125598582 -1204140021 -605053779 1215411711 1357213150

i = 17
Mang truoc khi xu ly: 1725646252 991527180 846929624 782153732 629216478 455144360 331207306 -105918228 -199274293 -241711612 -387979447 -447180705 -690000779 -1101526530 -1329987222 -1365835303 -1512238644 -204080126 1074671923 -1288899920 -892440441 -1683315463 -29999379 1570493678 -861859619 -1790012947 890873025 962507623 1924216443 1017602188 957056956 831545290 -1594774912 -480978094 -923333637 203930023 1774877892 477654259 -649097388 -575866209 -72129007 -13836530 -381300256 -1619644841 1939338575 295760180 -344171906 -1144012313 -687340134 399053877 579397771 -329616281 -1995367769 1125598582 -1204140021 -605053779 1215411711 1357213150
Phan tu dang xet A[17] = -204080126
Chen -204080126 vao vi tri k = 9
Mang sau khi xu ly: 1725646252 991527180 846929624 782153732 629216478 455144360 331207306 -105918228 -199274293 -204080126 -241711612 -387979447 -447180705 -690000779 -1101526530 -1329987222 -1365835303 -1512238644 1074671923 -1288899920 -892440441 -1683315463 -29999379 1570493678 -861859619 -1790012947 890873025 962507623 1924216443 1017602188 957056956 831545290 -1594774912 -480978094 -923333637 203930023 1774877892 477654259 -649097388 -575866209 -72129007 -13836530 -381300256 -1619644841 1939338575 295760180 -344171906 -1144012313 -687340134 399053877 579397771 -329616281 -1995367769 1125598582 -1204140021 -605053779 1215411711 1357213150

i = 18
Mang truoc khi xu ly: 1725646252 991527180 846929624 782153732 629216478 455144360 331207306 -105918228 -199274293 -204080126 -241711612 -387979447 -447180705 -690000779 -1101526530 -1329987222 -1365835303 -1512238644 1074671923 -1288899920 -892440441 -1683315463 -29999379 1570493678 -861859619 -1790012947 890873025 962507623 1924216443 1017602188 957056956 831545290 -1594774912 -480978094 -923333637 203930023 1774877892 477654259 -649097388 -575866209 -72129007 -13836530 -381300256 -1619644841 1939338575 295760180 -344171906 -1144012313 -687340134 399053877 579397771 -329616281 -1995367769 1125598582 -1204140021 -605053779 1215411711 1357213150
Phan tu dang xet A[18] = 1074671923
Chen 1074671923 vao vi tri k = 1
Mang sau khi xu ly: 1725646252 1074671923 991527180 846929624 782153732 629216478 455144360 331207306 -105918228 -199274293 -204080126 -241711612 -387979447 -447180705 -690000779 -1101526530 -1329987222 -1365835303 -1512238644 -1288899920 -892440441 -1683315463 -29999379 1570493678 -861859619 -1790012947 890873025 962507623 1924216443 1017602188 957056956 831545290 -1594774912 -480978094 -923333637 203930023 1774877892 477654259 -649097388 -575866209 -72129007 -13836530 -381300256 -1619644841 1939338575 295760180 -344171906 -1144012313 -687340134 399053877 579397771 -329616281 -1995367769 1125598582 -1204140021 -605053779 1215411711 1357213150

i = 19
Mang truoc khi xu ly: 1725646252 1074671923 991527180 846929624 782153732 629216478 455144360 331207306 -105918228 -199274293 -204080126 -241711612 -387979447 -447180705 -690000779 -1101526530 -1329987222 -1365835303 -1512238644 -1288899920 -892440441 -1683315463 -29999379 1570493678 -861859619 -1790012947 890873025 962507623 1924216443 1017602188 957056956 831545290 -1594774912 -480978094 -923333637 203930023 1774877892 477654259 -649097388 -575866209 -72129007 -13836530 -381300256 -1619644841 1939338575 295760180 -344171906 -1144012313 -687340134 399053877 579397771 -329616281 -1995367769 1125598582 -1204140021 -605053779 1215411711 1357213150
Phan tu dang xet A[19] = -1288899920
Chen -1288899920 vao vi tri k = 16
Mang sau khi xu ly: 1725646252 1074671923 991527180 846929624 782153732 629216478 455144360 331207306 -105918228 -199274293 -204080126 -241711612 -387979447 -447180705 -690000779 -1101526530 -1288899920 -1329987222 -1365835303 -1512238644 -892440441 -1683315463 -29999379 1570493678 -861859619 -1790012947 890873025 962507623 1924216443 1017602188 957056956 831545290 -1594774912 -480978094 -923333637 203930023 1774877892 477654259 -649097388 -575866209 -72129007 -13836530 -381300256 -1619644841 1939338575 295760180 -344171906 -1144012313 -687340134 399053877 579397771 -329616281 -1995367769 1125598582 -1204140021 -605053779 1215411711 1357213150

i = 20
Mang truoc khi xu ly: 1725646252 1074671923 991527180 846929624 782153732 629216478 455144360 331207306 -105918228 -199274293 -204080126 -241711612 -387979447 -447180705 -690000779 -1101526530 -1288899920 -1329987222 -1365835303 -1512238644 -892440441 -1683315463 -29999379 1570493678 -861859619 -1790012947 890873025 962507623 1924216443 1017602188 957056956 831545290 -1594774912 -480978094 -923333637 203930023 1774877892 477654259 -649097388 -575866209 -72129007 -13836530 -381300256 -1619644841 1939338575 295760180 -344171906 -1144012313 -687340134 399053877 579397771 -329616281 -1995367769 1125598582 -1204140021 -605053779 1215411711 1357213150
Phan tu dang xet A[20] = -892440441
Chen -892440441 vao vi tri k = 15
Mang sau khi xu ly: 1725646252 1074671923 991527180 846929624 782153732 629216478 455144360 331207306 -105918228 -199274293 -204080126 -241711612 -387979447 -447180705 -690000779 -892440441 -1101526530 -1288899920 -1329987222 -1365835303 -1512238644 -1683315463 -29999379 1570493678 -861859619 -1790012947 890873025 962507623 1924216443 1017602188 957056956 831545290 -1594774912 -480978094 -923333637 203930023 1774877892 477654259 -649097388 -575866209 -72129007 -13836530 -381300256 -1619644841 1939338575 295760180 -344171906 -1144012313 -687340134 399053877 579397771 -329616281 -1995367769 1125598582 -1204140021 -605053779 1215411711 1357213150

i = 21
Mang truoc khi xu ly: 1725646252 1074671923 991527180 846929624 782153732 629216478 455144360 331207306 -105918228 -199274293 -204080126 -241711612 -387979447 -447180705 -690000779 -892440441 -1101526530 -1288899920 -1329987222 -1365835303 -1512238644 -1683315463 -29999379 1570493678 -861859619 -1790012947 890873025 962507623 1924216443 1017602188 957056956 831545290 -1594774912 -480978094 -923333637 203930023 1774877892 477654259 -649097388 -575866209 -72129007 -13836530 -381300256 -1619644841 1939338575 295760180 -344171906 -1144012313 -687340134 399053877 579397771 -329616281 -1995367769 1125598582 -1204140021 -605053779 1215411711 1357213150
Phan tu dang xet A[21] = -1683315463
Chen -1683315463 vao vi tri k = 21
Mang sau khi xu ly: 1725646252 1074671923 991527180 846929624 782153732 629216478 455144360 331207306 -105918228 -199274293 -204080126 -241711612 -387979447 -447180705 -690000779 -892440441 -1101526530 -1288899920 -1329987222 -1365835303 -1512238644 -1683315463 -29999379 1570493678 -861859619 -1790012947 890873025 962507623 1924216443 1017602188 957056956 831545290 -1594774912 -480978094 -923333637 203930023 1774877892 477654259 -649097388 -575866209 -72129007 -13836530 -381300256 -1619644841 1939338575 295760180 -344171906 -1144012313 -687340134 399053877 579397771 -329616281 -1995367769 1125598582 -1204140021 -605053779 1215411711 1357213150

i = 22
Mang truoc khi xu ly: 1725646252 1074671923 991527180 846929624 782153732 629216478 455144360 331207306 -105918228 -199274293 -204080126 -241711612 -387979447 -447180705 -690000779 -892440441 -1101526530 -1288899920 -1329987222 -1365835303 -1512238644 -1683315463 -29999379 1570493678 -861859619 -1790012947 890873025 962507623 1924216443 1017602188 957056956 831545290 -1594774912 -480978094 -923333637 203930023 1774877892 477654259 -649097388 -575866209 -72129007 -13836530 -381300256 -1619644841 1939338575 295760180 -344171906 -1144012313 -687340134 399053877 579397771 -329616281 -1995367769 1125598582 -1204140021 -605053779 1215411711 1357213150
Phan tu dang xet A[22] = -29999379
Chen -29999379 vao vi tri k = 8
Mang sau khi xu ly: 1725646252 1074671923 991527180 846929624 782153732 629216478 455144360 331207306 -29999379 -105918228 -199274293 -204080126 -241711612 -387979447 -447180705 -690000779 -892440441 -1101526530 -1288899920 -1329987222 -1365835303 -1512238644 -1683315463 1570493678 -861859619 -1790012947 890873025 962507623 1924216443 1017602188 957056956 831545290 -1594774912 -480978094 -923333637 203930023 1774877892 477654259 -649097388 -575866209 -72129007 -13836530 -381300256 -1619644841 1939338575 295760180 -344171906 -1144012313 -687340134 399053877 579397771 -329616281 -1995367769 1125598582 -1204140021 -605053779 1215411711 1357213150

i = 23
Mang truoc khi xu ly: 1725646252 1074671923 991527180 846929624 782153732 629216478 455144360 331207306 -29999379 -105918228 -199274293 -204080126 -241711612 -387979447 -447180705 -690000779 -892440441 -1101526530 -1288899920 -1329987222 -1365835303 -1512238644 -1683315463 1570493678 -861859619 -1790012947 890873025 962507623 1924216443 1017602188 957056956 831545290 -1594774912 -480978094 -923333637 203930023 1774877892 477654259 -649097388 -575866209 -72129007 -13836530 -381300256 -1619644841 1939338575 295760180 -344171906 -1144012313 -687340134 399053877 579397771 -329616281 -1995367769 1125598582 -1204140021 -605053779 1215411711 1357213150
Phan tu dang xet A[23] = 1570493678
Chen 1570493678 vao vi tri k = 1
Mang sau khi xu ly: 1725646252 1570493678 1074671923 991527180 846929624 782153732 629216478 455144360 331207306 -29999379 -105918228 -199274293 -204080126 -241711612 -387979447 -447180705 -690000779 -892440441 -1101526530 -1288899920 -1329987222 -1365835303 -1512238644 -1683315463 -861859619 -1790012947 890873025 962507623 1924216443 1017602188 957056956 831545290 -1594774912 -480978094 -923333637 203930023 1774877892 477654259 -649097388 -575866209 -72129007 -13836530 -381300256 -1619644841 1939338575 295760180 -344171906 -1144012313 -687340134 399053877 579397771 -329616281 -1995367769 1125598582 -1204140021 -605053779 1215411711 1357213150

i = 24
Mang truoc khi xu ly: 1725646252 1570493678 1074671923 991527180 846929624 782153732 629216478 455144360 331207306 -29999379 -105918228 -199274293 -204080126 -241711612 -387979447 -447180705 -690000779 -892440441 -1101526530 -1288899920 -1329987222 -1365835303 -1512238644 -1683315463 -861859619 -1790012947 890873025 962507623 1924216443 1017602188 957056956 831545290 -1594774912 -480978094 -923333637 203930023 1774877892 477654259 -649097388 -575866209 -72129007 -13836530 -381300256 -1619644841 1939338575 295760180 -344171906 -1144012313 -687340134 399053877 579397771 -329616281 -1995367769 1125598582 -1204140021 -605053779 1215411711 1357213150
Phan tu dang xet A[24] = -861859619
Chen -861859619 vao vi tri k = 17
Mang sau khi xu ly: 1725646252 1570493678 1074671923 991527180 846929624 782153732 629216478 455144360 331207306 -29999379 -105918228 -199274293 -204080126 -241711612 -387979447 -447180705 -690000779 -861859619 -892440441 -1101526530 -1288899920 -1329987222 -1365835303 -1512238644 -1683315463 -1790012947 890873025 962507623 1924216443 1017602188 957056956 831545290 -1594774912 -480978094 -923333637 203930023 1774877892 477654259 -649097388 -575866209 -72129007 -13836530 -381300256 -1619644841 1939338575 295760180 -344171906 -1144012313 -687340134 399053877 579397771 -329616281 -1995367769 1125598582 -1204140021 -605053779 1215411711 1357213150

i = 25
Mang truoc khi xu ly: 1725646252 1570493678 1074671923 991527180 846929624 782153732 629216478 455144360 331207306 -29999379 -105918228 -199274293 -204080126 -241711612 -387979447 -447180705 -690000779 -861859619 -892440441 -1101526530 -1288899920 -1329987222 -1365835303 -1512238644 -1683315463 -1790012947 890873025 962507623 1924216443 1017602188 957056956 831545290 -1594774912 -480978094 -923333637 203930023 1774877892 477654259 -649097388 -575866209 -72129007 -13836530 -381300256 -1619644841 1939338575 295760180 -344171906 -1144012313 -687340134 399053877 579397771 -329616281 -1995367769 1125598582 -1204140021 -605053779 1215411711 1357213150
Phan tu dang xet A[25] = -1790012947
Chen -1790012947 vao vi tri k = 25
Mang sau khi xu ly: 1725646252 1570493678 1074671923 991527180 846929624 782153732 629216478 455144360 331207306 -29999379 -105918228 -199274293 -204080126 -241711612 -387979447 -447180705 -690000779 -861859619 -892440441 -1101526530 -1288899920 -1329987222 -1365835303 -1512238644 -1683315463 -1790012947 890873025 962507623 1924216443 1017602188 957056956 831545290 -1594774912 -480978094 -923333637 203930023 1774877892 477654259 -649097388 -575866209 -72129007 -13836530 -381300256 -1619644841 1939338575 295760180 -344171906 -1144012313 -687340134 399053877 579397771 -329616281 -1995367769 1125598582 -1204140021 -605053779 1215411711 1357213150

i = 26
Mang truoc khi xu ly: 1725646252 1570493678 1074671923 991527180 846929624 782153732 629216478 455144360 331207306 -29999379 -105918228 -199274293 -204080126 -241711612 -387979447 -447180705 -690000779 -861859619 -892440441 -1101526530 -1288899920 -1329987222 -1365835303 -1512238644 -1683315463 -1790012947 890873025 962507623 1924216443 1017602188 957056956 831545290 -1594774912 -480978094 -923333637 203930023 1774877892 477654259 -649097388 -575866209 -72129007 -13836530 -381300256 -1619644841 1939338575 295760180 -344171906 -1144012313 -687340134 399053877 579397771 -329616281 -1995367769 1125598582 -1204140021 -605053779 1215411711 1357213150
Phan tu dang xet A[26] = 890873025
Chen 890873025 vao vi tri k = 4
Mang sau khi xu ly: 1725646252 1570493678 1074671923 991527180 890873025 846929624 782153732 629216478 455144360 331207306 -29999379 -105918228 -199274293 -204080126 -241711612 -387979447 -447180705 -690000779 -861859619 -892440441 -1101526530 -1288899920 -1329987222 -1365835303 -1512238644 -1683315463 -1790012947 962507623 1924216443 1017602188 957056956 831545290 -1594774912 -480978094 -923333637 203930023 1774877892 477654259 -649097388 -575866209 -72129007 -13836530 -381300256 -1619644841 1939338575 295760180 -344171906 -1144012313 -687340134 399053877 579397771 -329616281 -1995367769 1125598582 -1204140021 -605053779 1215411711 1357213150

i = 27
Mang truoc khi xu ly: 1725646252 1570493678 1074671923 991527180 890873025 846929624 782153732 629216478 455144360 331207306 -29999379 -105918228 -199274293 -204080126 -241711612 -387979447 -447180705 -690000779 -861859619 -892440441 -1101526530 -1288899920 -1329987222 -1365835303 -1512238644 -1683315463 -1790012947 962507623 1924216443 1017602188 957056956 831545290 -1594774912 -480978094 -923333637 203930023 1774877892 477654259 -649097388 -575866209 -72129007 -13836530 -381300256 -1619644841 1939338575 295760180 -344171906 -1144012313 -687340134 399053877 579397771 -329616281 -1995367769 1125598582 -1204140021 -605053779 1215411711 1357213150
Phan tu dang xet A[27] = 962507623
Chen 962507623 vao vi tri k = 4
Mang sau khi xu ly: 1725646252 1570493678 1074671923 991527180 962507623 890873025 846929624 782153732 629216478 455144360 331207306 -29999379 -105918228 -199274293 -204080126 -241711612 -387979447 -447180705 -690000779 -861859619 -892440441 -1101526530 -1288899920 -1329987222 -1365835303 -1512238644 -1683315463 -1790012947 1924216443 1017602188 957056956 831545290 -1594774912 -480978094 -923333637 203930023 1774877892 477654259 -649097388 -575866209 -72129007 -13836530 -381300256 -1619644841 1939338575 295760180 -344171906 -1144012313 -687340134 399053877 579397771 -329616281 -1995367769 1125598582 -1204140021 -605053779 1215411711 1357213150

i = 28
Mang truoc khi xu ly: 1725646252 1570493678 1074671923 991527180 962507623 890873025 846929624 782153732 629216478 455144360 331207306 -29999379 -105918228 -199274293 -204080126 -241711612 -387979447 -447180705 -690000779 -861859619 -892440441 -1101526530 -1288899920 -1329987222 -1365835303 -1512238644 -1683315463 -1790012947 1924216443 1017602188 957056956 831545290 -1594774912 -480978094 -923333637 203930023 1774877892 477654259 -649097388 -575866209 -72129007 -13836530 -381300256 -1619644841 1939338575 295760180 -344171906 -1144012313 -687340134 399053877 579397771 -329616281 -1995367769 1125598582 -1204140021 -605053779 1215411711 1357213150
Phan tu dang xet A[28] = 1924216443
Chen 1924216443 vao vi tri k = 0
Mang sau khi xu ly: 1924216443 1725646252 1570493678 1074671923 991527180 962507623 890873025 846929624 782153732 629216478 455144360 331207306 -29999379 -105918228 -199274293 -204080126 -241711612 -387979447 -447180705 -690000779 -861859619 -892440441 -1101526530 -1288899920 -1329987222 -1365835303 -1512238644 -1683315463 -1790012947 1017602188 957056956 831545290 -1594774912 -480978094 -923333637 203930023 1774877892 477654259 -649097388 -575866209 -72129007 -13836530 -381300256 -1619644841 1939338575 295760180 -344171906 -1144012313 -687340134 399053877 579397771 -329616281 -1995367769 1125598582 -1204140021 -605053779 1215411711 1357213150

i = 29
Mang truoc khi xu ly: 1924216443 1725646252 1570493678 1074671923 991527180 962507623 890873025 846929624 782153732 629216478 455144360 331207306 -29999379 -105918228 -199274293 -204080126 -241711612 -387979447 -447180705 -690000779 -861859619 -892440441 -1101526530 -1288899920 -1329987222 -1365835303 -1512238644 -1683315463 -1790012947 1017602188 957056956 831545290 -1594774912 -480978094 -923333637 203930023 1774877892 477654259 -649097388 -575866209 -72129007 -13836530 -381300256 -1619644841 1939338575 295760180 -344171906 -1144012313 -687340134 399053877 579397771 -329616281 -1995367769 1125598582 -1204140021 -605053779 1215411711 1357213150
Phan tu dang xet A[29] = 1017602188
Chen 1017602188 vao vi tri k = 4
Mang sau khi xu ly: 1924216443 1725646252 1570493678 1074671923 1017602188 991527180 962507623 890873025 846929624 782153732 629216478 455144360 331207306 -29999379 -105918228 -199274293 -204080126 -241711612 -387979447 -447180705 -690000779 -861859619 -892440441 -1101526530 -1288899920 -1329987222 -1365835303 -1512238644 -1683315463 -1790012947 957056956 831545290 -1594774912 -480978094 -923333637 203930023 1774877892 477654259 -649097388 -575866209 -72129007 -13836530 -381300256 -1619644841 1939338575 295760180 -344171906 -1144012313 -687340134 399053877 579397771 -329616281 -1995367769 1125598582 -1204140021 -605053779 1215411711 1357213150

i = 30
Mang truoc khi xu ly: 1924216443 1725646252 1570493678 1074671923 1017602188 991527180 962507623 890873025 846929624 782153732 629216478 455144360 331207306 -29999379 -105918228 -199274293 -204080126 -241711612 -387979447 -447180705 -690000779 -861859619 -892440441 -1101526530 -1288899920 -1329987222 -1365835303 -1512238644 -1683315463 -1790012947 957056956 831545290 -1594774912 -480978094 -923333637 203930023 1774877892 477654259 -649097388 -575866209 -72129007 -13836530 -381300256 -1619644841 1939338575 295760180 -344171906 -1144012313 -687340134 399053877 579397771 -329616281 -1995367769 1125598582 -1204140021 -605053779 1215411711 1357213150
Phan tu dang xet A[30] = 957056956
Chen 957056956 vao vi tri k = 7
Mang sau khi xu ly: 1924216443 1725646252 1570493678 1074671923 1017602188 991527180 962507623 957056956 890873025 846929624 782153732 629216478 455144360 331207306 -29999379 -105918228 -199274293 -204080126 -241711612 -387979447 -447180705 -690000779 -861859619 -892440441 -1101526530 -1288899920 -1329987222 -1365835303 -1512238644 -1683315463 -1790012947 831545290 -1594774912 -480978094 -923333637 203930023 1774877892 477654259 -649097388 -575866209 -72129007 -13836530 -381300256 -1619644841 1939338575 295760180 -344171906 -1144012313 -687340134 399053877 579397771 -329616281 -1995367769 1125598582 -1204140021 -605053779 1215411711 1357213150

i = 31
Mang truoc khi xu ly: 1924216443 1725646252 1570493678 1074671923 1017602188 991527180 962507623 957056956 890873025 846929624 782153732 629216478 455144360 331207306 -29999379 -105918228 -199274293 -204080126 -241711612 -387979447 -447180705 -690000779 -861859619 -892440441 -1101526530 -1288899920 -1329987222 -1365835303 -1512238644 -1683315463 -1790012947 831545290 -1594774912 -480978094 -923333637 203930023 1774877892 477654259 -649097388 -575866209 -72129007 -13836530 -381300256 -1619644841 1939338575 295760180 -344171906 -1144012313 -687340134 399053877 579397771 -329616281 -1995367769 1125598582 -1204140021 -605053779 1215411711 1357213150
Phan tu dang xet A[31] = 831545290
Chen 831545290 vao vi tri k = 10
Mang sau khi xu ly: 1924216443 1725646252 1570493678 1074671923 1017602188 991527180 962507623 957056956 890873025 846929624 831545290 782153732 629216478 455144360 331207306 -29999379 -105918228 -199274293 -204080126 -241711612 -387979447 -447180705 -690000779 -861859619 -892440441 -1101526530 -1288899920 -1329987222 -1365835303 -1512238644 -1683315463 -1790012947 -1594774912 -480978094 -923333637 203930023 1774877892 477654259 -649097388 -575866209 -72129007 -13836530 -381300256 -1619644841 1939338575 295760180 -344171906 -1144012313 -687340134 399053877 579397771 -329616281 -1995367769 1125598582 -1204140021 -605053779 1215411711 1357213150

i = 32
Mang truoc khi xu ly: 1924216443 1725646252 1570493678 1074671923 1017602188 991527180 962507623 957056956 890873025 846929624 831545290 782153732 629216478 455144360 331207306 -29999379 -105918228 -199274293 -204080126 -241711612 -387979447 -447180705 -690000779 -861859619 -892440441 -1101526530 -1288899920 -1329987222 -1365835303 -1512238644 -1683315463 -1790012947 -1594774912 -480978094 -923333637 203930023 1774877892 477654259 -649097388 -575866209 -72129007 -13836530 -381300256 -1619644841 1939338575 295760180 -344171906 -1144012313 -687340134 399053877 579397771 -329616281 -1995367769 1125598582 -1204140021 -605053779 1215411711 1357213150
Phan tu dang xet A[32] = -1594774912
Chen -1594774912 vao vi tri k = 30
Mang sau khi xu ly: 1924216443 1725646252 1570493678 1074671923 1017602188 991527180 962507623 957056956 890873025 846929624 831545290 782153732 629216478 455144360 331207306 -29999379 -105918228 -199274293 -204080126 -241711612 -387979447 -447180705 -690000779 -861859619 -892440441 -1101526530 -1288899920 -1329987222 -1365835303 -1512238644 -1594774912 -1683315463 -1790012947 -480978094 -923333637 203930023 1774877892 477654259 -649097388 -575866209 -72129007 -13836530 -381300256 -1619644841 1939338575 295760180 -344171906 -1144012313 -687340134 399053877 579397771 -329616281 -1995367769 1125598582 -1204140021 -605053779 1215411711 1357213150

i = 33
Mang truoc khi xu ly: 1924216443 1725646252 1570493678 1074671923 1017602188 991527180 962507623 957056956 890873025 846929624 831545290 782153732 629216478 455144360 331207306 -29999379 -105918228 -199274293 -204080126 -241711612 -387979447 -447180705 -690000779 -861859619 -892440441 -1101526530 -1288899920 -1329987222 -1365835303 -1512238644 -1594774912 -1683315463 -1790012947 -480978094 -923333637 203930023 1774877892 477654259 -649097388 -575866209 -72129007 -13836530 -381300256 -1619644841 1939338575 295760180 -344171906 -1144012313 -687340134 399053877 579397771 -329616281 -1995367769 1125598582 -1204140021 -605053779 1215411711 1357213150
Phan tu dang xet A[33] = -480978094
Chen -480978094 vao vi tri k = 22
Mang sau khi xu ly: 1924216443 1725646252 1570493678 1074671923 1017602188 991527180 962507623 957056956 890873025 846929624 831545290 782153732 629216478 455144360 331207306 -29999379 -105918228 -199274293 -204080126 -241711612 -387979447 -447180705 -480978094 -690000779 -861859619 -892440441 -1101526530 -1288899920 -1329987222 -1365835303 -1512238644 -1594774912 -1683315463 -1790012947 -923333637 203930023 1774877892 477654259 -649097388 -575866209 -72129007 -13836530 -381300256 -1619644841 1939338575 295760180 -344171906 -1144012313 -687340134 399053877 579397771 -329616281 -1995367769 1125598582 -1204140021 -605053779 1215411711 1357213150

i = 34
Mang truoc khi xu ly: 1924216443 1725646252 1570493678 1074671923 1017602188 991527180 962507623 957056956 890873025 846929624 831545290 782153732 629216478 455144360 331207306 -29999379 -105918228 -199274293 -204080126 -241711612 -387979447 -447180705 -480978094 -690000779 -861859619 -892440441 -1101526530 -1288899920 -1329987222 -1365835303 -1512238644 -1594774912 -1683315463 -1790012947 -923333637 203930023 1774877892 477654259 -649097388 -575866209 -72129007 -13836530 -381300256 -1619644841 1939338575 295760180 -344171906 -1144012313 -687340134 399053877 579397771 -329616281 -1995367769 1125598582 -1204140021 -605053779 1215411711 1357213150
Phan tu dang xet A[34] = -923333637
Chen -923333637 vao vi tri k = 26
Mang sau khi xu ly: 1924216443 1725646252 1570493678 1074671923 1017602188 991527180 962507623 957056956 890873025 846929624 831545290 782153732 629216478 455144360 331207306 -29999379 -105918228 -199274293 -204080126 -241711612 -387979447 -447180705 -480978094 -690000779 -861859619 -892440441 -923333637 -1101526530 -1288899920 -1329987222 -1365835303 -1512238644 -1594774912 -1683315463 -1790012947 203930023 1774877892 477654259 -649097388 -575866209 -72129007 -13836530 -381300256 -1619644841 1939338575 295760180 -344171906 -1144012313 -687340134 399053877 579397771 -329616281 -1995367769 1125598582 -1204140021 -605053779 1215411711 1357213150

i = 35
Mang truoc khi xu ly: 1924216443 1725646252 1570493678 1074671923 1017602188 991527180 962507623 957056956 890873025 846929624 831545290 782153732 629216478 455144360 331207306 -29999379 -105918228 -199274293 -204080126 -241711612 -387979447 -447180705 -480978094 -690000779 -861859619 -892440441 -923333637 -1101526530 -1288899920 -1329987222 -1365835303 -1512238644 -1594774912 -1683315463 -1790012947 203930023 1774877892 477654259 -649097388 -575866209 -72129007 -13836530 -381300256 -1619644841 1939338575 295760180 -344171906 -1144012313 -687340134 399053877 579397771 -329616281 -1995367769 1125598582 -1204140021 -605053779 1215411711 1357213150
Phan tu dang xet A[35] = 203930023
Chen 203930023 vao vi tri k = 15
Mang sau khi xu ly: 1924216443 1725646252 1570493678 1074671923 1017602188 991527180 962507623 957056956 890873025 846929624 831545290 782153732 629216478 455144360 331207306 203930023 -29999379 -105918228 -199274293 -204080126 -241711612 -387979447 -447180705 -480978094 -690000779 -861859619 -892440441 -923333637 -1101526530 -1288899920 -1329987222 -1365835303 -1512238644 -1594774912 -1683315463 -1790012947 1774877892 477654259 -649097388 -575866209 -72129007 -13836530 -381300256 -1619644841 1939338575 295760180 -344171906 -1144012313 -687340134 399053877 579397771 -329616281 -1995367769 1125598582 -1204140021 -605053779 1215411711 1357213150

i = 36
Mang truoc khi xu ly: 1924216443 1725646252 1570493678 1074671923 1017602188 991527180 962507623 957056956 890873025 846929624 831545290 782153732 629216478 455144360 331207306 203930023 -29999379 -105918228 -199274293 -204080126 -241711612 -387979447 -447180705 -480978094 -690000779 -861859619 -892440441 -923333637 -1101526530 -1288899920 -1329987222 -1365835303 -1512238644 -1594774912 -1683315463 -1790012947 1774877892 477654259 -649097388 -575866209 -72129007 -13836530 -381300256 -1619644841 1939338575 295760180 -344171906 -1144012313 -687340134 399053877 579397771 -329616281 -1995367769 1125598582 -1204140021 -605053779 1215411711 1357213150
Phan tu dang xet A[36] = 1774877892
Chen 1774877892 vao vi tri k = 1
Mang sau khi xu ly: 1924216443 1774877892 1725646252 1570493678 1074671923 1017602188 991527180 962507623 957056956 890873025 846929624 831545290 782153732 629216478 455144360 331207306 203930023 -29999379 -105918228 -199274293 -204080126 -241711612 -387979447 -447180705 -480978094 -690000779 -861859619 -892440441 -923333637 -1101526530 -1288899920 -1329987222 -1365835303 -1512238644 -1594774912 -1683315463 -1790012947 477654259 -649097388 -575866209 -72129007 -13836530 -381300256 -1619644841 1939338575 295760180 -344171906 -1144012313 -687340134 399053877 579397771 -329616281 -1995367769 1125598582 -1204140021 -605053779 1215411711 1357213150

i = 37
Mang truoc khi xu ly: 1924216443 1774877892 1725646252 1570493678 1074671923 1017602188 991527180 962507623 957056956 890873025 846929624 831545290 782153732 629216478 455144360 331207306 203930023 -29999379 -105918228 -199274293 -204080126 -241711612 -387979447 -447180705 -480978094 -690000779 -861859619 -892440441 -923333637 -1101526530 -1288899920 -1329987222 -1365835303 -1512238644 -1594774912 -1683315463 -1790012947 477654259 -649097388 -575866209 -72129007 -13836530 -381300256 -1619644841 1939338575 295760180 -344171906 -1144012313 -687340134 399053877 579397771 -329616281 -1995367769 1125598582 -1204140021 -605053779 1215411711 1357213150
Phan tu dang xet A[37] = 477654259
Chen 477654259 vao vi tri k = 14
Mang sau khi xu ly: 1924216443 1774877892 1725646252 1570493678 1074671923 1017602188 991527180 962507623 957056956 890873025 846929624 831545290 782153732 629216478 477654259 455144360 331207306 203930023 -29999379 -105918228 -199274293 -204080126 -241711612 -387979447 -447180705 -480978094 -690000779 -861859619 -892440441 -923333637 -1101526530 -1288899920 -1329987222 -1365835303 -1512238644 -1594774912 -1683315463 -1790012947 -649097388 -575866209 -72129007 -13836530 -381300256 -1619644841 1939338575 295760180 -344171906 -1144012313 -687340134 399053877 579397771 -329616281 -1995367769 1125598582 -1204140021 -605053779 1215411711 1357213150

i = 38
Mang truoc khi xu ly: 1924216443 1774877892 1725646252 1570493678 1074671923 1017602188 991527180 962507623 957056956 890873025 846929624 831545290 782153732 629216478 477654259 455144360 331207306 203930023 -29999379 -105918228 -199274293 -204080126 -241711612 -387979447 -447180705 -480978094 -690000779 -861859619 -892440441 -923333637 -1101526530 -1288899920 -1329987222 -1365835303 -1512238644 -1594774912 -1683315463 -1790012947 -649097388 -575866209 -72129007 -13836530 -381300256 -1619644841 1939338575 295760180 -344171906 -1144012313 -687340134 399053877 579397771 -329616281 -1995367769 1125598582 -1204140021 -605053779 1215411711 1357213150
Phan tu dang xet A[38] = -649097388
Chen -649097388 vao vi tri k = 26
Mang sau khi xu ly: 1924216443 1774877892 1725646252 1570493678 1074671923 1017602188 991527180 962507623 957056956 890873025 846929624 831545290 782153732 629216478 477654259 455144360 331207306 203930023 -29999379 -105918228 -199274293 -204080126 -241711612 -387979447 -447180705 -480978094 -649097388 -690000779 -861859619 -892440441 -923333637 -1101526530 -1288899920 -1329987222 -1365835303 -1512238644 -1594774912 -1683315463 -1790012947 -575866209 -72129007 -13836530 -381300256 -1619644841 1939338575 295760180 -344171906 -1144012313 -687340134 399053877 579397771 -329616281 -1995367769 1125598582 -1204140021 -605053779 1215411711 1357213150

i = 39
Mang truoc khi xu ly: 1924216443 1774877892 1725646252 1570493678 1074671923 1017602188 991527180 962507623 957056956 890873025 846929624 831545290 782153732 629216478 477654259 455144360 331207306 203930023 -29999379 -105918228 -199274293 -204080126 -241711612 -387979447 -447180705 -480978094 -649097388 -690000779 -861859619 -892440441 -923333637 -1101526530 -1288899920 -1329987222 -1365835303 -1512238644 -1594774912 -1683315463 -1790012947 -575866209 -72129007 -13836530 -381300256 -1619644841 1939338575 295760180 -344171906 -1144012313 -687340134 399053877 579397771 -329616281 -1995367769 1125598582 -1204140021 -605053779 1215411711 1357213150
Phan tu dang xet A[39] = -575866209
Chen -575866209 vao vi tri k = 26
Mang sau khi xu ly: 1924216443 1774877892 1725646252 1570493678 1074671923 1017602188 991527180 962507623 957056956 890873025 846929624 831545290 782153732 629216478 477654259 455144360 331207306 203930023 -29999379 -105918228 -199274293 -204080126 -241711612 -387979447 -447180705 -480978094 -575866209 -649097388 -690000779 -861859619 -892440441 -923333637 -1101526530 -1288899920 -1329987222 -1365835303 -1512238644 -1594774912 -1683315463 -1790012947 -72129007 -13836530 -381300256 -1619644841 1939338575 295760180 -344171906 -1144012313 -687340134 399053877 579397771 -329616281 -1995367769 1125598582 -1204140021 -605053779 1215411711 1357213150

i = 40
Mang truoc khi xu ly: 1924216443 1774877892 1725646252 1570493678 1074671923 1017602188 991527180 962507623 957056956 890873025 846929624 831545290 782153732 629216478 477654259 455144360 331207306 203930023 -29999379 -105918228 -199274293 -204080126 -241711612 -387979447 -447180705 -480978094 -575866209 -649097388 -690000779 -861859619 -892440441 -923333637 -1101526530 -1288899920 -1329987222 -1365835303 -1512238644 -1594774912 -1683315463 -1790012947 -72129007 -13836530 -381300256 -1619644841 1939338575 295760180 -344171906 -1144012313 -687340134 399053877 579397771 -329616281 -1995367769 1125598582 -1204140021 -605053779 1215411711 1357213150
Phan tu dang xet A[40] = -72129007
Chen -72129007 vao vi tri k = 19
Mang sau khi xu ly: 1924216443 1774877892 1725646252 1570493678 1074671923 1017602188 991527180 962507623 957056956 890873025 846929624 831545290 782153732 629216478 477654259 455144360 331207306 203930023 -29999379 -72129007 -105918228 -199274293 -204080126 -241711612 -387979447 -447180705 -480978094 -575866209 -649097388 -690000779 -861859619 -892440441 -923333637 -1101526530 -1288899920 -1329987222 -1365835303 -1512238644 -1594774912 -1683315463 -1790012947 -13836530 -381300256 -1619644841 1939338575 295760180 -344171906 -1144012313 -687340134 399053877 579397771 -329616281 -1995367769 1125598582 -1204140021 -605053779 1215411711 1357213150

i = 41
Mang truoc khi xu ly: 1924216443 1774877892 1725646252 1570493678 1074671923 1017602188 991527180 962507623 957056956 890873025 846929624 831545290 782153732 629216478 477654259 455144360 331207306 203930023 -29999379 -72129007 -105918228 -199274293 -204080126 -241711612 -387979447 -447180705 -480978094 -575866209 -649097388 -690000779 -861859619 -892440441 -923333637 -1101526530 -1288899920 -1329987222 -1365835303 -1512238644 -1594774912 -1683315463 -1790012947 -13836530 -381300256 -1619644841 1939338575 295760180 -344171906 -1144012313 -687340134 399053877 579397771 -329616281 -1995367769 1125598582 -1204140021 -605053779 1215411711 1357213150
Phan tu dang xet A[41] = -13836530
Chen -13836530 vao vi tri k = 18
Mang sau khi xu ly: 1924216443 1774877892 1725646252 1570493678 1074671923 1017602188 991527180 962507623 957056956 890873025 846929624 831545290 782153732 629216478 477654259 455144360 331207306 203930023 -13836530 -29999379 -72129007 -105918228 -199274293 -204080126 -241711612 -387979447 -447180705 -480978094 -575866209 -649097388 -690000779 -861859619 -892440441 -923333637 -1101526530 -1288899920 -1329987222 -1365835303 -1512238644 -1594774912 -1683315463 -1790012947 -381300256 -1619644841 1939338575 295760180 -344171906 -1144012313 -687340134 399053877 579397771 -329616281 -1995367769 1125598582 -1204140021 -605053779 1215411711 1357213150

i = 42
Mang truoc khi xu ly: 1924216443 1774877892 1725646252 1570493678 1074671923 1017602188 991527180 962507623 957056956 890873025 846929624 831545290 782153732 629216478 477654259 455144360 331207306 203930023 -13836530 -29999379 -72129007 -105918228 -199274293 -204080126 -241711612 -387979447 -447180705 -480978094 -575866209 -649097388 -690000779 -861859619 -892440441 -923333637 -1101526530 -1288899920 -1329987222 -1365835303 -1512238644 -1594774912 -1683315463 -1790012947 -381300256 -1619644841 1939338575 295760180 -344171906 -1144012313 -687340134 399053877 579397771 -329616281 -1995367769 1125598582 -1204140021 -605053779 1215411711 1357213150
Phan tu dang xet A[42] = -381300256
Chen -381300256 vao vi tri k = 25
Mang sau khi xu ly: 1924216443 1774877892 1725646252 1570493678 1074671923 1017602188 991527180 962507623 957056956 890873025 846929624 831545290 782153732 629216478 477654259 455144360 331207306 203930023 -13836530 -29999379 -72129007 -105918228 -199274293 -204080126 -241711612 -381300256 -387979447 -447180705 -480978094 -575866209 -649097388 -690000779 -861859619 -892440441 -923333637 -1101526530 -1288899920 -1329987222 -1365835303 -1512238644 -1594774912 -1683315463 -1790012947 -1619644841 1939338575 295760180 -344171906 -1144012313 -687340134 399053877 579397771 -329616281 -1995367769 1125598582 -1204140021 -605053779 1215411711 1357213150

i = 43
Mang truoc khi xu ly: 1924216443 1774877892 1725646252 1570493678 1074671923 1017602188 991527180 962507623 957056956 890873025 846929624 831545290 782153732 629216478 477654259 455144360 331207306 203930023 -13836530 -29999379 -72129007 -105918228 -199274293 -204080126 -241711612 -381300256 -387979447 -447180705 -480978094 -575866209 -649097388 -690000779 -861859619 -892440441 -923333637 -1101526530 -1288899920 -1329987222 -1365835303 -1512238644 -1594774912 -1683315463 -1790012947 -1619644841 1939338575 295760180 -344171906 -1144012313 -687340134 399053877 579397771 -329616281 -1995367769 1125598582 -1204140021 -605053779 1215411711 1357213150
Phan tu dang xet A[43] = -1619644841
Chen -1619644841 vao vi tri k = 41
Mang sau khi xu ly: 1924216443 1774877892 1725646252 1570493678 1074671923 1017602188 991527180 962507623 957056956 890873025 846929624 831545290 782153732 629216478 477654259 455144360 331207306 203930023 -13836530 -29999379 -72129007 -105918228 -199274293 -204080126 -241711612 -381300256 -387979447 -447180705 -480978094 -575866209 -649097388 -690000779 -861859619 -892440441 -923333637 -1101526530 -1288899920 -1329987222 -1365835303 -1512238644 -1594774912 -1619644841 -1683315463 -1790012947 1939338575 295760180 -344171906 -1144012313 -687340134 399053877 579397771 -329616281 -1995367769 1125598582 -1204140021 -605053779 1215411711 1357213150

i = 44
Mang truoc khi xu ly: 1924216443 1774877892 1725646252 1570493678 1074671923 1017602188 991527180 962507623 957056956 890873025 846929624 831545290 782153732 629216478 477654259 455144360 331207306 203930023 -13836530 -29999379 -72129007 -105918228 -199274293 -204080126 -241711612 -381300256 -387979447 -447180705 -480978094 -575866209 -649097388 -690000779 -861859619 -892440441 -923333637 -1101526530 -1288899920 -1329987222 -1365835303 -1512238644 -1594774912 -1619644841 -1683315463 -1790012947 1939338575 295760180 -344171906 -1144012313 -687340134 399053877 579397771 -329616281 -1995367769 1125598582 -1204140021 -605053779 1215411711 1357213150
Phan tu dang xet A[44] = 1939338575
Chen 1939338575 vao vi tri k = 0
Mang sau khi xu ly: 1939338575 1924216443 1774877892 1725646252 1570493678 1074671923 1017602188 991527180 962507623 957056956 890873025 846929624 831545290 782153732 629216478 477654259 455144360 331207306 203930023 -13836530 -29999379 -72129007 -105918228 -199274293 -204080126 -241711612 -381300256 -387979447 -447180705 -480978094 -575866209 -649097388 -690000779 -861859619 -892440441 -923333637 -1101526530 -1288899920 -1329987222 -1365835303 -1512238644 -1594774912 -1619644841 -1683315463 -1790012947 295760180 -344171906 -1144012313 -687340134 399053877 579397771 -329616281 -1995367769 1125598582 -1204140021 -605053779 1215411711 1357213150

i = 45
Mang truoc khi xu ly: 1939338575 1924216443 1774877892 1725646252 1570493678 1074671923 1017602188 991527180 962507623 957056956 890873025 846929624 831545290 782153732 629216478 477654259 455144360 331207306 203930023 -13836530 -29999379 -72129007 -105918228 -199274293 -204080126 -241711612 -381300256 -387979447 -447180705 -480978094 -575866209 -649097388 -690000779 -861859619 -892440441 -923333637 -1101526530 -1288899920 -1329987222 -1365835303 -1512238644 -1594774912 -1619644841 -1683315463 -1790012947 295760180 -344171906 -1144012313 -687340134 399053877 579397771 -329616281 -1995367769 1125598582 -1204140021 -605053779 1215411711 1357213150
Phan tu dang xet A[45] = 295760180
Chen 295760180 vao vi tri k = 18
Mang sau khi xu ly: 1939338575 1924216443 1774877892 1725646252 1570493678 1074671923 1017602188 991527180 962507623 957056956 890873025 846929624 831545290 782153732 629216478 477654259 455144360 331207306 295760180 203930023 -13836530 -29999379 -72129007 -105918228 -199274293 -204080126 -241711612 -381300256 -387979447 -447180705 -480978094 -575866209 -649097388 -690000779 -861859619 -892440441 -923333637 -1101526530 -1288899920 -1329987222 -1365835303 -1512238644 -1594774912 -1619644841 -1683315463 -1790012947 -344171906 -1144012313 -687340134 399053877 579397771 -329616281 -1995367769 1125598582 -1204140021 -605053779 1215411711 1357213150

i = 46
Mang truoc khi xu ly: 1939338575 1924216443 1774877892 1725646252 1570493678 1074671923 1017602188 991527180 962507623 957056956 890873025 846929624 831545290 782153732 629216478 477654259 455144360 331207306 295760180 203930023 -13836530 -29999379 -72129007 -105918228 -199274293 -204080126 -241711612 -381300256 -387979447 -447180705 -480978094 -575866209 -649097388 -690000779 -861859619 -892440441 -923333637 -1101526530 -1288899920 -1329987222 -1365835303 -1512238644 -1594774912 -1619644841 -1683315463 -1790012947 -344171906 -1144012313 -687340134 399053877 579397771 -329616281 -1995367769 1125598582 -1204140021 -605053779 1215411711 1357213150
Phan tu dang xet A[46] = -344171906
Chen -344171906 vao vi tri k = 27
Mang sau khi xu ly: 1939338575 1924216443 1774877892 1725646252 1570493678 1074671923 1017602188 991527180 962507623 957056956 890873025 846929624 831545290 782153732 629216478 477654259 455144360 331207306 295760180 203930023 -13836530 -29999379 -72129007 -105918228 -199274293 -204080126 -241711612 -344171906 -381300256 -387979447 -447180705 -480978094 -575866209 -649097388 -690000779 -861859619 -892440441 -923333637 -1101526530 -1288899920 -1329987222 -1365835303 -1512238644 -1594774912 -1619644841 -1683315463 -1790012947 -1144012313 -687340134 399053877 579397771 -329616281 -1995367769 1125598582 -1204140021 -605053779 1215411711 1357213150

i = 47
Mang truoc khi xu ly: 1939338575 1924216443 1774877892 1725646252 1570493678 1074671923 1017602188 991527180 962507623 957056956 890873025 846929624 831545290 782153732 629216478 477654259 455144360 331207306 295760180 203930023 -13836530 -29999379 -72129007 -105918228 -199274293 -204080126 -241711612 -344171906 -381300256 -387979447 -447180705 -480978094 -575866209 -649097388 -690000779 -861859619 -892440441 -923333637 -1101526530 -1288899920 -1329987222 -1365835303 -1512238644 -1594774912 -1619644841 -1683315463 -1790012947 -1144012313 -687340134 399053877 579397771 -329616281 -1995367769 1125598582 -1204140021 -605053779 1215411711 1357213150
Phan tu dang xet A[47] = -1144012313
Chen -1144012313 vao vi tri k = 39
Mang sau khi xu ly: 1939338575 1924216443 1774877892 1725646252 1570493678 1074671923 1017602188 991527180 962507623 957056956 890873025 846929624 831545290 782153732 629216478 477654259 455144360 331207306 295760180 203930023 -13836530 -29999379 -72129007 -105918228 -199274293 -204080126 -241711612 -344171906 -381300256 -387979447 -447180705 -480978094 -575866209 -649097388 -690000779 -861859619 -892440441 -923333637 -1101526530 -1144012313 -1288899920 -1329987222 -1365835303 -1512238644 -1594774912 -1619644841 -1683315463 -1790012947 -687340134 399053877 579397771 -329616281 -1995367769 1125598582 -1204140021 -605053779 1215411711 1357213150

i = 48
Mang truoc khi xu ly: 1939338575 1924216443 1774877892 1725646252 1570493678 1074671923 1017602188 991527180 962507623 957056956 890873025 846929624 831545290 782153732 629216478 477654259 455144360 331207306 295760180 203930023 -13836530 -29999379 -72129007 -105918228 -199274293 -204080126 -241711612 -344171906 -381300256 -387979447 -447180705 -480978094 -575866209 -649097388 -690000779 -861859619 -892440441 -923333637 -1101526530 -1144012313 -1288899920 -1329987222 -1365835303 -1512238644 -1594774912 -1619644841 -1683315463 -1790012947 -687340134 399053877 579397771 -329616281 -1995367769 1125598582 -1204140021 -605053779 1215411711 1357213150
Phan tu dang xet A[48] = -687340134
Chen -687340134 vao vi tri k = 34
Mang sau khi xu ly: 1939338575 1924216443 1774877892 1725646252 1570493678 1074671923 1017602188 991527180 962507623 957056956 890873025 846929624 831545290 782153732 629216478 477654259 455144360 331207306 295760180 203930023 -13836530 -29999379 -72129007 -105918228 -199274293 -204080126 -241711612 -344171906 -381300256 -387979447 -447180705 -480978094 -575866209 -649097388 -687340134 -690000779 -861859619 -892440441 -923333637 -1101526530 -1144012313 -1288899920 -1329987222 -1365835303 -1512238644 -1594774912 -1619644841 -1683315463 -1790012947 399053877 579397771 -329616281 -1995367769 1125598582 -1204140021 -605053779 1215411711 1357213150

i = 49
Mang truoc khi xu ly: 1939338575 1924216443 1774877892 1725646252 1570493678 1074671923 1017602188 991527180 962507623 957056956 890873025 846929624 831545290 782153732 629216478 477654259 455144360 331207306 295760180 203930023 -13836530 -29999379 -72129007 -105918228 -199274293 -204080126 -241711612 -344171906 -381300256 -387979447 -447180705 -480978094 -575866209 -649097388 -687340134 -690000779 -861859619 -892440441 -923333637 -1101526530 -1144012313 -1288899920 -1329987222 -1365835303 -1512238644 -1594774912 -1619644841 -1683315463 -1790012947 399053877 579397771 -329616281 -1995367769 1125598582 -1204140021 -605053779 1215411711 1357213150
Phan tu dang xet A[49] = 399053877
Chen 399053877 vao vi tri k = 17
Mang sau khi xu ly: 1939338575 1924216443 1774877892 1725646252 1570493678 1074671923 1017602188 991527180 962507623 957056956 890873025 846929624 831545290 782153732 629216478 477654259 455144360 399053877 331207306 295760180 203930023 -13836530 -29999379 -72129007 -105918228 -199274293 -204080126 -241711612 -344171906 -381300256 -387979447 -447180705 -480978094 -575866209 -649097388 -687340134 -690000779 -861859619 -892440441 -923333637 -1101526530 -1144012313 -1288899920 -1329987222 -1365835303 -1512238644 -1594774912 -1619644841 -1683315463 -1790012947 579397771 -329616281 -1995367769 1125598582 -1204140021 -605053779 1215411711 1357213150

i = 50
Mang truoc khi xu ly: 1939338575 1924216443 1774877892 1725646252 1570493678 1074671923 1017602188 991527180 962507623 957056956 890873025 846929624 831545290 782153732 629216478 477654259 455144360 399053877 331207306 295760180 203930023 -13836530 -29999379 -72129007 -105918228 -199274293 -204080126 -241711612 -344171906 -381300256 -387979447 -447180705 -480978094 -575866209 -649097388 -687340134 -690000779 -861859619 -892440441 -923333637 -1101526530 -1144012313 -1288899920 -1329987222 -1365835303 -1512238644 -1594774912 -1619644841 -1683315463 -1790012947 579397771 -329616281 -1995367769 1125598582 -1204140021 -605053779 1215411711 1357213150
Phan tu dang xet A[50] = 579397771
Chen 579397771 vao vi tri k = 15
Mang sau khi xu ly: 1939338575 1924216443 1774877892 1725646252 1570493678 1074671923 1017602188 991527180 962507623 957056956 890873025 846929624 831545290 782153732 629216478 579397771 477654259 455144360 399053877 331207306 295760180 203930023 -13836530 -29999379 -72129007 -105918228 -199274293 -204080126 -241711612 -344171906 -381300256 -387979447 -447180705 -480978094 -575866209 -649097388 -687340134 -690000779 -861859619 -892440441 -923333637 -1101526530 -1144012313 -1288899920 -1329987222 -1365835303 -1512238644 -1594774912 -1619644841 -1683315463 -1790012947 -329616281 -1995367769 1125598582 -1204140021 -605053779 1215411711 1357213150

i = 51
Mang truoc khi xu ly: 1939338575 1924216443 1774877892 1725646252 1570493678 1074671923 1017602188 991527180 962507623 957056956 890873025 846929624 831545290 782153732 629216478 579397771 477654259 455144360 399053877 331207306 295760180 203930023 -13836530 -29999379 -72129007 -105918228 -199274293 -204080126 -241711612 -344171906 -381300256 -387979447 -447180705 -480978094 -575866209 -649097388 -687340134 -690000779 -861859619 -892440441 -923333637 -1101526530 -1144012313 -1288899920 -1329987222 -1365835303 -1512238644 -1594774912 -1619644841 -1683315463 -1790012947 -329616281 -1995367769 1125598582 -1204140021 -605053779 1215411711 1357213150
Phan tu dang xet A[51] = -329616281
Chen -329616281 vao vi tri k = 29
Mang sau khi xu ly: 1939338575 1924216443 1774877892 1725646252 1570493678 1074671923 1017602188 991527180 962507623 957056956 890873025 846929624 831545290 782153732 629216478 579397771 477654259 455144360 399053877 331207306 295760180 203930023 -13836530 -29999379 -72129007 -105918228 -199274293 -204080126 -241711612 -329616281 -344171906 -381300256 -387979447 -447180705 -480978094 -575866209 -649097388 -687340134 -690000779 -861859619 -892440441 -923333637 -1101526530 -1144012313 -1288899920 -1329987222 -1365835303 -1512238644 -1594774912 -1619644841 -1683315463 -1790012947 -1995367769 1125598582 -1204140021 -605053779 1215411711 1357213150

i = 52
Mang truoc khi xu ly: 1939338575 1924216443 1774877892 1725646252 1570493678 1074671923 1017602188 991527180 962507623 957056956 890873025 846929624 831545290 782153732 629216478 579397771 477654259 455144360 399053877 331207306 295760180 203930023 -13836530 -29999379 -72129007 -105918228 -199274293 -204080126 -241711612 -329616281 -344171906 -381300256 -387979447 -447180705 -480978094 -575866209 -649097388 -687340134 -690000779 -861859619 -892440441 -923333637 -1101526530 -1144012313 -1288899920 -1329987222 -1365835303 -1512238644 -1594774912 -1619644841 -1683315463 -1790012947 -1995367769 1125598582 -1204140021 -605053779 1215411711 1357213150
Phan tu dang xet A[52] = -1995367769
Chen -1995367769 vao vi tri k = 52
Mang sau khi xu ly: 1939338575 1924216443 1774877892 1725646252 1570493678 1074671923 1017602188 991527180 962507623 957056956 890873025 846929624 831545290 782153732 629216478 579397771 477654259 455144360 399053877 331207306 295760180 203930023 -13836530 -29999379 -72129007 -105918228 -199274293 -204080126 -241711612 -329616281 -344171906 -381300256 -387979447 -447180705 -480978094 -575866209 -649097388 -687340134 -690000779 -861859619 -892440441 -923333637 -1101526530 -1144012313 -1288899920 -1329987222 -1365835303 -1512238644 -1594774912 -1619644841 -1683315463 -1790012947 -1995367769 1125598582 -1204140021 -605053779 1215411711 1357213150

i = 53
Mang truoc khi xu ly: 1939338575 1924216443 1774877892 1725646252 1570493678 1074671923 1017602188 991527180 962507623 957056956 890873025 846929624 831545290 782153732 629216478 579397771 477654259 455144360 399053877 331207306 295760180 203930023 -13836530 -29999379 -72129007 -105918228 -199274293 -204080126 -241711612 -329616281 -344171906 -381300256 -387979447 -447180705 -480978094 -575866209 -649097388 -687340134 -690000779 -861859619 -892440441 -923333637 -1101526530 -1144012313 -1288899920 -1329987222 -1365835303 -1512238644 -1594774912 -1619644841 -1683315463 -1790012947 -1995367769 1125598582 -1204140021 -605053779 1215411711 1357213150
Phan tu dang xet A[53] = 1125598582
Chen 1125598582 vao vi tri k = 5
Mang sau khi xu ly: 1939338575 1924216443 1774877892 1725646252 1570493678 1125598582 1074671923 1017602188 991527180 962507623 957056956 890873025 846929624 831545290 782153732 629216478 579397771 477654259 455144360 399053877 331207306 295760180 203930023 -13836530 -29999379 -72129007 -105918228 -199274293 -204080126 -241711612 -329616281 -344171906 -381300256 -387979447 -447180705 -480978094 -575866209 -649097388 -687340134 -690000779 -861859619 -892440441 -923333637 -1101526530 -1144012313 -1288899920 -1329987222 -1365835303 -1512238644 -1594774912 -1619644841 -1683315463 -1790012947 -1995367769 -1204140021 -605053779 1215411711 1357213150

i = 54
Mang truoc khi xu ly: 1939338575 1924216443 1774877892 1725646252 1570493678 1125598582 1074671923 1017602188 991527180 962507623 957056956 890873025 846929624 831545290 782153732 629216478 579397771 477654259 455144360 399053877 331207306 295760180 203930023 -13836530 -29999379 -72129007 -105918228 -199274293 -204080126 -241711612 -329616281 -344171906 -381300256 -387979447 -447180705 -480978094 -575866209 -649097388 -687340134 -690000779 -861859619 -892440441 -923333637 -1101526530 -1144012313 -1288899920 -1329987222 -1365835303 -1512238644 -1594774912 -1619644841 -1683315463 -1790012947 -1995367769 -1204140021 -605053779 1215411711 1357213150
Phan tu dang xet A[54] = -1204140021
Chen -1204140021 vao vi tri k = 45
Mang sau khi xu ly: 1939338575 1924216443 1774877892 1725646252 1570493678 1125598582 1074671923 1017602188 991527180 962507623 957056956 890873025 846929624 831545290 782153732 629216478 579397771 477654259 455144360 399053877 331207306 295760180 203930023 -13836530 -29999379 -72129007 -105918228 -199274293 -204080126 -241711612 -329616281 -344171906 -381300256 -387979447 -447180705 -480978094 -575866209 -649097388 -687340134 -690000779 -861859619 -892440441 -923333637 -1101526530 -1144012313 -1204140021 -1288899920 -1329987222 -1365835303 -1512238644 -1594774912 -1619644841 -1683315463 -1790012947 -1995367769 -605053779 1215411711 1357213150

i = 55
Mang truoc khi xu ly: 1939338575 1924216443 1774877892 1725646252 1570493678 1125598582 1074671923 1017602188 991527180 962507623 957056956 890873025 846929624 831545290 782153732 629216478 579397771 477654259 455144360 399053877 331207306 295760180 203930023 -13836530 -29999379 -72129007 -105918228 -199274293 -204080126 -241711612 -329616281 -344171906 -381300256 -387979447 -447180705 -480978094 -575866209 -649097388 -687340134 -690000779 -861859619 -892440441 -923333637 -1101526530 -1144012313 -1204140021 -1288899920 -1329987222 -1365835303 -1512238644 -1594774912 -1619644841 -1683315463 -1790012947 -1995367769 -605053779 1215411711 1357213150
Phan tu dang xet A[55] = -605053779
Chen -605053779 vao vi tri k = 37
Mang sau khi xu ly: 1939338575 1924216443 1774877892 1725646252 1570493678 1125598582 1074671923 1017602188 991527180 962507623 957056956 890873025 846929624 831545290 782153732 629216478 579397771 477654259 455144360 399053877 331207306 295760180 203930023 -13836530 -29999379 -72129007 -105918228 -199274293 -204080126 -241711612 -329616281 -344171906 -381300256 -387979447 -447180705 -480978094 -575866209 -605053779 -649097388 -687340134 -690000779 -861859619 -892440441 -923333637 -1101526530 -1144012313 -1204140021 -1288899920 -1329987222 -1365835303 -1512238644 -1594774912 -1619644841 -1683315463 -1790012947 -1995367769 1215411711 1357213150

i = 56
Mang truoc khi xu ly: 1939338575 1924216443 1774877892 1725646252 1570493678 1125598582 1074671923 1017602188 991527180 962507623 957056956 890873025 846929624 831545290 782153732 629216478 579397771 477654259 455144360 399053877 331207306 295760180 203930023 -13836530 -29999379 -72129007 -105918228 -199274293 -204080126 -241711612 -329616281 -344171906 -381300256 -387979447 -447180705 -480978094 -575866209 -605053779 -649097388 -687340134 -690000779 -861859619 -892440441 -923333637 -1101526530 -1144012313 -1204140021 -1288899920 -1329987222 -1365835303 -1512238644 -1594774912 -1619644841 -1683315463 -1790012947 -1995367769 1215411711 1357213150
Phan tu dang xet A[56] = 1215411711
Chen 1215411711 vao vi tri k = 5
Mang sau khi xu ly: 1939338575 1924216443 1774877892 1725646252 1570493678 1215411711 1125598582 1074671923 1017602188 991527180 962507623 957056956 890873025 846929624 831545290 782153732 629216478 579397771 477654259 455144360 399053877 331207306 295760180 203930023 -13836530 -29999379 -72129007 -105918228 -199274293 -204080126 -241711612 -329616281 -344171906 -381300256 -387979447 -447180705 -480978094 -575866209 -605053779 -649097388 -687340134 -690000779 -861859619 -892440441 -923333637 -1101526530 -1144012313 -1204140021 -1288899920 -1329987222 -1365835303 -1512238644 -1594774912 -1619644841 -1683315463 -1790012947 -1995367769 1357213150

i = 57
Mang truoc khi xu ly: 1939338575 1924216443 1774877892 1725646252 1570493678 1215411711 1125598582 1074671923 1017602188 991527180 962507623 957056956 890873025 846929624 831545290 782153732 629216478 579397771 477654259 455144360 399053877 331207306 295760180 203930023 -13836530 -29999379 -72129007 -105918228 -199274293 -204080126 -241711612 -329616281 -344171906 -381300256 -387979447 -447180705 -480978094 -575866209 -605053779 -649097388 -687340134 -690000779 -861859619 -892440441 -923333637 -1101526530 -1144012313 -1204140021 -1288899920 -1329987222 -1365835303 -1512238644 -1594774912 -1619644841 -1683315463 -1790012947 -1995367769 1357213150
Phan tu dang xet A[57] = 1357213150
Chen 1357213150 vao vi tri k = 5
Mang sau khi xu ly: 1939338575 1924216443 1774877892 1725646252 1570493678 1357213150 1215411711 1125598582 1074671923 1017602188 991527180 962507623 957056956 890873025 846929624 831545290 782153732 629216478 579397771 477654259 455144360 399053877 331207306 295760180 203930023 -13836530 -29999379 -72129007 -105918228 -199274293 -204080126 -241711612 -329616281 -344171906 -381300256 -387979447 -447180705 -480978094 -575866209 -605053779 -649097388 -687340134 -690000779 -861859619 -892440441 -923333637 -1101526530 -1144012313 -1204140021 -1288899920 -1329987222 -1365835303 -1512238644 -1594774912 -1619644841 -1683315463 -1790012947 -1995367769

Mang sau khi sap xep:
1939338575 1924216443 1774877892 1725646252 1570493678 1357213150 1215411711 1125598582 1074671923 1017602188 991527180 962507623 957056956 890873025 846929624 831545290 782153732 629216478 579397771 477654259 455144360 399053877 331207306 295760180 203930023 -13836530 -29999379 -72129007 -105918228 -199274293 -204080126 -241711612 -329616281 -344171906 -381300256 -387979447 -447180705 -480978094 -575866209 -605053779 -649097388 -687340134 -690000779 -861859619 -892440441 -923333637 -1101526530 -1144012313 -1204140021 -1288899920 -1329987222 -1365835303 -1512238644 -1594774912 -1619644841 -1683315463 -1790012947 -1995367769
