Mang truoc khi sap xep:
-1591559990 235657321 149434232 -76474253 940944236 724065556 -1650179142 -671795648 -772535314 -1382847136 448514312 1029484826 -49777874 -281050856 261789064 1248739639 -874888582 -933397549 1487622505 810386645 1864893643 957463899 1981823628 -1676130185 1368482444 1564374318 462884123 1392290736 1750515626 -1176971291 -140957498 74327568 -286539943 194328634 1748798036 510414089 1562667996 1136729645 1405072057 -582072035 -1470033357 -391095399 -1771238081 760921233 -1790945715 395350416 1363938393 1430616773 -1017149713 -1596664200 1569186578 -256593463 -776236073 563264288 -104552409 -1383302881 848663849 -420131605 1208753546

Sap xep:
i = 1
Mang truoc khi xu ly: -1591559990 235657321 149434232 -76474253 940944236 724065556 -1650179142 -671795648 -772535314 -1382847136 448514312 1029484826 -49777874 -281050856 261789064 1248739639 -874888582 -933397549 1487622505 810386645 1864893643 957463899 1981823628 -1676130185 1368482444 1564374318 462884123 1392290736 1750515626 -1176971291 -140957498 74327568 -286539943 194328634 1748798036 510414089 1562667996 1136729645 1405072057 -582072035 -1470033357 -391095399 -1771238081 760921233 -1790945715 395350416 1363938393 1430616773 -1017149713 -1596664200 1569186578 -256593463 -776236073 563264288 -104552409 -1383302881 848663849 -420131605 1208753546
Phan tu dang xet A[1] = 235657321
Chen 235657321 vao vi tri k = 0
Mang sau khi xu ly: 235657321 -1591559990 149434232 -76474253 940944236 724065556 -1650179142 -671795648 -772535314 -1382847136 448514312 1029484826 -49777874 -281050856 261789064 1248739639 -874888582 -933397549 1487622505 810386645 1864893643 957463899 1981823628 -1676130185 1368482444 1564374318 462884123 1392290736 1750515626 -1176971291 -140957498 74327568 -286539943 194328634 1748798036 510414089 1562667996 1136729645 1405072057 -582072035 -1470033357 -391095399 -1771238081 760921233 -1790945715 395350416 1363938393 1430616773 -1017149713 -1596664200 1569186578 -256593463 -776236073 563264288 -104552409 -1383302881 848663849 -420131605 1208753546

i = 2
Mang truoc khi xu ly: 235657321 -1591559990 149434232 -76474253 940944236 724065556 -1650179142 -671795648 -772535314 -1382847136 448514312 1029484826 -49777874 -281050856 261789064 1248739639 -874888582 -933397549 1487622505 810386645 1864893643 957463899 1981823628 -1676130185 1368482444 1564374318 462884123 1392290736 1750515626 -1176971291 -140957498 74327568 -286539943 194328634 1748798036 510414089 1562667996 1136729645 1405072057 -582072035 -1470033357 -391095399 -1771238081 760921233 -1790945715 395350416 1363938393 1430616773 -1017149713 -1596664200 1569186578 -256593463 -776236073 563264288 -104552409 -1383302881 848663849 -420131605 1208753546
Phan tu dang xet A[2] = 149434232
Chen 149434232 vao vi tri k = 1
Mang sau khi xu ly: 235657321 149434232 -1591559990 -76474253 940944236 724065556 -1650179142 -671795648 -772535314 -1382847136 448514312 1029484826 -49777874 -281050856 261789064 1248739639 -874888582 -933397549 1487622505 810386645 1864893643 957463899 1981823628 -1676130185 1368482444 1564374318 462884123 1392290736 1750515626 -1176971291 -140957498 74327568 -286539943 194328634 1748798036 510414089 1562667996 1136729645 1405072057 -582072035 -1470033357 -391095399 -1771238081 760921233 -1790945715 395350416 1363938393 1430616773 -1017149713 -1596664200 1569186578 -256593463 -776236073 563264288 -104552409 -1383302881 848663849 -420131605 1208753546

i = 3
Mang truoc khi xu ly: 235657321 149434232 -1591559990 -76474253 940944236 724065556 -1650179142 -671795648 -772535314 -1382847136 448514312 1029484826 -49777874 -281050856 261789064 1248739639 -874888582 -933397549 1487622505 810386645 1864893643 957463899 1981823628 -1676130185 1368482444 1564374318 462884123 1392290736 1750515626 -1176971291 -140957498 74327568 -286539943 194328634 1748798036 510414089 1562667996 1136729645 1405072057 -582072035 -1470033357 -391095399 -1771238081 760921233 -1790945715 395350416 1363938393 1430616773 -1017149713 -1596664200 1569186578 -256593463 -776236073 563264288 -104552409 -1383302881 848663849 -420131605 1208753546
Phan tu dang xet A[3] = -76474253
Chen -76474253 vao vi tri k = 2
Mang sau khi xu ly: 235657321 149434232 -76474253 -1591559990 940944236 724065556 -1650179142 -671795648 -772535314 -1382847136 448514312 1029484826 -49777874 -281050856 261789064 1248739639 -874888582 -933397549 1487622505 810386645 1864893643 957463899 1981823628 -1676130185 1368482444 1564374318 462884123 1392290736 1750515626 -1176971291 -140957498 74327568 -286539943 194328634 1748798036 510414089 1562667996 1136729645 1405072057 -582072035 -1470033357 -391095399 -1771238081 760921233 -1790945715 395350416 1363938393 1430616773 -1017149713 -1596664200 1569186578 -256593463 -776236073 563264288 -104552409 -1383302881 848663849 -420131605 1208753546

i = 4
Mang truoc khi xu ly: 235657321 149434232 -76474253 -1591559990 940944236 724065556 -1650179142 -671795648 -772535314 -1382847136 448514312 1029484826 -49777874 -281050856 261789064 1248739639 -874888582 -933397549 1487622505 810386645 1864893643 957463899 1981823628 -1676130185 1368482444 1564374318 462884123 1392290736 1750515626 -1176971291 -140957498 74327568 -286539943 194328634 1748798036 510414089 1562667996 1136729645 1405072057 -582072035 -1470033357 -391095399 -1771238081 760921233 -1790945715 395350416 1363938393 1430616773 -1017149713 -1596664200 1569186578 -256593463 -776236073 563264288 -104552409 -1383302881 848663849 -420131605 1208753546
Phan tu dang xet A[4] = 940944236
Chen 940944236 vao vi tri k = 0
Mang sau khi xu ly: 940944236 235657321 149434232 -76474253 -1591559990 724065556 -1650179142 -671795648 -772535314 -1382847136 448514312 1029484826 -49777874 -281050856 261789064 1248739639 -874888582 -933397549 1487622505 810386645 1864893643 957463899 1981823628 -1676130185 1368482444 1564374318 462884123 1392290736 1750515626 -1176971291 -140957498 74327568 -286539943 194328634 1748798036 510414089 1562667996 1136729645 1405072057 -582072035 -1470033357 -391095399 -1771238081 760921233 -1790945715 395350416 1363938393 1430616773 -1017149713 -1596664200 1569186578 -256593463 -776236073 563264288 -104552409 -1383302881 848663849 -420131605 1208753546

i = 5
Mang truoc khi xu ly: 940944236 235657321 149434232 -76474253 -1591559990 724065556 -1650179142 -671795648 -772535314 -1382847136 448514312 1029484826 -49777874 -281050856 261789064 1248739639 -874888582 -933397549 1487622505 810386645 1864893643 957463899 1981823628 -1676130185 1368482444 1564374318 462884123 1392290736 1750515626 -1176971291 -140957498 74327568 -286539943 194328634 1748798036 510414089 1562667996 1136729645 1405072057 -582072035 -1470033357 -391095399 -1771238081 760921233 -1790945715 395350416 1363938393 1430616773 -1017149713 -1596664200 1569186578 -256593463 -776236073 563264288 -104552409 -1383302881 848663849 -420131605 1208753546
Phan tu dang xet A[5] = 724065556
Chen 724065556 vao vi tri k = 1
Mang sau khi xu ly: 940944236 724065556 235657321 149434232 -76474253 -1591559990 -1650179142 -671795648 -772535314 -1382847136 448514312 1029484826 -49777874 -281050856 261789064 1248739639 -874888582 -933397549 1487622505 810386645 1864893643 957463899 1981823628 -1676130185 1368482444 1564374318 462884123 1392290736 1750515626 -1176971291 -140957498 74327568 -286539943 194328634 1748798036 510414089 1562667996 1136729645 1405072057 -582072035 -1470033357 -391095399 -1771238081 760921233 -1790945715 395350416 1363938393 1430616773 -1017149713 -1596664200 1569186578 -256593463 -776236073 563264288 -104552409 -1383302881 848663849 -420131605 1208753546

i = 6
Mang truoc khi xu ly: 940944236 724065556 235657321 149434232 -76474253 -1591559990 -1650179142 -671795648 -772535314 -1382847136 448514312 1029484826 -49777874 -281050856 261789064 1248739639 -874888582 -933397549 1487622505 810386645 1864893643 957463899 1981823628 -1676130185 1368482444 1564374318 462884123 1392290736 1750515626 -1176971291 -140957498 74327568 -286539943 194328634 1748798036 510414089 1562667996 1136729645 1405072057 -582072035 -1470033357 -391095399 -1771238081 760921233 -1790945715 395350416 1363938393 1430616773 -1017149713 -1596664200 1569186578 -256593463 -776236073 563264288 -104552409 -1383302881 848663849 -420131605 1208753546
Phan tu dang xet A[6] = -1650179142
Chen -1650179142 vao vi tri k = 6
Mang sau khi xu ly: 940944236 724065556 235657321 149434232 -76474253 -1591559990 -1650179142 -671795648 -772535314 -1382847136 448514312 1029484826 -49777874 -281050856 261789064 1248739639 -874888582 -933397549 1487622505 810386645 1864893643 957463899 1981823628 -1676130185 1368482444 1564374318 462884123 1392290736 1750515626 -1176971291 -140957498 74327568 -286539943 194328634 1748798036 510414089 1562667996 1136729645 1405072057 -582072035 -1470033357 -391095399 -1771238081 760921233 -1790945715 395350416 1363938393 1430616773 -1017149713 -1596664200 1569186578 -256593463 -776236073 563264288 -104552409 -1383302881 848663849 -420131605 1208753546

i = 7
Mang truoc khi xu ly: 940944236 724065556 235657321 149434232 -76474253 -1591559990 -1650179142 -671795648 -772535314 -1382847136 448514312 1029484826 -49777874 -281050856 261789064 1248739639 -874888582 -933397549 1487622505 810386645 1864893643 957463899 1981823628 -1676130185 1368482444 1564374318 462884123 1392290736 1750515626 -1176971291 -140957498 74327568 -286539943 194328634 1748798036 510414089 1562667996 1136729645 1405072057 -582072035 -1470033357 -391095399 -1771238081 760921233 -1790945715 395350416 1363938393 1430616773 -1017149713 -1596664200 1569186578 -256593463 -776236073 563264288 -104552409 -1383302881 848663849 -420131605 1208753546
Phan tu dang xet A[7] = -671795648
Chen -671795648 vao vi tri k = 5
Mang sau khi xu ly: 940944236 724065556 235657321 149434232 -76474253 -671795648 -1591559990 -1650179142 -772535314 -1382847136 448514312 1029484826 -49777874 -281050856 261789064 1248739639 -874888582 -933397549 1487622505 810386645 1864893643 957463899 1981823628 -1676130185 1368482444 1564374318 462884123 1392290736 1750515626 -1176971291 -140957498 74327568 -286539943 194328634 1748798036 510414089 1562667996 1136729645 1405072057 -582072035 -1470033357 -391095399 -1771238081 760921233 -1790945715 395350416 1363938393 1430616773 -1017149713 -1596664200 1569186578 -256593463 -776236073 563264288 -104552409 -1383302881 848663849 -420131605 1208753546

i = 8
Mang truoc khi xu ly: 940944236 724065556 235657321 149434232 -76474253 -671795648 -1591559990 -1650179142 -772535314 -1382847136 448514312 1029484826 -49777874 -281050856 261789064 1248739639 -874888582 -933397549 1487622505 810386645 1864893643 957463899 1981823628 -1676130185 1368482444 1564374318 462884123 1392290736 1750515626 -1176971291 -140957498 74327568 -286539943 194328634 1748798036 510414089 1562667996 1136729645 1405072057 -582072035 -1470033357 -391095399 -1771238081 760921233 -1790945715 395350416 1363938393 1430616773 -1017149713 -1596664200 1569186578 -256593463 -776236073 563264288 -104552409 -1383302881 848663849 -420131605 1208753546
Phan tu dang xet A[8] = -772535314
Chen -772535314 vao vi tri k = 6
Mang sau khi xu ly: 940944236 724065556 235657321 149434232 -76474253 -671795648 -772535314 -1591559990 -1650179142 -1382847136 448514312 1029484826 -49777874 -281050856 261789064 1248739639 -874888582 -933397549 1487622505 810386645 1864893643 957463899 1981823628 -1676130185 1368482444 1564374318 462884123 1392290736 1750515626 -1176971291 -140957498 74327568 -286539943 194328634 1748798036 510414089 1562667996 1136729645 1405072057 -582072035 -1470033357 -391095399 -1771238081 760921233 -1790945715 395350416 1363938393 1430616773 -1017149713 -1596664200 1569186578 -256593463 -776236073 563264288 -104552409 -1383302881 848663849 -420131605 1208753546

i = 9
Mang truoc khi xu ly: 940944236 724065556 235657321 149434232 -76474253 -671795648 -772535314 -1591559990 -1650179142 -1382847136 448514312 1029484826 -49777874 -281050856 261789064 1248739639 -874888582 -933397549 1487622505 810386645 1864893643 957463899 1981823628 -1676130185 1368482444 1564374318 462884123 1392290736 1750515626 -1176971291 -140957498 74327568 -286539943 194328634 1748798036 510414089 1562667996 1136729645 1405072057 -582072035 -1470033357 -391095399 -1771238081 760921233 -1790945715 395350416 1363938393 1430616773 -1017149713 -1596664200 1569186578 -256593463 -776236073 563264288 -104552409 -1383302881 848663849 -420131605 1208753546
Phan tu dang xet A[9] = -1382847136
Chen -1382847136 vao vi tri k = 7
Mang sau khi xu ly: 940944236 724065556 235657321 149434232 -76474253 -671795648 -772535314 -1382847136 -1591559990 -1650179142 448514312 1029484826 -49777874 -281050856 261789064 1248739639 -874888582 -933397549 1487622505 810386645 1864893643 957463899 1981823628 -1676130185 1368482444 1564374318 462884123 1392290736 1750515626 -1176971291 -140957498 74327568 -286539943 194328634 1748798036 510414089 1562667996 1136729645 1405072057 -582072035 -1470033357 -391095399 -1771238081 760921233 -1790945715 395350416 1363938393 1430616773 -1017149713 -1596664200 1569186578 -256593463 -776236073 563264288 -104552409 -1383302881 848663849 -420131605 1208753546

i = 10
Mang truoc khi xu ly: 940944236 724065556 235657321 149434232 -76474253 -671795648 -772535314 -1382847136 -1591559990 -1650179142 448514312 1029484826 -49777874 -281050856 261789064 1248739639 -874888582 -933397549 1487622505 810386645 1864893643 957463899 1981823628 -1676130185 1368482444 1564374318 462884123 1392290736 1750515626 -1176971291 -140957498 74327568 -286539943 194328634 1748798036 510414089 1562667996 1136729645 1405072057 -582072035 -1470033357 -391095399 -1771238081 760921233 -1790945715 395350416 1363938393 1430616773 -1017149713 -1596664200 1569186578 -256593463 -776236073 563264288 -104552409 -1383302881 848663849 -420131605 1208753546
Phan tu dang xet A[10] = 448514312
Chen 448514312 vao vi tri k = 2
Mang sau khi xu ly: 940944236 724065556 448514312 235657321 149434232 -76474253 -671795648 -772535314 -1382847136 -1591559990 -1650179142 1029484826 -49777874 -281050856 261789064 1248739639 -874888582 -933397549 1487622505 810386645 1864893643 957463899 1981823628 -1676130185 1368482444 1564374318 462884123 1392290736 1750515626 -1176971291 -140957498 74327568 -286539943 194328634 1748798036 510414089 1562667996 1136729645 1405072057 -582072035 -1470033357 -391095399 -1771238081 760921233 -1790945715 395350416 1363938393 1430616773 -1017149713 -1596664200 1569186578 -256593463 -776236073 563264288 -104552409 -1383302881 848663849 -420131605 1208753546

i = 11
Mang truoc khi xu ly: 940944236 724065556 448514312 235657321 149434232 -76474253 -671795648 -772535314 -1382847136 -1591559990 -1650179142 1029484826 -49777874 -281050856 261789064 1248739639 -874888582 -933397549 1487622505 810386645 1864893643 957463899 1981823628 -1676130185 1368482444 1564374318 462884123 1392290736 1750515626 -1176971291 -140957498 74327568 -286539943 194328634 1748798036 510414089 1562667996 1136729645 1405072057 -582072035 -1470033357 -391095399 -1771238081 760921233 -1790945715 395350416 1363938393 1430616773 -1017149713 -1596664200 1569186578 -256593463 -776236073 563264288 -104552409 -1383302881 848663849 -420131605 1208753546
Phan tu dang xet A[11] = 1029484826
Chen 1029484826 vao vi tri k = 0
Mang sau khi xu ly: 1029484826 940944236 724065556 448514312 235657321 149434232 -76474253 -671795648 -772535314 -1382847136 -1591559990 -1650179142 -49777874 -281050856 261789064 1248739639 -874888582 -933397549 1487622505 810386645 1864893643 957463899 1981823628 -1676130185 1368482444 1564374318 462884123 1392290736 1750515626 -1176971291 -140957498 74327568 -286539943 194328634 1748798036 510414089 1562667996 1136729645 1405072057 -582072035 -1470033357 -391095399 -1771238081 760921233 -1790945715 395350416 1363938393 1430616773 -1017149713 -1596664200 1569186578 -256593463 -776236073 563264288 -104552409 -1383302881 848663849 -420131605 1208753546

i = 12
Mang truoc khi xu ly: 1029484826 940944236 724065556 448514312 235657321 149434232 -76474253 -671795648 -772535314 -1382847136 -1591559990 -1650179142 -49777874 -281050856 261789064 1248739639 -874888582 -933397549 1487622505 810386645 1864893643 957463899 1981823628 -1676130185 1368482444 1564374318 462884123 1392290736 1750515626 -1176971291 -140957498 74327568 -286539943 194328634 1748798036 510414089 1562667996 1136729645 1405072057 -582072035 -1470033357 -391095399 -1771238081 760921233 -1790945715 395350416 1363938393 1430616773 -1017149713 -1596664200 1569186578 -256593463 -776236073 563264288 -104552409 -1383302881 848663849 -420131605 1208753546
Phan tu dang xet A[12] = -49777874
Chen -49777874 vao vi tri k = 6
Mang sau khi xu ly: 1029484826 940944236 724065556 448514312 235657321 149434232 -49777874 -76474253 -671795648 -772535314 -1382847136 -1591559990 -1650179142 -281050856 261789064 1248739639 -874888582 -933397549 1487622505 810386645 1864893643 957463899 1981823628 -1676130185 1368482444 1564374318 462884123 1392290736 1750515626 -1176971291 -140957498 74327568 -286539943 194328634 1748798036 510414089 1562667996 1136729645 1405072057 -582072035 -1470033357 -391095399 -1771238081 760921233 -1790945715 395350416 1363938393 1430616773 -1017149713 -1596664200 1569186578 -256593463 -776236073 563264288 -104552409 -1383302881 848663849 -420131605 1208753546

i = 13
Mang truoc khi xu ly: 1029484826 940944236 724065556 448514312 235657321 149434232 -49777874 -76474253 -671795648 -772535314 -1382847136 -1591559990 -1650179142 -281050856 261789064 1248739639 -874888582 -933397549 1487622505 810386645 1864893643 957463899 1981823628 -1676130185 1368482444 1564374318 462884123 1392290736 1750515626 -1176971291 -140957498 74327568 -286539943 194328634 1748798036 510414089 1562667996 1136729645 1405072057 -582072035 -1470033357 -391095399 -1771238081 760921233 -1790945715 395350416 1363938393 1430616773 -1017149713 -1596664200 1569186578 -256593463 -776236073 563264288 -104552409 -1383302881 848663849 -420131605 1208753546
Phan tu dang xet A[13] = -281050856
Chen -281050856 vao vi tri k = 8
Mang sau khi xu ly: 1029484826 940944236 724065556 448514312 235657321 149434232 -49777874 -76474253 -281050856 -671795648 -772535314 -1382847136 -1591559990 -1650179142 261789064 1248739639 -874888582 -933397549 1487622505 810386645 1864893643 957463899 1981823628 -1676130185 1368482444 1564374318 462884123 1392290736 1750515626 -1176971291 -140957498 74327568 -286539943 194328634 1748798036 510414089 1562667996 1136729645 1405072057 -582072035 -1470033357 -391095399 -1771238081 760921233 -1790945715 395350416 1363938393 1430616773 -1017149713 -1596664200 1569186578 -256593463 -776236073 563264288 -104552409 -1383302881 848663849 -420131605 1208753546

i = 14
Mang truoc khi xu ly: 1029484826 940944236 724065556 448514312 235657321 149434232 -49777874 -76474253 -281050856 -671795648 -772535314 -1382847136 -1591559990 -1650179142 261789064 1248739639 -874888582 -933397549 1487622505 810386645 1864893643 957463899 1981823628 -1676130185 1368482444 1564374318 462884123 1392290736 1750515626 -1176971291 -140957498 74327568 -286539943 194328634 1748798036 510414089 1562667996 1136729645 1405072057 -582072035 -1470033357 -391095399 -1771238081 760921233 -1790945715 395350416 1363938393 1430616773 -1017149713 -1596664200 1569186578 -256593463 -776236073 563264288 -104552409 -1383302881 848663849 -420131605 1208753546
Phan tu dang xet A[14] = 261789064
Chen 261789064 vao vi tri k = 4
Mang sau khi xu ly: 1029484826 940944236 724065556 448514312 261789064 235657321 149434232 -49777874 -76474253 -281050856 -671795648 -772535314 -1382847136 -1591559990 -1650179142 1248739639 -874888582 -933397549 1487622505 810386645 1864893643 957463899 1981823628 -1676130185 1368482444 1564374318 462884123 1392290736 1750515626 -1176971291 -140957498 74327568 -286539943 194328634 1748798036 510414089 1562667996 1136729645 1405072057 -582072035 -1470033357 -391095399 -1771238081 760921233 -1790945715 395350416 1363938393 1430616773 -1017149713 -1596664200 1569186578 -256593463 -776236073 563264288 -104552409 -1383302881 848663849 -420131605 1208753546

i = 15
Mang truoc khi xu ly: 1029484826 940944236 724065556 448514312 261789064 235657321 149434232 -49777874 -76474253 -281050856 -671795648 -772535314 -1382847136 -1591559990 -1650179142 1248739639 -874888582 -933397549 1487622505 810386645 1864893643 957463899 1981823628 -1676130185 1368482444 1564374318 462884123 1392290736 1750515626 -1176971291 -140957498 74327568 -286539943 194328634 1748798036 510414089 1562667996 1136729645 1405072057 -582072035 -1470033357 -391095399 -1771238081 760921233 -1790945715 395350416 1363938393 1430616773 -1017149713 -1596664200 1569186578 -256593463 -776236073 563264288 -104552409 -1383302881 848663849 -420131605 1208753546
Phan tu dang xet A[15] = 1248739639
Chen 1248739639 vao vi tri k = 0
Mang sau khi xu ly: 1248739639 1029484826 940944236 724065556 448514312 261789064 235657321 149434232 -49777874 -76474253 -281050856 -671795648 -772535314 -1382847136 -1591559990 -1650179142 -874888582 -933397549 1487622505 810386645 1864893643 957463899 1981823628 -1676130185 1368482444 1564374318 462884123 1392290736 1750515626 -1176971291 -140957498 74327568 -286539943 194328634 1748798036 510414089 1562667996 1136729645 1405072057 -582072035 -1470033357 -391095399 -1771238081 760921233 -1790945715 395350416 1363938393 1430616773 -1017149713 -1596664200 1569186578 -256593463 -776236073 563264288 -104552409 -1383302881 848663849 -420131605 1208753546

i = 16
Mang truoc khi xu ly: 1248739639 1029484826 940944236 724065556 448514312 261789064 235657321 149434232 -49777874 -76474253 -281050856 -671795648 -772535314 -1382847136 -1591559990 -1650179142 -874888582 -933397549 1487622505 810386645 1864893643 957463899 1981823628 -1676130185 1368482444 1564374318 462884123 1392290736 1750515626 -1176971291 -140957498 74327568 -286539943 194328634 1748798036 510414089 1562667996 1136729645 1405072057 -582072035 -1470033357 -391095399 -1771238081 760921233 -1790945715 395350416 1363938393 1430616773 -1017149713 -1596664200 1569186578 -256593463 -776236073 563264288 -104552409 -1383302881 848663849 -420131605 1208753546
Phan tu dang xet A[16] = -874888582
Chen -874888582 vao vi tri k = 13
Mang sau khi xu ly: 1248739639 1029484826 940944236 724065556 448514312 261789064 235657321 149434232 -49777874 -76474253 -281050856 -671795648 -772535314 -874888582 -1382847136 -1591559990 -1650179142 -933397549 1487622505 810386645 1864893643 957463899 1981823628 -1676130185 1368482444 1564374318 462884123 1392290736 1750515626 -1176971291 -140957498 74327568 -286539943 194328634 1748798036 510414089 1562667996 1136729645 1405072057 -582072035 -1470033357 -391095399 -1771238081 760921233 -1790945715 395350416 1363938393 1430616773 -1017149713 -1596664200 1569186578 -256593463 -776236073 563264288 -104552409 -1383302881 848663849 -420131605 1208753546

i = 17
Mang truoc khi xu ly: 1248739639 1029484826 940944236 724065556 448514312 261789064 235657321 149434232 -49777874 -76474253 -281050856 -671795648 -772535314 -874888582 -1382847136 -1591559990 -1650179142 -933397549 1487622505 810386645 1864893643 957463899 1981823628 -1676130185 1368482444 1564374318 462884123 1392290736 1750515626 -1176971291 -140957498 74327568 -286539943 194328634 1748798036 510414089 1562667996 1136729645 1405072057 -582072035 -1470033357 -391095399 -1771238081 760921233 -1790945715 395350416 1363938393 1430616773 -1017149713 -1596664200 1569186578 -256593463 -776236073 563264288 -104552409 -1383302881 848663849 -420131605 1208753546
Phan tu dang xet A[17] = -933397549
Chen -933397549 vao vi tri k = 14
Mang sau khi xu ly: 1248739639 1029484826 940944236 724065556 448514312 261789064 235657321 149434232 -49777874 -76474253 -281050856 -671795648 -772535314 -874888582 -933397549 -1382847136 -1591559990 -1650179142 1487622505 810386645 1864893643 957463899 1981823628 -1676130185 1368482444 1564374318 462884123 1392290736 1750515626 -1176971291 -140957498 74327568 -286539943 194328634 1748798036 510414089 1562667996 1136729645 1405072057 -582072035 -1470033357 -391095399 -1771238081 760921233 -1790945715 395350416 1363938393 1430616773 -1017149713 -1596664200 1569186578 -256593463 -776236073 563264288 -104552409 -1383302881 848663849 -420131605 1208753546

i = 18
Mang truoc khi xu ly: 1248739639 1029484826 940944236 724065556 448514312 261789064 235657321 149434232 -49777874 -76474253 -281050856 -671795648 -772535314 -874888582 -933397549 -1382847136 -1591559990 -1650179142 1487622505 810386645 1864893643 957463899 1981823628 -1676130185 1368482444 1564374318 462884123 1392290736 1750515626 -1176971291 -140957498 74327568 -286539943 194328634 1748798036 510414089 1562667996 1136729645 1405072057 -582072035 -1470033357 -391095399 -1771238081 760921233 -1790945715 395350416 1363938393 1430616773 -1017149713 -1596664200 1569186578 -256593463 -776236073 563264288 -104552409 -1383302881 848663849 -420131605 1208753546
Phan tu dang xet A[18] = 1487622505
Chen 1487622505 vao vi tri k = 0
Mang sau khi xu ly: 1487622505 1248739639 1029484826 940944236 724065556 448514312 261789064 235657321 149434232 -49777874 -76474253 -281050856 -671795648 -772535314 -874888582 -933397549 -1382847136 -1591559990 -1650179142 810386645 1864893643 957463899 1981823628 -1676130185 1368482444 1564374318 462884123 1392290736 1750515626 -1176971291 -140957498 74327568 -286539943 194328634 1748798036 510414089 1562667996 1136729645 1405072057 -582072035 -1470033357 -391095399 -1771238081 760921233 -1790945715 395350416 1363938393 1430616773 -1017149713 -1596664200 1569186578 -256593463 -776236073 563264288 -104552409 -1383302881 848663849 -420131605 1208753546

i = 19
Mang truoc khi xu ly: 1487622505 1248739639 1029484826 940944236 724065556 448514312 261789064 235657321 149434232 -49777874 -76474253 -281050856 -671795648 -772535314 -874888582 -933397549 -1382847136 -1591559990 -1650179142 810386645 1864893643 957463899 1981823628 -1676130185 1368482444 1564374318 462884123 1392290736 1750515626 -1176971291 -140957498 74327568 -286539943 194328634 1748798036 510414089 1562667996 1136729645 1405072057 -582072035 -1470033357 -391095399 -1771238081 760921233 -1790945715 395350416 1363938393 1430616773 -1017149713 -1596664200 1569186578 -256593463 -776236073 563264288 -104552409 -1383302881 848663849 -420131605 1208753546
Phan tu dang xet A[19] = 810386645
Chen 810386645 vao vi tri k = 4
Mang sau khi xu ly: 1487622505 1248739639 1029484826 940944236 810386645 724065556 448514312 261789064 235657321 149434232 -49777874 -76474253 -281050856 -671795648 -772535314 -874888582 -933397549 -1382847136 -1591559990 -1650179142 1864893643 957463899 1981823628 -1676130185 1368482444 1564374318 462884123 1392290736 1750515626 -1176971291 -140957498 74327568 -286539943 194328634 1748798036 510414089 1562667996 1136729645 1405072057 -582072035 -1470033357 -391095399 -1771238081 760921233 -1790945715 395350416 1363938393 1430616773 -1017149713 -1596664200 1569186578 -256593463 -776236073 563264288 -104552409 -1383302881 848663849 -420131605 1208753546

i = 20
Mang truoc khi xu ly: 1487622505 1248739639 1029484826 940944236 810386645 724065556 448514312 261789064 235657321 149434232 -49777874 -76474253 -281050856 -671795648 -772535314 -874888582 -933397549 -1382847136 -1591559990 -1650179142 1864893643 957463899 1981823628 -1676130185 1368482444 1564374318 462884123 1392290736 1750515626 -1176971291 -140957498 74327568 -286539943 194328634 1748798036 510414089 1562667996 1136729645 1405072057 -582072035 -1470033357 -391095399 -1771238081 760921233 -1790945715 395350416 1363938393 1430616773 -1017149713 -1596664200 1569186578 -256593463 -776236073 563264288 -104552409 -1383302881 848663849 -420131605 1208753546
Phan tu dang xet A[20] = 1864893643
Chen 1864893643 vao vi tri k = 0
Mang sau khi xu ly: 1864893643 1487622505 1248739639 1029484826 940944236 810386645 724065556 448514312 261789064 235657321 149434232 -49777874 -76474253 -281050856 -671795648 -772535314 -874888582 -933397549 -1382847136 -1591559990 -1650179142 957463899 1981823628 -1676130185 1368482444 1564374318 462884123 1392290736 1750515626 -1176971291 -140957498 74327568 -286539943 194328634 1748798036 510414089 1562667996 1136729645 1405072057 -582072035 -1470033357 -391095399 -1771238081 760921233 -1790945715 395350416 1363938393 1430616773 -1017149713 -1596664200 1569186578 -256593463 -776236073 563264288 -104552409 -1383302881 848663849 -420131605 1208753546

i = 21
Mang truoc khi xu ly: 1864893643 1487622505 1248739639 1029484826 940944236 810386645 724065556 448514312 261789064 235657321 149434232 -49777874 -76474253 -281050856 -671795648 -772535314 -874888582 -933397549 -1382847136 -1591559990 -1650179142 957463899 1981823628 -1676130185 1368482444 1564374318 462884123 1392290736 1750515626 -1176971291 -140957498 74327568 -286539943 194328634 1748798036 510414089 1562667996 1136729645 1405072057 -582072035 -1470033357 -391095399 -1771238081 760921233 -1790945715 395350416 1363938393 1430616773 -1017149713 -1596664200 1569186578 -256593463 -776236073 563264288 -104552409 -1383302881 848663849 -420131605 1208753546
Phan tu dang xet A[21] = 957463899
Chen 957463899 vao vi tri k = 4
Mang sau khi xu ly: 1864893643 1487622505 1248739639 1029484826 957463899 940944236 810386645 724065556 448514312 261789064 235657321 149434232 -49777874 -76474253 -281050856 -671795648 -772535314 -874888582 -933397549 -1382847136 -1591559990 -1650179142 1981823628 -1676130185 1368482444 1564374318 462884123 1392290736 1750515626 -1176971291 -140957498 74327568 -286539943 194328634 1748798036 510414089 1562667996 1136729645 1405072057 -582072035 -1470033357 -391095399 -1771238081 760921233 -1790945715 395350416 1363938393 1430616773 -1017149713 -1596664200 1569186578 -256593463 -776236073 563264288 -104552409 -1383302881 848663849 -420131605 1208753546

i = 22
Mang truoc khi xu ly: 1864893643 1487622505 1248739639 1029484826 957463899 940944236 810386645 724065556 448514312 261789064 235657321 149434232 -49777874 -76474253 -281050856 -671795648 -772535314 -874888582 -933397549 -1382847136 -1591559990 -1650179142 1981823628 -1676130185 1368482444 1564374318 462884123 1392290736 1750515626 -1176971291 -140957498 74327568 -286539943 194328634 1748798036 510414089 1562667996 1136729645 1405072057 -582072035 -1470033357 -391095399 -1771238081 760921233 -1790945715 395350416 1363938393 1430616773 -1017149713 -1596664200 1569186578 -256593463 -776236073 563264288 -104552409 -1383302881 848663849 -420131605 1208753546
Phan tu dang xet A[22] = 1981823628
Chen 1981823628 vao vi tri k = 0
Mang sau khi xu ly: 1981823628 1864893643 1487622505 1248739639 1029484826 957463899 940944236 810386645 724065556 448514312 261789064 235657321 149434232 -49777874 -76474253 -281050856 -671795648 -772535314 -874888582 -933397549 -1382847136 -1591559990 -1650179142 -1676130185 1368482444 1564374318 462884123 1392290736 1750515626 -1176971291 -140957498 74327568 -286539943 194328634 1748798036 510414089 1562667996 1136729645 1405072057 -582072035 -1470033357 -391095399 -1771238081 760921233 -1790945715 395350416 1363938393 1430616773 -1017149713 -1596664200 1569186578 -256593463 -776236073 563264288 -104552409 -1383302881 848663849 -420131605 1208753546

i = 23
Mang truoc khi xu ly: 1981823628 1864893643 1487622505 1248739639 1029484826 957463899 940944236 810386645 724065556 448514312 261789064 235657321 149434232 -49777874 -76474253 -281050856 -671795648 -772535314 -874888582 -933397549 -1382847136 -1591559990 -1650179142 -1676130185 1368482444 1564374318 462884123 1392290736 1750515626 -1176971291 -140957498 74327568 -286539943 194328634 1748798036 510414089 1562667996 1136729645 1405072057 -582072035 -1470033357 -391095399 -1771238081 760921233 -1790945715 395350416 1363938393 1430616773 -1017149713 -1596664200 1569186578 -256593463 -776236073 563264288 -104552409 -1383302881 848663849 -420131605 1208753546
Phan tu dang xet A[23] = -1676130185
Chen -1676130185 vao vi tri k = 23
Mang sau khi xu ly: 1981823628 1864893643 1487622505 1248739639 1029484826 957463899 940944236 810386645 724065556 448514312 261789064 235657321 149434232 -49777874 -76474253 -281050856 -671795648 -772535314 -874888582 -933397549 -1382847136 -1591559990 -1650179142 -1676130185 1368482444 1564374318 462884123 1392290736 1750515626 -1176971291 -140957498 74327568 -286539943 194328634 1748798036 510414089 1562667996 1136729645 1405072057 -582072035 -1470033357 -391095399 -1771238081 760921233 -1790945715 395350416 1363938393 1430616773 -1017149713 -1596664200 1569186578 -256593463 -776236073 563264288 -104552409 -1383302881 848663849 -420131605 1208753546

i = 24
Mang truoc khi xu ly: 1981823628 1864893643 1487622505 1248739639 1029484826 957463899 940944236 810386645 724065556 448514312 261789064 235657321 149434232 -49777874 -76474253 -281050856 -671795648 -772535314 -874888582 -933397549 -1382847136 -1591559990 -1650179142 -1676130185 1368482444 1564374318 462884123 1392290736 1750515626 -1176971291 -140957498 74327568 -286539943 194328634 1748798036 510414089 1562667996 1136729645 1405072057 -582072035 -1470033357 -391095399 -1771238081 760921233 -1790945715 395350416 1363938393 1430616773 -1017149713 -1596664200 1569186578 -256593463 -776236073 563264288 -104552409 -1383302881 848663849 -420131605 1208753546
Phan tu dang xet A[24] = 1368482444
Chen 1368482444 vao vi tri k = 3
Mang sau khi xu ly: 1981823628 1864893643 1487622505 1368482444 1248739639 1029484826 957463899 940944236 810386645 724065556 448514312 261789064 235657321 149434232 -49777874 -76474253 -281050856 -671795648 -772535314 -874888582 -933397549 -1382847136 -1591559990 -1650179142 -1676130185 1564374318 462884123 1392290736 1750515626 -1176971291 -140957498 74327568 -286539943 194328634 1748798036 510414089 1562667996 1136729645 1405072057 -582072035 -1470033357 -391095399 -1771238081 760921233 -1790945715 395350416 1363938393 1430616773 -1017149713 -1596664200 1569186578 -256593463 -776236073 563264288 -104552409 -1383302881 848663849 -420131605 1208753546

i = 25
Mang truoc khi xu ly: 1981823628 1864893643 1487622505 1368482444 1248739639 1029484826 957463899 940944236 810386645 724065556 448514312 261789064 235657321 149434232 -49777874 -76474253 -281050856 -671795648 -772535314 -874888582 -933397549 -1382847136 -1591559990 -1650179142 -1676130185 1564374318 462884123 1392290736 1750515626 -1176971291 -140957498 74327568 -286539943 194328634 1748798036 510414089 1562667996 1136729645 1405072057 -582072035 -1470033357 -391095399 -1771238081 760921233 -1790945715 395350416 1363938393 1430616773 -1017149713 -1596664200 1569186578 -256593463 -776236073 563264288 -104552409 -1383302881 848663849 -420131605 1208753546
Phan tu dang xet A[25] = 1564374318
Chen 1564374318 vao vi tri k = 2
Mang sau khi xu ly: 1981823628 1864893643 1564374318 1487622505 1368482444 1248739639 1029484826 957463899 940944236 810386645 724065556 448514312 261789064 235657321 149434232 -49777874 -76474253 -281050856 -671795648 -772535314 -874888582 -933397549 -1382847136 -1591559990 -1650179142 -1676130185 462884123 1392290736 1750515626 -1176971291 -140957498 74327568 -286539943 194328634 1748798036 510414089 1562667996 1136729645 1405072057 -582072035 -1470033357 -391095399 -1771238081 760921233 -1790945715 395350416 1363938393 1430616773 -1017149713 -1596664200 1569186578 -256593463 -776236073 563264288 -104552409 -1383302881 848663849 -420131605 1208753546

i = 26
Mang truoc khi xu ly: 1981823628 1864893643 1564374318 1487622505 1368482444 1248739639 1029484826 957463899 940944236 810386645 724065556 448514312 261789064 235657321 149434232 -49777874 -76474253 -281050856 -671795648 -772535314 -874888582 -933397549 -1382847136 -1591559990 -1650179142 -1676130185 462884123 1392290736 1750515626 -1176971291 -140957498 74327568 -286539943 194328634 1748798036 510414089 1562667996 1136729645 1405072057 -582072035 -1470033357 -391095399 -1771238081 760921233 -1790945715 395350416 1363938393 1430616773 -1017149713 -1596664200 1569186578 -256593463 -776236073 563264288 -104552409 -1383302881 848663849 -420131605 1208753546
Phan tu dang xet A[26] = 462884123
Chen 462884123 vao vi tri k = 11
Mang sau khi xu ly: 1981823628 1864893643 1564374318 1487622505 1368482444 1248739639 1029484826 957463899 940944236 810386645 724065556 462884123 448514312 261789064 235657321 149434232 -49777874 -76474253 -281050856 -671795648 -772535314 -874888582 -933397549 -1382847136 -1591559990 -1650179142 -1676130185 1392290736 1750515626 -1176971291 -140957498 74327568 -286539943 194328634 1748798036 510414089 1562667996 1136729645 1405072057 -582072035 -1470033357 -391095399 -1771238081 760921233 -1790945715 395350416 1363938393 1430616773 -1017149713 -1596664200 1569186578 -256593463 -776236073 563264288 -104552409 -1383302881 848663849 -420131605 1208753546

i = 27
Mang truoc khi xu ly: 1981823628 1864893643 1564374318 1487622505 1368482444 1248739639 1029484826 957463899 940944236 810386645 724065556 462884123 448514312 261789064 235657321 149434232 -49777874 -76474253 -281050856 -671795648 -772535314 -874888582 -933397549 -1382847136 -1591559990 -1650179142 -1676130185 1392290736 1750515626 -1176971291 -140957498 74327568 -286539943 194328634 1748798036 510414089 1562667996 1136729645 1405072057 -582072035 -1470033357 -391095399 -1771238081 760921233 -1790945715 395350416 1363938393 1430616773 -1017149713 -1596664200 1569186578 -256593463 -776236073 563264288 -104552409 -1383302881 848663849 -420131605 1208753546
Phan tu dang xet A[27] = 1392290736
Chen 1392290736 vao vi tri k = 4
Mang sau khi xu ly: 1981823628 1864893643 1564374318 1487622505 1392290736 1368482444 1248739639 1029484826 957463899 940944236 810386645 724065556 462884123 448514312 261789064 235657321 149434232 -49777874 -76474253 -281050856 -671795648 -772535314 -874888582 -933397549 -1382847136 -1591559990 -1650179142 -1676130185 1750515626 -1176971291 -140957498 74327568 -286539943 194328634 1748798036 510414089 1562667996 1136729645 1405072057 -582072035 -1470033357 -391095399 -1771238081 760921233 -1790945715 395350416 1363938393 1430616773 -1017149713 -1596664200 1569186578 -256593463 -776236073 563264288 -104552409 -1383302881 848663849 -420131605 1208753546

i = 28
Mang truoc khi xu ly: 1981823628 1864893643 1564374318 1487622505 1392290736 1368482444 1248739639 1029484826 957463899 940944236 810386645 724065556 462884123 448514312 261789064 235657321 149434232 -49777874 -76474253 -281050856 -671795648 -772535314 -874888582 -933397549 -1382847136 -1591559990 -1650179142 -1676130185 1750515626 -1176971291 -140957498 74327568 -286539943 194328634 1748798036 510414089 1562667996 1136729645 1405072057 -582072035 -1470033357 -391095399 -1771238081 760921233 -1790945715 395350416 1363938393 1430616773 -1017149713 -1596664200 1569186578 -256593463 -776236073 563264288 -104552409 -1383302881 848663849 -420131605 1208753546
Phan tu dang xet A[28] = 1750515626
Chen 1750515626 vao vi tri k = 2
Mang sau khi xu ly: 1981823628 1864893643 1750515626 1564374318 1487622505 1392290736 1368482444 1248739639 1029484826 957463899 940944236 810386645 724065556 462884123 448514312 261789064 235657321 149434232 -49777874 -76474253 -281050856 -671795648 -772535314 -874888582 -933397549 -1382847136 -1591559990 -1650179142 -1676130185 -1176971291 -140957498 74327568 -286539943 194328634 1748798036 510414089 1562667996 1136729645 1405072057 -582072035 -1470033357 -391095399 -1771238081 760921233 -1790945715 395350416 1363938393 1430616773 -1017149713 -1596664200 1569186578 -256593463 -776236073 563264288 -104552409 -1383302881 848663849 -420131605 1208753546

i = 29
Mang truoc khi xu ly: 1981823628 1864893643 1750515626 1564374318 1487622505 1392290736 1368482444 1248739639 1029484826 957463899 940944236 810386645 724065556 462884123 448514312 261789064 235657321 149434232 -49777874 -76474253 -281050856 -671795648 -772535314 -874888582 -933397549 -1382847136 -1591559990 -1650179142 -1676130185 -1176971291 -140957498 74327568 -286539943 194328634 1748798036 510414089 1562667996 1136729645 1405072057 -582072035 -1470033357 -391095399 -1771238081 760921233 -1790945715 395350416 1363938393 1430616773 -1017149713 -1596664200 1569186578 -256593463 -776236073 563264288 -104552409 -1383302881 848663849 -420131605 1208753546
Phan tu dang xet A[29] = -1176971291
Chen -1176971291 vao vi tri k = 25
Mang sau khi xu ly: 1981823628 1864893643 1750515626 1564374318 1487622505 1392290736 1368482444 1248739639 1029484826 957463899 940944236 810386645 724065556 462884123 448514312 261789064 235657321 149434232 -49777874 -76474253 -281050856 -671795648 -772535314 -874888582 -933397549 -1176971291 -1382847136 -1591559990 -1650179142 -1676130185 -140957498 74327568 -286539943 194328634 1748798036 510414089 1562667996 1136729645 1405072057 -582072035 -1470033357 -391095399 -1771238081 760921233 -1790945715 395350416 1363938393 1430616773 -1017149713 -1596664200 1569186578 -256593463 -776236073 563264288 -104552409 -1383302881 848663849 -420131605 1208753546

i = 30
Mang truoc khi xu ly: 1981823628 1864893643 1750515626 1564374318 1487622505 1392290736 1368482444 1248739639 1029484826 957463899 940944236 810386645 724065556 462884123 448514312 261789064 235657321 149434232 -49777874 -76474253 -281050856 -671795648 -772535314 -874888582 -933397549 -1176971291 -1382847136 -1591559990 -1650179142 -1676130185 -140957498 74327568 -286539943 194328634 1748798036 510414089 1562667996 1136729645 1405072057 -582072035 -1470033357 -391095399 -1771238081 760921233 -1790945715 395350416 1363938393 1430616773 -1017149713 -1596664200 1569186578 -256593463 -776236073 563264288 -104552409 -1383302881 848663849 -420131605 1208753546
Phan tu dang xet A[30] = -140957498
Chen -140957498 vao vi tri k = 20
Mang sau khi xu ly: 1981823628 1864893643 1750515626 1564374318 1487622505 1392290736 1368482444 1248739639 1029484826 957463899 940944236 810386645 724065556 462884123 448514312 261789064 235657321 149434232 -49777874 -76474253 -140957498 -281050856 -671795648 -772535314 -874888582 -933397549 -1176971291 -1382847136 -1591559990 -1650179142 -1676130185 74327568 -286539943 194328634 1748798036 510414089 1562667996 1136729645 1405072057 -582072035 -1470033357 -391095399 -1771238081 760921233 -1790945715 395350416 1363938393 1430616773 -1017149713 -1596664200 1569186578 -256593463 -776236073 563264288 -104552409 -1383302881 848663849 -420131605 1208753546

i = 31
Mang truoc khi xu ly: 1981823628 1864893643 1750515626 1564374318 1487622505 1392290736 1368482444 1248739639 1029484826 957463899 940944236 810386645 724065556 462884123 448514312 261789064 235657321 149434232 -49777874 -76474253 -140957498 -281050856 -671795648 -772535314 -874888582 -933397549 -1176971291 -1382847136 -1591559990 -1650179142 -1676130185 74327568 -286539943 194328634 1748798036 510414089 1562667996 1136729645 1405072057 -582072035 -1470033357 -391095399 -1771238081 760921233 -1790945715 395350416 1363938393 1430616773 -1017149713 -1596664200 1569186578 -256593463 -776236073 563264288 -104552409 -1383302881 848663849 -420131605 1208753546
Phan tu dang xet A[31] = 74327568
Chen 74327568 vao vi tri k = 18
Mang sau khi xu ly: 1981823628 1864893643 1750515626 1564374318 1487622505 1392290736 1368482444 1248739639 1029484826 957463899 940944236 810386645 724065556 462884123 448514312 261789064 235657321 149434232 74327568 -49777874 -76474253 -140957498 -281050856 -671795648 -772535314 -874888582 -933397549 -1176971291 -1382847136 -1591559990 -1650179142 -1676130185 -286539943 194328634 1748798036 510414089 1562667996 1136729645 1405072057 -582072035 -1470033357 -391095399 -1771238081 760921233 -1790945715 395350416 1363938393 1430616773 -1017149713 -1596664200 1569186578 -256593463 -776236073 563264288 -104552409 -1383302881 848663849 -420131605 1208753546

i = 32
Mang truoc khi xu ly: 1981823628 1864893643 1750515626 1564374318 1487622505 1392290736 1368482444 1248739639 1029484826 957463899 940944236 810386645 724065556 462884123 448514312 261789064 235657321 149434232 74327568 -49777874 -76474253 -140957498 -281050856 -671795648 -772535314 -874888582 -933397549 -1176971291 -1382847136 -1591559990 -1650179142 -1676130185 -286539943 194328634 1748798036 510414089 1562667996 1136729645 1405072057 -582072035 -1470033357 -391095399 -1771238081 760921233 -1790945715 395350416 1363938393 1430616773 -1017149713 -1596664200 1569186578 -256593463 -776236073 563264288 -104552409 -1383302881 848663849 -420131605 1208753546
Phan tu dang xet A[32] = -286539943
Chen -286539943 vao vi tri k = 23
Mang sau khi xu ly: 1981823628 1864893643 1750515626 1564374318 1487622505 1392290736 1368482444 1248739639 1029484826 957463899 940944236 810386645 724065556 462884123 448514312 261789064 235657321 149434232 74327568 -49777874 -76474253 -140957498 -281050856 -286539943 -671795648 -772535314 -874888582 -933397549 -1176971291 -1382847136 -1591559990 -1650179142 -1676130185 194328634 1748798036 510414089 1562667996 1136729645 1405072057 -582072035 -1470033357 -391095399 -1771238081 760921233 -1790945715 395350416 1363938393 1430616773 -1017149713 -1596664200 1569186578 -256593463 -776236073 563264288 -104552409 -1383302881 848663849 -420131605 1208753546

i = 33
Mang truoc khi xu ly: 1981823628 1864893643 1750515626 1564374318 1487622505 1392290736 1368482444 1248739639 1029484826 957463899 940944236 810386645 724065556 462884123 448514312 261789064 235657321 149434232 74327568 -49777874 -76474253 -140957498 -281050856 -286539943 -671795648 -772535314 -874888582 -933397549 -1176971291 -1382847136 -1591559990 -1650179142 -1676130185 194328634 1748798036 510414089 1562667996 1136729645 1405072057 -582072035 -1470033357 -391095399 -1771238081 760921233 -1790945715 395350416 1363938393 1430616773 -1017149713 -1596664200 1569186578 -256593463 -776236073 563264288 -104552409 -1383302881 848663849 -420131605 1208753546
Phan tu dang xet A[33] = 194328634
Chen 194328634 vao vi tri k = 17
Mang sau khi xu ly: 1981823628 1864893643 1750515626 1564374318 1487622505 1392290736 1368482444 1248739639 1029484826 957463899 940944236 810386645 724065556 462884123 448514312 261789064 235657321 194328634 149434232 74327568 -49777874 -76474253 -140957498 -281050856 -286539943 -671795648 -772535314 -874888582 -933397549 -1176971291 -1382847136 -1591559990 -1650179142 -1676130185 1748798036 510414089 1562667996 1136729645 1405072057 -582072035 -1470033357 -391095399 -1771238081 760921233 -1790945715 395350416 1363938393 1430616773 -1017149713 -1596664200 1569186578 -256593463 -776236073 563264288 -104552409 -1383302881 848663849 -420131605 1208753546

i = 34
Mang truoc khi xu ly: 1981823628 1864893643 1750515626 1564374318 1487622505 1392290736 1368482444 1248739639 1029484826 957463899 940944236 810386645 724065556 462884123 448514312 261789064 235657321 194328634 149434232 74327568 -49777874 -76474253 -140957498 -281050856 -286539943 -671795648 -772535314 -874888582 -933397549 -1176971291 -1382847136 -1591559990 -1650179142 -1676130185 1748798036 510414089 1562667996 1136729645 1405072057 -582072035 -1470033357 -391095399 -1771238081 760921233 -1790945715 395350416 1363938393 1430616773 -1017149713 -1596664200 1569186578 -256593463 -776236073 563264288 -104552409 -1383302881 848663849 -420131605 1208753546
Phan tu dang xet A[34] = 1748798036
Chen 1748798036 vao vi tri k = 3
Mang sau khi xu ly: 1981823628 1864893643 1750515626 1748798036 1564374318 1487622505 1392290736 1368482444 1248739639 1029484826 957463899 940944236 810386645 724065556 462884123 448514312 261789064 235657321 194328634 149434232 74327568 -49777874 -76474253 -140957498 -281050856 -286539943 -671795648 -772535314 -874888582 -933397549 -1176971291 -1382847136 -1591559990 -1650179142 -1676130185 510414089 1562667996 1136729645 1405072057 -582072035 -1470033357 -391095399 -1771238081 760921233 -1790945715 395350416 1363938393 1430616773 -1017149713 -1596664200 1569186578 -256593463 -776236073 563264288 -104552409 -1383302881 848663849 -420131605 1208753546

i = 35
Mang truoc khi xu ly: 1981823628 1864893643 1750515626 1748798036 1564374318 1487622505 1392290736 1368482444 1248739639 1029484826 957463899 940944236 810386645 724065556 462884123 448514312 261789064 235657321 194328634 149434232 74327568 -49777874 -76474253 -140957498 -281050856 -286539943 -671795648 -772535314 -874888582 -933397549 -1176971291 -1382847136 -1591559990 -1650179142 -1676130185 510414089 1562667996 1136729645 1405072057 -582072035 -1470033357 -391095399 -1771238081 760921233 -1790945715 395350416 1363938393 1430616773 -1017149713 -1596664200 1569186578 -256593463 -776236073 563264288 -104552409 -1383302881 848663849 -420131605 1208753546
Phan tu dang xet A[35] = 510414089
Chen 510414089 vao vi tri k = 14
Mang sau khi xu ly: 1981823628 1864893643 1750515626 1748798036 1564374318 1487622505 1392290736 1368482444 1248739639 1029484826 957463899 940944236 810386645 724065556 510414089 462884123 448514312 261789064 235657321 194328634 149434232 74327568 -49777874 -76474253 -140957498 -281050856 -286539943 -671795648 -772535314 -874888582 -933397549 -1176971291 -1382847136 -1591559990 -1650179142 -1676130185 1562667996 1136729645 1405072057 -582072035 -1470033357 -391095399 -1771238081 760921233 -1790945715 395350416 1363938393 1430616773 -1017149713 -1596664200 1569186578 -256593463 -776236073 563264288 -104552409 -1383302881 848663849 -420131605 1208753546

i = 36
Mang truoc khi xu ly: 1981823628 1864893643 1750515626 1748798036 1564374318 1487622505 1392290736 1368482444 1248739639 1029484826 957463899 940944236 810386645 724065556 510414089 462884123 448514312 261789064 235657321 194328634 149434232 74327568 -49777874 -76474253 -140957498 -281050856 -286539943 -671795648 -772535314 -874888582 -933397549 -1176971291 -1382847136 -1591559990 -1650179142 -1676130185 1562667996 1136729645 1405072057 -582072035 -1470033357 -391095399 -1771238081 760921233 -1790945715 395350416 1363938393 1430616773 -1017149713 -1596664200 1569186578 -256593463 -776236073 563264288 -104552409 -1383302881 848663849 -420131605 1208753546
Phan tu dang xet A[36] = 1562667996
Chen 1562667996 vao vi tri k = 5
Mang sau khi xu ly: 1981823628 1864893643 1750515626 1748798036 1564374318 1562667996 1487622505 1392290736 1368482444 1248739639 1029484826 957463899 940944236 810386645 724065556 510414089 462884123 448514312 261789064 235657321 194328634 149434232 74327568 -49777874 -76474253 -140957498 -281050856 -286539943 -671795648 -772535314 -874888582 -933397549 -1176971291 -1382847136 -1591559990 -1650179142 -1676130185 1136729645 1405072057 -582072035 -1470033357 -391095399 -1771238081 760921233 -1790945715 395350416 1363938393 1430616773 -1017149713 -1596664200 1569186578 -256593463 -776236073 563264288 -104552409 -1383302881 848663849 -420131605 1208753546

i = 37
Mang truoc khi xu ly: 1981823628 1864893643 1750515626 1748798036 1564374318 1562667996 1487622505 1392290736 1368482444 1248739639 1029484826 957463899 940944236 810386645 724065556 510414089 462884123 448514312 261789064 235657321 194328634 149434232 74327568 -49777874 -76474253 -140957498 -281050856 -286539943 -671795648 -772535314 -874888582 -933397549 -1176971291 -1382847136 -1591559990 -1650179142 -1676130185 1136729645 1405072057 -582072035 -1470033357 -391095399 -1771238081 760921233 -1790945715 395350416 1363938393 1430616773 -1017149713 -1596664200 1569186578 -256593463 -776236073 563264288 -104552409 -1383302881 848663849 -420131605 1208753546
Phan tu dang xet A[37] = 1136729645
Chen 1136729645 vao vi tri k = 10
Mang sau khi xu ly: 1981823628 1864893643 1750515626 1748798036 1564374318 1562667996 1487622505 1392290736 1368482444 1248739639 1136729645 1029484826 957463899 940944236 810386645 724065556 510414089 462884123 448514312 261789064 235657321 194328634 149434232 74327568 -49777874 -76474253 -140957498 -281050856 -286539943 -671795648 -772535314 -874888582 -933397549 -1176971291 -1382847136 -1591559990 -1650179142 -1676130185 1405072057 -582072035 -1470033357 -391095399 -1771238081 760921233 -1790945715 395350416 1363938393 1430616773 -1017149713 -1596664200 1569186578 -256593463 -776236073 563264288 -104552409 -1383302881 848663849 -420131605 1208753546

i = 38
Mang truoc khi xu ly: 1981823628 1864893643 1750515626 1748798036 1564374318 1562667996 1487622505 1392290736 1368482444 1248739639 1136729645 1029484826 957463899 940944236 810386645 724065556 510414089 462884123 448514312 261789064 235657321 194328634 149434232 74327568 -49777874 -76474253 -140957498 -281050856 -286539943 -671795648 -772535314 -874888582 -933397549 -1176971291 -1382847136 -1591559990 -1650179142 -1676130185 1405072057 -582072035 -1470033357 -391095399 -1771238081 760921233 -1790945715 395350416 1363938393 1430616773 -1017149713 -1596664200 1569186578 -256593463 -776236073 563264288 -104552409 -1383302881 848663849 -420131605 1208753546
Phan tu dang xet A[38] = 1405072057
Chen 1405072057 vao vi tri k = 7
Mang sau khi xu ly: 1981823628 1864893643 1750515626 1748798036 1564374318 1562667996 1487622505 1405072057 1392290736 1368482444 1248739639 1136729645 1029484826 957463899 940944236 810386645 724065556 510414089 462884123 448514312 261789064 235657321 194328634 149434232 74327568 -49777874 -76474253 -140957498 -281050856 -286539943 -671795648 -772535314 -874888582 -933397549 -1176971291 -1382847136 -1591559990 -1650179142 -1676130185 -582072035 -1470033357 -391095399 -1771238081 760921233 -1790945715 395350416 1363938393 1430616773 -1017149713 -1596664200 1569186578 -256593463 -776236073 563264288 -104552409 -1383302881 848663849 -420131605 1208753546

i = 39
Mang truoc khi xu ly: 1981823628 1864893643 1750515626 1748798036 1564374318 1562667996 1487622505 1405072057 1392290736 1368482444 1248739639 1136729645 1029484826 957463899 940944236 810386645 724065556 510414089 462884123 448514312 261789064 235657321 194328634 149434232 74327568 -49777874 -76474253 -140957498 -281050856 -286539943 -671795648 -772535314 -874888582 -933397549 -1176971291 -1382847136 -1591559990 -1650179142 -1676130185 -582072035 -1470033357 -391095399 -1771238081 760921233 -1790945715 395350416 1363938393 1430616773 -1017149713 -1596664200 1569186578 -256593463 -776236073 563264288 -104552409 -1383302881 848663849 -420131605 1208753546
Phan tu dang xet A[39] = -582072035
Chen -582072035 vao vi tri k = 30
Mang sau khi xu ly: 1981823628 1864893643 1750515626 1748798036 1564374318 1562667996 1487622505 1405072057 1392290736 1368482444 1248739639 1136729645 1029484826 957463899 940944236 810386645 724065556 510414089 462884123 448514312 261789064 235657321 194328634 149434232 74327568 -49777874 -76474253 -140957498 -281050856 -286539943 -582072035 -671795648 -772535314 -874888582 -933397549 -1176971291 -1382847136 -1591559990 -1650179142 -1676130185 -1470033357 -391095399 -1771238081 760921233 -1790945715 395350416 1363938393 1430616773 -1017149713 -1596664200 1569186578 -256593463 -776236073 563264288 -104552409 -1383302881 848663849 -420131605 1208753546

i = 40
Mang truoc khi xu ly: 1981823628 1864893643 1750515626 1748798036 1564374318 1562667996 1487622505 1405072057 1392290736 1368482444 1248739639 1136729645 1029484826 957463899 940944236 810386645 724065556 510414089 462884123 448514312 261789064 235657321 194328634 149434232 74327568 -49777874 -76474253 -140957498 -281050856 -286539943 -582072035 -671795648 -772535314 -874888582 -933397549 -1176971291 -1382847136 -1591559990 -1650179142 -1676130185 -1470033357 -391095399 -1771238081 760921233 -1790945715 395350416 1363938393 1430616773 -1017149713 -1596664200 1569186578 -256593463 -776236073 563264288 -104552409 -1383302881 848663849 -420131605 1208753546
Phan tu dang xet A[40] = -1470033357
Chen -1470033357 vao vi tri k = 37
Mang sau khi xu ly: 1981823628 1864893643 1750515626 1748798036 1564374318 1562667996 1487622505 1405072057 1392290736 1368482444 1248739639 1136729645 1029484826 957463899 940944236 810386645 724065556 510414089 462884123 448514312 261789064 235657321 194328634 149434232 74327568 -49777874 -76474253 -140957498 -281050856 -286539943 -582072035 -671795648 -772535314 -874888582 -933397549 -1176971291 -1382847136 -1470033357 -1591559990 -1650179142 -1676130185 -391095399 -1771238081 760921233 -1790945715 395350416 1363938393 1430616773 -1017149713 -1596664200 1569186578 -256593463 -776236073 563264288 -104552409 -1383302881 848663849 -420131605 1208753546

i = 41
Mang truoc khi xu ly: 1981823628 1864893643 1750515626 1748798036 1564374318 1562667996 1487622505 1405072057 1392290736 1368482444 1248739639 1136729645 1029484826 957463899 940944236 810386645 724065556 510414089 462884123 448514312 261789064 235657321 194328634 149434232 74327568 -49777874 -76474253 -140957498 -281050856 -286539943 -582072035 -671795648 -772535314 -874888582 -933397549 -1176971291 -1382847136 -1470033357 -1591559990 -1650179142 -1676130185 -391095399 -1771238081 760921233 -1790945715 395350416 1363938393 1430616773 -1017149713 -1596664200 1569186578 -256593463 -776236073 563264288 -104552409 -1383302881 848663849 -420131605 1208753546
Phan tu dang xet A[41] = -391095399
Chen -391095399 vao vi tri k = 30
Mang sau khi xu ly: 1981823628 1864893643 1750515626 1748798036 1564374318 1562667996 1487622505 1405072057 1392290736 1368482444 1248739639 1136729645 1029484826 957463899 940944236 810386645 724065556 510414089 462884123 448514312 261789064 235657321 194328634 149434232 74327568 -49777874 -76474253 -140957498 -281050856 -286539943 -391095399 -582072035 -671795648 -772535314 -874888582 -933397549 -1176971291 -1382847136 -1470033357 -1591559990 -1650179142 -1676130185 -1771238081 760921233 -1790945715 395350416 1363938393 1430616773 -1017149713 -1596664200 1569186578 -256593463 -776236073 563264288 -104552409 -1383302881 848663849 -420131605 1208753546

i = 42
Mang truoc khi xu ly: 1981823628 1864893643 1750515626 1748798036 1564374318 1562667996 1487622505 1405072057 1392290736 1368482444 1248739639 1136729645 1029484826 957463899 940944236 810386645 724065556 510414089 462884123 448514312 261789064 235657321 194328634 149434232 74327568 -49777874 -76474253 -140957498 -281050856 -286539943 -391095399 -582072035 -671795648 -772535314 -874888582 -933397549 -1176971291 -1382847136 -1470033357 -1591559990 -1650179142 -1676130185 -1771238081 760921233 -1790945715 395350416 1363938393 1430616773 -1017149713 -1596664200 1569186578 -256593463 -776236073 563264288 -104552409 -1383302881 848663849 -420131605 1208753546
Phan tu dang xet A[42] = -1771238081
Chen -1771238081 vao vi tri k = 42
Mang sau khi xu ly: 1981823628 1864893643 1750515626 1748798036 1564374318 1562667996 1487622505 1405072057 1392290736 1368482444 1248739639 1136729645 1029484826 957463899 940944236 810386645 724065556 510414089 462884123 448514312 261789064 235657321 194328634 149434232 74327568 -49777874 -76474253 -140957498 -281050856 -286539943 -391095399 -582072035 -671795648 -772535314 -874888582 -933397549 -1176971291 -1382847136 -1470033357 -1591559990 -1650179142 -1676130185 -1771238081 760921233 -1790945715 395350416 1363938393 1430616773 -1017149713 -1596664200 1569186578 -256593463 -776236073 563264288 -104552409 -1383302881 848663849 -420131605 1208753546

i = 43
Mang truoc khi xu ly: 1981823628 1864893643 1750515626 1748798036 1564374318 1562667996 1487622505 1405072057 1392290736 1368482444 1248739639 1136729645 1029484826 957463899 940944236 810386645 724065556 510414089 462884123 448514312 261789064 235657321 194328634 149434232 74327568 -49777874 -76474253 -140957498 -281050856 -286539943 -391095399 -582072035 -671795648 -772535314 -874888582 -933397549 -1176971291 -1382847136 -1470033357 -1591559990 -1650179142 -1676130185 -1771238081 760921233 -1790945715 395350416 1363938393 1430616773 -1017149713 -1596664200 1569186578 -256593463 -776236073 563264288 -104552409 -1383302881 848663849 -420131605 1208753546
Phan tu dang xet A[43] = 760921233
Chen 760921233 vao vi tri k = 16
Mang sau khi xu ly: 1981823628 1864893643 1750515626 1748798036 1564374318 1562667996 1487622505 1405072057 1392290736 1368482444 1248739639 1136729645 1029484826 957463899 940944236 810386645 760921233 724065556 510414089 462884123 448514312 261789064 235657321 194328634 149434232 74327568 -49777874 -76474253 -140957498 -281050856 -286539943 -391095399 -582072035 -671795648 -772535314 -874888582 -933397549 -1176971291 -1382847136 -1470033357 -1591559990 -1650179142 -1676130185 -1771238081 -1790945715 395350416 1363938393 1430616773 -1017149713 -1596664200 1569186578 -256593463 -776236073 563264288 -104552409 -1383302881 848663849 -420131605 1208753546

i = 44
Mang truoc khi xu ly: 1981823628 1864893643 1750515626 1748798036 1564374318 1562667996 1487622505 1405072057 1392290736 1368482444 1248739639 1136729645 1029484826 957463899 940944236 810386645 760921233 724065556 510414089 462884123 448514312 261789064 235657321 194328634 149434232 74327568 -49777874 -76474253 -140957498 -281050856 -286539943 -391095399 -582072035 -671795648 -772535314 -874888582 -933397549 -1176971291 -1382847136 -1470033357 -1591559990 -1650179142 -1676130185 -1771238081 -1790945715 395350416 1363938393 1430616773 -1017149713 -1596664200 1569186578 -256593463 -776236073 563264288 -104552409 -1383302881 848663849 -420131605 1208753546
Phan tu dang xet A[44] = -1790945715
Chen -1790945715 vao vi tri k = 44
Mang sau khi xu ly: 1981823628 1864893643 1750515626 1748798036 1564374318 1562667996 1487622505 1405072057 1392290736 1368482444 1248739639 1136729645 1029484826 957463899 940944236 810386645 760921233 724065556 510414089 462884123 448514312 261789064 235657321 194328634 149434232 74327568 -49777874 -76474253 -140957498 -281050856 -286539943 -391095399 -582072035 -671795648 -772535314 -874888582 -933397549 -1176971291 -1382847136 -1470033357 -1591559990 -1650179142 -1676130185 -1771238081 -1790945715 395350416 1363938393 1430616773 -1017149713 -1596664200 1569186578 -256593463 -776236073 563264288 -104552409 -1383302881 848663849 -420131605 1208753546

i = 45
Mang truoc khi xu ly: 1981823628 1864893643 1750515626 1748798036 1564374318 1562667996 1487622505 1405072057 1392290736 1368482444 1248739639 1136729645 1029484826 957463899 940944236 810386645 760921233 724065556 510414089 462884123 448514312 261789064 235657321 194328634 149434232 74327568 -49777874 -76474253 -140957498 -281050856 -286539943 -391095399 -582072035 -671795648 -772535314 -874888582 -933397549 -1176971291 -1382847136 -1470033357 -1591559990 -1650179142 -1676130185 -1771238081 -1790945715 395350416 1363938393 1430616773 -1017149713 -1596664200 1569186578 -256593463 -776236073 563264288 -104552409 -1383302881 848663849 -420131605 1208753546
Phan tu dang xet A[45] = 395350416
Chen 395350416 vao vi tri k = 21
Mang sau khi xu ly: 1981823628 1864893643 1750515626 1748798036 1564374318 1562667996 1487622505 1405072057 1392290736 1368482444 1248739639 1136729645 1029484826 957463899 940944236 810386645 760921233 724065556 510414089 462884123 448514312 395350416 261789064 235657321 194328634 149434232 74327568 -49777874 -76474253 -140957498 -281050856 -286539943 -391095399 -582072035 -671795648 -772535314 -874888582 -933397549 -1176971291 -1382847136 -1470033357 -1591559990 -1650179142 -1676130185 -1771238081 -1790945715 1363938393 1430616773 -1017149713 -1596664200 1569186578 -256593463 -776236073 563264288 -104552409 -1383302881 848663849 -420131605 1208753546

i = 46
Mang truoc khi xu ly: 1981823628 1864893643 1750515626 1748798036 1564374318 1562667996 1487622505 1405072057 1392290736 1368482444 1248739639 1136729645 1029484826 957463899 940944236 810386645 760921233 724065556 510414089 462884123 448514312 395350416 261789064 235657321 194328634 149434232 74327568 -49777874 -76474253 -140957498 -281050856 -286539943 -391095399 -582072035 -671795648 -772535314 -874888582 -933397549 -1176971291 -1382847136 -1470033357 -1591559990 -1650179142 -1676130185 -1771238081 -1790945715 1363938393 1430616773 -1017149713 -1596664200 1569186578 -256593463 -776236073 563264288 -104552409 -1383302881 848663849 -420131605 1208753546
Phan tu dang xet A[46] = 1363938393
Chen 1363938393 vao vi tri k = 10
Mang sau khi xu ly: 1981823628 1864893643 1750515626 1748798036 1564374318 1562667996 1487622505 1405072057 1392290736 1368482444 1363938393 1248739639 1136729645 1029484826 957463899 940944236 810386645 760921233 724065556 510414089 462884123 448514312 395350416 261789064 235657321 194328634 149434232 74327568 -49777874 -76474253 -140957498 -281050856 -286539943 -391095399 -582072035 -671795648 -772535314 -874888582 -933397549 -1176971291 -1382847136 -1470033357 -1591559990 -1650179142 -1676130185 -1771238081 -1790945715 1430616773 -1017149713 -1596664200 1569186578 -256593463 -776236073 563264288 -104552409 -1383302881 848663849 -420131605 1208753546

i = 47
Mang truoc khi xu ly: 1981823628 1864893643 1750515626 1748798036 1564374318 1562667996 1487622505 1405072057 1392290736 1368482444 1363938393 1248739639 1136729645 1029484826 957463899 940944236 810386645 760921233 724065556 510414089 462884123 448514312 395350416 261789064 235657321 194328634 149434232 74327568 -49777874 -76474253 -140957498 -281050856 -286539943 -391095399 -582072035 -671795648 -772535314 -874888582 -933397549 -1176971291 -1382847136 -1470033357 -1591559990 -1650179142 -1676130185 -1771238081 -1790945715 1430616773 -1017149713 -1596664200 1569186578 -256593463 -776236073 563264288 -104552409 -1383302881 848663849 -420131605 1208753546
Phan tu dang xet A[47] = 1430616773
Chen 1430616773 vao vi tri k = 7
Mang sau khi xu ly: 1981823628 1864893643 1750515626 1748798036 1564374318 1562667996 1487622505 1430616773 1405072057 1392290736 1368482444 1363938393 1248739639 1136729645 1029484826 957463899 940944236 810386645 760921233 724065556 510414089 462884123 448514312 395350416 261789064 235657321 194328634 149434232 74327568 -49777874 -76474253 -140957498 -281050856 -286539943 -391095399 -582072035 -671795648 -772535314 -874888582 -933397549 -1176971291 -1382847136 -1470033357 -1591559990 -1650179142 -1676130185 -1771238081 -1790945715 -1017149713 -1596664200 1569186578 -256593463 -776236073 563264288 -104552409 -1383302881 848663849 -420131605 1208753546

i = 48
Mang truoc khi xu ly: 1981823628 1864893643 1750515626 1748798036 1564374318 1562667996 1487622505 1430616773 1405072057 1392290736 1368482444 1363938393 1248739639 1136729645 1029484826 957463899 940944236 810386645 760921233 724065556 510414089 462884123 448514312 395350416 261789064 235657321 194328634 149434232 74327568 -49777874 -76474253 -140957498 -281050856 -286539943 -391095399 -582072035 -671795648 -772535314 -874888582 -933397549 -1176971291 -1382847136 -1470033357 -1591559990 -1650179142 -1676130185 -1771238081 -1790945715 -1017149713 -1596664200 1569186578 -256593463 -776236073 563264288 -104552409 -1383302881 848663849 -420131605 1208753546
Phan tu dang xet A[48] = -1017149713
Chen -1017149713 vao vi tri k = 40
Mang sau khi xu ly: 1981823628 1864893643 1750515626 1748798036 1564374318 1562667996 1487622505 1430616773 1405072057 1392290736 1368482444 1363938393 1248739639 1136729645 1029484826 957463899 940944236 810386645 760921233 724065556 510414089 462884123 448514312 395350416 261789064 235657321 194328634 149434232 74327568 -49777874 -76474253 -140957498 -281050856 -286539943 -391095399 -582072035 -671795648 -772535314 -874888582 -933397549 -1017149713 -1176971291 -1382847136 -1470033357 -1591559990 -1650179142 -1676130185 -1771238081 -1790945715 -1596664200 1569186578 -256593463 -776236073 563264288 -104552409 -1383302881 848663849 -420131605 1208753546

i = 49
Mang truoc khi xu ly: 1981823628 1864893643 1750515626 1748798036 1564374318 1562667996 1487622505 1430616773 1405072057 1392290736 1368482444 1363938393 1248739639 1136729645 1029484826 957463899 940944236 810386645 760921233 724065556 510414089 462884123 448514312 395350416 261789064 235657321 194328634 149434232 74327568 -49777874 -76474253 -140957498 -281050856 -286539943 -391095399 -582072035 -671795648 -772535314 -874888582 -933397549 -1017149713 -1176971291 -1382847136 -1470033357 -1591559990 -1650179142 -1676130185 -1771238081 -1790945715 -1596664200 1569186578 -256593463 -776236073 563264288 -104552409 -1383302881 848663849 -420131605 1208753546
Phan tu dang xet A[49] = -1596664200
Chen -1596664200 vao vi tri k = 45
Mang sau khi xu ly: 1981823628 1864893643 1750515626 1748798036 1564374318 1562667996 1487622505 1430616773 1405072057 1392290736 1368482444 1363938393 1248739639 1136729645 1029484826 957463899 940944236 810386645 760921233 724065556 510414089 462884123 448514312 395350416 261789064 235657321 194328634 149434232 74327568 -49777874 -76474253 -140957498 -281050856 -286539943 -391095399 -582072035 -671795648 -772535314 -874888582 -933397549 -1017149713 -1176971291 -1382847136 -1470033357 -1591559990 -1596664200 -1650179142 -1676130185 -1771238081 -1790945715 1569186578 -256593463 -776236073 563264288 -104552409 -1383302881 848663849 -420131605 1208753546

i = 50
Mang truoc khi xu ly: 1981823628 1864893643 1750515626 1748798036 1564374318 1562667996 1487622505 1430616773 1405072057 1392290736 1368482444 1363938393 1248739639 1136729645 1029484826 957463899 940944236 810386645 760921233 724065556 510414089 462884123 448514312 395350416 261789064 235657321 194328634 149434232 74327568 -49777874 -76474253 -140957498 -281050856 -286539943 -391095399 -582072035 -671795648 -772535314 -874888582 -933397549 -1017149713 -1176971291 -1382847136 -1470033357 -1591559990 -1596664200 -1650179142 -1676130185 -1771238081 -1790945715 1569186578 -256593463 -776236073 563264288 -104552409 -1383302881 848663849 -420131605 1208753546
Phan tu dang xet A[50] = 1569186578
Chen 1569186578 vao vi tri k = 4
Mang sau khi xu ly: 1981823628 1864893643 1750515626 1748798036 1569186578 1564374318 1562667996 1487622505 1430616773 1405072057 1392290736 1368482444 1363938393 1248739639 1136729645 1029484826 957463899 940944236 810386645 760921233 724065556 510414089 462884123 448514312 395350416 261789064 235657321 194328634 149434232 74327568 -49777874 -76474253 -140957498 -281050856 -286539943 -391095399 -582072035 -671795648 -772535314 -874888582 -933397549 -1017149713 -1176971291 -1382847136 -1470033357 -1591559990 -1596664200 -1650179142 -1676130185 -1771238081 -1790945715 -256593463 -776236073 563264288 -104552409 -1383302881 848663849 -420131605 1208753546

i = 51
Mang truoc khi xu ly: 1981823628 1864893643 1750515626 1748798036 1569186578 1564374318 1562667996 1487622505 1430616773 1405072057 1392290736 1368482444 1363938393 1248739639 1136729645 1029484826 957463899 940944236 810386645 760921233 724065556 510414089 462884123 448514312 395350416 261789064 235657321 194328634 149434232 74327568 -49777874 -76474253 -140957498 -281050856 -286539943 -391095399 -582072035 -671795648 -772535314 -874888582 -933397549 -1017149713 -1176971291 -1382847136 -1470033357 -1591559990 -1596664200 -1650179142 -1676130185 -1771238081 -1790945715 -256593463 -776236073 563264288 -104552409 -1383302881 848663849 -420131605 1208753546
Phan tu dang xet A[51] = -256593463
Chen -256593463 vao vi tri k = 33
Mang sau khi xu ly: 1981823628 1864893643 1750515626 1748798036 1569186578 1564374318 1562667996 1487622505 1430616773 1405072057 1392290736 1368482444 1363938393 1248739639 1136729645 1029484826 957463899 940944236 810386645 760921233 724065556 510414089 462884123 448514312 395350416 261789064 235657321 194328634 149434232 74327568 -49777874 -76474253 -140957498 -256593463 -281050856 -286539943 -391095399 -582072035 -671795648 -772535314 -874888582 -933397549 -1017149713 -1176971291 -1382847136 -1470033357 -1591559990 -1596664200 -1650179142 -1676130185 -1771238081 -1790945715 -776236073 563264288 -104552409 -1383302881 848663849 -420131605 1208753546

i = 52
Mang truoc khi xu ly: 1981823628 1864893643 1750515626 1748798036 1569186578 1564374318 1562667996 1487622505 1430616773 1405072057 1392290736 1368482444 1363938393 1248739639 1136729645 1029484826 957463899 940944236 810386645 760921233 724065556 510414089 462884123 448514312 395350416 261789064 235657321 194328634 149434232 74327568 -49777874 -76474253 -140957498 -256593463 -281050856 -286539943 -391095399 -582072035 -671795648 -772535314 -874888582 -933397549 -1017149713 -1176971291 -1382847136 -1470033357 -1591559990 -1596664200 -1650179142 -1676130185 -1771238081 -1790945715 -776236073 563264288 -104552409 -1383302881 848663849 -420131605 1208753546
Phan tu dang xet A[52] = -776236073
Chen -776236073 vao vi tri k = 40
Mang sau khi xu ly: 1981823628 1864893643 1750515626 1748798036 1569186578 1564374318 1562667996 1487622505 1430616773 1405072057 1392290736 1368482444 1363938393 1248739639 1136729645 1029484826 957463899 940944236 810386645 760921233 724065556 510414089 462884123 448514312 395350416 261789064 235657321 194328634 149434232 74327568 -49777874 -76474253 -140957498 -256593463 -281050856 -286539943 -391095399 -582072035 -671795648 -772535314 -776236073 -874888582 -933397549 -1017149713 -1176971291 -1382847136 -1470033357 -1591559990 -1596664200 -1650179142 -1676130185 -1771238081 -1790945715 563264288 -104552409 -1383302881 848663849 -420131605 1208753546

i = 53
Mang truoc khi xu ly: 1981823628 1864893643 1750515626 1748798036 1569186578 1564374318 1562667996 1487622505 1430616773 1405072057 1392290736 1368482444 1363938393 1248739639 1136729645 1029484826 957463899 940944236 810386645 760921233 724065556 510414089 462884123 448514312 395350416 261789064 235657321 194328634 149434232 74327568 -49777874 -76474253 -140957498 -256593463 -281050856 -286539943 -391095399 -582072035 -671795648 -772535314 -776236073 -874888582 -933397549 -1017149713 -1176971291 -1382847136 -1470033357 -1591559990 -1596664200 -1650179142 -1676130185 -1771238081 -1790945715 563264288 -104552409 -1383302881 848663849 -420131605 1208753546
Phan tu dang xet A[53] = 563264288
Chen 563264288 vao vi tri k = 21
Mang sau khi xu ly: 1981823628 1864893643 1750515626 1748798036 1569186578 1564374318 1562667996 1487622505 1430616773 1405072057 1392290736 1368482444 1363938393 1248739639 1136729645 1029484826 957463899 940944236 810386645 760921233 724065556 563264288 510414089 462884123 448514312 395350416 261789064 235657321 194328634 149434232 74327568 -49777874 -76474253 -140957498 -256593463 -281050856 -286539943 -391095399 -582072035 -671795648 -772535314 -776236073 -874888582 -933397549 -1017149713 -1176971291 -1382847136 -1470033357 -1591559990 -1596664200 -1650179142 -1676130185 -1771238081 -1790945715 -104552409 -1383302881 848663849 -420131605 1208753546

i = 54
Mang truoc khi xu ly: 1981823628 1864893643 1750515626 1748798036 1569186578 1564374318 1562667996 1487622505 1430616773 1405072057 1392290736 1368482444 1363938393 1248739639 1136729645 1029484826 957463899 940944236 810386645 760921233 724065556 563264288 510414089 462884123 448514312 395350416 261789064 235657321 194328634 149434232 74327568 -49777874 -76474253 -140957498 -256593463 -281050856 -286539943 -391095399 -582072035 -671795648 -772535314 -776236073 -874888582 -933397549 -1017149713 -1176971291 -1382847136 -1470033357 -1591559990 -1596664200 -1650179142 -1676130185 -1771238081 -1790945715 -104552409 -1383302881 848663849 -420131605 1208753546
Phan tu dang xet A[54] = -104552409
Chen -104552409 vao vi tri k = 33
Mang sau khi xu ly: 1981823628 1864893643 1750515626 1748798036 1569186578 1564374318 1562667996 1487622505 1430616773 1405072057 1392290736 1368482444 1363938393 1248739639 1136729645 1029484826 957463899 940944236 810386645 760921233 724065556 563264288 510414089 462884123 448514312 395350416 261789064 235657321 194328634 149434232 74327568 -49777874 -76474253 -104552409 -140957498 -256593463 -281050856 -286539943 -391095399 -582072035 -671795648 -772535314 -776236073 -874888582 -933397549 -1017149713 -1176971291 -1382847136 -1470033357 -1591559990 -1596664200 -1650179142 -1676130185 -1771238081 -1790945715 -1383302881 848663849 -420131605 1208753546

i = 55
Mang truoc khi xu ly: 1981823628 1864893643 1750515626 1748798036 1569186578 1564374318 1562667996 1487622505 1430616773 1405072057 1392290736 1368482444 1363938393 1248739639 1136729645 1029484826 957463899 940944236 810386645 760921233 724065556 563264288 510414089 462884123 448514312 395350416 261789064 235657321 194328634 149434232 74327568 -49777874 -76474253 -104552409 -140957498 -256593463 -281050856 -286539943 -391095399 -582072035 -671795648 -772535314 -776236073 -874888582 -933397549 -1017149713 -1176971291 -1382847136 -1470033357 -1591559990 -1596664200 -1650179142 -1676130185 -1771238081 -1790945715 -1383302881 848663849 -420131605 1208753546
Phan tu dang xet A[55] = -1383302881
Chen -1383302881 vao vi tri k = 48
Mang sau khi xu ly: 1981823628 1864893643 1750515626 1748798036 1569186578 1564374318 1562667996 1487622505 1430616773 1405072057 1392290736 1368482444 1363938393 1248739639 1136729645 1029484826 957463899 940944236 810386645 760921233 724065556 563264288 510414089 462884123 448514312 395350416 261789064 235657321 194328634 149434232 74327568 -49777874 -76474253 -104552409 -140957498 -256593463 -281050856 -286539943 -391095399 -582072035 -671795648 -772535314 -776236073 -874888582 -933397549 -1017149713 -1176971291 -1382847136 -1383302881 -1470033357 -1591559990 -1596664200 -1650179142 -1676130185 -1771238081 -1790945715 848663849 -420131605 1208753546

i = 56
Mang truoc khi xu ly: 1981823628 1864893643 1750515626 1748798036 1569186578 1564374318 1562667996 1487622505 1430616773 1405072057 1392290736 1368482444 1363938393 1248739639 1136729645 1029484826 957463899 940944236 810386645 760921233 724065556 563264288 510414089 462884123 448514312 395350416 261789064 235657321 194328634 149434232 74327568 -49777874 -76474253 -104552409 -140957498 -256593463 -281050856 -286539943 -391095399 -582072035 -671795648 -772535314 -776236073 -874888582 -933397549 -1017149713 -1176971291 -1382847136 -1383302881 -1470033357 -1591559990 -1596664200 -1650179142 -1676130185 -1771238081 -1790945715 848663849 -420131605 1208753546
Phan tu dang xet A[56] = 848663849
Chen 848663849 vao vi tri k = 18
Mang sau khi xu ly: 1981823628 1864893643 1750515626 1748798036 1569186578 1564374318 1562667996 1487622505 1430616773 1405072057 1392290736 1368482444 1363938393 1248739639 1136729645 1029484826 957463899 940944236 848663849 810386645 760921233 724065556 563264288 510414089 462884123 448514312 395350416 261789064 235657321 194328634 149434232 74327568 -49777874 -76474253 -104552409 -140957498 -256593463 -281050856 -286539943 -391095399 -582072035 -671795648 -772535314 -776236073 -874888582 -933397549 -1017149713 -1176971291 -1382847136 -1383302881 -1470033357 -1591559990 -1596664200 -1650179142 -1676130185 -1771238081 -1790945715 -420131605 1208753546

i = 57
Mang truoc khi xu ly: 1981823628 1864893643 1750515626 1748798036 1569186578 1564374318 1562667996 1487622505 1430616773 1405072057 1392290736 1368482444 1363938393 1248739639 1136729645 1029484826 957463899 940944236 848663849 810386645 760921233 724065556 563264288 510414089 462884123 448514312 395350416 261789064 235657321 194328634 149434232 74327568 -49777874 -76474253 -104552409 -140957498 -256593463 -281050856 -286539943 -391095399 -582072035 -671795648 -772535314 -776236073 -874888582 -933397549 -1017149713 -1176971291 -1382847136 -1383302881 -1470033357 -1591559990 -1596664200 -1650179142 -1676130185 -1771238081 -1790945715 -420131605 1208753546
Phan tu dang xet A[57] = -420131605
Chen -420131605 vao vi tri k = 40
Mang sau khi xu ly: 1981823628 1864893643 1750515626 1748798036 1569186578 1564374318 1562667996 1487622505 1430616773 1405072057 1392290736 1368482444 1363938393 1248739639 1136729645 1029484826 957463899 940944236 848663849 810386645 760921233 724065556 563264288 510414089 462884123 448514312 395350416 261789064 235657321 194328634 149434232 74327568 -49777874 -76474253 -104552409 -140957498 -256593463 -281050856 -286539943 -391095399 -420131605 -582072035 -671795648 -772535314 -776236073 -874888582 -933397549 -1017149713 -1176971291 -1382847136 -1383302881 -1470033357 -1591559990 -1596664200 -1650179142 -1676130185 -1771238081 -1790945715 1208753546

i = 58
Mang truoc khi xu ly: 1981823628 1864893643 1750515626 1748798036 1569186578 1564374318 1562667996 1487622505 1430616773 1405072057 1392290736 1368482444 1363938393 1248739639 1136729645 1029484826 957463899 940944236 848663849 810386645 760921233 724065556 563264288 510414089 462884123 448514312 395350416 261789064 235657321 194328634 149434232 74327568 -49777874 -76474253 -104552409 -140957498 -256593463 -281050856 -286539943 -391095399 -420131605 -582072035 -671795648 -772535314 -776236073 -874888582 -933397549 -1017149713 -1176971291 -1382847136 -1383302881 -1470033357 -1591559990 -1596664200 -1650179142 -1676130185 -1771238081 -1790945715 1208753546
Phan tu dang xet A[58] = 1208753546
Chen 1208753546 vao vi tri k = 14
Mang sau khi xu ly: 1981823628 1864893643 1750515626 1748798036 1569186578 1564374318 1562667996 1487622505 1430616773 1405072057 1392290736 1368482444 1363938393 1248739639 1208753546 1136729645 1029484826 957463899 940944236 848663849 810386645 760921233 724065556 563264288 510414089 462884123 448514312 395350416 261789064 235657321 194328634 149434232 74327568 -49777874 -76474253 -104552409 -140957498 -256593463 -281050856 -286539943 -391095399 -420131605 -582072035 -671795648 -772535314 -776236073 -874888582 -933397549 -1017149713 -1176971291 -1382847136 -1383302881 -1470033357 -1591559990 -1596664200 -1650179142 -1676130185 -1771238081 -1790945715

Mang sau khi sap xep:
1981823628 1864893643 1750515626 1748798036 1569186578 1564374318 1562667996 1487622505 1430616773 1405072057 1392290736 1368482444 1363938393 1248739639 1208753546 1136729645 1029484826 957463899 940944236 848663849 810386645 760921233 724065556 563264288 510414089 462884123 448514312 395350416 261789064 235657321 194328634 149434232 74327568 -49777874 -76474253 -104552409 -140957498 -256593463 -281050856 -286539943 -391095399 -420131605 -582072035 -671795648 -772535314 -776236073 -874888582 -933397549 -1017149713 -1176971291 -1382847136 -1383302881 -1470033357 -1591559990 -1596664200 -1650179142 -1676130185 -1771238081 -1790945715
