Mang truoc khi sap xep:
-1599316222 338280766 -1924814894 897249249 1604716657 972962210 89307332 -569434374 492833896 1816986404 1634313344 -736430356 -1632393983 -1053450941 -1057048756 -973138903 -266664324 -449963921 1048667038 -328881691 628456963 1243960905 -1676773506 329705046 -356912773 1737574095 -1744138552 -1338229265 642403298 450107903 1396650221 -1057188314 1475516104 -573142469 -472648703 -1725570131 816283370 1123091169 -1774280909 888050839 -1953810452 -681371147 1166508750 55531231 1367274769 -35161153 1283649021 1056397579 1571705199 559136346 1618938460 -617015973 -1295282182

Sap xep:
i = 1
Mang truoc khi xu ly: -1599316222 338280766 -1924814894 897249249 1604716657 972962210 89307332 -569434374 492833896 1816986404 1634313344 -736430356 -1632393983 -1053450941 -1057048756 -973138903 -266664324 -449963921 1048667038 -328881691 628456963 1243960905 -1676773506 329705046 -356912773 1737574095 -1744138552 -1338229265 642403298 450107903 1396650221 -1057188314 1475516104 -573142469 -472648703 -1725570131 816283370 1123091169 -1774280909 888050839 -1953810452 -681371147 1166508750 55531231 1367274769 -35161153 1283649021 1056397579 1571705199 559136346 1618938460 -617015973 -1295282182
Phan tu dang xet A[1] = 338280766
Chen 338280766 vao vi tri k = 0
Mang sau khi xu ly: 338280766 -1599316222 -1924814894 897249249 1604716657 972962210 89307332 -569434374 492833896 1816986404 1634313344 -736430356 -1632393983 -1053450941 -1057048756 -973138903 -266664324 -449963921 1048667038 -328881691 628456963 1243960905 -1676773506 329705046 -356912773 1737574095 -1744138552 -1338229265 642403298 450107903 1396650221 -1057188314 1475516104 -573142469 -472648703 -1725570131 816283370 1123091169 -1774280909 888050839 -1953810452 -681371147 1166508750 55531231 1367274769 -35161153 1283649021 1056397579 1571705199 559136346 1618938460 -617015973 -1295282182

i = 2
Mang truoc khi xu ly: 338280766 -1599316222 -1924814894 897249249 1604716657 972962210 89307332 -569434374 492833896 1816986404 1634313344 -736430356 -1632393983 -1053450941 -1057048756 -973138903 -266664324 -449963921 1048667038 -328881691 628456963 1243960905 -1676773506 329705046 -356912773 1737574095 -1744138552 -1338229265 642403298 450107903 1396650221 -1057188314 1475516104 -573142469 -472648703 -1725570131 816283370 1123091169 -1774280909 888050839 -1953810452 -681371147 1166508750 55531231 1367274769 -35161153 1283649021 1056397579 1571705199 559136346 1618938460 -617015973 -1295282182
Phan tu dang xet A[2] = -1924814894
Chen -1924814894 vao vi tri k = 2
Mang sau khi xu ly: 338280766 -1599316222 -1924814894 897249249 1604716657 972962210 89307332 -569434374 492833896 1816986404 1634313344 -736430356 -1632393983 -1053450941 -1057048756 -973138903 -266664324 -449963921 1048667038 -328881691 628456963 1243960905 -1676773506 329705046 -356912773 1737574095 -1744138552 -1338229265 642403298 450107903 1396650221 -1057188314 1475516104 -573142469 -472648703 -1725570131 816283370 1123091169 -1774280909 888050839 -1953810452 -681371147 1166508750 55531231 1367274769 -35161153 1283649021 1056397579 1571705199 559136346 1618938460 -617015973 -1295282182

i = 3
Mang truoc khi xu ly: 338280766 -1599316222 -1924814894 897249249 1604716657 972962210 89307332 -569434374 492833896 1816986404 1634313344 -736430356 -1632393983 -1053450941 -1057048756 -973138903 -266664324 -449963921 1048667038 -328881691 628456963 1243960905 -1676773506 329705046 -356912773 1737574095 -1744138552 -1338229265 642403298 450107903 1396650221 -1057188314 1475516104 -573142469 -472648703 -1725570131 816283370 1123091169 -1774280909 888050839 -1953810452 -681371147 1166508750 55531231 1367274769 -35161153 1283649021 1056397579 1571705199 559136346 1618938460 -617015973 -1295282182
Phan tu dang xet A[3] = 897249249
Chen 897249249 vao vi tri k = 0
Mang sau khi xu ly: 897249249 338280766 -1599316222 -1924814894 1604716657 972962210 89307332 -569434374 492833896 1816986404 1634313344 -736430356 -1632393983 -1053450941 -1057048756 -973138903 -266664324 -449963921 1048667038 -328881691 628456963 1243960905 -1676773506 329705046 -356912773 1737574095 -1744138552 -1338229265 642403298 450107903 1396650221 -1057188314 1475516104 -573142469 -472648703 -1725570131 816283370 1123091169 -1774280909 888050839 -1953810452 -681371147 1166508750 55531231 1367274769 -35161153 1283649021 1056397579 1571705199 559136346 1618938460 -617015973 -1295282182

i = 4
Mang truoc khi xu ly: 897249249 338280766 -1599316222 -1924814894 1604716657 972962210 89307332 -569434374 492833896 1816986404 1634313344 -736430356 -1632393983 -1053450941 -1057048756 -973138903 -266664324 -449963921 1048667038 -328881691 628456963 1243960905 -1676773506 329705046 -356912773 1737574095 -1744138552 -1338229265 642403298 450107903 1396650221 -1057188314 1475516104 -573142469 -472648703 -1725570131 816283370 1123091169 -1774280909 888050839 -1953810452 -681371147 1166508750 55531231 1367274769 -35161153 1283649021 1056397579 1571705199 559136346 1618938460 -617015973 -1295282182
Phan tu dang xet A[4] = 1604716657
Chen 1604716657 vao vi tri k = 0
Mang sau khi xu ly: 1604716657 897249249 338280766 -1599316222 -1924814894 972962210 89307332 -569434374 492833896 1816986404 1634313344 -736430356 -1632393983 -1053450941 -1057048756 -973138903 -266664324 -449963921 1048667038 -328881691 628456963 1243960905 -1676773506 329705046 -356912773 1737574095 -1744138552 -1338229265 642403298 450107903 1396650221 -1057188314 1475516104 -573142469 -472648703 -1725570131 816283370 1123091169 -1774280909 888050839 -1953810452 -681371147 1166508750 55531231 1367274769 -35161153 1283649021 1056397579 1571705199 559136346 1618938460 -617015973 -1295282182

i = 5
Mang truoc khi xu ly: 1604716657 897249249 338280766 -1599316222 -1924814894 972962210 89307332 -569434374 492833896 1816986404 1634313344 -736430356 -1632393983 -1053450941 -1057048756 -973138903 -266664324 -449963921 1048667038 -328881691 628456963 1243960905 -1676773506 329705046 -356912773 1737574095 -1744138552 -1338229265 642403298 450107903 1396650221 -1057188314 1475516104 -573142469 -472648703 -1725570131 816283370 1123091169 -1774280909 888050839 -1953810452 -681371147 1166508750 55531231 1367274769 -35161153 1283649021 1056397579 1571705199 559136346 1618938460 -617015973 -1295282182
Phan tu dang xet A[5] = 972962210
Chen 972962210 vao vi tri k = 1
Mang sau khi xu ly: 1604716657 972962210 897249249 338280766 -1599316222 -1924814894 89307332 -569434374 492833896 1816986404 1634313344 -736430356 -1632393983 -1053450941 -1057048756 -973138903 -266664324 -449963921 1048667038 -328881691 628456963 1243960905 -1676773506 329705046 -356912773 1737574095 -1744138552 -1338229265 642403298 450107903 1396650221 -1057188314 1475516104 -573142469 -472648703 -1725570131 816283370 1123091169 -1774280909 888050839 -1953810452 -681371147 1166508750 55531231 1367274769 -35161153 1283649021 1056397579 1571705199 559136346 1618938460 -617015973 -1295282182

i = 6
Mang truoc khi xu ly: 1604716657 972962210 897249249 338280766 -1599316222 -1924814894 89307332 -569434374 492833896 1816986404 1634313344 -736430356 -1632393983 -1053450941 -1057048756 -973138903 -266664324 -449963921 1048667038 -328881691 628456963 1243960905 -1676773506 329705046 -356912773 1737574095 -1744138552 -1338229265 642403298 450107903 1396650221 -1057188314 1475516104 -573142469 -472648703 -1725570131 816283370 1123091169 -1774280909 888050839 -1953810452 -681371147 1166508750 55531231 1367274769 -35161153 1283649021 1056397579 1571705199 559136346 1618938460 -617015973 -1295282182
Phan tu dang xet A[6] = 89307332
Chen 89307332 vao vi tri k = 4
Mang sau khi xu ly: 1604716657 972962210 897249249 338280766 89307332 -1599316222 -1924814894 -569434374 492833896 1816986404 1634313344 -736430356 -1632393983 -1053450941 -1057048756 -973138903 -266664324 -449963921 1048667038 -328881691 628456963 1243960905 -1676773506 329705046 -356912773 1737574095 -1744138552 -1338229265 642403298 450107903 1396650221 -1057188314 1475516104 -573142469 -472648703 -1725570131 816283370 1123091169 -1774280909 888050839 -1953810452 -681371147 1166508750 55531231 1367274769 -35161153 1283649021 1056397579 1571705199 559136346 1618938460 -617015973 -1295282182

i = 7
Mang truoc khi xu ly: 1604716657 972962210 897249249 338280766 89307332 -1599316222 -1924814894 -569434374 492833896 1816986404 1634313344 -736430356 -1632393983 -1053450941 -1057048756 -973138903 -266664324 -449963921 1048667038 -328881691 628456963 1243960905 -1676773506 329705046 -356912773 1737574095 -1744138552 -1338229265 642403298 450107903 1396650221 -1057188314 1475516104 -573142469 -472648703 -1725570131 816283370 1123091169 -1774280909 888050839 -1953810452 -681371147 1166508750 55531231 1367274769 -35161153 1283649021 1056397579 1571705199 559136346 1618938460 -617015973 -1295282182
Phan tu dang xet A[7] = -569434374
Chen -569434374 vao vi tri k = 5
Mang sau khi xu ly: 1604716657 972962210 897249249 338280766 89307332 -569434374 -1599316222 -1924814894 492833896 1816986404 1634313344 -736430356 -1632393983 -1053450941 -1057048756 -973138903 -266664324 -449963921 1048667038 -328881691 628456963 1243960905 -1676773506 329705046 -356912773 1737574095 -1744138552 -1338229265 642403298 450107903 1396650221 -1057188314 1475516104 -573142469 -472648703 -1725570131 816283370 1123091169 -1774280909 888050839 -1953810452 -681371147 1166508750 55531231 1367274769 -35161153 1283649021 1056397579 1571705199 559136346 1618938460 -617015973 -1295282182

i = 8
Mang truoc khi xu ly: 1604716657 972962210 897249249 338280766 89307332 -569434374 -1599316222 -1924814894 492833896 1816986404 1634313344 -736430356 -1632393983 -1053450941 -1057048756 -973138903 -266664324 -449963921 1048667038 -328881691 628456963 1243960905 -1676773506 329705046 -356912773 1737574095 -1744138552 -1338229265 642403298 450107903 1396650221 -1057188314 1475516104 -573142469 -472648703 -1725570131 816283370 1123091169 -1774280909 888050839 -1953810452 -681371147 1166508750 55531231 1367274769 -35161153 1283649021 1056397579 1571705199 559136346 1618938460 -617015973 -1295282182
Phan tu dang xet A[8] = 492833896
Chen 492833896 vao vi tri k = 3
Mang sau khi xu ly: 1604716657 972962210 897249249 492833896 338280766 89307332 -569434374 -1599316222 -1924814894 1816986404 1634313344 -736430356 -1632393983 -1053450941 -1057048756 -973138903 -266664324 -449963921 1048667038 -328881691 628456963 1243960905 -1676773506 329705046 -356912773 1737574095 -1744138552 -1338229265 642403298 450107903 1396650221 -1057188314 1475516104 -573142469 -472648703 -1725570131 816283370 1123091169 -1774280909 888050839 -1953810452 -681371147 1166508750 55531231 1367274769 -35161153 1283649021 1056397579 1571705199 559136346 1618938460 -617015973 -1295282182

i = 9
Mang truoc khi xu ly: 1604716657 972962210 897249249 492833896 338280766 89307332 -569434374 -1599316222 -1924814894 1816986404 1634313344 -736430356 -1632393983 -1053450941 -1057048756 -973138903 -266664324 -449963921 1048667038 -328881691 628456963 1243960905 -1676773506 329705046 -356912773 1737574095 -1744138552 -1338229265 642403298 450107903 1396650221 -1057188314 1475516104 -573142469 -472648703 -1725570131 816283370 1123091169 -1774280909 888050839 -1953810452 -681371147 1166508750 55531231 1367274769 -35161153 1283649021 1056397579 1571705199 559136346 1618938460 -617015973 -1295282182
Phan tu dang xet A[9] = 1816986404
Chen 1816986404 vao vi tri k = 0
Mang sau khi xu ly: 1816986404 1604716657 972962210 897249249 492833896 338280766 89307332 -569434374 -1599316222 -1924814894 1634313344 -736430356 -1632393983 -1053450941 -1057048756 -973138903 -266664324 -449963921 1048667038 -328881691 628456963 1243960905 -1676773506 329705046 -356912773 1737574095 -1744138552 -1338229265 642403298 450107903 1396650221 -1057188314 1475516104 -573142469 -472648703 -1725570131 816283370 1123091169 -1774280909 888050839 -1953810452 -681371147 1166508750 55531231 1367274769 -35161153 1283649021 1056397579 1571705199 559136346 1618938460 -617015973 -1295282182

i = 10
Mang truoc khi xu ly: 1816986404 1604716657 972962210 897249249 492833896 338280766 89307332 -569434374 -1599316222 -1924814894 1634313344 -736430356 -1632393983 -1053450941 -1057048756 -973138903 -266664324 -449963921 1048667038 -328881691 628456963 1243960905 -1676773506 329705046 -356912773 1737574095 -1744138552 -1338229265 642403298 450107903 1396650221 -1057188314 1475516104 -573142469 -472648703 -1725570131 816283370 1123091169 -1774280909 888050839 -1953810452 -681371147 1166508750 55531231 1367274769 -35161153 1283649021 1056397579 1571705199 559136346 1618938460 -617015973 -1295282182
Phan tu dang xet A[10] = 1634313344
Chen 1634313344 vao vi tri k = 1
Mang sau khi xu ly: 1816986404 1634313344 1604716657 972962210 897249249 492833896 338280766 89307332 -569434374 -1599316222 -1924814894 -736430356 -1632393983 -1053450941 -1057048756 -973138903 -266664324 -449963921 1048667038 -328881691 628456963 1243960905 -1676773506 329705046 -356912773 1737574095 -1744138552 -1338229265 642403298 450107903 1396650221 -1057188314 1475516104 -573142469 -472648703 -1725570131 816283370 1123091169 -1774280909 888050839 -1953810452 -681371147 1166508750 55531231 1367274769 -35161153 1283649021 1056397579 1571705199 559136346 1618938460 -617015973 -1295282182

i = 11
Mang truoc khi xu ly: 1816986404 1634313344 1604716657 972962210 897249249 492833896 338280766 89307332 -569434374 -1599316222 -1924814894 -736430356 -1632393983 -1053450941 -1057048756 -973138903 -266664324 -449963921 1048667038 -328881691 628456963 1243960905 -1676773506 329705046 -356912773 1737574095 -1744138552 -1338229265 642403298 450107903 1396650221 -1057188314 1475516104 -573142469 -472648703 -1725570131 816283370 1123091169 -1774280909 888050839 -1953810452 -681371147 1166508750 55531231 1367274769 -35161153 1283649021 1056397579 1571705199 559136346 1618938460 -617015973 -1295282182
Phan tu dang xet A[11] = -736430356
Chen -736430356 vao vi tri k = 9
Mang sau khi xu ly: 1816986404 1634313344 1604716657 972962210 897249249 492833896 338280766 89307332 -569434374 -736430356 -1599316222 -1924814894 -1632393983 -1053450941 -1057048756 -973138903 -266664324 -449963921 1048667038 -328881691 628456963 1243960905 -1676773506 329705046 -356912773 1737574095 -1744138552 -1338229265 642403298 450107903 1396650221 -1057188314 1475516104 -573142469 -472648703 -1725570131 816283370 1123091169 -1774280909 888050839 -1953810452 -681371147 1166508750 55531231 1367274769 -35161153 1283649021 1056397579 1571705199 559136346 1618938460 -617015973 -1295282182

i = 12
Mang truoc khi xu ly: 1816986404 1634313344 1604716657 972962210 897249249 492833896 338280766 89307332 -569434374 -736430356 -1599316222 -1924814894 -1632393983 -1053450941 -1057048756 -973138903 -266664324 -449963921 1048667038 -328881691 628456963 1243960905 -1676773506 329705046 -356912773 1737574095 -1744138552 -1338229265 642403298 450107903 1396650221 -1057188314 1475516104 -573142469 -472648703 -1725570131 816283370 1123091169 -1774280909 888050839 -1953810452 -681371147 1166508750 55531231 1367274769 -35161153 1283649021 1056397579 1571705199 559136346 1618938460 -617015973 -1295282182
Phan tu dang xet A[12] = -1632393983
Chen -1632393983 vao vi tri k = 11
Mang sau khi xu ly: 1816986404 1634313344 1604716657 972962210 897249249 492833896 338280766 89307332 -569434374 -736430356 -1599316222 -1632393983 -1924814894 -1053450941 -1057048756 -973138903 -266664324 -449963921 1048667038 -328881691 628456963 1243960905 -1676773506 329705046 -356912773 1737574095 -1744138552 -1338229265 642403298 450107903 1396650221 -1057188314 1475516104 -573142469 -472648703 -1725570131 816283370 1123091169 -1774280909 888050839 -1953810452 -681371147 1166508750 55531231 1367274769 -35161153 1283649021 1056397579 1571705199 559136346 1618938460 -617015973 -1295282182

i = 13
Mang truoc khi xu ly: 1816986404 1634313344 1604716657 972962210 897249249 492833896 338280766 89307332 -569434374 -736430356 -1599316222 -1632393983 -1924814894 -1053450941 -1057048756 -973138903 -266664324 -449963921 1048667038 -328881691 628456963 1243960905 -1676773506 329705046 -356912773 1737574095 -1744138552 -1338229265 642403298 450107903 1396650221 -1057188314 1475516104 -573142469 -472648703 -1725570131 816283370 1123091169 -1774280909 888050839 -1953810452 -681371147 1166508750 55531231 1367274769 -35161153 1283649021 1056397579 1571705199 559136346 1618938460 -617015973 -1295282182
Phan tu dang xet A[13] = -1053450941
Chen -1053450941 vao vi tri k = 10
Mang sau khi xu ly: 1816986404 1634313344 1604716657 972962210 897249249 492833896 338280766 89307332 -569434374 -736430356 -1053450941 -1599316222 -1632393983 -1924814894 -1057048756 -973138903 -266664324 -449963921 1048667038 -328881691 628456963 1243960905 -1676773506 329705046 -356912773 1737574095 -1744138552 -1338229265 642403298 450107903 1396650221 -1057188314 1475516104 -573142469 -472648703 -1725570131 816283370 1123091169 -1774280909 888050839 -1953810452 -681371147 1166508750 55531231 1367274769 -35161153 1283649021 1056397579 1571705199 559136346 1618938460 -617015973 -1295282182

i = 14
Mang truoc khi xu ly: 1816986404 1634313344 1604716657 972962210 897249249 492833896 338280766 89307332 -569434374 -736430356 -1053450941 -1599316222 -1632393983 -1924814894 -1057048756 -973138903 -266664324 -449963921 1048667038 -328881691 628456963 1243960905 -1676773506 329705046 -356912773 1737574095 -1744138552 -1338229265 642403298 450107903 1396650221 -1057188314 1475516104 -573142469 -472648703 -1725570131 816283370 1123091169 -1774280909 888050839 -1953810452 -681371147 1166508750 55531231 1367274769 -35161153 1283649021 1056397579 1571705199 559136346 1618938460 -617015973 -1295282182
Phan tu dang xet A[14] = -1057048756
Chen -1057048756 vao vi tri k = 11
Mang sau khi xu ly: 1816986404 1634313344 1604716657 972962210 897249249 492833896 338280766 89307332 -569434374 -736430356 -1053450941 -1057048756 -1599316222 -1632393983 -1924814894 -973138903 -266664324 -449963921 1048667038 -328881691 628456963 1243960905 -1676773506 329705046 -356912773 1737574095 -1744138552 -1338229265 642403298 450107903 1396650221 -1057188314 1475516104 -573142469 -472648703 -1725570131 816283370 1123091169 -1774280909 888050839 -1953810452 -681371147 1166508750 55531231 1367274769 -35161153 1283649021 1056397579 1571705199 559136346 1618938460 -617015973 -1295282182

i = 15
Mang truoc khi xu ly: 1816986404 1634313344 1604716657 972962210 897249249 492833896 338280766 89307332 -569434374 -736430356 -1053450941 -1057048756 -1599316222 -1632393983 -1924814894 -973138903 -266664324 -449963921 1048667038 -328881691 628456963 1243960905 -1676773506 329705046 -356912773 1737574095 -1744138552 -1338229265 642403298 450107903 1396650221 -1057188314 1475516104 -573142469 -472648703 -1725570131 816283370 1123091169 -1774280909 888050839 -1953810452 -681371147 1166508750 55531231 1367274769 -35161153 1283649021 1056397579 1571705199 559136346 1618938460 -617015973 -1295282182
Phan tu dang xet A[15] = -973138903
Chen -973138903 vao vi tri k = 10
Mang sau khi xu ly: 1816986404 1634313344 1604716657 972962210 897249249 492833896 338280766 89307332 -569434374 -736430356 -973138903 -1053450941 -1057048756 -1599316222 -1632393983 -1924814894 -266664324 -449963921 1048667038 -328881691 628456963 1243960905 -1676773506 329705046 -356912773 1737574095 -1744138552 -1338229265 642403298 450107903 1396650221 -1057188314 1475516104 -573142469 -472648703 -1725570131 816283370 1123091169 -1774280909 888050839 -1953810452 -681371147 1166508750 55531231 1367274769 -35161153 1283649021 1056397579 1571705199 559136346 1618938460 -617015973 -1295282182

i = 16
Mang truoc khi xu ly: 1816986404 1634313344 1604716657 972962210 897249249 492833896 338280766 89307332 -569434374 -736430356 -973138903 -1053450941 -1057048756 -1599316222 -1632393983 -1924814894 -266664324 -449963921 1048667038 -328881691 628456963 1243960905 -1676773506 329705046 -356912773 1737574095 -1744138552 -1338229265 642403298 450107903 1396650221 -1057188314 1475516104 -573142469 -472648703 -1725570131 816283370 1123091169 -1774280909 888050839 -1953810452 -681371147 1166508750 55531231 1367274769 -35161153 1283649021 1056397579 1571705199 559136346 1618938460 -617015973 -1295282182
Phan tu dang xet A[16] = -266664324
Chen -266664324 vao vi tri k = 8
Mang sau khi xu ly: 1816986404 1634313344 1604716657 972962210 897249249 492833896 338280766 89307332 -266664324 -569434374 -736430356 -973138903 -1053450941 -1057048756 -1599316222 -1632393983 -1924814894 -449963921 1048667038 -328881691 628456963 1243960905 -1676773506 329705046 -356912773 1737574095 -1744138552 -1338229265 642403298 450107903 1396650221 -1057188314 1475516104 -573142469 -472648703 -1725570131 816283370 1123091169 -1774280909 888050839 -1953810452 -681371147 1166508750 55531231 1367274769 -35161153 1283649021 1056397579 1571705199 559136346 1618938460 -617015973 -1295282182

i = 17
Mang truoc khi xu ly: 1816986404 1634313344 1604716657 972962210 897249249 492833896 338280766 89307332 -266664324 -569434374 -736430356 -973138903 -1053450941 -1057048756 -1599316222 -1632393983 -1924814894 -449963921 1048667038 -328881691 628456963 1243960905 -1676773506 329705046 -356912773 1737574095 -1744138552 -1338229265 642403298 450107903 1396650221 -1057188314 1475516104 -573142469 -472648703 -1725570131 816283370 1123091169 -1774280909 888050839 -1953810452 -681371147 1166508750 55531231 1367274769 -35161153 1283649021 1056397579 1571705199 559136346 1618938460 -617015973 -1295282182
Phan tu dang xet A[17] = -449963921
Chen -449963921 vao vi tri k = 9
Mang sau khi xu ly: 1816986404 1634313344 1604716657 972962210 897249249 492833896 338280766 89307332 -266664324 -449963921 -569434374 -736430356 -973138903 -1053450941 -1057048756 -1599316222 -1632393983 -1924814894 1048667038 -328881691 628456963 1243960905 -1676773506 329705046 -356912773 1737574095 -1744138552 -1338229265 642403298 450107903 1396650221 -1057188314 1475516104 -573142469 -472648703 -1725570131 816283370 1123091169 -1774280909 888050839 -1953810452 -681371147 1166508750 55531231 1367274769 -35161153 1283649021 1056397579 1571705199 559136346 1618938460 -617015973 -1295282182

i = 18
Mang truoc khi xu ly: 1816986404 1634313344 1604716657 972962210 897249249 492833896 338280766 89307332 -266664324 -449963921 -569434374 -736430356 -973138903 -1053450941 -1057048756 -1599316222 -1632393983 -1924814894 1048667038 -328881691 628456963 1243960905 -1676773506 329705046 -356912773 1737574095 -1744138552 -1338229265 642403298 450107903 1396650221 -1057188314 1475516104 -573142469 -472648703 -1725570131 816283370 1123091169 -1774280909 888050839 -1953810452 -681371147 1166508750 55531231 1367274769 -35161153 1283649021 1056397579 1571705199 559136346 1618938460 -617015973 -1295282182
Phan tu dang xet A[18] = 1048667038
Chen 1048667038 vao vi tri k = 3
Mang sau khi xu ly: 1816986404 1634313344 1604716657 1048667038 972962210 897249249 492833896 338280766 89307332 -266664324 -449963921 -569434374 -736430356 -973138903 -1053450941 -1057048756 -1599316222 -1632393983 -1924814894 -328881691 628456963 1243960905 -1676773506 329705046 -356912773 1737574095 -1744138552 -1338229265 642403298 450107903 1396650221 -1057188314 1475516104 -573142469 -472648703 -1725570131 816283370 1123091169 -1774280909 888050839 -1953810452 -681371147 1166508750 55531231 1367274769 -35161153 1283649021 1056397579 1571705199 559136346 1618938460 -617015973 -1295282182

i = 19
Mang truoc khi xu ly: 1816986404 1634313344 1604716657 1048667038 972962210 897249249 492833896 338280766 89307332 -266664324 -449963921 -569434374 -736430356 -973138903 -1053450941 -1057048756 -1599316222 -1632393983 -1924814894 -328881691 628456963 1243960905 -1676773506 329705046 -356912773 1737574095 -1744138552 -1338229265 642403298 450107903 1396650221 -1057188314 1475516104 -573142469 -472648703 -1725570131 816283370 1123091169 -1774280909 888050839 -1953810452 -681371147 1166508750 55531231 1367274769 -35161153 1283649021 1056397579 1571705199 559136346 1618938460 -617015973 -1295282182
Phan tu dang xet A[19] = -328881691
Chen -328881691 vao vi tri k = 10
Mang sau khi xu ly: 1816986404 1634313344 1604716657 1048667038 972962210 897249249 492833896 338280766 89307332 -266664324 -328881691 -449963921 -569434374 -736430356 -973138903 -1053450941 -1057048756 -1599316222 -1632393983 -1924814894 628456963 1243960905 -1676773506 329705046 -356912773 1737574095 -1744138552 -1338229265 642403298 450107903 1396650221 -1057188314 1475516104 -573142469 -472648703 -1725570131 816283370 1123091169 -1774280909 888050839 -1953810452 -681371147 1166508750 55531231 1367274769 -35161153 1283649021 1056397579 1571705199 559136346 1618938460 -617015973 -1295282182

i = 20
Mang truoc khi xu ly: 1816986404 1634313344 1604716657 1048667038 972962210 897249249 492833896 338280766 89307332 -266664324 -328881691 -449963921 -569434374 -736430356 -973138903 -1053450941 -1057048756 -1599316222 -1632393983 -1924814894 628456963 1243960905 -1676773506 329705046 -356912773 1737574095 -1744138552 -1338229265 642403298 450107903 1396650221 -1057188314 1475516104 -573142469 -472648703 -1725570131 816283370 1123091169 -1774280909 888050839 -1953810452 -681371147 1166508750 55531231 1367274769 -35161153 1283649021 1056397579 1571705199 559136346 1618938460 -617015973 -1295282182
Phan tu dang xet A[20] = 628456963
Chen 628456963 vao vi tri k = 6
Mang sau khi xu ly: 1816986404 1634313344 1604716657 1048667038 972962210 897249249 628456963 492833896 338280766 89307332 -266664324 -328881691 -449963921 -569434374 -736430356 -973138903 -1053450941 -1057048756 -1599316222 -1632393983 -1924814894 1243960905 -1676773506 329705046 -356912773 1737574095 -1744138552 -1338229265 642403298 450107903 1396650221 -1057188314 1475516104 -573142469 -472648703 -1725570131 816283370 1123091169 -1774280909 888050839 -1953810452 -681371147 1166508750 55531231 1367274769 -35161153 1283649021 1056397579 1571705199 559136346 1618938460 -617015973 -1295282182

i = 21
Mang truoc khi xu ly: 1816986404 1634313344 1604716657 1048667038 972962210 897249249 628456963 492833896 338280766 89307332 -266664324 -328881691 -449963921 -569434374 -736430356 -973138903 -1053450941 -1057048756 -1599316222 -1632393983 -1924814894 1243960905 -1676773506 329705046 -356912773 1737574095 -1744138552 -1338229265 642403298 450107903 1396650221 -1057188314 1475516104 -573142469 -472648703 -1725570131 816283370 1123091169 -1774280909 888050839 -1953810452 -681371147 1166508750 55531231 1367274769 -35161153 1283649021 1056397579 1571705199 559136346 1618938460 -617015973 -1295282182
Phan tu dang xet A[21] = 1243960905
Chen 1243960905 vao vi tri k = 3
Mang sau khi xu ly: 1816986404 1634313344 1604716657 1243960905 1048667038 972962210 897249249 628456963 492833896 338280766 89307332 -266664324 -328881691 -449963921 -569434374 -736430356 -973138903 -1053450941 -1057048756 -1599316222 -1632393983 -1924814894 -1676773506 329705046 -356912773 1737574095 -1744138552 -1338229265 642403298 450107903 1396650221 -1057188314 1475516104 -573142469 -472648703 -1725570131 816283370 1123091169 -1774280909 888050839 -1953810452 -681371147 1166508750 55531231 1367274769 -35161153 1283649021 1056397579 1571705199 559136346 1618938460 -617015973 -1295282182

i = 22
Mang truoc khi xu ly: 1816986404 1634313344 1604716657 1243960905 1048667038 972962210 897249249 628456963 492833896 338280766 89307332 -266664324 -328881691 -449963921 -569434374 -736430356 -973138903 -1053450941 -1057048756 -1599316222 -1632393983 -1924814894 -1676773506 329705046 -356912773 1737574095 -1744138552 -1338229265 642403298 450107903 1396650221 -1057188314 1475516104 -573142469 -472648703 -1725570131 816283370 1123091169 -1774280909 888050839 -1953810452 -681371147 1166508750 55531231 1367274769 -35161153 1283649021 1056397579 1571705199 559136346 1618938460 -617015973 -1295282182
Phan tu dang xet A[22] = -1676773506
Chen -1676773506 vao vi tri k = 21
Mang sau khi xu ly: 1816986404 1634313344 1604716657 1243960905 1048667038 972962210 897249249 628456963 492833896 338280766 89307332 -266664324 -328881691 -449963921 -569434374 -736430356 -973138903 -1053450941 -1057048756 -1599316222 -1632393983 -1676773506 -1924814894 329705046 -356912773 1737574095 -1744138552 -1338229265 642403298 450107903 1396650221 -1057188314 1475516104 -573142469 -472648703 -1725570131 816283370 1123091169 -1774280909 888050839 -1953810452 -681371147 1166508750 55531231 1367274769 -35161153 1283649021 1056397579 1571705199 559136346 1618938460 -617015973 -1295282182

i = 23
Mang truoc khi xu ly: 1816986404 1634313344 1604716657 1243960905 1048667038 972962210 897249249 628456963 492833896 338280766 89307332 -266664324 -328881691 -449963921 -569434374 -736430356 -973138903 -1053450941 -1057048756 -1599316222 -1632393983 -1676773506 -1924814894 329705046 -356912773 1737574095 -1744138552 -1338229265 642403298 450107903 1396650221 -1057188314 1475516104 -573142469 -472648703 -1725570131 816283370 1123091169 -1774280909 888050839 -1953810452 -681371147 1166508750 55531231 1367274769 -35161153 1283649021 1056397579 1571705199 559136346 1618938460 -617015973 -1295282182
Phan tu dang xet A[23] = 329705046
Chen 329705046 vao vi tri k = 10
Mang sau khi xu ly: 1816986404 1634313344 1604716657 1243960905 1048667038 972962210 897249249 628456963 492833896 338280766 329705046 89307332 -266664324 -328881691 -449963921 -569434374 -736430356 -973138903 -1053450941 -1057048756 -1599316222 -1632393983 -1676773506 -1924814894 -356912773 1737574095 -1744138552 -1338229265 642403298 450107903 1396650221 -1057188314 1475516104 -573142469 -472648703 -1725570131 816283370 1123091169 -1774280909 888050839 -1953810452 -681371147 1166508750 55531231 1367274769 -35161153 1283649021 1056397579 1571705199 559136346 1618938460 -617015973 -1295282182

i = 24
Mang truoc khi xu ly: 1816986404 1634313344 1604716657 1243960905 1048667038 972962210 897249249 628456963 492833896 338280766 329705046 89307332 -266664324 -328881691 -449963921 -569434374 -736430356 -973138903 -1053450941 -1057048756 -1599316222 -1632393983 -1676773506 -1924814894 -356912773 1737574095 -1744138552 -1338229265 642403298 450107903 1396650221 -1057188314 1475516104 -573142469 -472648703 -1725570131 816283370 1123091169 -1774280909 888050839 -1953810452 -681371147 1166508750 55531231 1367274769 -35161153 1283649021 1056397579 1571705199 559136346 1618938460 -617015973 -1295282182
Phan tu dang xet A[24] = -356912773
Chen -356912773 vao vi tri k = 14
Mang sau khi xu ly: 1816986404 1634313344 1604716657 1243960905 1048667038 972962210 897249249 628456963 492833896 338280766 329705046 89307332 -266664324 -328881691 -356912773 -449963921 -569434374 -736430356 -973138903 -1053450941 -1057048756 -1599316222 -1632393983 -1676773506 -1924814894 1737574095 -1744138552 -1338229265 642403298 450107903 1396650221 -1057188314 1475516104 -573142469 -472648703 -1725570131 816283370 1123091169 -1774280909 888050839 -1953810452 -681371147 1166508750 55531231 1367274769 -35161153 1283649021 1056397579 1571705199 559136346 1618938460 -617015973 -1295282182

i = 25
Mang truoc khi xu ly: 1816986404 1634313344 1604716657 1243960905 1048667038 972962210 897249249 628456963 492833896 338280766 329705046 89307332 -266664324 -328881691 -356912773 -449963921 -569434374 -736430356 -973138903 -1053450941 -1057048756 -1599316222 -1632393983 -1676773506 -1924814894 1737574095 -1744138552 -1338229265 642403298 450107903 1396650221 -1057188314 1475516104 -573142469 -472648703 -1725570131 816283370 1123091169 -1774280909 888050839 -1953810452 -681371147 1166508750 55531231 1367274769 -35161153 1283649021 1056397579 1571705199 559136346 1618938460 -617015973 -1295282182
Phan tu dang xet A[25] = 1737574095
Chen 1737574095 vao vi tri k = 1
Mang sau khi xu ly: 1816986404 1737574095 1634313344 1604716657 1243960905 1048667038 972962210 897249249 628456963 492833896 338280766 329705046 89307332 -266664324 -328881691 -356912773 -449963921 -569434374 -736430356 -973138903 -1053450941 -1057048756 -1599316222 -1632393983 -1676773506 -1924814894 -1744138552 -1338229265 642403298 450107903 1396650221 -1057188314 1475516104 -573142469 -472648703 -1725570131 816283370 1123091169 -1774280909 888050839 -1953810452 -681371147 1166508750 55531231 1367274769 -35161153 1283649021 1056397579 1571705199 559136346 1618938460 -617015973 -1295282182

i = 26
Mang truoc khi xu ly: 1816986404 1737574095 1634313344 1604716657 1243960905 1048667038 972962210 897249249 628456963 492833896 338280766 329705046 89307332 -266664324 -328881691 -356912773 -449963921 -569434374 -736430356 -973138903 -1053450941 -1057048756 -1599316222 -1632393983 -1676773506 -1924814894 -1744138552 -1338229265 642403298 450107903 1396650221 -1057188314 1475516104 -573142469 -472648703 -1725570131 816283370 1123091169 -1774280909 888050839 -1953810452 -681371147 1166508750 55531231 1367274769 -35161153 1283649021 1056397579 1571705199 559136346 1618938460 -617015973 -1295282182
Phan tu dang xet A[26] = -1744138552
Chen -1744138552 vao vi tri k = 25
Mang sau khi xu ly: 1816986404 1737574095 1634313344 1604716657 1243960905 1048667038 972962210 897249249 628456963 492833896 338280766 329705046 89307332 -266664324 -328881691 -356912773 -449963921 -569434374 -736430356 -973138903 -1053450941 -1057048756 -1599316222 -1632393983 -1676773506 -1744138552 -1924814894 -1338229265 642403298 450107903 1396650221 -1057188314 1475516104 -573142469 -472648703 -1725570131 816283370 1123091169 -1774280909 888050839 -1953810452 -681371147 1166508750 55531231 1367274769 -35161153 1283649021 1056397579 1571705199 559136346 1618938460 -617015973 -1295282182

i = 27
Mang truoc khi xu ly: 1816986404 1737574095 1634313344 1604716657 1243960905 1048667038 972962210 897249249 628456963 492833896 338280766 329705046 89307332 -266664324 -328881691 -356912773 -449963921 -569434374 -736430356 -973138903 -1053450941 -1057048756 -1599316222 -1632393983 -1676773506 -1744138552 -1924814894 -1338229265 642403298 450107903 1396650221 -1057188314 1475516104 -573142469 -472648703 -1725570131 816283370 1123091169 -1774280909 888050839 -1953810452 -681371147 1166508750 55531231 1367274769 -35161153 1283649021 1056397579 1571705199 559136346 1618938460 -617015973 -1295282182
Phan tu dang xet A[27] = -1338229265
Chen -1338229265 vao vi tri k = 22
Mang sau khi xu ly: 1816986404 1737574095 1634313344 1604716657 1243960905 1048667038 972962210 897249249 628456963 492833896 338280766 329705046 89307332 -266664324 -328881691 -356912773 -449963921 -569434374 -736430356 -973138903 -1053450941 -1057048756 -1338229265 -1599316222 -1632393983 -1676773506 -1744138552 -1924814894 642403298 450107903 1396650221 -1057188314 1475516104 -573142469 -472648703 -1725570131 816283370 1123091169 -1774280909 888050839 -1953810452 -681371147 1166508750 55531231 1367274769 -35161153 1283649021 1056397579 1571705199 559136346 1618938460 -617015973 -1295282182

i = 28
Mang truoc khi xu ly: 1816986404 1737574095 1634313344 1604716657 1243960905 1048667038 972962210 897249249 628456963 492833896 338280766 329705046 89307332 -266664324 -328881691 -356912773 -449963921 -569434374 -736430356 -973138903 -1053450941 -1057048756 -1338229265 -1599316222 -1632393983 -1676773506 -1744138552 -1924814894 642403298 450107903 1396650221 -1057188314 1475516104 -573142469 -472648703 -1725570131 816283370 1123091169 -1774280909 888050839 -1953810452 -681371147 1166508750 55531231 1367274769 -35161153 1283649021 1056397579 1571705199 559136346 1618938460 -617015973 -1295282182
Phan tu dang xet A[28] = 642403298
Chen 642403298 vao vi tri k = 8
Mang sau khi xu ly: 1816986404 1737574095 1634313344 1604716657 1243960905 1048667038 972962210 897249249 642403298 628456963 492833896 338280766 329705046 89307332 -266664324 -328881691 -356912773 -449963921 -569434374 -736430356 -973138903 -1053450941 -1057048756 -1338229265 -1599316222 -1632393983 -1676773506 -1744138552 -1924814894 450107903 1396650221 -1057188314 1475516104 -573142469 -472648703 -1725570131 816283370 1123091169 -1774280909 888050839 -1953810452 -681371147 1166508750 55531231 1367274769 -35161153 1283649021 1056397579 1571705199 559136346 1618938460 -617015973 -1295282182

i = 29
Mang truoc khi xu ly: 1816986404 1737574095 1634313344 1604716657 1243960905 1048667038 972962210 897249249 642403298 628456963 492833896 338280766 329705046 89307332 -266664324 -328881691 -356912773 -449963921 -569434374 -736430356 -973138903 -1053450941 -1057048756 -1338229265 -1599316222 -1632393983 -1676773506 -1744138552 -1924814894 450107903 1396650221 -1057188314 1475516104 -573142469 -472648703 -1725570131 816283370 1123091169 -1774280909 888050839 -1953810452 -681371147 1166508750 55531231 1367274769 -35161153 1283649021 1056397579 1571705199 559136346 1618938460 -617015973 -1295282182
Phan tu dang xet A[29] = 450107903
Chen 450107903 vao vi tri k = 11
Mang sau khi xu ly: 1816986404 1737574095 1634313344 1604716657 1243960905 1048667038 972962210 897249249 642403298 628456963 492833896 450107903 338280766 329705046 89307332 -266664324 -328881691 -356912773 -449963921 -569434374 -736430356 -973138903 -1053450941 -1057048756 -1338229265 -1599316222 -1632393983 -1676773506 -1744138552 -1924814894 1396650221 -1057188314 1475516104 -573142469 -472648703 -1725570131 816283370 1123091169 -1774280909 888050839 -1953810452 -681371147 1166508750 55531231 1367274769 -35161153 1283649021 1056397579 1571705199 559136346 1618938460 -617015973 -1295282182

i = 30
Mang truoc khi xu ly: 1816986404 1737574095 1634313344 1604716657 1243960905 1048667038 972962210 897249249 642403298 628456963 492833896 450107903 338280766 329705046 89307332 -266664324 -328881691 -356912773 -449963921 -569434374 -736430356 -973138903 -1053450941 -1057048756 -1338229265 -1599316222 -1632393983 -1676773506 -1744138552 -1924814894 1396650221 -1057188314 1475516104 -573142469 -472648703 -1725570131 816283370 1123091169 -1774280909 888050839 -1953810452 -681371147 1166508750 55531231 1367274769 -35161153 1283649021 1056397579 1571705199 559136346 1618938460 -617015973 -1295282182
Phan tu dang xet A[30] = 1396650221
Chen 1396650221 vao vi tri k = 4
Mang sau khi xu ly: 1816986404 1737574095 1634313344 1604716657 1396650221 1243960905 1048667038 972962210 897249249 642403298 628456963 492833896 450107903 338280766 329705046 89307332 -266664324 -328881691 -356912773 -449963921 -569434374 -736430356 -973138903 -1053450941 -1057048756 -1338229265 -1599316222 -1632393983 -1676773506 -1744138552 -1924814894 -1057188314 1475516104 -573142469 -472648703 -1725570131 816283370 1123091169 -1774280909 888050839 -1953810452 -681371147 1166508750 55531231 1367274769 -35161153 1283649021 1056397579 1571705199 559136346 1618938460 -617015973 -1295282182

i = 31
Mang truoc khi xu ly: 1816986404 1737574095 1634313344 1604716657 1396650221 1243960905 1048667038 972962210 897249249 642403298 628456963 492833896 450107903 338280766 329705046 89307332 -266664324 -328881691 -356912773 -449963921 -569434374 -736430356 -973138903 -1053450941 -1057048756 -1338229265 -1599316222 -1632393983 -1676773506 -1744138552 -1924814894 -1057188314 1475516104 -573142469 -472648703 -1725570131 816283370 1123091169 -1774280909 888050839 -1953810452 -681371147 1166508750 55531231 1367274769 -35161153 1283649021 1056397579 1571705199 559136346 1618938460 -617015973 -1295282182
Phan tu dang xet A[31] = -1057188314
Chen -1057188314 vao vi tri k = 25
Mang sau khi xu ly: 1816986404 1737574095 1634313344 1604716657 1396650221 1243960905 1048667038 972962210 897249249 642403298 628456963 492833896 450107903 338280766 329705046 89307332 -266664324 -328881691 -356912773 -449963921 -569434374 -736430356 -973138903 -1053450941 -1057048756 -1057188314 -1338229265 -1599316222 -1632393983 -1676773506 -1744138552 -1924814894 1475516104 -573142469 -472648703 -1725570131 816283370 1123091169 -1774280909 888050839 -1953810452 -681371147 1166508750 55531231 1367274769 -35161153 1283649021 1056397579 1571705199 559136346 1618938460 -617015973 -1295282182

i = 32
Mang truoc khi xu ly: 1816986404 1737574095 1634313344 1604716657 1396650221 1243960905 1048667038 972962210 897249249 642403298 628456963 492833896 450107903 338280766 329705046 89307332 -266664324 -328881691 -356912773 -449963921 -569434374 -736430356 -973138903 -1053450941 -1057048756 -1057188314 -1338229265 -1599316222 -1632393983 -1676773506 -1744138552 -1924814894 1475516104 -573142469 -472648703 -1725570131 816283370 1123091169 -1774280909 888050839 -1953810452 -681371147 1166508750 55531231 1367274769 -35161153 1283649021 1056397579 1571705199 559136346 1618938460 -617015973 -1295282182
Phan tu dang xet A[32] = 1475516104
Chen 1475516104 vao vi tri k = 4
Mang sau khi xu ly: 1816986404 1737574095 1634313344 1604716657 1475516104 1396650221 1243960905 1048667038 972962210 897249249 642403298 628456963 492833896 450107903 338280766 329705046 89307332 -266664324 -328881691 -356912773 -449963921 -569434374 -736430356 -973138903 -1053450941 -1057048756 -1057188314 -1338229265 -1599316222 -1632393983 -1676773506 -1744138552 -1924814894 -573142469 -472648703 -1725570131 816283370 1123091169 -1774280909 888050839 -1953810452 -681371147 1166508750 55531231 1367274769 -35161153 1283649021 1056397579 1571705199 559136346 1618938460 -617015973 -1295282182

i = 33
Mang truoc khi xu ly: 1816986404 1737574095 1634313344 1604716657 1475516104 1396650221 1243960905 1048667038 972962210 897249249 642403298 628456963 492833896 450107903 338280766 329705046 89307332 -266664324 -328881691 -356912773 -449963921 -569434374 -736430356 -973138903 -1053450941 -1057048756 -1057188314 -1338229265 -1599316222 -1632393983 -1676773506 -1744138552 -1924814894 -573142469 -472648703 -1725570131 816283370 1123091169 -1774280909 888050839 -1953810452 -681371147 1166508750 55531231 1367274769 -35161153 1283649021 1056397579 1571705199 559136346 1618938460 -617015973 -1295282182
Phan tu dang xet A[33] = -573142469
Chen -573142469 vao vi tri k = 22
Mang sau khi xu ly: 1816986404 1737574095 1634313344 1604716657 1475516104 1396650221 1243960905 1048667038 972962210 897249249 642403298 628456963 492833896 450107903 338280766 329705046 89307332 -266664324 -328881691 -356912773 -449963921 -569434374 -573142469 -736430356 -973138903 -1053450941 -1057048756 -1057188314 -1338229265 -1599316222 -1632393983 -1676773506 -1744138552 -1924814894 -472648703 -1725570131 816283370 1123091169 -1774280909 888050839 -1953810452 -681371147 1166508750 55531231 1367274769 -35161153 1283649021 1056397579 1571705199 559136346 1618938460 -617015973 -1295282182

i = 34
Mang truoc khi xu ly: 1816986404 1737574095 1634313344 1604716657 1475516104 1396650221 1243960905 1048667038 972962210 897249249 642403298 628456963 492833896 450107903 338280766 329705046 89307332 -266664324 -328881691 -356912773 -449963921 -569434374 -573142469 -736430356 -973138903 -1053450941 -1057048756 -1057188314 -1338229265 -1599316222 -1632393983 -1676773506 -1744138552 -1924814894 -472648703 -1725570131 816283370 1123091169 -1774280909 888050839 -1953810452 -681371147 1166508750 55531231 1367274769 -35161153 1283649021 1056397579 1571705199 559136346 1618938460 -617015973 -1295282182
Phan tu dang xet A[34] = -472648703
Chen -472648703 vao vi tri k = 21
Mang sau khi xu ly: 1816986404 1737574095 1634313344 1604716657 1475516104 1396650221 1243960905 1048667038 972962210 897249249 642403298 628456963 492833896 450107903 338280766 329705046 89307332 -266664324 -328881691 -356912773 -449963921 -472648703 -569434374 -573142469 -736430356 -973138903 -1053450941 -1057048756 -1057188314 -1338229265 -1599316222 -1632393983 -1676773506 -1744138552 -1924814894 -1725570131 816283370 1123091169 -1774280909 888050839 -1953810452 -681371147 1166508750 55531231 1367274769 -35161153 1283649021 1056397579 1571705199 559136346 1618938460 -617015973 -1295282182

i = 35
Mang truoc khi xu ly: 1816986404 1737574095 1634313344 1604716657 1475516104 1396650221 1243960905 1048667038 972962210 897249249 642403298 628456963 492833896 450107903 338280766 329705046 89307332 -266664324 -328881691 -356912773 -449963921 -472648703 -569434374 -573142469 -736430356 -973138903 -1053450941 -1057048756 -1057188314 -1338229265 -1599316222 -1632393983 -1676773506 -1744138552 -1924814894 -1725570131 816283370 1123091169 -1774280909 888050839 -1953810452 -681371147 1166508750 55531231 1367274769 -35161153 1283649021 1056397579 1571705199 559136346 1618938460 -617015973 -1295282182
Phan tu dang xet A[35] = -1725570131
Chen -1725570131 vao vi tri k = 33
Mang sau khi xu ly: 1816986404 1737574095 1634313344 1604716657 1475516104 1396650221 1243960905 1048667038 972962210 897249249 642403298 628456963 492833896 450107903 338280766 329705046 89307332 -266664324 -328881691 -356912773 -449963921 -472648703 -569434374 -573142469 -736430356 -973138903 -1053450941 -1057048756 -1057188314 -1338229265 -1599316222 -1632393983 -1676773506 -1725570131 -1744138552 -1924814894 816283370 1123091169 -1774280909 888050839 -1953810452 -681371147 1166508750 55531231 1367274769 -35161153 1283649021 1056397579 1571705199 559136346 1618938460 -617015973 -1295282182

i = 36
Mang truoc khi xu ly: 1816986404 1737574095 1634313344 1604716657 1475516104 1396650221 1243960905 1048667038 972962210 897249249 642403298 628456963 492833896 450107903 338280766 329705046 89307332 -266664324 -328881691 -356912773 -449963921 -472648703 -569434374 -573142469 -736430356 -973138903 -1053450941 -1057048756 -1057188314 -1338229265 -1599316222 -1632393983 -1676773506 -1725570131 -1744138552 -1924814894 816283370 1123091169 -1774280909 888050839 -1953810452 -681371147 1166508750 55531231 1367274769 -35161153 1283649021 1056397579 1571705199 559136346 1618938460 -617015973 -1295282182
Phan tu dang xet A[36] = 816283370
Chen 816283370 vao vi tri k = 10
Mang sau khi xu ly: 1816986404 1737574095 1634313344 1604716657 1475516104 1396650221 1243960905 1048667038 972962210 897249249 816283370 642403298 628456963 492833896 450107903 338280766 329705046 89307332 -266664324 -328881691 -356912773 -449963921 -472648703 -569434374 -573142469 -736430356 -973138903 -1053450941 -1057048756 -1057188314 -1338229265 -1599316222 -1632393983 -1676773506 -1725570131 -1744138552 -1924814894 1123091169 -1774280909 888050839 -1953810452 -681371147 1166508750 55531231 1367274769 -35161153 1283649021 1056397579 1571705199 559136346 1618938460 -617015973 -1295282182

i = 37
Mang truoc khi xu ly: 1816986404 1737574095 1634313344 1604716657 1475516104 1396650221 1243960905 1048667038 972962210 897249249 816283370 642403298 628456963 492833896 450107903 338280766 329705046 89307332 -266664324 -328881691 -356912773 -449963921 -472648703 -569434374 -573142469 -736430356 -973138903 -1053450941 -1057048756 -1057188314 -1338229265 -1599316222 -1632393983 -1676773506 -1725570131 -1744138552 -1924814894 1123091169 -1774280909 888050839 -1953810452 -681371147 1166508750 55531231 1367274769 -35161153 1283649021 1056397579 1571705199 559136346 1618938460 -617015973 -1295282182
Phan tu dang xet A[37] = 1123091169
Chen 1123091169 vao vi tri k = 7
Mang sau khi xu ly: 1816986404 1737574095 1634313344 1604716657 1475516104 1396650221 1243960905 1123091169 1048667038 972962210 897249249 816283370 642403298 628456963 492833896 450107903 338280766 329705046 89307332 -266664324 -328881691 -356912773 -449963921 -472648703 -569434374 -573142469 -736430356 -973138903 -1053450941 -1057048756 -1057188314 -1338229265 -1599316222 -1632393983 -1676773506 -1725570131 -1744138552 -1924814894 -1774280909 888050839 -1953810452 -681371147 1166508750 55531231 1367274769 -35161153 1283649021 1056397579 1571705199 559136346 1618938460 -617015973 -1295282182

i = 38
Mang truoc khi xu ly: 1816986404 1737574095 1634313344 1604716657 1475516104 1396650221 1243960905 1123091169 1048667038 972962210 897249249 816283370 642403298 628456963 492833896 450107903 338280766 329705046 89307332 -266664324 -328881691 -356912773 -449963921 -472648703 -569434374 -573142469 -736430356 -973138903 -1053450941 -1057048756 -1057188314 -1338229265 -1599316222 -1632393983 -1676773506 -1725570131 -1744138552 -1924814894 -1774280909 888050839 -1953810452 -681371147 1166508750 55531231 1367274769 -35161153 1283649021 1056397579 1571705199 559136346 1618938460 -617015973 -1295282182
Phan tu dang xet A[38] = -1774280909
Chen -1774280909 vao vi tri k = 37
Mang sau khi xu ly: 1816986404 1737574095 1634313344 1604716657 1475516104 1396650221 1243960905 1123091169 1048667038 972962210 897249249 816283370 642403298 628456963 492833896 450107903 338280766 329705046 89307332 -266664324 -328881691 -356912773 -449963921 -472648703 -569434374 -573142469 -736430356 -973138903 -1053450941 -1057048756 -1057188314 -1338229265 -1599316222 -1632393983 -1676773506 -1725570131 -1744138552 -1774280909 -1924814894 888050839 -1953810452 -681371147 1166508750 55531231 1367274769 -35161153 1283649021 1056397579 1571705199 559136346 1618938460 -617015973 -1295282182

i = 39
Mang truoc khi xu ly: 1816986404 1737574095 1634313344 1604716657 1475516104 1396650221 1243960905 1123091169 1048667038 972962210 897249249 816283370 642403298 628456963 492833896 450107903 338280766 329705046 89307332 -266664324 -328881691 -356912773 -449963921 -472648703 -569434374 -573142469 -736430356 -973138903 -1053450941 -1057048756 -1057188314 -1338229265 -1599316222 -1632393983 -1676773506 -1725570131 -1744138552 -1774280909 -1924814894 888050839 -1953810452 -681371147 1166508750 55531231 1367274769 -35161153 1283649021 1056397579 1571705199 559136346 1618938460 -617015973 -1295282182
Phan tu dang xet A[39] = 888050839
Chen 888050839 vao vi tri k = 11
Mang sau khi xu ly: 1816986404 1737574095 1634313344 1604716657 1475516104 1396650221 1243960905 1123091169 1048667038 972962210 897249249 888050839 816283370 642403298 628456963 492833896 450107903 338280766 329705046 89307332 -266664324 -328881691 -356912773 -449963921 -472648703 -569434374 -573142469 -736430356 -973138903 -1053450941 -1057048756 -1057188314 -1338229265 -1599316222 -1632393983 -1676773506 -1725570131 -1744138552 -1774280909 -1924814894 -1953810452 -681371147 1166508750 55531231 1367274769 -35161153 1283649021 1056397579 1571705199 559136346 1618938460 -617015973 -1295282182

i = 40
Mang truoc khi xu ly: 1816986404 1737574095 1634313344 1604716657 1475516104 1396650221 1243960905 1123091169 1048667038 972962210 897249249 888050839 816283370 642403298 628456963 492833896 450107903 338280766 329705046 89307332 -266664324 -328881691 -356912773 -449963921 -472648703 -569434374 -573142469 -736430356 -973138903 -1053450941 -1057048756 -1057188314 -1338229265 -1599316222 -1632393983 -1676773506 -1725570131 -1744138552 -1774280909 -1924814894 -1953810452 -681371147 1166508750 55531231 1367274769 -35161153 1283649021 1056397579 1571705199 559136346 1618938460 -617015973 -1295282182
Phan tu dang xet A[40] = -1953810452
Chen -1953810452 vao vi tri k = 40
Mang sau khi xu ly: 1816986404 1737574095 1634313344 1604716657 1475516104 1396650221 1243960905 1123091169 1048667038 972962210 897249249 888050839 816283370 642403298 628456963 492833896 450107903 338280766 329705046 89307332 -266664324 -328881691 -356912773 -449963921 -472648703 -569434374 -573142469 -736430356 -973138903 -1053450941 -1057048756 -1057188314 -1338229265 -1599316222 -1632393983 -1676773506 -1725570131 -1744138552 -1774280909 -1924814894 -1953810452 -681371147 1166508750 55531231 1367274769 -35161153 1283649021 1056397579 1571705199 559136346 1618938460 -617015973 -1295282182

i = 41
Mang truoc khi xu ly: 1816986404 1737574095 1634313344 1604716657 1475516104 1396650221 1243960905 1123091169 1048667038 972962210 897249249 888050839 816283370 642403298 628456963 492833896 450107903 338280766 329705046 89307332 -266664324 -328881691 -356912773 -449963921 -472648703 -569434374 -573142469 -736430356 -973138903 -1053450941 -1057048756 -1057188314 -1338229265 -1599316222 -1632393983 -1676773506 -1725570131 -1744138552 -1774280909 -1924814894 -1953810452 -681371147 1166508750 55531231 1367274769 -35161153 1283649021 1056397579 1571705199 559136346 1618938460 -617015973 -1295282182
Phan tu dang xet A[41] = -681371147
Chen -681371147 vao vi tri k = 27
Mang sau khi xu ly: 1816986404 1737574095 1634313344 1604716657 1475516104 1396650221 1243960905 1123091169 1048667038 972962210 897249249 888050839 816283370 642403298 628456963 492833896 450107903 338280766 329705046 89307332 -266664324 -328881691 -356912773 -449963921 -472648703 -569434374 -573142469 -681371147 -736430356 -973138903 -1053450941 -1057048756 -1057188314 -1338229265 -1599316222 -1632393983 -1676773506 -1725570131 -1744138552 -1774280909 -1924814894 -1953810452 1166508750 55531231 1367274769 -35161153 1283649021 1056397579 1571705199 559136346 1618938460 -617015973 -1295282182

i = 42
Mang truoc khi xu ly: 1816986404 1737574095 1634313344 1604716657 1475516104 1396650221 1243960905 1123091169 1048667038 972962210 897249249 888050839 816283370 642403298 628456963 492833896 450107903 338280766 329705046 89307332 -266664324 -328881691 -356912773 -449963921 -472648703 -569434374 -573142469 -681371147 -736430356 -973138903 -1053450941 -1057048756 -1057188314 -1338229265 -1599316222 -1632393983 -1676773506 -1725570131 -1744138552 -1774280909 -1924814894 -1953810452 1166508750 55531231 1367274769 -35161153 1283649021 1056397579 1571705199 559136346 1618938460 -617015973 -1295282182
Phan tu dang xet A[42] = 1166508750
Chen 1166508750 vao vi tri k = 7
Mang sau khi xu ly: 1816986404 1737574095 1634313344 1604716657 1475516104 1396650221 1243960905 1166508750 1123091169 1048667038 972962210 897249249 888050839 816283370 642403298 628456963 492833896 450107903 338280766 329705046 89307332 -266664324 -328881691 -356912773 -449963921 -472648703 -569434374 -573142469 -681371147 -736430356 -973138903 -1053450941 -1057048756 -1057188314 -1338229265 -1599316222 -1632393983 -1676773506 -1725570131 -1744138552 -1774280909 -1924814894 -1953810452 55531231 1367274769 -35161153 1283649021 1056397579 1571705199 559136346 1618938460 -617015973 -1295282182

i = 43
Mang truoc khi xu ly: 1816986404 1737574095 1634313344 1604716657 1475516104 1396650221 1243960905 1166508750 1123091169 1048667038 972962210 897249249 888050839 816283370 642403298 628456963 492833896 450107903 338280766 329705046 89307332 -266664324 -328881691 -356912773 -449963921 -472648703 -569434374 -573142469 -681371147 -736430356 -973138903 -1053450941 -1057048756 -1057188314 -1338229265 -1599316222 -1632393983 -1676773506 -1725570131 -1744138552 -1774280909 -1924814894 -1953810452 55531231 1367274769 -35161153 1283649021 1056397579 1571705199 559136346 1618938460 -617015973 -1295282182
Phan tu dang xet A[43] = 55531231
Chen 55531231 vao vi tri k = 21
Mang sau khi xu ly: 1816986404 1737574095 1634313344 1604716657 1475516104 1396650221 1243960905 1166508750 1123091169 1048667038 972962210 897249249 888050839 816283370 642403298 628456963 492833896 450107903 338280766 329705046 89307332 55531231 -266664324 -328881691 -356912773 -449963921 -472648703 -569434374 -573142469 -681371147 -736430356 -973138903 -1053450941 -1057048756 -1057188314 -1338229265 -1599316222 -1632393983 -1676773506 -1725570131 -1744138552 -1774280909 -1924814894 -1953810452 1367274769 -35161153 1283649021 1056397579 1571705199 559136346 1618938460 -617015973 -1295282182

i = 44
Mang truoc khi xu ly: 1816986404 1737574095 1634313344 1604716657 1475516104 1396650221 1243960905 1166508750 1123091169 1048667038 972962210 897249249 888050839 816283370 642403298 628456963 492833896 450107903 338280766 329705046 89307332 55531231 -266664324 -328881691 -356912773 -449963921 -472648703 -569434374 -573142469 -681371147 -736430356 -973138903 -1053450941 -1057048756 -1057188314 -1338229265 -1599316222 -1632393983 -1676773506 -1725570131 -1744138552 -1774280909 -1924814894 -1953810452 1367274769 -35161153 1283649021 1056397579 1571705199 559136346 1618938460 -617015973 -1295282182
Phan tu dang xet A[44] = 1367274769
Chen 1367274769 vao vi tri k = 6
Mang sau khi xu ly: 1816986404 1737574095 1634313344 1604716657 1475516104 1396650221 1367274769 1243960905 1166508750 1123091169 1048667038 972962210 897249249 888050839 816283370 642403298 628456963 492833896 450107903 338280766 329705046 89307332 55531231 -266664324 -328881691 -356912773 -449963921 -472648703 -569434374 -573142469 -681371147 -736430356 -973138903 -1053450941 -1057048756 -1057188314 -1338229265 -1599316222 -1632393983 -1676773506 -1725570131 -1744138552 -1774280909 -1924814894 -1953810452 -35161153 1283649021 1056397579 1571705199 559136346 1618938460 -617015973 -1295282182

i = 45
Mang truoc khi xu ly: 1816986404 1737574095 1634313344 1604716657 1475516104 1396650221 1367274769 1243960905 1166508750 1123091169 1048667038 972962210 897249249 888050839 816283370 642403298 628456963 492833896 450107903 338280766 329705046 89307332 55531231 -266664324 -328881691 -356912773 -449963921 -472648703 -569434374 -573142469 -681371147 -736430356 -973138903 -1053450941 -1057048756 -1057188314 -1338229265 -1599316222 -1632393983 -1676773506 -1725570131 -1744138552 -1774280909 -1924814894 -1953810452 -35161153 1283649021 1056397579 1571705199 559136346 1618938460 -617015973 -1295282182
Phan tu dang xet A[45] = -35161153
Chen -35161153 vao vi tri k = 23
Mang sau khi xu ly: 1816986404 1737574095 1634313344 1604716657 1475516104 1396650221 1367274769 1243960905 1166508750 1123091169 1048667038 972962210 897249249 888050839 816283370 642403298 628456963 492833896 450107903 338280766 329705046 89307332 55531231 -35161153 -266664324 -328881691 -356912773 -449963921 -472648703 -569434374 -573142469 -681371147 -736430356 -973138903 -1053450941 -1057048756 -1057188314 -1338229265 -1599316222 -1632393983 -1676773506 -1725570131 -1744138552 -1774280909 -1924814894 -1953810452 1283649021 1056397579 1571705199 559136346 1618938460 -617015973 -1295282182

i = 46
Mang truoc khi xu ly: 1816986404 1737574095 1634313344 1604716657 1475516104 1396650221 1367274769 1243960905 1166508750 1123091169 1048667038 972962210 897249249 888050839 816283370 642403298 628456963 492833896 450107903 338280766 329705046 89307332 55531231 -35161153 -266664324 -328881691 -356912773 -449963921 -472648703 -569434374 -573142469 -681371147 -736430356 -973138903 -1053450941 -1057048756 -1057188314 -1338229265 -1599316222 -1632393983 -1676773506 -1725570131 -1744138552 -1774280909 -1924814894 -1953810452 1283649021 1056397579 1571705199 559136346 1618938460 -617015973 -1295282182
Phan tu dang xet A[46] = 1283649021
Chen 1283649021 vao vi tri k = 7
Mang sau khi xu ly: 1816986404 1737574095 1634313344 1604716657 1475516104 1396650221 1367274769 1283649021 1243960905 1166508750 1123091169 1048667038 972962210 897249249 888050839 816283370 642403298 628456963 492833896 450107903 338280766 329705046 89307332 55531231 -35161153 -266664324 -328881691 -356912773 -449963921 -472648703 -569434374 -573142469 -681371147 -736430356 -973138903 -1053450941 -1057048756 -1057188314 -1338229265 -1599316222 -1632393983 -1676773506 -1725570131 -1744138552 -1774280909 -1924814894 -1953810452 1056397579 1571705199 559136346 1618938460 -617015973 -1295282182

i = 47
Mang truoc khi xu ly: 1816986404 1737574095 1634313344 1604716657 1475516104 1396650221 1367274769 1283649021 1243960905 1166508750 1123091169 1048667038 972962210 897249249 888050839 816283370 642403298 628456963 492833896 450107903 338280766 329705046 89307332 55531231 -35161153 -266664324 -328881691 -356912773 -449963921 -472648703 -569434374 -573142469 -681371147 -736430356 -973138903 -1053450941 -1057048756 -1057188314 -1338229265 -1599316222 -1632393983 -1676773506 -1725570131 -1744138552 -1774280909 -1924814894 -1953810452 1056397579 1571705199 559136346 1618938460 -617015973 -1295282182
Phan tu dang xet A[47] = 1056397579
Chen 1056397579 vao vi tri k = 11
Mang sau khi xu ly: 1816986404 1737574095 1634313344 1604716657 1475516104 1396650221 1367274769 1283649021 1243960905 1166508750 1123091169 1056397579 1048667038 972962210 897249249 888050839 816283370 642403298 628456963 492833896 450107903 338280766 329705046 89307332 55531231 -35161153 -266664324 -328881691 -356912773 -449963921 -472648703 -569434374 -573142469 -681371147 -736430356 -973138903 -1053450941 -1057048756 -1057188314 -1338229265 -1599316222 -1632393983 -1676773506 -1725570131 -1744138552 -1774280909 -1924814894 -1953810452 1571705199 559136346 1618938460 -617015973 -1295282182

i = 48
Mang truoc khi xu ly: 1816986404 1737574095 1634313344 1604716657 1475516104 1396650221 1367274769 1283649021 1243960905 1166508750 1123091169 1056397579 1048667038 972962210 897249249 888050839 816283370 642403298 628456963 492833896 450107903 338280766 329705046 89307332 55531231 -35161153 -266664324 -328881691 -356912773 -449963921 -472648703 -569434374 -573142469 -681371147 -736430356 -973138903 -1053450941 -1057048756 -1057188314 -1338229265 -1599316222 -1632393983 -1676773506 -1725570131 -1744138552 -1774280909 -1924814894 -1953810452 1571705199 559136346 1618938460 -617015973 -1295282182
Phan tu dang xet A[48] = 1571705199
Chen 1571705199 vao vi tri k = 4
Mang sau khi xu ly: 1816986404 1737574095 1634313344 1604716657 1571705199 1475516104 1396650221 1367274769 1283649021 1243960905 1166508750 1123091169 1056397579 1048667038 972962210 897249249 888050839 816283370 642403298 628456963 492833896 450107903 338280766 329705046 89307332 55531231 -35161153 -266664324 -328881691 -356912773 -449963921 -472648703 -569434374 -573142469 -681371147 -736430356 -973138903 -1053450941 -1057048756 -1057188314 -1338229265 -1599316222 -1632393983 -1676773506 -1725570131 -1744138552 -1774280909 -1924814894 -1953810452 559136346 1618938460 -617015973 -1295282182

i = 49
Mang truoc khi xu ly: 1816986404 1737574095 1634313344 1604716657 1571705199 1475516104 1396650221 1367274769 1283649021 1243960905 1166508750 1123091169 1056397579 1048667038 972962210 897249249 888050839 816283370 642403298 628456963 492833896 450107903 338280766 329705046 89307332 55531231 -35161153 -266664324 -328881691 -356912773 -449963921 -472648703 -569434374 -573142469 -681371147 -736430356 -973138903 -1053450941 -1057048756 -1057188314 -1338229265 -1599316222 -1632393983 -1676773506 -1725570131 -1744138552 -1774280909 -1924814894 -1953810452 559136346 1618938460 -617015973 -1295282182
Phan tu dang xet A[49] = 559136346
Chen 559136346 vao vi tri k = 20
Mang sau khi xu ly: 1816986404 1737574095 1634313344 1604716657 1571705199 1475516104 1396650221 1367274769 1283649021 1243960905 1166508750 1123091169 1056397579 1048667038 972962210 897249249 888050839 816283370 642403298 628456963 559136346 492833896 450107903 338280766 329705046 89307332 55531231 -35161153 -266664324 -328881691 -356912773 -449963921 -472648703 -569434374 -573142469 -681371147 -736430356 -973138903 -1053450941 -1057048756 -1057188314 -1338229265 -1599316222 -1632393983 -1676773506 -1725570131 -1744138552 -1774280909 -1924814894 -1953810452 1618938460 -617015973 -1295282182

i = 50
Mang truoc khi xu ly: 1816986404 1737574095 1634313344 1604716657 1571705199 1475516104 1396650221 1367274769 1283649021 1243960905 1166508750 1123091169 1056397579 1048667038 972962210 897249249 888050839 816283370 642403298 628456963 559136346 492833896 450107903 338280766 329705046 89307332 55531231 -35161153 -266664324 -328881691 -356912773 -449963921 -472648703 -569434374 -573142469 -681371147 -736430356 -973138903 -1053450941 -1057048756 -1057188314 -1338229265 -1599316222 -1632393983 -1676773506 -1725570131 -1744138552 -1774280909 -1924814894 -1953810452 1618938460 -617015973 -1295282182
Phan tu dang xet A[50] = 1618938460
Chen 1618938460 vao vi tri k = 3
Mang sau khi xu ly: 1816986404 1737574095 1634313344 1618938460 1604716657 1571705199 1475516104 1396650221 1367274769 1283649021 1243960905 1166508750 1123091169 1056397579 1048667038 972962210 897249249 888050839 816283370 642403298 628456963 559136346 492833896 450107903 338280766 329705046 89307332 55531231 -35161153 -266664324 -328881691 -356912773 -449963921 -472648703 -569434374 -573142469 -681371147 -736430356 -973138903 -1053450941 -1057048756 -1057188314 -1338229265 -1599316222 -1632393983 -1676773506 -1725570131 -1744138552 -1774280909 -1924814894 -1953810452 -617015973 -1295282182

i = 51
Mang truoc khi xu ly: 1816986404 1737574095 1634313344 1618938460 1604716657 1571705199 1475516104 1396650221 1367274769 1283649021 1243960905 1166508750 1123091169 1056397579 1048667038 972962210 897249249 888050839 816283370 642403298 628456963 559136346 492833896 450107903 338280766 329705046 89307332 55531231 -35161153 -266664324 -328881691 -356912773 -449963921 -472648703 -569434374 -573142469 -681371147 -736430356 -973138903 -1053450941 -1057048756 -1057188314 -1338229265 -1599316222 -1632393983 -1676773506 -1725570131 -1744138552 -1774280909 -1924814894 -1953810452 -617015973 -1295282182
Phan tu dang xet A[51] = -617015973
Chen -617015973 vao vi tri k = 36
Mang sau khi xu ly: 1816986404 1737574095 1634313344 1618938460 1604716657 1571705199 1475516104 1396650221 1367274769 1283649021 1243960905 1166508750 1123091169 1056397579 1048667038 972962210 897249249 888050839 816283370 642403298 628456963 559136346 492833896 450107903 338280766 329705046 89307332 55531231 -35161153 -266664324 -328881691 -356912773 -449963921 -472648703 -569434374 -573142469 -617015973 -681371147 -736430356 -973138903 -1053450941 -1057048756 -1057188314 -1338229265 -1599316222 -1632393983 -1676773506 -1725570131 -1744138552 -1774280909 -1924814894 -1953810452 -1295282182

i = 52
Mang truoc khi xu ly: 1816986404 1737574095 1634313344 1618938460 1604716657 1571705199 1475516104 1396650221 1367274769 1283649021 1243960905 1166508750 1123091169 1056397579 1048667038 972962210 897249249 888050839 816283370 642403298 628456963 559136346 492833896 450107903 338280766 329705046 89307332 55531231 -35161153 -266664324 -328881691 -356912773 -449963921 -472648703 -569434374 -573142469 -617015973 -681371147 -736430356 -973138903 -1053450941 -1057048756 -1057188314 -1338229265 -1599316222 -1632393983 -1676773506 -1725570131 -1744138552 -1774280909 -1924814894 -1953810452 -1295282182
Phan tu dang xet A[52] = -1295282182
Chen -1295282182 vao vi tri k = 43
Mang sau khi xu ly: 1816986404 1737574095 1634313344 1618938460 1604716657 1571705199 1475516104 1396650221 1367274769 1283649021 1243960905 1166508750 1123091169 1056397579 1048667038 972962210 897249249 888050839 816283370 642403298 628456963 559136346 492833896 450107903 338280766 329705046 89307332 55531231 -35161153 -266664324 -328881691 -356912773 -449963921 -472648703 -569434374 -573142469 -617015973 -681371147 -736430356 -973138903 -1053450941 -1057048756 -1057188314 -1295282182 -1338229265 -1599316222 -1632393983 -1676773506 -1725570131 -1744138552 -1774280909 -1924814894 -1953810452

Mang sau khi sap xep:
1816986404 1737574095 1634313344 1618938460 1604716657 1571705199 1475516104 1396650221 1367274769 1283649021 1243960905 1166508750 1123091169 1056397579 1048667038 972962210 897249249 888050839 816283370 642403298 628456963 559136346 492833896 450107903 338280766 329705046 89307332 55531231 -35161153 -266664324 -328881691 -356912773 -449963921 -472648703 -569434374 -573142469 -617015973 -681371147 -736430356 -973138903 -1053450941 -1057048756 -1057188314 -1295282182 -1338229265 -1599316222 -1632393983 -1676773506 -1725570131 -1744138552 -1774280909 -1924814894 -1953810452
