Mang truoc khi sap xep:
-1462457291 -1140815666 1121457676 -802588195 1356079750 -599944347 1345052206 1833209847 1540539436 -1440421622 -368227091 1265331746 -844107234 1994823748 1884889048 -466587962 -747519447 1214767273 276278210 -634933289 943749730 1812010832 -601747036 136132329 -1866677736 -441506112 -916394859 -863265364 -106823941 -735882689 1940332157 -756910831 -1522137652 -1564554643 -1191918521 -744090215 549043793 1422197125 1914822859 135820479 -813030133 -38963448 -1081262448 669162502 -1065941169 1239912254 172870784 -31887856 947124070 -1876219323

Sap xep:
i = 1
Mang truoc khi xu ly: -1462457291 -1140815666 1121457676 -802588195 1356079750 -599944347 1345052206 1833209847 1540539436 -1440421622 -368227091 1265331746 -844107234 1994823748 1884889048 -466587962 -747519447 1214767273 276278210 -634933289 943749730 1812010832 -601747036 136132329 -1866677736 -441506112 -916394859 -863265364 -106823941 -735882689 1940332157 -756910831 -1522137652 -1564554643 -1191918521 -744090215 549043793 1422197125 1914822859 135820479 -813030133 -38963448 -1081262448 669162502 -1065941169 1239912254 172870784 -31887856 947124070 -1876219323
Phan tu dang xet A[1] = -1140815666
Chen -1140815666 vao vi tri k = 0
Mang sau khi xu ly: -1140815666 -1462457291 1121457676 -802588195 1356079750 -599944347 1345052206 1833209847 1540539436 -1440421622 -368227091 1265331746 -844107234 1994823748 1884889048 -466587962 -747519447 1214767273 276278210 -634933289 943749730 1812010832 -601747036 136132329 -1866677736 -441506112 -916394859 -863265364 -106823941 -735882689 1940332157 -756910831 -1522137652 -1564554643 -1191918521 -744090215 549043793 1422197125 1914822859 135820479 -813030133 -38963448 -1081262448 669162502 -1065941169 1239912254 172870784 -31887856 947124070 -1876219323

i = 2
Mang truoc khi xu ly: -1140815666 -1462457291 1121457676 -802588195 1356079750 -599944347 1345052206 1833209847 1540539436 -1440421622 -368227091 1265331746 -844107234 1994823748 1884889048 -466587962 -747519447 1214767273 276278210 -634933289 943749730 1812010832 -601747036 136132329 -1866677736 -441506112 -916394859 -863265364 -106823941 -735882689 1940332157 -756910831 -1522137652 -1564554643 -1191918521 -744090215 549043793 1422197125 1914822859 135820479 -813030133 -38963448 -1081262448 669162502 -1065941169 1239912254 172870784 -31887856 947124070 -1876219323
Phan tu dang xet A[2] = 1121457676
Chen 1121457676 vao vi tri k = 0
Mang sau khi xu ly: 1121457676 -1140815666 -1462457291 -802588195 1356079750 -599944347 1345052206 1833209847 1540539436 -1440421622 -368227091 1265331746 -844107234 1994823748 1884889048 -466587962 -747519447 1214767273 276278210 -634933289 943749730 1812010832 -601747036 136132329 -1866677736 -441506112 -916394859 -863265364 -106823941 -735882689 1940332157 -756910831 -1522137652 -1564554643 -1191918521 -744090215 549043793 1422197125 1914822859 135820479 -813030133 -38963448 -1081262448 669162502 -1065941169 1239912254 172870784 -31887856 947124070 -1876219323

i = 3
Mang truoc khi xu ly: 1121457676 -1140815666 -1462457291 -802588195 1356079750 -599944347 1345052206 1833209847 1540539436 -1440421622 -368227091 1265331746 -844107234 1994823748 1884889048 -466587962 -747519447 1214767273 276278210 -634933289 943749730 1812010832 -601747036 136132329 -1866677736 -441506112 -916394859 -863265364 -106823941 -735882689 1940332157 -756910831 -1522137652 -1564554643 -1191918521 -744090215 549043793 1422197125 1914822859 135820479 -813030133 -38963448 -1081262448 669162502 -1065941169 1239912254 172870784 -31887856 947124070 -1876219323
Phan tu dang xet A[3] = -802588195
Chen -802588195 vao vi tri k = 1
Mang sau khi xu ly: 1121457676 -802588195 -1140815666 -1462457291 1356079750 -599944347 1345052206 1833209847 1540539436 -1440421622 -368227091 1265331746 -844107234 1994823748 1884889048 -466587962 -747519447 1214767273 276278210 -634933289 943749730 1812010832 -601747036 136132329 -1866677736 -441506112 -916394859 -863265364 -106823941 -735882689 1940332157 -756910831 -1522137652 -1564554643 -1191918521 -744090215 549043793 1422197125 1914822859 135820479 -813030133 -38963448 -1081262448 669162502 -1065941169 1239912254 172870784 -31887856 947124070 -1876219323

i = 4
Mang truoc khi xu ly: 1121457676 -802588195 -1140815666 -1462457291 1356079750 -599944347 1345052206 1833209847 1540539436 -1440421622 -368227091 1265331746 -844107234 1994823748 1884889048 -466587962 -747519447 1214767273 276278210 -634933289 943749730 1812010832 -601747036 136132329 -1866677736 -441506112 -916394859 -863265364 -106823941 -735882689 1940332157 -756910831 -1522137652 -1564554643 -1191918521 -744090215 549043793 1422197125 1914822859 135820479 -813030133 -38963448 -1081262448 669162502 -1065941169 1239912254 172870784 -31887856 947124070 -1876219323
Phan tu dang xet A[4] = 1356079750
Chen 1356079750 vao vi tri k = 0
Mang sau khi xu ly: 1356079750 1121457676 -802588195 -1140815666 -1462457291 -599944347 1345052206 1833209847 1540539436 -1440421622 -368227091 1265331746 -844107234 1994823748 1884889048 -466587962 -747519447 1214767273 276278210 -634933289 943749730 1812010832 -601747036 136132329 -1866677736 -441506112 -916394859 -863265364 -106823941 -735882689 1940332157 -756910831 -1522137652 -1564554643 -1191918521 -744090215 549043793 1422197125 1914822859 135820479 -813030133 -38963448 -1081262448 669162502 -1065941169 1239912254 172870784 -31887856 947124070 -1876219323

i = 5
Mang truoc khi xu ly: 1356079750 1121457676 -802588195 -1140815666 -1462457291 -599944347 1345052206 1833209847 1540539436 -1440421622 -368227091 1265331746 -844107234 1994823748 1884889048 -466587962 -747519447 1214767273 276278210 -634933289 943749730 1812010832 -601747036 136132329 -1866677736 -441506112 -916394859 -863265364 -106823941 -735882689 1940332157 -756910831 -1522137652 -1564554643 -1191918521 -744090215 549043793 1422197125 1914822859 135820479 -813030133 -38963448 -1081262448 669162502 -1065941169 1239912254 172870784 -31887856 947124070 -1876219323
Phan tu dang xet A[5] = -599944347
Chen -599944347 vao vi tri k = 2
Mang sau khi xu ly: 1356079750 1121457676 -599944347 -802588195 -1140815666 -1462457291 1345052206 1833209847 1540539436 -1440421622 -368227091 1265331746 -844107234 1994823748 1884889048 -466587962 -747519447 1214767273 276278210 -634933289 943749730 1812010832 -601747036 136132329 -1866677736 -441506112 -916394859 -863265364 -106823941 -735882689 1940332157 -756910831 -1522137652 -1564554643 -1191918521 -744090215 549043793 1422197125 1914822859 135820479 -813030133 -38963448 -1081262448 669162502 -1065941169 1239912254 172870784 -31887856 947124070 -1876219323

i = 6
Mang truoc khi xu ly: 1356079750 1121457676 -599944347 -802588195 -1140815666 -1462457291 1345052206 1833209847 1540539436 -1440421622 -368227091 1265331746 -844107234 1994823748 1884889048 -466587962 -747519447 1214767273 276278210 -634933289 943749730 1812010832 -601747036 136132329 -1866677736 -441506112 -916394859 -863265364 -106823941 -735882689 1940332157 -756910831 -1522137652 -1564554643 -1191918521 -744090215 549043793 1422197125 1914822859 135820479 -813030133 -38963448 -1081262448 669162502 -1065941169 1239912254 172870784 -31887856 947124070 -1876219323
Phan tu dang xet A[6] = 1345052206
Chen 1345052206 vao vi tri k = 1
Mang sau khi xu ly: 1356079750 1345052206 1121457676 -599944347 -802588195 -1140815666 -1462457291 1833209847 1540539436 -1440421622 -368227091 1265331746 -844107234 1994823748 1884889048 -466587962 -747519447 1214767273 276278210 -634933289 943749730 1812010832 -601747036 136132329 -1866677736 -441506112 -916394859 -863265364 -106823941 -735882689 1940332157 -756910831 -1522137652 -1564554643 -1191918521 -744090215 549043793 1422197125 1914822859 135820479 -813030133 -38963448 -1081262448 669162502 -1065941169 1239912254 172870784 -31887856 947124070 -1876219323

i = 7
Mang truoc khi xu ly: 1356079750 1345052206 1121457676 -599944347 -802588195 -1140815666 -1462457291 1833209847 1540539436 -1440421622 -368227091 1265331746 -844107234 1994823748 1884889048 -466587962 -747519447 1214767273 276278210 -634933289 943749730 1812010832 -601747036 136132329 -1866677736 -441506112 -916394859 -863265364 -106823941 -735882689 1940332157 -756910831 -1522137652 -1564554643 -1191918521 -744090215 549043793 1422197125 1914822859 135820479 -813030133 -38963448 -1081262448 669162502 -1065941169 1239912254 172870784 -31887856 947124070 -1876219323
Phan tu dang xet A[7] = 1833209847
Chen 1833209847 vao vi tri k = 0
Mang sau khi xu ly: 1833209847 1356079750 1345052206 1121457676 -599944347 -802588195 -1140815666 -1462457291 1540539436 -1440421622 -368227091 1265331746 -844107234 1994823748 1884889048 -466587962 -747519447 1214767273 276278210 -634933289 943749730 1812010832 -601747036 136132329 -1866677736 -441506112 -916394859 -863265364 -106823941 -735882689 1940332157 -756910831 -1522137652 -1564554643 -1191918521 -744090215 549043793 1422197125 1914822859 135820479 -813030133 -38963448 -1081262448 669162502 -1065941169 1239912254 172870784 -31887856 947124070 -1876219323

i = 8
Mang truoc khi xu ly: 1833209847 1356079750 1345052206 1121457676 -599944347 -802588195 -1140815666 -1462457291 1540539436 -1440421622 -368227091 1265331746 -844107234 1994823748 1884889048 -466587962 -747519447 1214767273 276278210 -634933289 943749730 1812010832 -601747036 136132329 -1866677736 -441506112 -916394859 -863265364 -106823941 -735882689 1940332157 -756910831 -1522137652 -1564554643 -1191918521 -744090215 549043793 1422197125 1914822859 135820479 -813030133 -38963448 -1081262448 669162502 -1065941169 1239912254 172870784 -31887856 947124070 -1876219323
Phan tu dang xet A[8] = 1540539436
Chen 1540539436 vao vi tri k = 1
Mang sau khi xu ly: 1833209847 1540539436 1356079750 1345052206 1121457676 -599944347 -802588195 -1140815666 -1462457291 -1440421622 -368227091 1265331746 -844107234 1994823748 1884889048 -466587962 -747519447 1214767273 276278210 -634933289 943749730 1812010832 -601747036 136132329 -1866677736 -441506112 -916394859 -863265364 -106823941 -735882689 1940332157 -756910831 -1522137652 -1564554643 -1191918521 -744090215 549043793 1422197125 1914822859 135820479 -813030133 -38963448 -1081262448 669162502 -1065941169 1239912254 172870784 -31887856 947124070 -1876219323

i = 9
Mang truoc khi xu ly: 1833209847 1540539436 1356079750 1345052206 1121457676 -599944347 -802588195 -1140815666 -1462457291 -1440421622 -368227091 1265331746 -844107234 1994823748 1884889048 -466587962 -747519447 1214767273 276278210 -634933289 943749730 1812010832 -601747036 136132329 -1866677736 -441506112 -916394859 -863265364 -106823941 -735882689 1940332157 -756910831 -1522137652 -1564554643 -1191918521 -744090215 549043793 1422197125 1914822859 135820479 -813030133 -38963448 -1081262448 669162502 -1065941169 1239912254 172870784 -31887856 947124070 -1876219323
Phan tu dang xet A[9] = -1440421622
Chen -1440421622 vao vi tri k = 8
Mang sau khi xu ly: 1833209847 1540539436 1356079750 1345052206 1121457676 -599944347 -802588195 -1140815666 -1440421622 -1462457291 -368227091 1265331746 -844107234 1994823748 1884889048 -466587962 -747519447 1214767273 276278210 -634933289 943749730 1812010832 -601747036 136132329 -1866677736 -441506112 -916394859 -863265364 -106823941 -735882689 1940332157 -756910831 -1522137652 -1564554643 -1191918521 -744090215 549043793 1422197125 1914822859 135820479 -813030133 -38963448 -1081262448 669162502 -1065941169 1239912254 172870784 -31887856 947124070 -1876219323

i = 10
Mang truoc khi xu ly: 1833209847 1540539436 1356079750 1345052206 1121457676 -599944347 -802588195 -1140815666 -1440421622 -1462457291 -368227091 1265331746 -844107234 1994823748 1884889048 -466587962 -747519447 1214767273 276278210 -634933289 943749730 1812010832 -601747036 136132329 -1866677736 -441506112 -916394859 -863265364 -106823941 -735882689 1940332157 -756910831 -1522137652 -1564554643 -1191918521 -744090215 549043793 1422197125 1914822859 135820479 -813030133 -38963448 -1081262448 669162502 -1065941169 1239912254 172870784 -31887856 947124070 -1876219323
Phan tu dang xet A[10] = -368227091
Chen -368227091 vao vi tri k = 5
Mang sau khi xu ly: 1833209847 1540539436 1356079750 1345052206 1121457676 -368227091 -599944347 -802588195 -1140815666 -1440421622 -1462457291 1265331746 -844107234 1994823748 1884889048 -466587962 -747519447 1214767273 276278210 -634933289 943749730 1812010832 -601747036 136132329 -1866677736 -441506112 -916394859 -863265364 -106823941 -735882689 1940332157 -756910831 -1522137652 -1564554643 -1191918521 -744090215 549043793 1422197125 1914822859 135820479 -813030133 -38963448 -1081262448 669162502 -1065941169 1239912254 172870784 -31887856 947124070 -1876219323

i = 11
Mang truoc khi xu ly: 1833209847 1540539436 1356079750 1345052206 1121457676 -368227091 -599944347 -802588195 -1140815666 -1440421622 -1462457291 1265331746 -844107234 1994823748 1884889048 -466587962 -747519447 1214767273 276278210 -634933289 943749730 1812010832 -601747036 136132329 -1866677736 -441506112 -916394859 -863265364 -106823941 -735882689 1940332157 -756910831 -1522137652 -1564554643 -1191918521 -744090215 549043793 1422197125 1914822859 135820479 -813030133 -38963448 -1081262448 669162502 -1065941169 1239912254 172870784 -31887856 947124070 -1876219323
Phan tu dang xet A[11] = 1265331746
Chen 1265331746 vao vi tri k = 4
Mang sau khi xu ly: 1833209847 1540539436 1356079750 1345052206 1265331746 1121457676 -368227091 -599944347 -802588195 -1140815666 -1440421622 -1462457291 -844107234 1994823748 1884889048 -466587962 -747519447 1214767273 276278210 -634933289 943749730 1812010832 -601747036 136132329 -1866677736 -441506112 -916394859 -863265364 -106823941 -735882689 1940332157 -756910831 -1522137652 -1564554643 -1191918521 -744090215 549043793 1422197125 1914822859 135820479 -813030133 -38963448 -1081262448 669162502 -1065941169 1239912254 172870784 -31887856 947124070 -1876219323

i = 12
Mang truoc khi xu ly: 1833209847 1540539436 1356079750 1345052206 1265331746 1121457676 -368227091 -599944347 -802588195 -1140815666 -1440421622 -1462457291 -844107234 1994823748 1884889048 -466587962 -747519447 1214767273 276278210 -634933289 943749730 1812010832 -601747036 136132329 -1866677736 -441506112 -916394859 -863265364 -106823941 -735882689 1940332157 -756910831 -1522137652 -1564554643 -1191918521 -744090215 549043793 1422197125 1914822859 135820479 -813030133 -38963448 -1081262448 669162502 -1065941169 1239912254 172870784 -31887856 947124070 -1876219323
Phan tu dang xet A[12] = -844107234
Chen -844107234 vao vi tri k = 9
Mang sau khi xu ly: 1833209847 1540539436 1356079750 1345052206 1265331746 1121457676 -368227091 -599944347 -802588195 -844107234 -1140815666 -1440421622 -1462457291 1994823748 1884889048 -466587962 -747519447 1214767273 276278210 -634933289 943749730 1812010832 -601747036 136132329 -1866677736 -441506112 -916394859 -863265364 -106823941 -735882689 1940332157 -756910831 -1522137652 -1564554643 -1191918521 -744090215 549043793 1422197125 1914822859 135820479 -813030133 -38963448 -1081262448 669162502 -1065941169 1239912254 172870784 -31887856 947124070 -1876219323

i = 13
Mang truoc khi xu ly: 1833209847 1540539436 1356079750 1345052206 1265331746 1121457676 -368227091 -599944347 -802588195 -844107234 -1140815666 -1440421622 -1462457291 1994823748 1884889048 -466587962 -747519447 1214767273 276278210 -634933289 943749730 1812010832 -601747036 136132329 -1866677736 -441506112 -916394859 -863265364 -106823941 -735882689 1940332157 -756910831 -1522137652 -1564554643 -1191918521 -744090215 549043793 1422197125 1914822859 135820479 -813030133 -38963448 -1081262448 669162502 -1065941169 1239912254 172870784 -31887856 947124070 -1876219323
Phan tu dang xet A[13] = 1994823748
Chen 1994823748 vao vi tri k = 0
Mang sau khi xu ly: 1994823748 1833209847 1540539436 1356079750 1345052206 1265331746 1121457676 -368227091 -599944347 -802588195 -844107234 -1140815666 -1440421622 -1462457291 1884889048 -466587962 -747519447 1214767273 276278210 -634933289 943749730 1812010832 -601747036 136132329 -1866677736 -441506112 -916394859 -863265364 -106823941 -735882689 1940332157 -756910831 -1522137652 -1564554643 -1191918521 -744090215 549043793 1422197125 1914822859 135820479 -813030133 -38963448 -1081262448 669162502 -1065941169 1239912254 172870784 -31887856 947124070 -1876219323

i = 14
Mang truoc khi xu ly: 1994823748 1833209847 1540539436 1356079750 1345052206 1265331746 1121457676 -368227091 -599944347 -802588195 -844107234 -1140815666 -1440421622 -1462457291 1884889048 -466587962 -747519447 1214767273 276278210 -634933289 943749730 1812010832 -601747036 136132329 -1866677736 -441506112 -916394859 -863265364 -106823941 -735882689 1940332157 -756910831 -1522137652 -1564554643 -1191918521 -744090215 549043793 1422197125 1914822859 135820479 -813030133 -38963448 -1081262448 669162502 -1065941169 1239912254 172870784 -31887856 947124070 -1876219323
Phan tu dang xet A[14] = 1884889048
Chen 1884889048 vao vi tri k = 1
Mang sau khi xu ly: 1994823748 1884889048 1833209847 1540539436 1356079750 1345052206 1265331746 1121457676 -368227091 -599944347 -802588195 -844107234 -1140815666 -1440421622 -1462457291 -466587962 -747519447 1214767273 276278210 -634933289 943749730 1812010832 -601747036 136132329 -1866677736 -441506112 -916394859 -863265364 -106823941 -735882689 1940332157 -756910831 -1522137652 -1564554643 -1191918521 -744090215 549043793 1422197125 1914822859 135820479 -813030133 -38963448 -1081262448 669162502 -1065941169 1239912254 172870784 -31887856 947124070 -1876219323

i = 15
Mang truoc khi xu ly: 1994823748 1884889048 1833209847 1540539436 1356079750 1345052206 1265331746 1121457676 -368227091 -599944347 -802588195 -844107234 -1140815666 -1440421622 -1462457291 -466587962 -747519447 1214767273 276278210 -634933289 943749730 1812010832 -601747036 136132329 -1866677736 -441506112 -916394859 -863265364 -106823941 -735882689 1940332157 -756910831 -1522137652 -1564554643 -1191918521 -744090215 549043793 1422197125 1914822859 135820479 -813030133 -38963448 -1081262448 669162502 -1065941169 1239912254 172870784 -31887856 947124070 -1876219323
Phan tu dang xet A[15] = -466587962
Chen -466587962 vao vi tri k = 9
Mang sau khi xu ly: 1994823748 1884889048 1833209847 1540539436 1356079750 1345052206 1265331746 1121457676 -368227091 -466587962 -599944347 -802588195 -844107234 -1140815666 -1440421622 -1462457291 -747519447 1214767273 276278210 -634933289 943749730 1812010832 -601747036 136132329 -1866677736 -441506112 -916394859 -863265364 -106823941 -735882689 1940332157 -756910831 -1522137652 -1564554643 -1191918521 -744090215 549043793 1422197125 1914822859 135820479 -813030133 -38963448 -1081262448 669162502 -1065941169 1239912254 172870784 -31887856 947124070 -1876219323

i = 16
Mang truoc khi xu ly: 1994823748 1884889048 1833209847 1540539436 1356079750 1345052206 1265331746 1121457676 -368227091 -466587962 -599944347 -802588195 -844107234 -1140815666 -1440421622 -1462457291 -747519447 1214767273 276278210 -634933289 943749730 1812010832 -601747036 136132329 -1866677736 -441506112 -916394859 -863265364 -106823941 -735882689 1940332157 -756910831 -1522137652 -1564554643 -1191918521 -744090215 549043793 1422197125 1914822859 135820479 -813030133 -38963448 -1081262448 669162502 -1065941169 1239912254 172870784 -31887856 947124070 -1876219323
Phan tu dang xet A[16] = -747519447
Chen -747519447 vao vi tri k = 11
Mang sau khi xu ly: 1994823748 1884889048 1833209847 1540539436 1356079750 1345052206 1265331746 1121457676 -368227091 -466587962 -599944347 -747519447 -802588195 -844107234 -1140815666 -1440421622 -1462457291 1214767273 276278210 -634933289 943749730 1812010832 -601747036 136132329 -1866677736 -441506112 -916394859 -863265364 -106823941 -735882689 1940332157 -756910831 -1522137652 -1564554643 -1191918521 -744090215 549043793 1422197125 1914822859 135820479 -813030133 -38963448 -1081262448 669162502 -1065941169 1239912254 172870784 -31887856 947124070 -1876219323

i = 17
Mang truoc khi xu ly: 1994823748 1884889048 1833209847 1540539436 1356079750 1345052206 1265331746 1121457676 -368227091 -466587962 -599944347 -747519447 -802588195 -844107234 -1140815666 -1440421622 -1462457291 1214767273 276278210 -634933289 943749730 1812010832 -601747036 136132329 -1866677736 -441506112 -916394859 -863265364 -106823941 -735882689 1940332157 -756910831 -1522137652 -1564554643 -1191918521 -744090215 549043793 1422197125 1914822859 135820479 -813030133 -38963448 -1081262448 669162502 -1065941169 1239912254 172870784 -31887856 947124070 -1876219323
Phan tu dang xet A[17] = 1214767273
Chen 1214767273 vao vi tri k = 7
Mang sau khi xu ly: 1994823748 1884889048 1833209847 1540539436 1356079750 1345052206 1265331746 1214767273 1121457676 -368227091 -466587962 -599944347 -747519447 -802588195 -844107234 -1140815666 -1440421622 -1462457291 276278210 -634933289 943749730 1812010832 -601747036 136132329 -1866677736 -441506112 -916394859 -863265364 -106823941 -735882689 1940332157 -756910831 -1522137652 -1564554643 -1191918521 -744090215 549043793 1422197125 1914822859 135820479 -813030133 -38963448 -1081262448 669162502 -1065941169 1239912254 172870784 -31887856 947124070 -1876219323

i = 18
Mang truoc khi xu ly: 1994823748 1884889048 1833209847 1540539436 1356079750 1345052206 1265331746 1214767273 1121457676 -368227091 -466587962 -599944347 -747519447 -802588195 -844107234 -1140815666 -1440421622 -1462457291 276278210 -634933289 943749730 1812010832 -601747036 136132329 -1866677736 -441506112 -916394859 -863265364 -106823941 -735882689 1940332157 -756910831 -1522137652 -1564554643 -1191918521 -744090215 549043793 1422197125 1914822859 135820479 -813030133 -38963448 -1081262448 669162502 -1065941169 1239912254 172870784 -31887856 947124070 -1876219323
Phan tu dang xet A[18] = 276278210
Chen 276278210 vao vi tri k = 9
Mang sau khi xu ly: 1994823748 1884889048 1833209847 1540539436 1356079750 1345052206 1265331746 1214767273 1121457676 276278210 -368227091 -466587962 -599944347 -747519447 -802588195 -844107234 -1140815666 -1440421622 -1462457291 -634933289 943749730 1812010832 -601747036 136132329 -1866677736 -441506112 -916394859 -863265364 -106823941 -735882689 1940332157 -756910831 -1522137652 -1564554643 -1191918521 -744090215 549043793 1422197125 1914822859 135820479 -813030133 -38963448 -1081262448 669162502 -1065941169 1239912254 172870784 -31887856 947124070 -1876219323

i = 19
Mang truoc khi xu ly: 1994823748 1884889048 1833209847 1540539436 1356079750 1345052206 1265331746 1214767273 1121457676 276278210 -368227091 -466587962 -599944347 -747519447 -802588195 -844107234 -1140815666 -1440421622 -1462457291 -634933289 943749730 1812010832 -601747036 136132329 -1866677736 -441506112 -916394859 -863265364 -106823941 -735882689 1940332157 -756910831 -1522137652 -1564554643 -1191918521 -744090215 549043793 1422197125 1914822859 135820479 -813030133 -38963448 -1081262448 669162502 -1065941169 1239912254 172870784 -31887856 947124070 -1876219323
Phan tu dang xet A[19] = -634933289
Chen -634933289 vao vi tri k = 13
Mang sau khi xu ly: 1994823748 1884889048 1833209847 1540539436 1356079750 1345052206 1265331746 1214767273 1121457676 276278210 -368227091 -466587962 -599944347 -634933289 -747519447 -802588195 -844107234 -1140815666 -1440421622 -1462457291 943749730 1812010832 -601747036 136132329 -1866677736 -441506112 -916394859 -863265364 -106823941 -735882689 1940332157 -756910831 -1522137652 -1564554643 -1191918521 -744090215 549043793 1422197125 1914822859 135820479 -813030133 -38963448 -1081262448 669162502 -1065941169 1239912254 172870784 -31887856 947124070 -1876219323

i = 20
Mang truoc khi xu ly: 1994823748 1884889048 1833209847 1540539436 1356079750 1345052206 1265331746 1214767273 1121457676 276278210 -368227091 -466587962 -599944347 -634933289 -747519447 -802588195 -844107234 -1140815666 -1440421622 -1462457291 943749730 1812010832 -601747036 136132329 -1866677736 -441506112 -916394859 -863265364 -106823941 -735882689 1940332157 -756910831 -1522137652 -1564554643 -1191918521 -744090215 549043793 1422197125 1914822859 135820479 -813030133 -38963448 -1081262448 669162502 -1065941169 1239912254 172870784 -31887856 947124070 -1876219323
Phan tu dang xet A[20] = 943749730
Chen 943749730 vao vi tri k = 9
Mang sau khi xu ly: 1994823748 1884889048 1833209847 1540539436 1356079750 1345052206 1265331746 1214767273 1121457676 943749730 276278210 -368227091 -466587962 -599944347 -634933289 -747519447 -802588195 -844107234 -1140815666 -1440421622 -1462457291 1812010832 -601747036 136132329 -1866677736 -441506112 -916394859 -863265364 -106823941 -735882689 1940332157 -756910831 -1522137652 -1564554643 -1191918521 -744090215 549043793 1422197125 1914822859 135820479 -813030133 -38963448 -1081262448 669162502 -1065941169 1239912254 172870784 -31887856 947124070 -1876219323

i = 21
Mang truoc khi xu ly: 1994823748 1884889048 1833209847 1540539436 1356079750 1345052206 1265331746 1214767273 1121457676 943749730 276278210 -368227091 -466587962 -599944347 -634933289 -747519447 -802588195 -844107234 -1140815666 -1440421622 -1462457291 1812010832 -601747036 136132329 -1866677736 -441506112 -916394859 -863265364 -106823941 -735882689 1940332157 -756910831 -1522137652 -1564554643 -1191918521 -744090215 549043793 1422197125 1914822859 135820479 -813030133 -38963448 -1081262448 669162502 -1065941169 1239912254 172870784 -31887856 947124070 -1876219323
Phan tu dang xet A[21] = 1812010832
Chen 1812010832 vao vi tri k = 3
Mang sau khi xu ly: 1994823748 1884889048 1833209847 1812010832 1540539436 1356079750 1345052206 1265331746 1214767273 1121457676 943749730 276278210 -368227091 -466587962 -599944347 -634933289 -747519447 -802588195 -844107234 -1140815666 -1440421622 -1462457291 -601747036 136132329 -1866677736 -441506112 -916394859 -863265364 -106823941 -735882689 1940332157 -756910831 -1522137652 -1564554643 -1191918521 -744090215 549043793 1422197125 1914822859 135820479 -813030133 -38963448 -1081262448 669162502 -1065941169 1239912254 172870784 -31887856 947124070 -1876219323

i = 22
Mang truoc khi xu ly: 1994823748 1884889048 1833209847 1812010832 1540539436 1356079750 1345052206 1265331746 1214767273 1121457676 943749730 276278210 -368227091 -466587962 -599944347 -634933289 -747519447 -802588195 -844107234 -1140815666 -1440421622 -1462457291 -601747036 136132329 -1866677736 -441506112 -916394859 -863265364 -106823941 -735882689 1940332157 -756910831 -1522137652 -1564554643 -1191918521 -744090215 549043793 1422197125 1914822859 135820479 -813030133 -38963448 -1081262448 669162502 -1065941169 1239912254 172870784 -31887856 947124070 -1876219323
Phan tu dang xet A[22] = -601747036
Chen -601747036 vao vi tri k = 15
Mang sau khi xu ly: 1994823748 1884889048 1833209847 1812010832 1540539436 1356079750 1345052206 1265331746 1214767273 1121457676 943749730 276278210 -368227091 -466587962 -599944347 -601747036 -634933289 -747519447 -802588195 -844107234 -1140815666 -1440421622 -1462457291 136132329 -1866677736 -441506112 -916394859 -863265364 -106823941 -735882689 1940332157 -756910831 -1522137652 -1564554643 -1191918521 -744090215 549043793 1422197125 1914822859 135820479 -813030133 -38963448 -1081262448 669162502 -1065941169 1239912254 172870784 -31887856 947124070 -1876219323

i = 23
Mang truoc khi xu ly: 1994823748 1884889048 1833209847 1812010832 1540539436 1356079750 1345052206 1265331746 1214767273 1121457676 943749730 276278210 -368227091 -466587962 -599944347 -601747036 -634933289 -747519447 -802588195 -844107234 -1140815666 -1440421622 -1462457291 136132329 -1866677736 -441506112 -916394859 -863265364 -106823941 -735882689 1940332157 -756910831 -1522137652 -1564554643 -1191918521 -744090215 549043793 1422197125 1914822859 135820479 -813030133 -38963448 -1081262448 669162502 -1065941169 1239912254 172870784 -31887856 947124070 -1876219323
Phan tu dang xet A[23] = 136132329
Chen 136132329 vao vi tri k = 12
Mang sau khi xu ly: 1994823748 1884889048 1833209847 1812010832 1540539436 1356079750 1345052206 1265331746 1214767273 1121457676 943749730 276278210 136132329 -368227091 -466587962 -599944347 -601747036 -634933289 -747519447 -802588195 -844107234 -1140815666 -1440421622 -1462457291 -1866677736 -441506112 -916394859 -863265364 -106823941 -735882689 1940332157 -756910831 -1522137652 -1564554643 -1191918521 -744090215 549043793 1422197125 1914822859 135820479 -813030133 -38963448 -1081262448 669162502 -1065941169 1239912254 172870784 -31887856 947124070 -1876219323

i = 24
Mang truoc khi xu ly: 1994823748 1884889048 1833209847 1812010832 1540539436 1356079750 1345052206 1265331746 1214767273 1121457676 943749730 276278210 136132329 -368227091 -466587962 -599944347 -601747036 -634933289 -747519447 -802588195 -844107234 -1140815666 -1440421622 -1462457291 -1866677736 -441506112 -916394859 -863265364 -106823941 -735882689 1940332157 -756910831 -1522137652 -1564554643 -1191918521 -744090215 549043793 1422197125 1914822859 135820479 -813030133 -38963448 -1081262448 669162502 -1065941169 1239912254 172870784 -31887856 947124070 -1876219323
Phan tu dang xet A[24] = -1866677736
Chen -1866677736 vao vi tri k = 24
Mang sau khi xu ly: 1994823748 1884889048 1833209847 1812010832 1540539436 1356079750 1345052206 1265331746 1214767273 1121457676 943749730 276278210 136132329 -368227091 -466587962 -599944347 -601747036 -634933289 -747519447 -802588195 -844107234 -1140815666 -1440421622 -1462457291 -1866677736 -441506112 -916394859 -863265364 -106823941 -735882689 1940332157 -756910831 -1522137652 -1564554643 -1191918521 -744090215 549043793 1422197125 1914822859 135820479 -813030133 -38963448 -1081262448 669162502 -1065941169 1239912254 172870784 -31887856 947124070 -1876219323

i = 25
Mang truoc khi xu ly: 1994823748 1884889048 1833209847 1812010832 1540539436 1356079750 1345052206 1265331746 1214767273 1121457676 943749730 276278210 136132329 -368227091 -466587962 -599944347 -601747036 -634933289 -747519447 -802588195 -844107234 -1140815666 -1440421622 -1462457291 -1866677736 -441506112 -916394859 -863265364 -106823941 -735882689 1940332157 -756910831 -1522137652 -1564554643 -1191918521 -744090215 549043793 1422197125 1914822859 135820479 -813030133 -38963448 -1081262448 669162502 -1065941169 1239912254 172870784 -31887856 947124070 -1876219323
Phan tu dang xet A[25] = -441506112
Chen -441506112 vao vi tri k = 14
Mang sau khi xu ly: 1994823748 1884889048 1833209847 1812010832 1540539436 1356079750 1345052206 1265331746 1214767273 1121457676 943749730 276278210 136132329 -368227091 -441506112 -466587962 -599944347 -601747036 -634933289 -747519447 -802588195 -844107234 -1140815666 -1440421622 -1462457291 -1866677736 -916394859 -863265364 -106823941 -735882689 1940332157 -756910831 -1522137652 -1564554643 -1191918521 -744090215 549043793 1422197125 1914822859 135820479 -813030133 -38963448 -1081262448 669162502 -1065941169 1239912254 172870784 -31887856 947124070 -1876219323

i = 26
Mang truoc khi xu ly: 1994823748 1884889048 1833209847 1812010832 1540539436 1356079750 1345052206 1265331746 1214767273 1121457676 943749730 276278210 136132329 -368227091 -441506112 -466587962 -599944347 -601747036 -634933289 -747519447 -802588195 -844107234 -1140815666 -1440421622 -1462457291 -1866677736 -916394859 -863265364 -106823941 -735882689 1940332157 -756910831 -1522137652 -1564554643 -1191918521 -744090215 549043793 1422197125 1914822859 135820479 -813030133 -38963448 -1081262448 669162502 -1065941169 1239912254 172870784 -31887856 947124070 -1876219323
Phan tu dang xet A[26] = -916394859
Chen -916394859 vao vi tri k = 22
Mang sau khi xu ly: 1994823748 1884889048 1833209847 1812010832 1540539436 1356079750 1345052206 1265331746 1214767273 1121457676 943749730 276278210 136132329 -368227091 -441506112 -466587962 -599944347 -601747036 -634933289 -747519447 -802588195 -844107234 -916394859 -1140815666 -1440421622 -1462457291 -1866677736 -863265364 -106823941 -735882689 1940332157 -756910831 -1522137652 -1564554643 -1191918521 -744090215 549043793 1422197125 1914822859 135820479 -813030133 -38963448 -1081262448 669162502 -1065941169 1239912254 172870784 -31887856 947124070 -1876219323

i = 27
Mang truoc khi xu ly: 1994823748 1884889048 1833209847 1812010832 1540539436 1356079750 1345052206 1265331746 1214767273 1121457676 943749730 276278210 136132329 -368227091 -441506112 -466587962 -599944347 -601747036 -634933289 -747519447 -802588195 -844107234 -916394859 -1140815666 -1440421622 -1462457291 -1866677736 -863265364 -106823941 -735882689 1940332157 -756910831 -1522137652 -1564554643 -1191918521 -744090215 549043793 1422197125 1914822859 135820479 -813030133 -38963448 -1081262448 669162502 -1065941169 1239912254 172870784 -31887856 947124070 -1876219323
Phan tu dang xet A[27] = -863265364
Chen -863265364 vao vi tri k = 22
Mang sau khi xu ly: 1994823748 1884889048 1833209847 1812010832 1540539436 1356079750 1345052206 1265331746 1214767273 1121457676 943749730 276278210 136132329 -368227091 -441506112 -466587962 -599944347 -601747036 -634933289 -747519447 -802588195 -844107234 -863265364 -916394859 -1140815666 -1440421622 -1462457291 -1866677736 -106823941 -735882689 1940332157 -756910831 -1522137652 -1564554643 -1191918521 -744090215 549043793 1422197125 1914822859 135820479 -813030133 -38963448 -1081262448 669162502 -1065941169 1239912254 172870784 -31887856 947124070 -1876219323

i = 28
Mang truoc khi xu ly: 1994823748 1884889048 1833209847 1812010832 1540539436 1356079750 1345052206 1265331746 1214767273 1121457676 943749730 276278210 136132329 -368227091 -441506112 -466587962 -599944347 -601747036 -634933289 -747519447 -802588195 -844107234 -863265364 -916394859 -1140815666 -1440421622 -1462457291 -1866677736 -106823941 -735882689 1940332157 -756910831 -1522137652 -1564554643 -1191918521 -744090215 549043793 1422197125 1914822859 135820479 -813030133 -38963448 -1081262448 669162502 -1065941169 1239912254 172870784 -31887856 947124070 -1876219323
Phan tu dang xet A[28] = -106823941
Chen -106823941 vao vi tri k = 13
Mang sau khi xu ly: 1994823748 1884889048 1833209847 1812010832 1540539436 1356079750 1345052206 1265331746 1214767273 1121457676 943749730 276278210 136132329 -106823941 -368227091 -441506112 -466587962 -599944347 -601747036 -634933289 -747519447 -802588195 -844107234 -863265364 -916394859 -1140815666 -1440421622 -1462457291 -1866677736 -735882689 1940332157 -756910831 -1522137652 -1564554643 -1191918521 -744090215 549043793 1422197125 1914822859 135820479 -813030133 -38963448 -1081262448 669162502 -1065941169 1239912254 172870784 -31887856 947124070 -1876219323

i = 29
Mang truoc khi xu ly: 1994823748 1884889048 1833209847 1812010832 1540539436 1356079750 1345052206 1265331746 1214767273 1121457676 943749730 276278210 136132329 -106823941 -368227091 -441506112 -466587962 -599944347 -601747036 -634933289 -747519447 -802588195 -844107234 -863265364 -916394859 -1140815666 -1440421622 -1462457291 -1866677736 -735882689 1940332157 -756910831 -1522137652 -1564554643 -1191918521 -744090215 549043793 1422197125 1914822859 135820479 -813030133 -38963448 -1081262448 669162502 -1065941169 1239912254 172870784 -31887856 947124070 -1876219323
Phan tu dang xet A[29] = -735882689
Chen -735882689 vao vi tri k = 20
Mang sau khi xu ly: 1994823748 1884889048 1833209847 1812010832 1540539436 1356079750 1345052206 1265331746 1214767273 1121457676 943749730 276278210 136132329 -106823941 -368227091 -441506112 -466587962 -599944347 -601747036 -634933289 -735882689 -747519447 -802588195 -844107234 -863265364 -916394859 -1140815666 -1440421622 -1462457291 -1866677736 1940332157 -756910831 -1522137652 -1564554643 -1191918521 -744090215 549043793 1422197125 1914822859 135820479 -813030133 -38963448 -1081262448 669162502 -1065941169 1239912254 172870784 -31887856 947124070 -1876219323

i = 30
Mang truoc khi xu ly: 1994823748 1884889048 1833209847 1812010832 1540539436 1356079750 1345052206 1265331746 1214767273 1121457676 943749730 276278210 136132329 -106823941 -368227091 -441506112 -466587962 -599944347 -601747036 -634933289 -735882689 -747519447 -802588195 -844107234 -863265364 -916394859 -1140815666 -1440421622 -1462457291 -1866677736 1940332157 -756910831 -1522137652 -1564554643 -1191918521 -744090215 549043793 1422197125 1914822859 135820479 -813030133 -38963448 -1081262448 669162502 -1065941169 1239912254 172870784 -31887856 947124070 -1876219323
Phan tu dang xet A[30] = 1940332157
Chen 1940332157 vao vi tri k = 1
Mang sau khi xu ly: 1994823748 1940332157 1884889048 1833209847 1812010832 1540539436 1356079750 1345052206 1265331746 1214767273 1121457676 943749730 276278210 136132329 -106823941 -368227091 -441506112 -466587962 -599944347 -601747036 -634933289 -735882689 -747519447 -802588195 -844107234 -863265364 -916394859 -1140815666 -1440421622 -1462457291 -1866677736 -756910831 -1522137652 -1564554643 -1191918521 -744090215 549043793 1422197125 1914822859 135820479 -813030133 -38963448 -1081262448 669162502 -1065941169 1239912254 172870784 -31887856 947124070 -1876219323

i = 31
Mang truoc khi xu ly: 1994823748 1940332157 1884889048 1833209847 1812010832 1540539436 1356079750 1345052206 1265331746 1214767273 1121457676 943749730 276278210 136132329 -106823941 -368227091 -441506112 -466587962 -599944347 -601747036 -634933289 -735882689 -747519447 -802588195 -844107234 -863265364 -916394859 -1140815666 -1440421622 -1462457291 -1866677736 -756910831 -1522137652 -1564554643 -1191918521 -744090215 549043793 1422197125 1914822859 135820479 -813030133 -38963448 -1081262448 669162502 -1065941169 1239912254 172870784 -31887856 947124070 -1876219323
Phan tu dang xet A[31] = -756910831
Chen -756910831 vao vi tri k = 23
Mang sau khi xu ly: 1994823748 1940332157 1884889048 1833209847 1812010832 1540539436 1356079750 1345052206 1265331746 1214767273 1121457676 943749730 276278210 136132329 -106823941 -368227091 -441506112 -466587962 -599944347 -601747036 -634933289 -735882689 -747519447 -756910831 -802588195 -844107234 -863265364 -916394859 -1140815666 -1440421622 -1462457291 -1866677736 -1522137652 -1564554643 -1191918521 -744090215 549043793 1422197125 1914822859 135820479 -813030133 -38963448 -1081262448 669162502 -1065941169 1239912254 172870784 -31887856 947124070 -1876219323

i = 32
Mang truoc khi xu ly: 1994823748 1940332157 1884889048 1833209847 1812010832 1540539436 1356079750 1345052206 1265331746 1214767273 1121457676 943749730 276278210 136132329 -106823941 -368227091 -441506112 -466587962 -599944347 -601747036 -634933289 -735882689 -747519447 -756910831 -802588195 -844107234 -863265364 -916394859 -1140815666 -1440421622 -1462457291 -1866677736 -1522137652 -1564554643 -1191918521 -744090215 549043793 1422197125 1914822859 135820479 -813030133 -38963448 -1081262448 669162502 -1065941169 1239912254 172870784 -31887856 947124070 -1876219323
Phan tu dang xet A[32] = -1522137652
Chen -1522137652 vao vi tri k = 31
Mang sau khi xu ly: 1994823748 1940332157 1884889048 1833209847 1812010832 1540539436 1356079750 1345052206 1265331746 1214767273 1121457676 943749730 276278210 136132329 -106823941 -368227091 -441506112 -466587962 -599944347 -601747036 -634933289 -735882689 -747519447 -756910831 -802588195 -844107234 -863265364 -916394859 -1140815666 -1440421622 -1462457291 -1522137652 -1866677736 -1564554643 -1191918521 -744090215 549043793 1422197125 1914822859 135820479 -813030133 -38963448 -1081262448 669162502 -1065941169 1239912254 172870784 -31887856 947124070 -1876219323

i = 33
Mang truoc khi xu ly: 1994823748 1940332157 1884889048 1833209847 1812010832 1540539436 1356079750 1345052206 1265331746 1214767273 1121457676 943749730 276278210 136132329 -106823941 -368227091 -441506112 -466587962 -599944347 -601747036 -634933289 -735882689 -747519447 -756910831 -802588195 -844107234 -863265364 -916394859 -1140815666 -1440421622 -1462457291 -1522137652 -1866677736 -1564554643 -1191918521 -744090215 549043793 1422197125 1914822859 135820479 -813030133 -38963448 -1081262448 669162502 -1065941169 1239912254 172870784 -31887856 947124070 -1876219323
Phan tu dang xet A[33] = -1564554643
Chen -1564554643 vao vi tri k = 32
Mang sau khi xu ly: 1994823748 1940332157 1884889048 1833209847 1812010832 1540539436 1356079750 1345052206 1265331746 1214767273 1121457676 943749730 276278210 136132329 -106823941 -368227091 -441506112 -466587962 -599944347 -601747036 -634933289 -735882689 -747519447 -756910831 -802588195 -844107234 -863265364 -916394859 -1140815666 -1440421622 -1462457291 -1522137652 -1564554643 -1866677736 -1191918521 -744090215 549043793 1422197125 1914822859 135820479 -813030133 -38963448 -1081262448 669162502 -1065941169 1239912254 172870784 -31887856 947124070 -1876219323

i = 34
Mang truoc khi xu ly: 1994823748 1940332157 1884889048 1833209847 1812010832 1540539436 1356079750 1345052206 1265331746 1214767273 1121457676 943749730 276278210 136132329 -106823941 -368227091 -441506112 -466587962 -599944347 -601747036 -634933289 -735882689 -747519447 -756910831 -802588195 -844107234 -863265364 -916394859 -1140815666 -1440421622 -1462457291 -1522137652 -1564554643 -1866677736 -1191918521 -744090215 549043793 1422197125 1914822859 135820479 -813030133 -38963448 -1081262448 669162502 -1065941169 1239912254 172870784 -31887856 947124070 -1876219323
Phan tu dang xet A[34] = -1191918521
Chen -1191918521 vao vi tri k = 29
Mang sau khi xu ly: 1994823748 1940332157 1884889048 1833209847 1812010832 1540539436 1356079750 1345052206 1265331746 1214767273 1121457676 943749730 276278210 136132329 -106823941 -368227091 -441506112 -466587962 -599944347 -601747036 -634933289 -735882689 -747519447 -756910831 -802588195 -844107234 -863265364 -916394859 -1140815666 -1191918521 -1440421622 -1462457291 -1522137652 -1564554643 -1866677736 -744090215 549043793 1422197125 1914822859 135820479 -813030133 -38963448 -1081262448 669162502 -1065941169 1239912254 172870784 -31887856 947124070 -1876219323

i = 35
Mang truoc khi xu ly: 1994823748 1940332157 1884889048 1833209847 1812010832 1540539436 1356079750 1345052206 1265331746 1214767273 1121457676 943749730 276278210 136132329 -106823941 -368227091 -441506112 -466587962 -599944347 -601747036 -634933289 -735882689 -747519447 -756910831 -802588195 -844107234 -863265364 -916394859 -1140815666 -1191918521 -1440421622 -1462457291 -1522137652 -1564554643 -1866677736 -744090215 549043793 1422197125 1914822859 135820479 -813030133 -38963448 -1081262448 669162502 -1065941169 1239912254 172870784 -31887856 947124070 -1876219323
Phan tu dang xet A[35] = -744090215
Chen -744090215 vao vi tri k = 22
Mang sau khi xu ly: 1994823748 1940332157 1884889048 1833209847 1812010832 1540539436 1356079750 1345052206 1265331746 1214767273 1121457676 943749730 276278210 136132329 -106823941 -368227091 -441506112 -466587962 -599944347 -601747036 -634933289 -735882689 -744090215 -747519447 -756910831 -802588195 -844107234 -863265364 -916394859 -1140815666 -1191918521 -1440421622 -1462457291 -1522137652 -1564554643 -1866677736 549043793 1422197125 1914822859 135820479 -813030133 -38963448 -1081262448 669162502 -1065941169 1239912254 172870784 -31887856 947124070 -1876219323

i = 36
Mang truoc khi xu ly: 1994823748 1940332157 1884889048 1833209847 1812010832 1540539436 1356079750 1345052206 1265331746 1214767273 1121457676 943749730 276278210 136132329 -106823941 -368227091 -441506112 -466587962 -599944347 -601747036 -634933289 -735882689 -744090215 -747519447 -756910831 -802588195 -844107234 -863265364 -916394859 -1140815666 -1191918521 -1440421622 -1462457291 -1522137652 -1564554643 -1866677736 549043793 1422197125 1914822859 135820479 -813030133 -38963448 -1081262448 669162502 -1065941169 1239912254 172870784 -31887856 947124070 -1876219323
Phan tu dang xet A[36] = 549043793
Chen 549043793 vao vi tri k = 12
Mang sau khi xu ly: 1994823748 1940332157 1884889048 1833209847 1812010832 1540539436 1356079750 1345052206 1265331746 1214767273 1121457676 943749730 549043793 276278210 136132329 -106823941 -368227091 -441506112 -466587962 -599944347 -601747036 -634933289 -735882689 -744090215 -747519447 -756910831 -802588195 -844107234 -863265364 -916394859 -1140815666 -1191918521 -1440421622 -1462457291 -1522137652 -1564554643 -1866677736 1422197125 1914822859 135820479 -813030133 -38963448 -1081262448 669162502 -1065941169 1239912254 172870784 -31887856 947124070 -1876219323

i = 37
Mang truoc khi xu ly: 1994823748 1940332157 1884889048 1833209847 1812010832 1540539436 1356079750 1345052206 1265331746 1214767273 1121457676 943749730 549043793 276278210 136132329 -106823941 -368227091 -441506112 -466587962 -599944347 -601747036 -634933289 -735882689 -744090215 -747519447 -756910831 -802588195 -844107234 -863265364 -916394859 -1140815666 -1191918521 -1440421622 -1462457291 -1522137652 -1564554643 -1866677736 1422197125 1914822859 135820479 -813030133 -38963448 -1081262448 669162502 -1065941169 1239912254 172870784 -31887856 947124070 -1876219323
Phan tu dang xet A[37] = 1422197125
Chen 1422197125 vao vi tri k = 6
Mang sau khi xu ly: 1994823748 1940332157 1884889048 1833209847 1812010832 1540539436 1422197125 1356079750 1345052206 1265331746 1214767273 1121457676 943749730 549043793 276278210 136132329 -106823941 -368227091 -441506112 -466587962 -599944347 -601747036 -634933289 -735882689 -744090215 -747519447 -756910831 -802588195 -844107234 -863265364 -916394859 -1140815666 -1191918521 -1440421622 -1462457291 -1522137652 -1564554643 -1866677736 1914822859 135820479 -813030133 -38963448 -1081262448 669162502 -1065941169 1239912254 172870784 -31887856 947124070 -1876219323

i = 38
Mang truoc khi xu ly: 1994823748 1940332157 1884889048 1833209847 1812010832 1540539436 1422197125 1356079750 1345052206 1265331746 1214767273 1121457676 943749730 549043793 276278210 136132329 -106823941 -368227091 -441506112 -466587962 -599944347 -601747036 -634933289 -735882689 -744090215 -747519447 -756910831 -802588195 -844107234 -863265364 -916394859 -1140815666 -1191918521 -1440421622 -1462457291 -1522137652 -1564554643 -1866677736 1914822859 135820479 -813030133 -38963448 -1081262448 669162502 -1065941169 1239912254 172870784 -31887856 947124070 -1876219323
Phan tu dang xet A[38] = 1914822859
Chen 1914822859 vao vi tri k = 2
Mang sau khi xu ly: 1994823748 1940332157 1914822859 1884889048 1833209847 1812010832 1540539436 1422197125 1356079750 1345052206 1265331746 1214767273 1121457676 943749730 549043793 276278210 136132329 -106823941 -368227091 -441506112 -466587962 -599944347 -601747036 -634933289 -735882689 -744090215 -747519447 -756910831 -802588195 -844107234 -863265364 -916394859 -1140815666 -1191918521 -1440421622 -1462457291 -1522137652 -1564554643 -1866677736 135820479 -813030133 -38963448 -1081262448 669162502 -1065941169 1239912254 172870784 -31887856 947124070 -1876219323

i = 39
Mang truoc khi xu ly: 1994823748 1940332157 1914822859 1884889048 1833209847 1812010832 1540539436 1422197125 1356079750 1345052206 1265331746 1214767273 1121457676 943749730 549043793 276278210 136132329 -106823941 -368227091 -441506112 -466587962 -599944347 -601747036 -634933289 -735882689 -744090215 -747519447 -756910831 -802588195 -844107234 -863265364 -916394859 -1140815666 -1191918521 -1440421622 -1462457291 -1522137652 -1564554643 -1866677736 135820479 -813030133 -38963448 -1081262448 669162502 -1065941169 1239912254 172870784 -31887856 947124070 -1876219323
Phan tu dang xet A[39] = 135820479
Chen 135820479 vao vi tri k = 17
Mang sau khi xu ly: 1994823748 1940332157 1914822859 1884889048 1833209847 1812010832 1540539436 1422197125 1356079750 1345052206 1265331746 1214767273 1121457676 943749730 549043793 276278210 136132329 135820479 -106823941 -368227091 -441506112 -466587962 -599944347 -601747036 -634933289 -735882689 -744090215 -747519447 -756910831 -802588195 -844107234 -863265364 -916394859 -1140815666 -1191918521 -1440421622 -1462457291 -1522137652 -1564554643 -1866677736 -813030133 -38963448 -1081262448 669162502 -1065941169 1239912254 172870784 -31887856 947124070 -1876219323

i = 40
Mang truoc khi xu ly: 1994823748 1940332157 1914822859 1884889048 1833209847 1812010832 1540539436 1422197125 1356079750 1345052206 1265331746 1214767273 1121457676 943749730 549043793 276278210 136132329 135820479 -106823941 -368227091 -441506112 -466587962 -599944347 -601747036 -634933289 -735882689 -744090215 -747519447 -756910831 -802588195 -844107234 -863265364 -916394859 -1140815666 -1191918521 -1440421622 -1462457291 -1522137652 -1564554643 -1866677736 -813030133 -38963448 -1081262448 669162502 -1065941169 1239912254 172870784 -31887856 947124070 -1876219323
Phan tu dang xet A[40] = -813030133
Chen -813030133 vao vi tri k = 30
Mang sau khi xu ly: 1994823748 1940332157 1914822859 1884889048 1833209847 1812010832 1540539436 1422197125 1356079750 1345052206 1265331746 1214767273 1121457676 943749730 549043793 276278210 136132329 135820479 -106823941 -368227091 -441506112 -466587962 -599944347 -601747036 -634933289 -735882689 -744090215 -747519447 -756910831 -802588195 -813030133 -844107234 -863265364 -916394859 -1140815666 -1191918521 -1440421622 -1462457291 -1522137652 -1564554643 -1866677736 -38963448 -1081262448 669162502 -1065941169 1239912254 172870784 -31887856 947124070 -1876219323

i = 41
Mang truoc khi xu ly: 1994823748 1940332157 1914822859 1884889048 1833209847 1812010832 1540539436 1422197125 1356079750 1345052206 1265331746 1214767273 1121457676 943749730 549043793 276278210 136132329 135820479 -106823941 -368227091 -441506112 -466587962 -599944347 -601747036 -634933289 -735882689 -744090215 -747519447 -756910831 -802588195 -813030133 -844107234 -863265364 -916394859 -1140815666 -1191918521 -1440421622 -1462457291 -1522137652 -1564554643 -1866677736 -38963448 -1081262448 669162502 -1065941169 1239912254 172870784 -31887856 947124070 -1876219323
Phan tu dang xet A[41] = -38963448
Chen -38963448 vao vi tri k = 18
Mang sau khi xu ly: 1994823748 1940332157 1914822859 1884889048 1833209847 1812010832 1540539436 1422197125 1356079750 1345052206 1265331746 1214767273 1121457676 943749730 549043793 276278210 136132329 135820479 -38963448 -106823941 -368227091 -441506112 -466587962 -599944347 -601747036 -634933289 -735882689 -744090215 -747519447 -756910831 -802588195 -813030133 -844107234 -863265364 -916394859 -1140815666 -1191918521 -1440421622 -1462457291 -1522137652 -1564554643 -1866677736 -1081262448 669162502 -1065941169 1239912254 172870784 -31887856 947124070 -1876219323

i = 42
Mang truoc khi xu ly: 1994823748 1940332157 1914822859 1884889048 1833209847 1812010832 1540539436 1422197125 1356079750 1345052206 1265331746 1214767273 1121457676 943749730 549043793 276278210 136132329 135820479 -38963448 -106823941 -368227091 -441506112 -466587962 -599944347 -601747036 -634933289 -735882689 -744090215 -747519447 -756910831 -802588195 -813030133 -844107234 -863265364 -916394859 -1140815666 -1191918521 -1440421622 -1462457291 -1522137652 -1564554643 -1866677736 -1081262448 669162502 -1065941169 1239912254 172870784 -31887856 947124070 -1876219323
Phan tu dang xet A[42] = -1081262448
Chen -1081262448 vao vi tri k = 35
Mang sau khi xu ly: 1994823748 1940332157 1914822859 1884889048 1833209847 1812010832 1540539436 1422197125 1356079750 1345052206 1265331746 1214767273 1121457676 943749730 549043793 276278210 136132329 135820479 -38963448 -106823941 -368227091 -441506112 -466587962 -599944347 -601747036 -634933289 -735882689 -744090215 -747519447 -756910831 -802588195 -813030133 -844107234 -863265364 -916394859 -1081262448 -1140815666 -1191918521 -1440421622 -1462457291 -1522137652 -1564554643 -1866677736 669162502 -1065941169 1239912254 172870784 -31887856 947124070 -1876219323

i = 43
Mang truoc khi xu ly: 1994823748 1940332157 1914822859 1884889048 1833209847 1812010832 1540539436 1422197125 1356079750 1345052206 1265331746 1214767273 1121457676 943749730 549043793 276278210 136132329 135820479 -38963448 -106823941 -368227091 -441506112 -466587962 -599944347 -601747036 -634933289 -735882689 -744090215 -747519447 -756910831 -802588195 -813030133 -844107234 -863265364 -916394859 -1081262448 -1140815666 -1191918521 -1440421622 -1462457291 -1522137652 -1564554643 -1866677736 669162502 -1065941169 1239912254 172870784 -31887856 947124070 -1876219323
Phan tu dang xet A[43] = 669162502
Chen 669162502 vao vi tri k = 14
Mang sau khi xu ly: 1994823748 1940332157 1914822859 1884889048 1833209847 1812010832 1540539436 1422197125 1356079750 1345052206 1265331746 1214767273 1121457676 943749730 669162502 549043793 276278210 136132329 135820479 -38963448 -106823941 -368227091 -441506112 -466587962 -599944347 -601747036 -634933289 -735882689 -744090215 -747519447 -756910831 -802588195 -813030133 -844107234 -863265364 -916394859 -1081262448 -1140815666 -1191918521 -1440421622 -1462457291 -1522137652 -1564554643 -1866677736 -1065941169 1239912254 172870784 -31887856 947124070 -1876219323

i = 44
Mang truoc khi xu ly: 1994823748 1940332157 1914822859 1884889048 1833209847 1812010832 1540539436 1422197125 1356079750 1345052206 1265331746 1214767273 1121457676 943749730 669162502 549043793 276278210 136132329 135820479 -38963448 -106823941 -368227091 -441506112 -466587962 -599944347 -601747036 -634933289 -735882689 -744090215 -747519447 -756910831 -802588195 -813030133 -844107234 -863265364 -916394859 -1081262448 -1140815666 -1191918521 -1440421622 -1462457291 -1522137652 -1564554643 -1866677736 -1065941169 1239912254 172870784 -31887856 947124070 -1876219323
Phan tu dang xet A[44] = -1065941169
Chen -1065941169 vao vi tri k = 36
Mang sau khi xu ly: 1994823748 1940332157 1914822859 1884889048 1833209847 1812010832 1540539436 1422197125 1356079750 1345052206 1265331746 1214767273 1121457676 943749730 669162502 549043793 276278210 136132329 135820479 -38963448 -106823941 -368227091 -441506112 -466587962 -599944347 -601747036 -634933289 -735882689 -744090215 -747519447 -756910831 -802588195 -813030133 -844107234 -863265364 -916394859 -1065941169 -1081262448 -1140815666 -1191918521 -1440421622 -1462457291 -1522137652 -1564554643 -1866677736 1239912254 172870784 -31887856 947124070 -1876219323

i = 45
Mang truoc khi xu ly: 1994823748 1940332157 1914822859 1884889048 1833209847 1812010832 1540539436 1422197125 1356079750 1345052206 1265331746 1214767273 1121457676 943749730 669162502 549043793 276278210 136132329 135820479 -38963448 -106823941 -368227091 -441506112 -466587962 -599944347 -601747036 -634933289 -735882689 -744090215 -747519447 -756910831 -802588195 -813030133 -844107234 -863265364 -916394859 -1065941169 -1081262448 -1140815666 -1191918521 -1440421622 -1462457291 -1522137652 -1564554643 -1866677736 1239912254 172870784 -31887856 947124070 -1876219323
Phan tu dang xet A[45] = 1239912254
Chen 1239912254 vao vi tri k = 11
Mang sau khi xu ly: 1994823748 1940332157 1914822859 1884889048 1833209847 1812010832 1540539436 1422197125 1356079750 1345052206 1265331746 1239912254 1214767273 1121457676 943749730 669162502 549043793 276278210 136132329 135820479 -38963448 -106823941 -368227091 -441506112 -466587962 -599944347 -601747036 -634933289 -735882689 -744090215 -747519447 -756910831 -802588195 -813030133 -844107234 -863265364 -916394859 -1065941169 -1081262448 -1140815666 -1191918521 -1440421622 -1462457291 -1522137652 -1564554643 -1866677736 172870784 -31887856 947124070 -1876219323

i = 46
Mang truoc khi xu ly: 1994823748 1940332157 1914822859 1884889048 1833209847 1812010832 1540539436 1422197125 1356079750 1345052206 1265331746 1239912254 1214767273 1121457676 943749730 669162502 549043793 276278210 136132329 135820479 -38963448 -106823941 -368227091 -441506112 -466587962 -599944347 -601747036 -634933289 -735882689 -744090215 -747519447 -756910831 -802588195 -813030133 -844107234 -863265364 -916394859 -1065941169 -1081262448 -1140815666 -1191918521 -1440421622 -1462457291 -1522137652 -1564554643 -1866677736 172870784 -31887856 947124070 -1876219323
Phan tu dang xet A[46] = 172870784
Chen 172870784 vao vi tri k = 18
Mang sau khi xu ly: 1994823748 1940332157 1914822859 1884889048 1833209847 1812010832 1540539436 1422197125 1356079750 1345052206 1265331746 1239912254 1214767273 1121457676 943749730 669162502 549043793 276278210 172870784 136132329 135820479 -38963448 -106823941 -368227091 -441506112 -466587962 -599944347 -601747036 -634933289 -735882689 -744090215 -747519447 -756910831 -802588195 -813030133 -844107234 -863265364 -916394859 -1065941169 -1081262448 -1140815666 -1191918521 -1440421622 -1462457291 -1522137652 -1564554643 -1866677736 -31887856 947124070 -1876219323

i = 47
Mang truoc khi xu ly: 1994823748 1940332157 1914822859 1884889048 1833209847 1812010832 1540539436 1422197125 1356079750 1345052206 1265331746 1239912254 1214767273 1121457676 943749730 669162502 549043793 276278210 172870784 136132329 135820479 -38963448 -106823941 -368227091 -441506112 -466587962 -599944347 -601747036 -634933289 -735882689 -744090215 -747519447 -756910831 -802588195 -813030133 -844107234 -863265364 -916394859 -1065941169 -1081262448 -1140815666 -1191918521 -1440421622 -1462457291 -1522137652 -1564554643 -1866677736 -31887856 947124070 -1876219323
Phan tu dang xet A[47] = -31887856
Chen -31887856 vao vi tri k = 21
Mang sau khi xu ly: 1994823748 1940332157 1914822859 1884889048 1833209847 1812010832 1540539436 1422197125 1356079750 1345052206 1265331746 1239912254 1214767273 1121457676 943749730 669162502 549043793 276278210 172870784 136132329 135820479 -31887856 -38963448 -106823941 -368227091 -441506112 -466587962 -599944347 -601747036 -634933289 -735882689 -744090215 -747519447 -756910831 -802588195 -813030133 -844107234 -863265364 -916394859 -1065941169 -1081262448 -1140815666 -1191918521 -1440421622 -1462457291 -1522137652 -1564554643 -1866677736 947124070 -1876219323

i = 48
Mang truoc khi xu ly: 1994823748 1940332157 1914822859 1884889048 1833209847 1812010832 1540539436 1422197125 1356079750 1345052206 1265331746 1239912254 1214767273 1121457676 943749730 669162502 549043793 276278210 172870784 136132329 135820479 -31887856 -38963448 -106823941 -368227091 -441506112 -466587962 -599944347 -601747036 -634933289 -735882689 -744090215 -747519447 -756910831 -802588195 -813030133 -844107234 -863265364 -916394859 -1065941169 -1081262448 -1140815666 -1191918521 -1440421622 -1462457291 -1522137652 -1564554643 -1866677736 947124070 -1876219323
Phan tu dang xet A[48] = 947124070
Chen 947124070 vao vi tri k = 14
Mang sau khi xu ly: 1994823748 1940332157 1914822859 1884889048 1833209847 1812010832 1540539436 1422197125 1356079750 1345052206 1265331746 1239912254 1214767273 1121457676 947124070 943749730 669162502 549043793 276278210 172870784 136132329 135820479 -31887856 -38963448 -106823941 -368227091 -441506112 -466587962 -599944347 -601747036 -634933289 -735882689 -744090215 -747519447 -756910831 -802588195 -813030133 -844107234 -863265364 -916394859 -1065941169 -1081262448 -1140815666 -1191918521 -1440421622 -1462457291 -1522137652 -1564554643 -1866677736 -1876219323

i = 49
Mang truoc khi xu ly: 1994823748 1940332157 1914822859 1884889048 1833209847 1812010832 1540539436 1422197125 1356079750 1345052206 1265331746 1239912254 1214767273 1121457676 947124070 943749730 669162502 549043793 276278210 172870784 136132329 135820479 -31887856 -38963448 -106823941 -368227091 -441506112 -466587962 -599944347 -601747036 -634933289 -735882689 -744090215 -747519447 -756910831 -802588195 -813030133 -844107234 -863265364 -916394859 -1065941169 -1081262448 -1140815666 -1191918521 -1440421622 -1462457291 -1522137652 -1564554643 -1866677736 -1876219323
Phan tu dang xet A[49] = -1876219323
Chen -1876219323 vao vi tri k = 49
Mang sau khi xu ly: 1994823748 1940332157 1914822859 1884889048 1833209847 1812010832 1540539436 1422197125 1356079750 1345052206 1265331746 1239912254 1214767273 1121457676 947124070 943749730 669162502 549043793 276278210 172870784 136132329 135820479 -31887856 -38963448 -106823941 -368227091 -441506112 -466587962 -599944347 -601747036 -634933289 -735882689 -744090215 -747519447 -756910831 -802588195 -813030133 -844107234 -863265364 -916394859 -1065941169 -1081262448 -1140815666 -1191918521 -1440421622 -1462457291 -1522137652 -1564554643 -1866677736 -1876219323

Mang sau khi sap xep:
1994823748 1940332157 1914822859 1884889048 1833209847 1812010832 1540539436 1422197125 1356079750 1345052206 1265331746 1239912254 1214767273 1121457676 947124070 943749730 669162502 549043793 276278210 172870784 136132329 135820479 -31887856 -38963448 -106823941 -368227091 -441506112 -466587962 -599944347 -601747036 -634933289 -735882689 -744090215 -747519447 -756910831 -802588195 -813030133 -844107234 -863265364 -916394859 -1065941169 -1081262448 -1140815666 -1191918521 -1440421622 -1462457291 -1522137652 -1564554643 -1866677736 -1876219323
