Mang truoc khi sap xep:
1424926034 -1328810312 1435943069 1586284265 1007524248 571744515 -1947417926 -961713812 -979433347 1559605209 1136117987 -819743523 190914416 1571309273 618332542 344660935 1692343338 -586216564 -1151418359 -410305133 -968050970 466220816 1617786178 -1795087070 -369325422 -235722119 125445979 -509994519 -1500640774 -1051410486 -709322497 -1658173642 794592785 -1790195131 1956446191 -1401649728 909500680 -1595014310 1076442995 1900300756 -867258821 -291505001 798223706 -1307672223 -513673354 -1581658913 1508477147 630746093 1743859438 -719882702 -481211109 1886986799 -1283749002 -912594852 1331580276

Sap xep:
i = 1
Mang truoc khi xu ly: 1424926034 -1328810312 1435943069 1586284265 1007524248 571744515 -1947417926 -961713812 -979433347 1559605209 1136117987 -819743523 190914416 1571309273 618332542 344660935 1692343338 -586216564 -1151418359 -410305133 -968050970 466220816 1617786178 -1795087070 -369325422 -235722119 125445979 -509994519 -1500640774 -1051410486 -709322497 -1658173642 794592785 -1790195131 1956446191 -1401649728 909500680 -1595014310 1076442995 1900300756 -867258821 -291505001 798223706 -1307672223 -513673354 -1581658913 1508477147 630746093 1743859438 -719882702 -481211109 1886986799 -1283749002 -912594852 1331580276
Phan tu dang xet A[1] = -1328810312
Chen -1328810312 vao vi tri k = 1
Mang sau khi xu ly: 1424926034 -1328810312 1435943069 1586284265 1007524248 571744515 -1947417926 -961713812 -979433347 1559605209 1136117987 -819743523 190914416 1571309273 618332542 344660935 1692343338 -586216564 -1151418359 -410305133 -968050970 466220816 1617786178 -1795087070 -369325422 -235722119 125445979 -509994519 -1500640774 -1051410486 -709322497 -1658173642 794592785 -1790195131 1956446191 -1401649728 909500680 -1595014310 1076442995 1900300756 -867258821 -291505001 798223706 -1307672223 -513673354 -1581658913 1508477147 630746093 1743859438 -719882702 -481211109 1886986799 -1283749002 -912594852 1331580276

i = 2
Mang truoc khi xu ly: 1424926034 -1328810312 1435943069 1586284265 1007524248 571744515 -1947417926 -961713812 -979433347 1559605209 1136117987 -819743523 190914416 1571309273 618332542 344660935 1692343338 -586216564 -1151418359 -410305133 -968050970 466220816 1617786178 -1795087070 -369325422 -235722119 125445979 -509994519 -1500640774 -1051410486 -709322497 -1658173642 794592785 -1790195131 1956446191 -1401649728 909500680 -1595014310 1076442995 1900300756 -867258821 -291505001 798223706 -1307672223 -513673354 -1581658913 1508477147 630746093 1743859438 -719882702 -481211109 1886986799 -1283749002 -912594852 1331580276
Phan tu dang xet A[2] = 1435943069
Chen 1435943069 vao vi tri k = 0
Mang sau khi xu ly: 1435943069 1424926034 -1328810312 1586284265 1007524248 571744515 -1947417926 -961713812 -979433347 1559605209 1136117987 -819743523 190914416 1571309273 618332542 344660935 1692343338 -586216564 -1151418359 -410305133 -968050970 466220816 1617786178 -1795087070 -369325422 -235722119 125445979 -509994519 -1500640774 -1051410486 -709322497 -1658173642 794592785 -1790195131 1956446191 -1401649728 909500680 -1595014310 1076442995 1900300756 -867258821 -291505001 798223706 -1307672223 -513673354 -1581658913 1508477147 630746093 1743859438 -719882702 -481211109 1886986799 -1283749002 -912594852 1331580276

i = 3
Mang truoc khi xu ly: 1435943069 1424926034 -1328810312 1586284265 1007524248 571744515 -1947417926 -961713812 -979433347 1559605209 1136117987 -819743523 190914416 1571309273 618332542 344660935 1692343338 -586216564 -1151418359 -410305133 -968050970 466220816 1617786178 -1795087070 -369325422 -235722119 125445979 -509994519 -1500640774 -1051410486 -709322497 -1658173642 794592785 -1790195131 1956446191 -1401649728 909500680 -1595014310 1076442995 1900300756 -867258821 -291505001 798223706 -1307672223 -513673354 -1581658913 1508477147 630746093 1743859438 -719882702 -481211109 1886986799 -1283749002 -912594852 1331580276
Phan tu dang xet A[3] = 1586284265
Chen 1586284265 vao vi tri k = 0
Mang sau khi xu ly: 1586284265 1435943069 1424926034 -1328810312 1007524248 571744515 -1947417926 -961713812 -979433347 1559605209 1136117987 -819743523 190914416 1571309273 618332542 344660935 1692343338 -586216564 -1151418359 -410305133 -968050970 466220816 1617786178 -1795087070 -369325422 -235722119 125445979 -509994519 -1500640774 -1051410486 -709322497 -1658173642 794592785 -1790195131 1956446191 -1401649728 909500680 -1595014310 1076442995 1900300756 -867258821 -291505001 798223706 -1307672223 -513673354 -1581658913 1508477147 630746093 1743859438 -719882702 -481211109 1886986799 -1283749002 -912594852 1331580276

i = 4
Mang truoc khi xu ly: 1586284265 1435943069 1424926034 -1328810312 1007524248 571744515 -1947417926 -961713812 -979433347 1559605209 1136117987 -819743523 190914416 1571309273 618332542 344660935 1692343338 -586216564 -1151418359 -410305133 -968050970 466220816 1617786178 -1795087070 -369325422 -235722119 125445979 -509994519 -1500640774 -1051410486 -709322497 -1658173642 794592785 -1790195131 1956446191 -1401649728 909500680 -1595014310 1076442995 1900300756 -867258821 -291505001 798223706 -1307672223 -513673354 -1581658913 1508477147 630746093 1743859438 -719882702 -481211109 1886986799 -1283749002 -912594852 1331580276
Phan tu dang xet A[4] = 1007524248
Chen 1007524248 vao vi tri k = 3
Mang sau khi xu ly: 1586284265 1435943069 1424926034 1007524248 -1328810312 571744515 -1947417926 -961713812 -979433347 1559605209 1136117987 -819743523 190914416 1571309273 618332542 344660935 1692343338 -586216564 -1151418359 -410305133 -968050970 466220816 1617786178 -1795087070 -369325422 -235722119 125445979 -509994519 -1500640774 -1051410486 -709322497 -1658173642 794592785 -1790195131 1956446191 -1401649728 909500680 -1595014310 1076442995 1900300756 -867258821 -291505001 798223706 -1307672223 -513673354 -1581658913 1508477147 630746093 1743859438 -719882702 -481211109 1886986799 -1283749002 -912594852 1331580276

i = 5
Mang truoc khi xu ly: 1586284265 1435943069 1424926034 1007524248 -1328810312 571744515 -1947417926 -961713812 -979433347 1559605209 1136117987 -819743523 190914416 1571309273 618332542 344660935 1692343338 -586216564 -1151418359 -410305133 -968050970 466220816 1617786178 -1795087070 -369325422 -235722119 125445979 -509994519 -1500640774 -1051410486 -709322497 -1658173642 794592785 -1790195131 1956446191 -1401649728 909500680 -1595014310 1076442995 1900300756 -867258821 -291505001 798223706 -1307672223 -513673354 -1581658913 1508477147 630746093 1743859438 -719882702 -481211109 1886986799 -1283749002 -912594852 1331580276
Phan tu dang xet A[5] = 571744515
Chen 571744515 vao vi tri k = 4
Mang sau khi xu ly: 1586284265 1435943069 1424926034 1007524248 571744515 -1328810312 -1947417926 -961713812 -979433347 1559605209 1136117987 -819743523 190914416 1571309273 618332542 344660935 1692343338 -586216564 -1151418359 -410305133 -968050970 466220816 1617786178 -1795087070 -369325422 -235722119 125445979 -509994519 -1500640774 -1051410486 -709322497 -1658173642 794592785 -1790195131 1956446191 -1401649728 909500680 -1595014310 1076442995 1900300756 -867258821 -291505001 798223706 -1307672223 -513673354 -1581658913 1508477147 630746093 1743859438 -719882702 -481211109 1886986799 -1283749002 -912594852 1331580276

i = 6
Mang truoc khi xu ly: 1586284265 1435943069 1424926034 1007524248 571744515 -1328810312 -1947417926 -961713812 -979433347 1559605209 1136117987 -819743523 190914416 1571309273 618332542 344660935 1692343338 -586216564 -1151418359 -410305133 -968050970 466220816 1617786178 -1795087070 -369325422 -235722119 125445979 -509994519 -1500640774 -1051410486 -709322497 -1658173642 794592785 -1790195131 1956446191 -1401649728 909500680 -1595014310 1076442995 1900300756 -867258821 -291505001 798223706 -1307672223 -513673354 -1581658913 1508477147 630746093 1743859438 -719882702 -481211109 1886986799 -1283749002 -912594852 1331580276
Phan tu dang xet A[6] = -1947417926
Chen -1947417926 vao vi tri k = 6
Mang sau khi xu ly: 1586284265 1435943069 1424926034 1007524248 571744515 -1328810312 -1947417926 -961713812 -979433347 1559605209 1136117987 -819743523 190914416 1571309273 618332542 344660935 1692343338 -586216564 -1151418359 -410305133 -968050970 466220816 1617786178 -1795087070 -369325422 -235722119 125445979 -509994519 -1500640774 -1051410486 -709322497 -1658173642 794592785 -1790195131 1956446191 -1401649728 909500680 -1595014310 1076442995 1900300756 -867258821 -291505001 798223706 -1307672223 -513673354 -1581658913 1508477147 630746093 1743859438 -719882702 -481211109 1886986799 -1283749002 -912594852 1331580276

i = 7
Mang truoc khi xu ly: 1586284265 1435943069 1424926034 1007524248 571744515 -1328810312 -1947417926 -961713812 -979433347 1559605209 1136117987 -819743523 190914416 1571309273 618332542 344660935 1692343338 -586216564 -1151418359 -410305133 -968050970 466220816 1617786178 -1795087070 -369325422 -235722119 125445979 -509994519 -1500640774 -1051410486 -709322497 -1658173642 794592785 -1790195131 1956446191 -1401649728 909500680 -1595014310 1076442995 1900300756 -867258821 -291505001 798223706 -1307672223 -513673354 -1581658913 1508477147 630746093 1743859438 -719882702 -481211109 1886986799 -1283749002 -912594852 1331580276
Phan tu dang xet A[7] = -961713812
Chen -961713812 vao vi tri k = 5
Mang sau khi xu ly: 1586284265 1435943069 1424926034 1007524248 571744515 -961713812 -1328810312 -1947417926 -979433347 1559605209 1136117987 -819743523 190914416 1571309273 618332542 344660935 1692343338 -586216564 -1151418359 -410305133 -968050970 466220816 1617786178 -1795087070 -369325422 -235722119 125445979 -509994519 -1500640774 -1051410486 -709322497 -1658173642 794592785 -1790195131 1956446191 -1401649728 909500680 -1595014310 1076442995 1900300756 -867258821 -291505001 798223706 -1307672223 -513673354 -1581658913 1508477147 630746093 1743859438 -719882702 -481211109 1886986799 -1283749002 -912594852 1331580276

i = 8
Mang truoc khi xu ly: 1586284265 1435943069 1424926034 1007524248 571744515 -961713812 -1328810312 -1947417926 -979433347 1559605209 1136117987 -819743523 190914416 1571309273 618332542 344660935 1692343338 -586216564 -1151418359 -410305133 -968050970 466220816 1617786178 -1795087070 -369325422 -235722119 125445979 -509994519 -1500640774 -1051410486 -709322497 -1658173642 794592785 -1790195131 1956446191 -1401649728 909500680 -1595014310 1076442995 1900300756 -867258821 -291505001 798223706 -1307672223 -513673354 -1581658913 1508477147 630746093 1743859438 -719882702 -481211109 1886986799 -1283749002 -912594852 1331580276
Phan tu dang xet A[8] = -979433347
Chen -979433347 vao vi tri k = 6
Mang sau khi xu ly: 1586284265 1435943069 1424926034 1007524248 571744515 -961713812 -979433347 -1328810312 -1947417926 1559605209 1136117987 -819743523 190914416 1571309273 618332542 344660935 1692343338 -586216564 -1151418359 -410305133 -968050970 466220816 1617786178 -1795087070 -369325422 -235722119 125445979 -509994519 -1500640774 -1051410486 -709322497 -1658173642 794592785 -1790195131 1956446191 -1401649728 909500680 -1595014310 1076442995 1900300756 -867258821 -291505001 798223706 -1307672223 -513673354 -1581658913 1508477147 630746093 1743859438 -719882702 -481211109 1886986799 -1283749002 -912594852 1331580276

i = 9
Mang truoc khi xu ly: 1586284265 1435943069 1424926034 1007524248 571744515 -961713812 -979433347 -1328810312 -1947417926 1559605209 1136117987 -819743523 190914416 1571309273 618332542 344660935 1692343338 -586216564 -1151418359 -410305133 -968050970 466220816 1617786178 -1795087070 -369325422 -235722119 125445979 -509994519 -1500640774 -1051410486 -709322497 -1658173642 794592785 -1790195131 1956446191 -1401649728 909500680 -1595014310 1076442995 1900300756 -867258821 -291505001 798223706 -1307672223 -513673354 -1581658913 1508477147 630746093 1743859438 -719882702 -481211109 1886986799 -1283749002 -912594852 1331580276
Phan tu dang xet A[9] = 1559605209
Chen 1559605209 vao vi tri k = 1
Mang sau khi xu ly: 1586284265 1559605209 1435943069 1424926034 1007524248 571744515 -961713812 -979433347 -1328810312 -1947417926 1136117987 -819743523 190914416 1571309273 618332542 344660935 1692343338 -586216564 -1151418359 -410305133 -968050970 466220816 1617786178 -1795087070 -369325422 -235722119 125445979 -509994519 -1500640774 -1051410486 -709322497 -1658173642 794592785 -1790195131 1956446191 -1401649728 909500680 -1595014310 1076442995 1900300756 -867258821 -291505001 798223706 -1307672223 -513673354 -1581658913 1508477147 630746093 1743859438 -719882702 -481211109 1886986799 -1283749002 -912594852 1331580276

i = 10
Mang truoc khi xu ly: 1586284265 1559605209 1435943069 1424926034 1007524248 571744515 -961713812 -979433347 -1328810312 -1947417926 1136117987 -819743523 190914416 1571309273 618332542 344660935 1692343338 -586216564 -1151418359 -410305133 -968050970 466220816 1617786178 -1795087070 -369325422 -235722119 125445979 -509994519 -1500640774 -1051410486 -709322497 -1658173642 794592785 -1790195131 1956446191 -1401649728 909500680 -1595014310 1076442995 1900300756 -867258821 -291505001 798223706 -1307672223 -513673354 -1581658913 1508477147 630746093 1743859438 -719882702 -481211109 1886986799 -1283749002 -912594852 1331580276
Phan tu dang xet A[10] = 1136117987
Chen 1136117987 vao vi tri k = 4
Mang sau khi xu ly: 1586284265 1559605209 1435943069 1424926034 1136117987 1007524248 571744515 -961713812 -979433347 -1328810312 -1947417926 -819743523 190914416 1571309273 618332542 344660935 1692343338 -586216564 -1151418359 -410305133 -968050970 466220816 1617786178 -1795087070 -369325422 -235722119 125445979 -509994519 -1500640774 -1051410486 -709322497 -1658173642 794592785 -1790195131 1956446191 -1401649728 909500680 -1595014310 1076442995 1900300756 -867258821 -291505001 798223706 -1307672223 -513673354 -1581658913 1508477147 630746093 1743859438 -719882702 -481211109 1886986799 -1283749002 -912594852 1331580276

i = 11
Mang truoc khi xu ly: 1586284265 1559605209 1435943069 1424926034 1136117987 1007524248 571744515 -961713812 -979433347 -1328810312 -1947417926 -819743523 190914416 1571309273 618332542 344660935 1692343338 -586216564 -1151418359 -410305133 -968050970 466220816 1617786178 -1795087070 -369325422 -235722119 125445979 -509994519 -1500640774 -1051410486 -709322497 -1658173642 794592785 -1790195131 1956446191 -1401649728 909500680 -1595014310 1076442995 1900300756 -867258821 -291505001 798223706 -1307672223 -513673354 -1581658913 1508477147 630746093 1743859438 -719882702 -481211109 1886986799 -1283749002 -912594852 1331580276
Phan tu dang xet A[11] = -819743523
Chen -819743523 vao vi tri k = 7
Mang sau khi xu ly: 1586284265 1559605209 1435943069 1424926034 1136117987 1007524248 571744515 -819743523 -961713812 -979433347 -1328810312 -1947417926 190914416 1571309273 618332542 344660935 1692343338 -586216564 -1151418359 -410305133 -968050970 466220816 1617786178 -1795087070 -369325422 -235722119 125445979 -509994519 -1500640774 -1051410486 -709322497 -1658173642 794592785 -1790195131 1956446191 -1401649728 909500680 -1595014310 1076442995 1900300756 -867258821 -291505001 798223706 -1307672223 -513673354 -1581658913 1508477147 630746093 1743859438 -719882702 -481211109 1886986799 -1283749002 -912594852 1331580276

i = 12
Mang truoc khi xu ly: 1586284265 1559605209 1435943069 1424926034 1136117987 1007524248 571744515 -819743523 -961713812 -979433347 -1328810312 -1947417926 190914416 1571309273 618332542 344660935 1692343338 -586216564 -1151418359 -410305133 -968050970 466220816 1617786178 -1795087070 -369325422 -235722119 125445979 -509994519 -1500640774 -1051410486 -709322497 -1658173642 794592785 -1790195131 1956446191 -1401649728 909500680 -1595014310 1076442995 1900300756 -867258821 -291505001 798223706 -1307672223 -513673354 -1581658913 1508477147 630746093 1743859438 -719882702 -481211109 1886986799 -1283749002 -912594852 1331580276
Phan tu dang xet A[12] = 190914416
Chen 190914416 vao vi tri k = 7
Mang sau khi xu ly: 1586284265 1559605209 1435943069 1424926034 1136117987 1007524248 571744515 190914416 -819743523 -961713812 -979433347 -1328810312 -1947417926 1571309273 618332542 344660935 1692343338 -586216564 -1151418359 -410305133 -968050970 466220816 1617786178 -1795087070 -369325422 -235722119 125445979 -509994519 -1500640774 -1051410486 -709322497 -1658173642 794592785 -1790195131 1956446191 -1401649728 909500680 -1595014310 1076442995 1900300756 -867258821 -291505001 798223706 -1307672223 -513673354 -1581658913 1508477147 630746093 1743859438 -719882702 -481211109 1886986799 -1283749002 -912594852 1331580276

i = 13
Mang truoc khi xu ly: 1586284265 1559605209 1435943069 1424926034 1136117987 1007524248 571744515 190914416 -819743523 -961713812 -979433347 -1328810312 -1947417926 1571309273 618332542 344660935 1692343338 -586216564 -1151418359 -410305133 -968050970 466220816 1617786178 -1795087070 -369325422 -235722119 125445979 -509994519 -1500640774 -1051410486 -709322497 -1658173642 794592785 -1790195131 1956446191 -1401649728 909500680 -1595014310 1076442995 1900300756 -867258821 -291505001 798223706 -1307672223 -513673354 -1581658913 1508477147 630746093 1743859438 -719882702 -481211109 1886986799 -1283749002 -912594852 1331580276
Phan tu dang xet A[13] = 1571309273
Chen 1571309273 vao vi tri k = 1
Mang sau khi xu ly: 1586284265 1571309273 1559605209 1435943069 1424926034 1136117987 1007524248 571744515 190914416 -819743523 -961713812 -979433347 -1328810312 -1947417926 618332542 344660935 1692343338 -586216564 -1151418359 -410305133 -968050970 466220816 1617786178 -1795087070 -369325422 -235722119 125445979 -509994519 -1500640774 -1051410486 -709322497 -1658173642 794592785 -1790195131 1956446191 -1401649728 909500680 -1595014310 1076442995 1900300756 -867258821 -291505001 798223706 -1307672223 -513673354 -1581658913 1508477147 630746093 1743859438 -719882702 -481211109 1886986799 -1283749002 -912594852 1331580276

i = 14
Mang truoc khi xu ly: 1586284265 1571309273 1559605209 1435943069 1424926034 1136117987 1007524248 571744515 190914416 -819743523 -961713812 -979433347 -1328810312 -1947417926 618332542 344660935 1692343338 -586216564 -1151418359 -410305133 -968050970 466220816 1617786178 -1795087070 -369325422 -235722119 125445979 -509994519 -1500640774 -1051410486 -709322497 -1658173642 794592785 -1790195131 1956446191 -1401649728 909500680 -1595014310 1076442995 1900300756 -867258821 -291505001 798223706 -1307672223 -513673354 -1581658913 1508477147 630746093 1743859438 -719882702 -481211109 1886986799 -1283749002 -912594852 1331580276
Phan tu dang xet A[14] = 618332542
Chen 618332542 vao vi tri k = 7
Mang sau khi xu ly: 1586284265 1571309273 1559605209 1435943069 1424926034 1136117987 1007524248 618332542 571744515 190914416 -819743523 -961713812 -979433347 -1328810312 -1947417926 344660935 1692343338 -586216564 -1151418359 -410305133 -968050970 466220816 1617786178 -1795087070 -369325422 -235722119 125445979 -509994519 -1500640774 -1051410486 -709322497 -1658173642 794592785 -1790195131 1956446191 -1401649728 909500680 -1595014310 1076442995 1900300756 -867258821 -291505001 798223706 -1307672223 -513673354 -1581658913 1508477147 630746093 1743859438 -719882702 -481211109 1886986799 -1283749002 -912594852 1331580276

i = 15
Mang truoc khi xu ly: 1586284265 1571309273 1559605209 1435943069 1424926034 1136117987 1007524248 618332542 571744515 190914416 -819743523 -961713812 -979433347 -1328810312 -1947417926 344660935 1692343338 -586216564 -1151418359 -410305133 -968050970 466220816 1617786178 -1795087070 -369325422 -235722119 125445979 -509994519 -1500640774 -1051410486 -709322497 -1658173642 794592785 -1790195131 1956446191 -1401649728 909500680 -1595014310 1076442995 1900300756 -867258821 -291505001 798223706 -1307672223 -513673354 -1581658913 1508477147 630746093 1743859438 -719882702 -481211109 1886986799 -1283749002 -912594852 1331580276
Phan tu dang xet A[15] = 344660935
Chen 344660935 vao vi tri k = 9
Mang sau khi xu ly: 1586284265 1571309273 1559605209 1435943069 1424926034 1136117987 1007524248 618332542 571744515 344660935 190914416 -819743523 -961713812 -979433347 -1328810312 -1947417926 1692343338 -586216564 -1151418359 -410305133 -968050970 466220816 1617786178 -1795087070 -369325422 -235722119 125445979 -509994519 -1500640774 -1051410486 -709322497 -1658173642 794592785 -1790195131 1956446191 -1401649728 909500680 -1595014310 1076442995 1900300756 -867258821 -291505001 798223706 -1307672223 -513673354 -1581658913 1508477147 630746093 1743859438 -719882702 -481211109 1886986799 -1283749002 -912594852 1331580276

i = 16
Mang truoc khi xu ly: 1586284265 1571309273 1559605209 1435943069 1424926034 1136117987 1007524248 618332542 571744515 344660935 190914416 -819743523 -961713812 -979433347 -1328810312 -1947417926 1692343338 -586216564 -1151418359 -410305133 -968050970 466220816 1617786178 -1795087070 -369325422 -235722119 125445979 -509994519 -1500640774 -1051410486 -709322497 -1658173642 794592785 -1790195131 1956446191 -1401649728 909500680 -1595014310 1076442995 1900300756 -867258821 -291505001 798223706 -1307672223 -513673354 -1581658913 1508477147 630746093 1743859438 -719882702 -481211109 1886986799 -1283749002 -912594852 1331580276
Phan tu dang xet A[16] = 1692343338
Chen 1692343338 vao vi tri k = 0
Mang sau khi xu ly: 1692343338 1586284265 1571309273 1559605209 1435943069 1424926034 1136117987 1007524248 618332542 571744515 344660935 190914416 -819743523 -961713812 -979433347 -1328810312 -1947417926 -586216564 -1151418359 -410305133 -968050970 466220816 1617786178 -1795087070 -369325422 -235722119 125445979 -509994519 -1500640774 -1051410486 -709322497 -1658173642 794592785 -1790195131 1956446191 -1401649728 909500680 -1595014310 1076442995 1900300756 -867258821 -291505001 798223706 -1307672223 -513673354 -1581658913 1508477147 630746093 1743859438 -719882702 -481211109 1886986799 -1283749002 -912594852 1331580276

i = 17
Mang truoc khi xu ly: 1692343338 1586284265 1571309273 1559605209 1435943069 1424926034 1136117987 1007524248 618332542 571744515 344660935 190914416 -819743523 -961713812 -979433347 -1328810312 -1947417926 -586216564 -1151418359 -410305133 -968050970 466220816 1617786178 -1795087070 -369325422 -235722119 125445979 -509994519 -1500640774 -1051410486 -709322497 -1658173642 794592785 -1790195131 1956446191 -1401649728 909500680 -1595014310 1076442995 1900300756 -867258821 -291505001 798223706 -1307672223 -513673354 -1581658913 1508477147 630746093 1743859438 -719882702 -481211109 1886986799 -1283749002 -912594852 1331580276
Phan tu dang xet A[17] = -586216564
Chen -586216564 vao vi tri k = 12
Mang sau khi xu ly: 1692343338 1586284265 1571309273 1559605209 1435943069 1424926034 1136117987 1007524248 618332542 571744515 344660935 190914416 -586216564 -819743523 -961713812 -979433347 -1328810312 -1947417926 -1151418359 -410305133 -968050970 466220816 1617786178 -1795087070 -369325422 -235722119 125445979 -509994519 -1500640774 -1051410486 -709322497 -1658173642 794592785 -1790195131 1956446191 -1401649728 909500680 -1595014310 1076442995 1900300756 -867258821 -291505001 798223706 -1307672223 -513673354 -1581658913 1508477147 630746093 1743859438 -719882702 -481211109 1886986799 -1283749002 -912594852 1331580276

i = 18
Mang truoc khi xu ly: 1692343338 1586284265 1571309273 1559605209 1435943069 1424926034 1136117987 1007524248 618332542 571744515 344660935 190914416 -586216564 -819743523 -961713812 -979433347 -1328810312 -1947417926 -1151418359 -410305133 -968050970 466220816 1617786178 -1795087070 -369325422 -235722119 125445979 -509994519 -1500640774 -1051410486 -709322497 -1658173642 794592785 -1790195131 1956446191 -1401649728 909500680 -1595014310 1076442995 1900300756 -867258821 -291505001 798223706 -1307672223 -513673354 -1581658913 1508477147 630746093 1743859438 -719882702 -481211109 1886986799 -1283749002 -912594852 1331580276
Phan tu dang xet A[18] = -1151418359
Chen -1151418359 vao vi tri k = 16
Mang sau khi xu ly: 1692343338 1586284265 1571309273 1559605209 1435943069 1424926034 1136117987 1007524248 618332542 571744515 344660935 190914416 -586216564 -819743523 -961713812 -979433347 -1151418359 -1328810312 -1947417926 -410305133 -968050970 466220816 1617786178 -1795087070 -369325422 -235722119 125445979 -509994519 -1500640774 -1051410486 -709322497 -1658173642 794592785 -1790195131 1956446191 -1401649728 909500680 -1595014310 1076442995 1900300756 -867258821 -291505001 798223706 -1307672223 -513673354 -1581658913 1508477147 630746093 1743859438 -719882702 -481211109 1886986799 -1283749002 -912594852 1331580276

i = 19
Mang truoc khi xu ly: 1692343338 1586284265 1571309273 1559605209 1435943069 1424926034 1136117987 1007524248 618332542 571744515 344660935 190914416 -586216564 -819743523 -961713812 -979433347 -1151418359 -1328810312 -1947417926 -410305133 -968050970 466220816 1617786178 -1795087070 -369325422 -235722119 125445979 -509994519 -1500640774 -1051410486 -709322497 -1658173642 794592785 -1790195131 1956446191 -1401649728 909500680 -1595014310 1076442995 1900300756 -867258821 -291505001 798223706 -1307672223 -513673354 -1581658913 1508477147 630746093 1743859438 -719882702 -481211109 1886986799 -1283749002 -912594852 1331580276
Phan tu dang xet A[19] = -410305133
Chen -410305133 vao vi tri k = 12
Mang sau khi xu ly: 1692343338 1586284265 1571309273 1559605209 1435943069 1424926034 1136117987 1007524248 618332542 571744515 344660935 190914416 -410305133 -586216564 -819743523 -961713812 -979433347 -1151418359 -1328810312 -1947417926 -968050970 466220816 1617786178 -1795087070 -369325422 -235722119 125445979 -509994519 -1500640774 -1051410486 -709322497 -1658173642 794592785 -1790195131 1956446191 -1401649728 909500680 -1595014310 1076442995 1900300756 -867258821 -291505001 798223706 -1307672223 -513673354 -1581658913 1508477147 630746093 1743859438 -719882702 -481211109 1886986799 -1283749002 -912594852 1331580276

i = 20
Mang truoc khi xu ly: 1692343338 1586284265 1571309273 1559605209 1435943069 1424926034 1136117987 1007524248 618332542 571744515 344660935 190914416 -410305133 -586216564 -819743523 -961713812 -979433347 -1151418359 -1328810312 -1947417926 -968050970 466220816 1617786178 -1795087070 -369325422 -235722119 125445979 -509994519 -1500640774 -1051410486 -709322497 -1658173642 794592785 -1790195131 1956446191 -1401649728 909500680 -1595014310 1076442995 1900300756 -867258821 -291505001 798223706 -1307672223 -513673354 -1581658913 1508477147 630746093 1743859438 -719882702 -481211109 1886986799 -1283749002 -912594852 1331580276
Phan tu dang xet A[20] = -968050970
Chen -968050970 vao vi tri k = 16
Mang sau khi xu ly: 1692343338 1586284265 1571309273 1559605209 1435943069 1424926034 1136117987 1007524248 618332542 571744515 344660935 190914416 -410305133 -586216564 -819743523 -961713812 -968050970 -979433347 -1151418359 -1328810312 -1947417926 466220816 1617786178 -1795087070 -369325422 -235722119 125445979 -509994519 -1500640774 -1051410486 -709322497 -1658173642 794592785 -1790195131 1956446191 -1401649728 909500680 -1595014310 1076442995 1900300756 -867258821 -291505001 798223706 -1307672223 -513673354 -1581658913 1508477147 630746093 1743859438 -719882702 -481211109 1886986799 -1283749002 -912594852 1331580276

i = 21
Mang truoc khi xu ly: 1692343338 1586284265 1571309273 1559605209 1435943069 1424926034 1136117987 1007524248 618332542 571744515 344660935 190914416 -410305133 -586216564 -819743523 -961713812 -968050970 -979433347 -1151418359 -1328810312 -1947417926 466220816 1617786178 -1795087070 -369325422 -235722119 125445979 -509994519 -1500640774 -1051410486 -709322497 -1658173642 794592785 -1790195131 1956446191 -1401649728 909500680 -1595014310 1076442995 1900300756 -867258821 -291505001 798223706 -1307672223 -513673354 -1581658913 1508477147 630746093 1743859438 -719882702 -481211109 1886986799 -1283749002 -912594852 1331580276
Phan tu dang xet A[21] = 466220816
Chen 466220816 vao vi tri k = 10
Mang sau khi xu ly: 1692343338 1586284265 1571309273 1559605209 1435943069 1424926034 1136117987 1007524248 618332542 571744515 466220816 344660935 190914416 -410305133 -586216564 -819743523 -961713812 -968050970 -979433347 -1151418359 -1328810312 -1947417926 1617786178 -1795087070 -369325422 -235722119 125445979 -509994519 -1500640774 -1051410486 -709322497 -1658173642 794592785 -1790195131 1956446191 -1401649728 909500680 -1595014310 1076442995 1900300756 -867258821 -291505001 798223706 -1307672223 -513673354 -1581658913 1508477147 630746093 1743859438 -719882702 -481211109 1886986799 -1283749002 -912594852 1331580276

i = 22
Mang truoc khi xu ly: 1692343338 1586284265 1571309273 1559605209 1435943069 1424926034 1136117987 1007524248 618332542 571744515 466220816 344660935 190914416 -410305133 -586216564 -819743523 -961713812 -968050970 -979433347 -1151418359 -1328810312 -1947417926 1617786178 -1795087070 -369325422 -235722119 125445979 -509994519 -1500640774 -1051410486 -709322497 -1658173642 794592785 -1790195131 1956446191 -1401649728 909500680 -1595014310 1076442995 1900300756 -867258821 -291505001 798223706 -1307672223 -513673354 -1581658913 1508477147 630746093 1743859438 -719882702 -481211109 1886986799 -1283749002 -912594852 1331580276
Phan tu dang xet A[22] = 1617786178
Chen 1617786178 vao vi tri k = 1
Mang sau khi xu ly: 1692343338 1617786178 1586284265 1571309273 1559605209 1435943069 1424926034 1136117987 1007524248 618332542 571744515 466220816 344660935 190914416 -410305133 -586216564 -819743523 -961713812 -968050970 -979433347 -1151418359 -1328810312 -1947417926 -1795087070 -369325422 -235722119 125445979 -509994519 -1500640774 -1051410486 -709322497 -1658173642 794592785 -1790195131 1956446191 -1401649728 909500680 -1595014310 1076442995 1900300756 -867258821 -291505001 798223706 -1307672223 -513673354 -1581658913 1508477147 630746093 1743859438 -719882702 -481211109 1886986799 -1283749002 -912594852 1331580276

i = 23
Mang truoc khi xu ly: 1692343338 1617786178 1586284265 1571309273 1559605209 1435943069 1424926034 1136117987 1007524248 618332542 571744515 466220816 344660935 190914416 -410305133 -586216564 -819743523 -961713812 -968050970 -979433347 -1151418359 -1328810312 -1947417926 -1795087070 -369325422 -235722119 125445979 -509994519 -1500640774 -1051410486 -709322497 -1658173642 794592785 -1790195131 1956446191 -1401649728 909500680 -1595014310 1076442995 1900300756 -867258821 -291505001 798223706 -1307672223 -513673354 -1581658913 1508477147 630746093 1743859438 -719882702 -481211109 1886986799 -1283749002 -912594852 1331580276
Phan tu dang xet A[23] = -1795087070
Chen -1795087070 vao vi tri k = 22
Mang sau khi xu ly: 1692343338 1617786178 1586284265 1571309273 1559605209 1435943069 1424926034 1136117987 1007524248 618332542 571744515 466220816 344660935 190914416 -410305133 -586216564 -819743523 -961713812 -968050970 -979433347 -1151418359 -1328810312 -1795087070 -1947417926 -369325422 -235722119 125445979 -509994519 -1500640774 -1051410486 -709322497 -1658173642 794592785 -1790195131 1956446191 -1401649728 909500680 -1595014310 1076442995 1900300756 -867258821 -291505001 798223706 -1307672223 -513673354 -1581658913 1508477147 630746093 1743859438 -719882702 -481211109 1886986799 -1283749002 -912594852 1331580276

i = 24
Mang truoc khi xu ly: 1692343338 1617786178 1586284265 1571309273 1559605209 1435943069 1424926034 1136117987 1007524248 618332542 571744515 466220816 344660935 190914416 -410305133 -586216564 -819743523 -961713812 -968050970 -979433347 -1151418359 -1328810312 -1795087070 -1947417926 -369325422 -235722119 125445979 -509994519 -1500640774 -1051410486 -709322497 -1658173642 794592785 -1790195131 1956446191 -1401649728 909500680 -1595014310 1076442995 1900300756 -867258821 -291505001 798223706 -1307672223 -513673354 -1581658913 1508477147 630746093 1743859438 -719882702 -481211109 1886986799 -1283749002 -912594852 1331580276
Phan tu dang xet A[24] = -369325422
Chen -369325422 vao vi tri k = 14
Mang sau khi xu ly: 1692343338 1617786178 1586284265 1571309273 1559605209 1435943069 1424926034 1136117987 1007524248 618332542 571744515 466220816 344660935 190914416 -369325422 -410305133 -586216564 -819743523 -961713812 -968050970 -979433347 -1151418359 -1328810312 -1795087070 -1947417926 -235722119 125445979 -509994519 -1500640774 -1051410486 -709322497 -1658173642 794592785 -1790195131 1956446191 -1401649728 909500680 -1595014310 1076442995 1900300756 -867258821 -291505001 798223706 -1307672223 -513673354 -1581658913 1508477147 630746093 1743859438 -719882702 -481211109 1886986799 -1283749002 -912594852 1331580276

i = 25
Mang truoc khi xu ly: 1692343338 1617786178 1586284265 1571309273 1559605209 1435943069 1424926034 1136117987 1007524248 618332542 571744515 466220816 344660935 190914416 -369325422 -410305133 -586216564 -819743523 -961713812 -968050970 -979433347 -1151418359 -1328810312 -1795087070 -1947417926 -235722119 125445979 -509994519 -1500640774 -1051410486 -709322497 -1658173642 794592785 -1790195131 1956446191 -1401649728 909500680 -1595014310 1076442995 1900300756 -867258821 -291505001 798223706 -1307672223 -513673354 -1581658913 1508477147 630746093 1743859438 -719882702 -481211109 1886986799 -1283749002 -912594852 1331580276
Phan tu dang xet A[25] = -235722119
Chen -235722119 vao vi tri k = 14
Mang sau khi xu ly: 1692343338 1617786178 1586284265 1571309273 1559605209 1435943069 1424926034 1136117987 1007524248 618332542 571744515 466220816 344660935 190914416 -235722119 -369325422 -410305133 -586216564 -819743523 -961713812 -968050970 -979433347 -1151418359 -1328810312 -1795087070 -1947417926 125445979 -509994519 -1500640774 -1051410486 -709322497 -1658173642 794592785 -1790195131 1956446191 -1401649728 909500680 -1595014310 1076442995 1900300756 -867258821 -291505001 798223706 -1307672223 -513673354 -1581658913 1508477147 630746093 1743859438 -719882702 -481211109 1886986799 -1283749002 -912594852 1331580276

i = 26
Mang truoc khi xu ly: 1692343338 1617786178 1586284265 1571309273 1559605209 1435943069 1424926034 1136117987 1007524248 618332542 571744515 466220816 344660935 190914416 -235722119 -369325422 -410305133 -586216564 -819743523 -961713812 -968050970 -979433347 -1151418359 -1328810312 -1795087070 -1947417926 125445979 -509994519 -1500640774 -1051410486 -709322497 -1658173642 794592785 -1790195131 1956446191 -1401649728 909500680 -1595014310 1076442995 1900300756 -867258821 -291505001 798223706 -1307672223 -513673354 -1581658913 1508477147 630746093 1743859438 -719882702 -481211109 1886986799 -1283749002 -912594852 1331580276
Phan tu dang xet A[26] = 125445979
Chen 125445979 vao vi tri k = 14
Mang sau khi xu ly: 1692343338 1617786178 1586284265 1571309273 1559605209 1435943069 1424926034 1136117987 1007524248 618332542 571744515 466220816 344660935 190914416 125445979 -235722119 -369325422 -410305133 -586216564 -819743523 -961713812 -968050970 -979433347 -1151418359 -1328810312 -1795087070 -1947417926 -509994519 -1500640774 -1051410486 -709322497 -1658173642 794592785 -1790195131 1956446191 -1401649728 909500680 -1595014310 1076442995 1900300756 -867258821 -291505001 798223706 -1307672223 -513673354 -1581658913 1508477147 630746093 1743859438 -719882702 -481211109 1886986799 -1283749002 -912594852 1331580276

i = 27
Mang truoc khi xu ly: 1692343338 1617786178 1586284265 1571309273 1559605209 1435943069 1424926034 1136117987 1007524248 618332542 571744515 466220816 344660935 190914416 125445979 -235722119 -369325422 -410305133 -586216564 -819743523 -961713812 -968050970 -979433347 -1151418359 -1328810312 -1795087070 -1947417926 -509994519 -1500640774 -1051410486 -709322497 -1658173642 794592785 -1790195131 1956446191 -1401649728 909500680 -1595014310 1076442995 1900300756 -867258821 -291505001 798223706 -1307672223 -513673354 -1581658913 1508477147 630746093 1743859438 -719882702 -481211109 1886986799 -1283749002 -912594852 1331580276
Phan tu dang xet A[27] = -509994519
Chen -509994519 vao vi tri k = 18
Mang sau khi xu ly: 1692343338 1617786178 1586284265 1571309273 1559605209 1435943069 1424926034 1136117987 1007524248 618332542 571744515 466220816 344660935 190914416 125445979 -235722119 -369325422 -410305133 -509994519 -586216564 -819743523 -961713812 -968050970 -979433347 -1151418359 -1328810312 -1795087070 -1947417926 -1500640774 -1051410486 -709322497 -1658173642 794592785 -1790195131 1956446191 -1401649728 909500680 -1595014310 1076442995 1900300756 -867258821 -291505001 798223706 -1307672223 -513673354 -1581658913 1508477147 630746093 1743859438 -719882702 -481211109 1886986799 -1283749002 -912594852 1331580276

i = 28
Mang truoc khi xu ly: 1692343338 1617786178 1586284265 1571309273 1559605209 1435943069 1424926034 1136117987 1007524248 618332542 571744515 466220816 344660935 190914416 125445979 -235722119 -369325422 -410305133 -509994519 -586216564 -819743523 -961713812 -968050970 -979433347 -1151418359 -1328810312 -1795087070 -1947417926 -1500640774 -1051410486 -709322497 -1658173642 794592785 -1790195131 1956446191 -1401649728 909500680 -1595014310 1076442995 1900300756 -867258821 -291505001 798223706 -1307672223 -513673354 -1581658913 1508477147 630746093 1743859438 -719882702 -481211109 1886986799 -1283749002 -912594852 1331580276
Phan tu dang xet A[28] = -1500640774
Chen -1500640774 vao vi tri k = 26
Mang sau khi xu ly: 1692343338 1617786178 1586284265 1571309273 1559605209 1435943069 1424926034 1136117987 1007524248 618332542 571744515 466220816 344660935 190914416 125445979 -235722119 -369325422 -410305133 -509994519 -586216564 -819743523 -961713812 -968050970 -979433347 -1151418359 -1328810312 -1500640774 -1795087070 -1947417926 -1051410486 -709322497 -1658173642 794592785 -1790195131 1956446191 -1401649728 909500680 -1595014310 1076442995 1900300756 -867258821 -291505001 798223706 -1307672223 -513673354 -1581658913 1508477147 630746093 1743859438 -719882702 -481211109 1886986799 -1283749002 -912594852 1331580276

i = 29
Mang truoc khi xu ly: 1692343338 1617786178 1586284265 1571309273 1559605209 1435943069 1424926034 1136117987 1007524248 618332542 571744515 466220816 344660935 190914416 125445979 -235722119 -369325422 -410305133 -509994519 -586216564 -819743523 -961713812 -968050970 -979433347 -1151418359 -1328810312 -1500640774 -1795087070 -1947417926 -1051410486 -709322497 -1658173642 794592785 -1790195131 1956446191 -1401649728 909500680 -1595014310 1076442995 1900300756 -867258821 -291505001 798223706 -1307672223 -513673354 -1581658913 1508477147 630746093 1743859438 -719882702 -481211109 1886986799 -1283749002 -912594852 1331580276
Phan tu dang xet A[29] = -1051410486
Chen -1051410486 vao vi tri k = 24
Mang sau khi xu ly: 1692343338 1617786178 1586284265 1571309273 1559605209 1435943069 1424926034 1136117987 1007524248 618332542 571744515 466220816 344660935 190914416 125445979 -235722119 -369325422 -410305133 -509994519 -586216564 -819743523 -961713812 -968050970 -979433347 -1051410486 -1151418359 -1328810312 -1500640774 -1795087070 -1947417926 -709322497 -1658173642 794592785 -1790195131 1956446191 -1401649728 909500680 -1595014310 1076442995 1900300756 -867258821 -291505001 798223706 -1307672223 -513673354 -1581658913 1508477147 630746093 1743859438 -719882702 -481211109 1886986799 -1283749002 -912594852 1331580276

i = 30
Mang truoc khi xu ly: 1692343338 1617786178 1586284265 1571309273 1559605209 1435943069 1424926034 1136117987 1007524248 618332542 571744515 466220816 344660935 190914416 125445979 -235722119 -369325422 -410305133 -509994519 -586216564 -819743523 -961713812 -968050970 -979433347 -1051410486 -1151418359 -1328810312 -1500640774 -1795087070 -1947417926 -709322497 -1658173642 794592785 -1790195131 1956446191 -1401649728 909500680 -1595014310 1076442995 1900300756 -867258821 -291505001 798223706 -1307672223 -513673354 -1581658913 1508477147 630746093 1743859438 -719882702 -481211109 1886986799 -1283749002 -912594852 1331580276
Phan tu dang xet A[30] = -709322497
Chen -709322497 vao vi tri k = 20
Mang sau khi xu ly: 1692343338 1617786178 1586284265 1571309273 1559605209 1435943069 1424926034 1136117987 1007524248 618332542 571744515 466220816 344660935 190914416 125445979 -235722119 -369325422 -410305133 -509994519 -586216564 -709322497 -819743523 -961713812 -968050970 -979433347 -1051410486 -1151418359 -1328810312 -1500640774 -1795087070 -1947417926 -1658173642 794592785 -1790195131 1956446191 -1401649728 909500680 -1595014310 1076442995 1900300756 -867258821 -291505001 798223706 -1307672223 -513673354 -1581658913 1508477147 630746093 1743859438 -719882702 -481211109 1886986799 -1283749002 -912594852 1331580276

i = 31
Mang truoc khi xu ly: 1692343338 1617786178 1586284265 1571309273 1559605209 1435943069 1424926034 1136117987 1007524248 618332542 571744515 466220816 344660935 190914416 125445979 -235722119 -369325422 -410305133 -509994519 -586216564 -709322497 -819743523 -961713812 -968050970 -979433347 -1051410486 -1151418359 -1328810312 -1500640774 -1795087070 -1947417926 -1658173642 794592785 -1790195131 1956446191 -1401649728 909500680 -1595014310 1076442995 1900300756 -867258821 -291505001 798223706 -1307672223 -513673354 -1581658913 1508477147 630746093 1743859438 -719882702 -481211109 1886986799 -1283749002 -912594852 1331580276
Phan tu dang xet A[31] = -1658173642
Chen -1658173642 vao vi tri k = 29
Mang sau khi xu ly: 1692343338 1617786178 1586284265 1571309273 1559605209 1435943069 1424926034 1136117987 1007524248 618332542 571744515 466220816 344660935 190914416 125445979 -235722119 -369325422 -410305133 -509994519 -586216564 -709322497 -819743523 -961713812 -968050970 -979433347 -1051410486 -1151418359 -1328810312 -1500640774 -1658173642 -1795087070 -1947417926 794592785 -1790195131 1956446191 -1401649728 909500680 -1595014310 1076442995 1900300756 -867258821 -291505001 798223706 -1307672223 -513673354 -1581658913 1508477147 630746093 1743859438 -719882702 -481211109 1886986799 -1283749002 -912594852 1331580276

i = 32
Mang truoc khi xu ly: 1692343338 1617786178 1586284265 1571309273 1559605209 1435943069 1424926034 1136117987 1007524248 618332542 571744515 466220816 344660935 190914416 125445979 -235722119 -369325422 -410305133 -509994519 -586216564 -709322497 -819743523 -961713812 -968050970 -979433347 -1051410486 -1151418359 -1328810312 -1500640774 -1658173642 -1795087070 -1947417926 794592785 -1790195131 1956446191 -1401649728 909500680 -1595014310 1076442995 1900300756 -867258821 -291505001 798223706 -1307672223 -513673354 -1581658913 1508477147 630746093 1743859438 -719882702 -481211109 1886986799 -1283749002 -912594852 1331580276
Phan tu dang xet A[32] = 794592785
Chen 794592785 vao vi tri k = 9
Mang sau khi xu ly: 1692343338 1617786178 1586284265 1571309273 1559605209 1435943069 1424926034 1136117987 1007524248 794592785 618332542 571744515 466220816 344660935 190914416 125445979 -235722119 -369325422 -410305133 -509994519 -586216564 -709322497 -819743523 -961713812 -968050970 -979433347 -1051410486 -1151418359 -1328810312 -1500640774 -1658173642 -1795087070 -1947417926 -1790195131 1956446191 -1401649728 909500680 -1595014310 1076442995 1900300756 -867258821 -291505001 798223706 -1307672223 -513673354 -1581658913 1508477147 630746093 1743859438 -719882702 -481211109 1886986799 -1283749002 -912594852 1331580276

i = 33
Mang truoc khi xu ly: 1692343338 1617786178 1586284265 1571309273 1559605209 1435943069 1424926034 1136117987 1007524248 794592785 618332542 571744515 466220816 344660935 190914416 125445979 -235722119 -369325422 -410305133 -509994519 -586216564 -709322497 -819743523 -961713812 -968050970 -979433347 -1051410486 -1151418359 -1328810312 -1500640774 -1658173642 -1795087070 -1947417926 -1790195131 1956446191 -1401649728 909500680 -1595014310 1076442995 1900300756 -867258821 -291505001 798223706 -1307672223 -513673354 -1581658913 1508477147 630746093 1743859438 -719882702 -481211109 1886986799 -1283749002 -912594852 1331580276
Phan tu dang xet A[33] = -1790195131
Chen -1790195131 vao vi tri k = 31
Mang sau khi xu ly: 1692343338 1617786178 1586284265 1571309273 1559605209 1435943069 1424926034 1136117987 1007524248 794592785 618332542 571744515 466220816 344660935 190914416 125445979 -235722119 -369325422 -410305133 -509994519 -586216564 -709322497 -819743523 -961713812 -968050970 -979433347 -1051410486 -1151418359 -1328810312 -1500640774 -1658173642 -1790195131 -1795087070 -1947417926 1956446191 -1401649728 909500680 -1595014310 1076442995 1900300756 -867258821 -291505001 798223706 -1307672223 -513673354 -1581658913 1508477147 630746093 1743859438 -719882702 -481211109 1886986799 -1283749002 -912594852 1331580276

i = 34
Mang truoc khi xu ly: 1692343338 1617786178 1586284265 1571309273 1559605209 1435943069 1424926034 1136117987 1007524248 794592785 618332542 571744515 466220816 344660935 190914416 125445979 -235722119 -369325422 -410305133 -509994519 -586216564 -709322497 -819743523 -961713812 -968050970 -979433347 -1051410486 -1151418359 -1328810312 -1500640774 -1658173642 -1790195131 -1795087070 -1947417926 1956446191 -1401649728 909500680 -1595014310 1076442995 1900300756 -867258821 -291505001 798223706 -1307672223 -513673354 -1581658913 1508477147 630746093 1743859438 -719882702 -481211109 1886986799 -1283749002 -912594852 1331580276
Phan tu dang xet A[34] = 1956446191
Chen 1956446191 vao vi tri k = 0
Mang sau khi xu ly: 1956446191 1692343338 1617786178 1586284265 1571309273 1559605209 1435943069 1424926034 1136117987 1007524248 794592785 618332542 571744515 466220816 344660935 190914416 125445979 -235722119 -369325422 -410305133 -509994519 -586216564 -709322497 -819743523 -961713812 -968050970 -979433347 -1051410486 -1151418359 -1328810312 -1500640774 -1658173642 -1790195131 -1795087070 -1947417926 -1401649728 909500680 -1595014310 1076442995 1900300756 -867258821 -291505001 798223706 -1307672223 -513673354 -1581658913 1508477147 630746093 1743859438 -719882702 -481211109 1886986799 -1283749002 -912594852 1331580276

i = 35
Mang truoc khi xu ly: 1956446191 1692343338 1617786178 1586284265 1571309273 1559605209 1435943069 1424926034 1136117987 1007524248 794592785 618332542 571744515 466220816 344660935 190914416 125445979 -235722119 -369325422 -410305133 -509994519 -586216564 -709322497 -819743523 -961713812 -968050970 -979433347 -1051410486 -1151418359 -1328810312 -1500640774 -1658173642 -1790195131 -1795087070 -1947417926 -1401649728 909500680 -1595014310 1076442995 1900300756 -867258821 -291505001 798223706 -1307672223 -513673354 -1581658913 1508477147 630746093 1743859438 -719882702 -481211109 1886986799 -1283749002 -912594852 1331580276
Phan tu dang xet A[35] = -1401649728
Chen -1401649728 vao vi tri k = 30
Mang sau khi xu ly: 1956446191 1692343338 1617786178 1586284265 1571309273 1559605209 1435943069 1424926034 1136117987 1007524248 794592785 618332542 571744515 466220816 344660935 190914416 125445979 -235722119 -369325422 -410305133 -509994519 -586216564 -709322497 -819743523 -961713812 -968050970 -979433347 -1051410486 -1151418359 -1328810312 -1401649728 -1500640774 -1658173642 -1790195131 -1795087070 -1947417926 909500680 -1595014310 1076442995 1900300756 -867258821 -291505001 798223706 -1307672223 -513673354 -1581658913 1508477147 630746093 1743859438 -719882702 -481211109 1886986799 -1283749002 -912594852 1331580276

i = 36
Mang truoc khi xu ly: 1956446191 1692343338 1617786178 1586284265 1571309273 1559605209 1435943069 1424926034 1136117987 1007524248 794592785 618332542 571744515 466220816 344660935 190914416 125445979 -235722119 -369325422 -410305133 -509994519 -586216564 -709322497 -819743523 -961713812 -968050970 -979433347 -1051410486 -1151418359 -1328810312 -1401649728 -1500640774 -1658173642 -1790195131 -1795087070 -1947417926 909500680 -1595014310 1076442995 1900300756 -867258821 -291505001 798223706 -1307672223 -513673354 -1581658913 1508477147 630746093 1743859438 -719882702 -481211109 1886986799 -1283749002 -912594852 1331580276
Phan tu dang xet A[36] = 909500680
Chen 909500680 vao vi tri k = 10
Mang sau khi xu ly: 1956446191 1692343338 1617786178 1586284265 1571309273 1559605209 1435943069 1424926034 1136117987 1007524248 909500680 794592785 618332542 571744515 466220816 344660935 190914416 125445979 -235722119 -369325422 -410305133 -509994519 -586216564 -709322497 -819743523 -961713812 -968050970 -979433347 -1051410486 -1151418359 -1328810312 -1401649728 -1500640774 -1658173642 -1790195131 -1795087070 -1947417926 -1595014310 1076442995 1900300756 -867258821 -291505001 798223706 -1307672223 -513673354 -1581658913 1508477147 630746093 1743859438 -719882702 -481211109 1886986799 -1283749002 -912594852 1331580276

i = 37
Mang truoc khi xu ly: 1956446191 1692343338 1617786178 1586284265 1571309273 1559605209 1435943069 1424926034 1136117987 1007524248 909500680 794592785 618332542 571744515 466220816 344660935 190914416 125445979 -235722119 -369325422 -410305133 -509994519 -586216564 -709322497 -819743523 -961713812 -968050970 -979433347 -1051410486 -1151418359 -1328810312 -1401649728 -1500640774 -1658173642 -1790195131 -1795087070 -1947417926 -1595014310 1076442995 1900300756 -867258821 -291505001 798223706 -1307672223 -513673354 -1581658913 1508477147 630746093 1743859438 -719882702 -481211109 1886986799 -1283749002 -912594852 1331580276
Phan tu dang xet A[37] = -1595014310
Chen -1595014310 vao vi tri k = 33
Mang sau khi xu ly: 1956446191 1692343338 1617786178 1586284265 1571309273 1559605209 1435943069 1424926034 1136117987 1007524248 909500680 794592785 618332542 571744515 466220816 344660935 190914416 125445979 -235722119 -369325422 -410305133 -509994519 -586216564 -709322497 -819743523 -961713812 -968050970 -979433347 -1051410486 -1151418359 -1328810312 -1401649728 -1500640774 -1595014310 -1658173642 -1790195131 -1795087070 -1947417926 1076442995 1900300756 -867258821 -291505001 798223706 -1307672223 -513673354 -1581658913 1508477147 630746093 1743859438 -719882702 -481211109 1886986799 -1283749002 -912594852 1331580276

i = 38
Mang truoc khi xu ly: 1956446191 1692343338 1617786178 1586284265 1571309273 1559605209 1435943069 1424926034 1136117987 1007524248 909500680 794592785 618332542 571744515 466220816 344660935 190914416 125445979 -235722119 -369325422 -410305133 -509994519 -586216564 -709322497 -819743523 -961713812 -968050970 -979433347 -1051410486 -1151418359 -1328810312 -1401649728 -1500640774 -1595014310 -1658173642 -1790195131 -1795087070 -1947417926 1076442995 1900300756 -867258821 -291505001 798223706 -1307672223 -513673354 -1581658913 1508477147 630746093 1743859438 -719882702 -481211109 1886986799 -1283749002 -912594852 1331580276
Phan tu dang xet A[38] = 1076442995
Chen 1076442995 vao vi tri k = 9
Mang sau khi xu ly: 1956446191 1692343338 1617786178 1586284265 1571309273 1559605209 1435943069 1424926034 1136117987 1076442995 1007524248 909500680 794592785 618332542 571744515 466220816 344660935 190914416 125445979 -235722119 -369325422 -410305133 -509994519 -586216564 -709322497 -819743523 -961713812 -968050970 -979433347 -1051410486 -1151418359 -1328810312 -1401649728 -1500640774 -1595014310 -1658173642 -1790195131 -1795087070 -1947417926 1900300756 -867258821 -291505001 798223706 -1307672223 -513673354 -1581658913 1508477147 630746093 1743859438 -719882702 -481211109 1886986799 -1283749002 -912594852 1331580276

i = 39
Mang truoc khi xu ly: 1956446191 1692343338 1617786178 1586284265 1571309273 1559605209 1435943069 1424926034 1136117987 1076442995 1007524248 909500680 794592785 618332542 571744515 466220816 344660935 190914416 125445979 -235722119 -369325422 -410305133 -509994519 -586216564 -709322497 -819743523 -961713812 -968050970 -979433347 -1051410486 -1151418359 -1328810312 -1401649728 -1500640774 -1595014310 -1658173642 -1790195131 -1795087070 -1947417926 1900300756 -867258821 -291505001 798223706 -1307672223 -513673354 -1581658913 1508477147 630746093 1743859438 -719882702 -481211109 1886986799 -1283749002 -912594852 1331580276
Phan tu dang xet A[39] = 1900300756
Chen 1900300756 vao vi tri k = 1
Mang sau khi xu ly: 1956446191 1900300756 1692343338 1617786178 1586284265 1571309273 1559605209 1435943069 1424926034 1136117987 1076442995 1007524248 909500680 794592785 618332542 571744515 466220816 344660935 190914416 125445979 -235722119 -369325422 -410305133 -509994519 -586216564 -709322497 -819743523 -961713812 -968050970 -979433347 -1051410486 -1151418359 -1328810312 -1401649728 -1500640774 -1595014310 -1658173642 -1790195131 -1795087070 -1947417926 -867258821 -291505001 798223706 -1307672223 -513673354 -1581658913 1508477147 630746093 1743859438 -719882702 -481211109 1886986799 -1283749002 -912594852 1331580276

i = 40
Mang truoc khi xu ly: 1956446191 1900300756 1692343338 1617786178 1586284265 1571309273 1559605209 1435943069 1424926034 1136117987 1076442995 1007524248 909500680 794592785 618332542 571744515 466220816 344660935 190914416 125445979 -235722119 -369325422 -410305133 -509994519 -586216564 -709322497 -819743523 -961713812 -968050970 -979433347 -1051410486 -1151418359 -1328810312 -1401649728 -1500640774 -1595014310 -1658173642 -1790195131 -1795087070 -1947417926 -867258821 -291505001 798223706 -1307672223 -513673354 -1581658913 1508477147 630746093 1743859438 -719882702 -481211109 1886986799 -1283749002 -912594852 1331580276
Phan tu dang xet A[40] = -867258821
Chen -867258821 vao vi tri k = 27
Mang sau khi xu ly: 1956446191 1900300756 1692343338 1617786178 1586284265 1571309273 1559605209 1435943069 1424926034 1136117987 1076442995 1007524248 909500680 794592785 618332542 571744515 466220816 344660935 190914416 125445979 -235722119 -369325422 -410305133 -509994519 -586216564 -709322497 -819743523 -867258821 -961713812 -968050970 -979433347 -1051410486 -1151418359 -1328810312 -1401649728 -1500640774 -1595014310 -1658173642 -1790195131 -1795087070 -1947417926 -291505001 798223706 -1307672223 -513673354 -1581658913 1508477147 630746093 1743859438 -719882702 -481211109 1886986799 -1283749002 -912594852 1331580276

i = 41
Mang truoc khi xu ly: 1956446191 1900300756 1692343338 1617786178 1586284265 1571309273 1559605209 1435943069 1424926034 1136117987 1076442995 1007524248 909500680 794592785 618332542 571744515 466220816 344660935 190914416 125445979 -235722119 -369325422 -410305133 -509994519 -586216564 -709322497 -819743523 -867258821 -961713812 -968050970 -979433347 -1051410486 -1151418359 -1328810312 -1401649728 -1500640774 -1595014310 -1658173642 -1790195131 -1795087070 -1947417926 -291505001 798223706 -1307672223 -513673354 -1581658913 1508477147 630746093 1743859438 -719882702 -481211109 1886986799 -1283749002 -912594852 1331580276
Phan tu dang xet A[41] = -291505001
Chen -291505001 vao vi tri k = 21
Mang sau khi xu ly: 1956446191 1900300756 1692343338 1617786178 1586284265 1571309273 1559605209 1435943069 1424926034 1136117987 1076442995 1007524248 909500680 794592785 618332542 571744515 466220816 344660935 190914416 125445979 -235722119 -291505001 -369325422 -410305133 -509994519 -586216564 -709322497 -819743523 -867258821 -961713812 -968050970 -979433347 -1051410486 -1151418359 -1328810312 -1401649728 -1500640774 -1595014310 -1658173642 -1790195131 -1795087070 -1947417926 798223706 -1307672223 -513673354 -1581658913 1508477147 630746093 1743859438 -719882702 -481211109 1886986799 -1283749002 -912594852 1331580276

i = 42
Mang truoc khi xu ly: 1956446191 1900300756 1692343338 1617786178 1586284265 1571309273 1559605209 1435943069 1424926034 1136117987 1076442995 1007524248 909500680 794592785 618332542 571744515 466220816 344660935 190914416 125445979 -235722119 -291505001 -369325422 -410305133 -509994519 -586216564 -709322497 -819743523 -867258821 -961713812 -968050970 -979433347 -1051410486 -1151418359 -1328810312 -1401649728 -1500640774 -1595014310 -1658173642 -1790195131 -1795087070 -1947417926 798223706 -1307672223 -513673354 -1581658913 1508477147 630746093 1743859438 -719882702 -481211109 1886986799 -1283749002 -912594852 1331580276
Phan tu dang xet A[42] = 798223706
Chen 798223706 vao vi tri k = 13
Mang sau khi xu ly: 1956446191 1900300756 1692343338 1617786178 1586284265 1571309273 1559605209 1435943069 1424926034 1136117987 1076442995 1007524248 909500680 798223706 794592785 618332542 571744515 466220816 344660935 190914416 125445979 -235722119 -291505001 -369325422 -410305133 -509994519 -586216564 -709322497 -819743523 -867258821 -961713812 -968050970 -979433347 -1051410486 -1151418359 -1328810312 -1401649728 -1500640774 -1595014310 -1658173642 -1790195131 -1795087070 -1947417926 -1307672223 -513673354 -1581658913 1508477147 630746093 1743859438 -719882702 -481211109 1886986799 -1283749002 -912594852 1331580276

i = 43
Mang truoc khi xu ly: 1956446191 1900300756 1692343338 1617786178 1586284265 1571309273 1559605209 1435943069 1424926034 1136117987 1076442995 1007524248 909500680 798223706 794592785 618332542 571744515 466220816 344660935 190914416 125445979 -235722119 -291505001 -369325422 -410305133 -509994519 -586216564 -709322497 -819743523 -867258821 -961713812 -968050970 -979433347 -1051410486 -1151418359 -1328810312 -1401649728 -1500640774 -1595014310 -1658173642 -1790195131 -1795087070 -1947417926 -1307672223 -513673354 -1581658913 1508477147 630746093 1743859438 -719882702 -481211109 1886986799 -1283749002 -912594852 1331580276
Phan tu dang xet A[43] = -1307672223
Chen -1307672223 vao vi tri k = 35
Mang sau khi xu ly: 1956446191 1900300756 1692343338 1617786178 1586284265 1571309273 1559605209 1435943069 1424926034 1136117987 1076442995 1007524248 909500680 798223706 794592785 618332542 571744515 466220816 344660935 190914416 125445979 -235722119 -291505001 -369325422 -410305133 -509994519 -586216564 -709322497 -819743523 -867258821 -961713812 -968050970 -979433347 -1051410486 -1151418359 -1307672223 -1328810312 -1401649728 -1500640774 -1595014310 -1658173642 -1790195131 -1795087070 -1947417926 -513673354 -1581658913 1508477147 630746093 1743859438 -719882702 -481211109 1886986799 -1283749002 -912594852 1331580276

i = 44
Mang truoc khi xu ly: 1956446191 1900300756 1692343338 1617786178 1586284265 1571309273 1559605209 1435943069 1424926034 1136117987 1076442995 1007524248 909500680 798223706 794592785 618332542 571744515 466220816 344660935 190914416 125445979 -235722119 -291505001 -369325422 -410305133 -509994519 -586216564 -709322497 -819743523 -867258821 -961713812 -968050970 -979433347 -1051410486 -1151418359 -1307672223 -1328810312 -1401649728 -1500640774 -1595014310 -1658173642 -1790195131 -1795087070 -1947417926 -513673354 -1581658913 1508477147 630746093 1743859438 -719882702 -481211109 1886986799 -1283749002 -912594852 1331580276
Phan tu dang xet A[44] = -513673354
Chen -513673354 vao vi tri k = 26
Mang sau khi xu ly: 1956446191 1900300756 1692343338 1617786178 1586284265 1571309273 1559605209 1435943069 1424926034 1136117987 1076442995 1007524248 909500680 798223706 794592785 618332542 571744515 466220816 344660935 190914416 125445979 -235722119 -291505001 -369325422 -410305133 -509994519 -513673354 -586216564 -709322497 -819743523 -867258821 -961713812 -968050970 -979433347 -1051410486 -1151418359 -1307672223 -1328810312 -1401649728 -1500640774 -1595014310 -1658173642 -1790195131 -1795087070 -1947417926 -1581658913 1508477147 630746093 1743859438 -719882702 -481211109 1886986799 -1283749002 -912594852 1331580276

i = 45
Mang truoc khi xu ly: 1956446191 1900300756 1692343338 1617786178 1586284265 1571309273 1559605209 1435943069 1424926034 1136117987 1076442995 1007524248 909500680 798223706 794592785 618332542 571744515 466220816 344660935 190914416 125445979 -235722119 -291505001 -369325422 -410305133 -509994519 -513673354 -586216564 -709322497 -819743523 -867258821 -961713812 -968050970 -979433347 -1051410486 -1151418359 -1307672223 -1328810312 -1401649728 -1500640774 -1595014310 -1658173642 -1790195131 -1795087070 -1947417926 -1581658913 1508477147 630746093 1743859438 -719882702 -481211109 1886986799 -1283749002 -912594852 1331580276
Phan tu dang xet A[45] = -1581658913
Chen -1581658913 vao vi tri k = 40
Mang sau khi xu ly: 1956446191 1900300756 1692343338 1617786178 1586284265 1571309273 1559605209 1435943069 1424926034 1136117987 1076442995 1007524248 909500680 798223706 794592785 618332542 571744515 466220816 344660935 190914416 125445979 -235722119 -291505001 -369325422 -410305133 -509994519 -513673354 -586216564 -709322497 -819743523 -867258821 -961713812 -968050970 -979433347 -1051410486 -1151418359 -1307672223 -1328810312 -1401649728 -1500640774 -1581658913 -1595014310 -1658173642 -1790195131 -1795087070 -1947417926 1508477147 630746093 1743859438 -719882702 -481211109 1886986799 -1283749002 -912594852 1331580276

i = 46
Mang truoc khi xu ly: 1956446191 1900300756 1692343338 1617786178 1586284265 1571309273 1559605209 1435943069 1424926034 1136117987 1076442995 1007524248 909500680 798223706 794592785 618332542 571744515 466220816 344660935 190914416 125445979 -235722119 -291505001 -369325422 -410305133 -509994519 -513673354 -586216564 -709322497 -819743523 -867258821 -961713812 -968050970 -979433347 -1051410486 -1151418359 -1307672223 -1328810312 -1401649728 -1500640774 -1581658913 -1595014310 -1658173642 -1790195131 -1795087070 -1947417926 1508477147 630746093 1743859438 -719882702 -481211109 1886986799 -1283749002 -912594852 1331580276
Phan tu dang xet A[46] = 1508477147
Chen 1508477147 vao vi tri k = 7
Mang sau khi xu ly: 1956446191 1900300756 1692343338 1617786178 1586284265 1571309273 1559605209 1508477147 1435943069 1424926034 1136117987 1076442995 1007524248 909500680 798223706 794592785 618332542 571744515 466220816 344660935 190914416 125445979 -235722119 -291505001 -369325422 -410305133 -509994519 -513673354 -586216564 -709322497 -819743523 -867258821 -961713812 -968050970 -979433347 -1051410486 -1151418359 -1307672223 -1328810312 -1401649728 -1500640774 -1581658913 -1595014310 -1658173642 -1790195131 -1795087070 -1947417926 630746093 1743859438 -719882702 -481211109 1886986799 -1283749002 -912594852 1331580276

i = 47
Mang truoc khi xu ly: 1956446191 1900300756 1692343338 1617786178 1586284265 1571309273 1559605209 1508477147 1435943069 1424926034 1136117987 1076442995 1007524248 909500680 798223706 794592785 618332542 571744515 466220816 344660935 190914416 125445979 -235722119 -291505001 -369325422 -410305133 -509994519 -513673354 -586216564 -709322497 -819743523 -867258821 -961713812 -968050970 -979433347 -1051410486 -1151418359 -1307672223 -1328810312 -1401649728 -1500640774 -1581658913 -1595014310 -1658173642 -1790195131 -1795087070 -1947417926 630746093 1743859438 -719882702 -481211109 1886986799 -1283749002 -912594852 1331580276
Phan tu dang xet A[47] = 630746093
Chen 630746093 vao vi tri k = 16
Mang sau khi xu ly: 1956446191 1900300756 1692343338 1617786178 1586284265 1571309273 1559605209 1508477147 1435943069 1424926034 1136117987 1076442995 1007524248 909500680 798223706 794592785 630746093 618332542 571744515 466220816 344660935 190914416 125445979 -235722119 -291505001 -369325422 -410305133 -509994519 -513673354 -586216564 -709322497 -819743523 -867258821 -961713812 -968050970 -979433347 -1051410486 -1151418359 -1307672223 -1328810312 -1401649728 -1500640774 -1581658913 -1595014310 -1658173642 -1790195131 -1795087070 -1947417926 1743859438 -719882702 -481211109 1886986799 -1283749002 -912594852 1331580276

i = 48
Mang truoc khi xu ly: 1956446191 1900300756 1692343338 1617786178 1586284265 1571309273 1559605209 1508477147 1435943069 1424926034 1136117987 1076442995 1007524248 909500680 798223706 794592785 630746093 618332542 571744515 466220816 344660935 190914416 125445979 -235722119 -291505001 -369325422 -410305133 -509994519 -513673354 -586216564 -709322497 -819743523 -867258821 -961713812 -968050970 -979433347 -1051410486 -1151418359 -1307672223 -1328810312 -1401649728 -1500640774 -1581658913 -1595014310 -1658173642 -1790195131 -1795087070 -1947417926 1743859438 -719882702 -481211109 1886986799 -1283749002 -912594852 1331580276
Phan tu dang xet A[48] = 1743859438
Chen 1743859438 vao vi tri k = 2
Mang sau khi xu ly: 1956446191 1900300756 1743859438 1692343338 1617786178 1586284265 1571309273 1559605209 1508477147 1435943069 1424926034 1136117987 1076442995 1007524248 909500680 798223706 794592785 630746093 618332542 571744515 466220816 344660935 190914416 125445979 -235722119 -291505001 -369325422 -410305133 -509994519 -513673354 -586216564 -709322497 -819743523 -867258821 -961713812 -968050970 -979433347 -1051410486 -1151418359 -1307672223 -1328810312 -1401649728 -1500640774 -1581658913 -1595014310 -1658173642 -1790195131 -1795087070 -1947417926 -719882702 -481211109 1886986799 -1283749002 -912594852 1331580276

i = 49
Mang truoc khi xu ly: 1956446191 1900300756 1743859438 1692343338 1617786178 1586284265 1571309273 1559605209 1508477147 1435943069 1424926034 1136117987 1076442995 1007524248 909500680 798223706 794592785 630746093 618332542 571744515 466220816 344660935 190914416 125445979 -235722119 -291505001 -369325422 -410305133 -509994519 -513673354 -586216564 -709322497 -819743523 -867258821 -961713812 -968050970 -979433347 -1051410486 -1151418359 -1307672223 -1328810312 -1401649728 -1500640774 -1581658913 -1595014310 -1658173642 -1790195131 -1795087070 -1947417926 -719882702 -481211109 1886986799 -1283749002 -912594852 1331580276
Phan tu dang xet A[49] = -719882702
Chen -719882702 vao vi tri k = 32
Mang sau khi xu ly: 1956446191 1900300756 1743859438 1692343338 1617786178 1586284265 1571309273 1559605209 1508477147 1435943069 1424926034 1136117987 1076442995 1007524248 909500680 798223706 794592785 630746093 618332542 571744515 466220816 344660935 190914416 125445979 -235722119 -291505001 -369325422 -410305133 -509994519 -513673354 -586216564 -709322497 -719882702 -819743523 -867258821 -961713812 -968050970 -979433347 -1051410486 -1151418359 -1307672223 -1328810312 -1401649728 -1500640774 -1581658913 -1595014310 -1658173642 -1790195131 -1795087070 -1947417926 -481211109 1886986799 -1283749002 -912594852 1331580276

i = 50
Mang truoc khi xu ly: 1956446191 1900300756 1743859438 1692343338 1617786178 1586284265 1571309273 1559605209 1508477147 1435943069 1424926034 1136117987 1076442995 1007524248 909500680 798223706 794592785 630746093 618332542 571744515 466220816 344660935 190914416 125445979 -235722119 -291505001 -369325422 -410305133 -509994519 -513673354 -586216564 -709322497 -719882702 -819743523 -867258821 -961713812 -968050970 -979433347 -1051410486 -1151418359 -1307672223 -1328810312 -1401649728 -1500640774 -1581658913 -1595014310 -1658173642 -1790195131 -1795087070 -1947417926 -481211109 1886986799 -1283749002 -912594852 1331580276
Phan tu dang xet A[50] = -481211109
Chen -481211109 vao vi tri k = 28
Mang sau khi xu ly: 1956446191 1900300756 1743859438 1692343338 1617786178 1586284265 1571309273 1559605209 1508477147 1435943069 1424926034 1136117987 1076442995 1007524248 909500680 798223706 794592785 630746093 618332542 571744515 466220816 344660935 190914416 125445979 -235722119 -291505001 -369325422 -410305133 -481211109 -509994519 -513673354 -586216564 -709322497 -719882702 -819743523 -867258821 -961713812 -968050970 -979433347 -1051410486 -1151418359 -1307672223 -1328810312 -1401649728 -1500640774 -1581658913 -1595014310 -1658173642 -1790195131 -1795087070 -1947417926 1886986799 -1283749002 -912594852 1331580276

i = 51
Mang truoc khi xu ly: 1956446191 1900300756 1743859438 1692343338 1617786178 1586284265 1571309273 1559605209 1508477147 1435943069 1424926034 1136117987 1076442995 1007524248 909500680 798223706 794592785 630746093 618332542 571744515 466220816 344660935 190914416 125445979 -235722119 -291505001 -369325422 -410305133 -481211109 -509994519 -513673354 -586216564 -709322497 -719882702 -819743523 -867258821 -961713812 -968050970 -979433347 -1051410486 -1151418359 -1307672223 -1328810312 -1401649728 -1500640774 -1581658913 -1595014310 -1658173642 -1790195131 -1795087070 -1947417926 1886986799 -1283749002 -912594852 1331580276
Phan tu dang xet A[51] = 1886986799
Chen 1886986799 vao vi tri k = 2
Mang sau khi xu ly: 1956446191 1900300756 1886986799 1743859438 1692343338 1617786178 1586284265 1571309273 1559605209 1508477147 1435943069 1424926034 1136117987 1076442995 1007524248 909500680 798223706 794592785 630746093 618332542 571744515 466220816 344660935 190914416 125445979 -235722119 -291505001 -369325422 -410305133 -481211109 -509994519 -513673354 -586216564 -709322497 -719882702 -819743523 -867258821 -961713812 -968050970 -979433347 -1051410486 -1151418359 -1307672223 -1328810312 -1401649728 -1500640774 -1581658913 -1595014310 -1658173642 -1790195131 -1795087070 -1947417926 -1283749002 -912594852 1331580276

i = 52
Mang truoc khi xu ly: 1956446191 1900300756 1886986799 1743859438 1692343338 1617786178 1586284265 1571309273 1559605209 1508477147 1435943069 1424926034 1136117987 1076442995 1007524248 909500680 798223706 794592785 630746093 618332542 571744515 466220816 344660935 190914416 125445979 -235722119 -291505001 -369325422 -410305133 -481211109 -509994519 -513673354 -586216564 -709322497 -719882702 -819743523 -867258821 -961713812 -968050970 -979433347 -1051410486 -1151418359 -1307672223 -1328810312 -1401649728 -1500640774 -1581658913 -1595014310 -1658173642 -1790195131 -1795087070 -1947417926 -1283749002 -912594852 1331580276
Phan tu dang xet A[52] = -1283749002
Chen -1283749002 vao vi tri k = 42
Mang sau khi xu ly: 1956446191 1900300756 1886986799 1743859438 1692343338 1617786178 1586284265 1571309273 1559605209 1508477147 1435943069 1424926034 1136117987 1076442995 1007524248 909500680 798223706 794592785 630746093 618332542 571744515 466220816 344660935 190914416 125445979 -235722119 -291505001 -369325422 -410305133 -481211109 -509994519 -513673354 -586216564 -709322497 -719882702 -819743523 -867258821 -961713812 -968050970 -979433347 -1051410486 -1151418359 -1283749002 -1307672223 -1328810312 -1401649728 -1500640774 -1581658913 -1595014310 -1658173642 -1790195131 -1795087070 -1947417926 -912594852 1331580276

i = 53
Mang truoc khi xu ly: 1956446191 1900300756 1886986799 1743859438 1692343338 1617786178 1586284265 1571309273 1559605209 1508477147 1435943069 1424926034 1136117987 1076442995 1007524248 909500680 798223706 794592785 630746093 618332542 571744515 466220816 344660935 190914416 125445979 -235722119 -291505001 -369325422 -410305133 -481211109 -509994519 -513673354 -586216564 -709322497 -719882702 -819743523 -867258821 -961713812 -968050970 -979433347 -1051410486 -1151418359 -1283749002 -1307672223 -1328810312 -1401649728 -1500640774 -1581658913 -1595014310 -1658173642 -1790195131 -1795087070 -1947417926 -912594852 1331580276
Phan tu dang xet A[53] = -912594852
Chen -912594852 vao vi tri k = 37
Mang sau khi xu ly: 1956446191 1900300756 1886986799 1743859438 1692343338 1617786178 1586284265 1571309273 1559605209 1508477147 1435943069 1424926034 1136117987 1076442995 1007524248 909500680 798223706 794592785 630746093 618332542 571744515 466220816 344660935 190914416 125445979 -235722119 -291505001 -369325422 -410305133 -481211109 -509994519 -513673354 -586216564 -709322497 -719882702 -819743523 -867258821 -912594852 -961713812 -968050970 -979433347 -1051410486 -1151418359 -1283749002 -1307672223 -1328810312 -1401649728 -1500640774 -1581658913 -1595014310 -1658173642 -1790195131 -1795087070 -1947417926 1331580276

i = 54
Mang truoc khi xu ly: 1956446191 1900300756 1886986799 1743859438 1692343338 1617786178 1586284265 1571309273 1559605209 1508477147 1435943069 1424926034 1136117987 1076442995 1007524248 909500680 798223706 794592785 630746093 618332542 571744515 466220816 344660935 190914416 125445979 -235722119 -291505001 -369325422 -410305133 -481211109 -509994519 -513673354 -586216564 -709322497 -719882702 -819743523 -867258821 -912594852 -961713812 -968050970 -979433347 -1051410486 -1151418359 -1283749002 -1307672223 -1328810312 -1401649728 -1500640774 -1581658913 -1595014310 -1658173642 -1790195131 -1795087070 -1947417926 1331580276
Phan tu dang xet A[54] = 1331580276
Chen 1331580276 vao vi tri k = 12
Mang sau khi xu ly: 1956446191 1900300756 1886986799 1743859438 1692343338 1617786178 1586284265 1571309273 1559605209 1508477147 1435943069 1424926034 1331580276 1136117987 1076442995 1007524248 909500680 798223706 794592785 630746093 618332542 571744515 466220816 344660935 190914416 125445979 -235722119 -291505001 -369325422 -410305133 -481211109 -509994519 -513673354 -586216564 -709322497 -719882702 -819743523 -867258821 -912594852 -961713812 -968050970 -979433347 -1051410486 -1151418359 -1283749002 -1307672223 -1328810312 -1401649728 -1500640774 -1581658913 -1595014310 -1658173642 -1790195131 -1795087070 -1947417926

Mang sau khi sap xep:
1956446191 1900300756 1886986799 1743859438 1692343338 1617786178 1586284265 1571309273 1559605209 1508477147 1435943069 1424926034 1331580276 1136117987 1076442995 1007524248 909500680 798223706 794592785 630746093 618332542 571744515 466220816 344660935 190914416 125445979 -235722119 -291505001 -369325422 -410305133 -481211109 -509994519 -513673354 -586216564 -709322497 -719882702 -819743523 -867258821 -912594852 -961713812 -968050970 -979433347 -1051410486 -1151418359 -1283749002 -1307672223 -1328810312 -1401649728 -1500640774 -1581658913 -1595014310 -1658173642 -1790195131 -1795087070 -1947417926
