Mang truoc khi sap xep:
-419672995 -1526070070 -1057417454 -606553585 1214997989 1476432306 110360588 1300148336 -16844638 905905392 -1398092031 -1460588622 -1314323534 1312463116 -1403230957 1107697300 -582369551 -19685602 1095210405 926971782 -1533542806 546444048 250772805 1645836330 273401162 567733929 -1044337445 1572562427 -699153463 300999872 341919198 -1579866978 994454751 -1459378922 -1479176342 -389940929 1390061054 1075936178 -420426527 -1748024749 1164413985 -685402367 -540807500 1403442162 -852082383 -1484920049 320962363 1688145224 1733046152 -1952955798 1497784850 -1101269942

Sap xep:
i = 1
Mang truoc khi xu ly: -419672995 -1526070070 -1057417454 -606553585 1214997989 1476432306 110360588 1300148336 -16844638 905905392 -1398092031 -1460588622 -1314323534 1312463116 -1403230957 1107697300 -582369551 -19685602 1095210405 926971782 -1533542806 546444048 250772805 1645836330 273401162 567733929 -1044337445 1572562427 -699153463 300999872 341919198 -1579866978 994454751 -1459378922 -1479176342 -389940929 1390061054 1075936178 -420426527 -1748024749 1164413985 -685402367 -540807500 1403442162 -852082383 -1484920049 320962363 1688145224 1733046152 -1952955798 1497784850 -1101269942
Phan tu dang xet A[1] = -1526070070
Chen -1526070070 vao vi tri k = 1
Mang sau khi xu ly: -419672995 -1526070070 -1057417454 -606553585 1214997989 1476432306 110360588 1300148336 -16844638 905905392 -1398092031 -1460588622 -1314323534 1312463116 -1403230957 1107697300 -582369551 -19685602 1095210405 926971782 -1533542806 546444048 250772805 1645836330 273401162 567733929 -1044337445 1572562427 -699153463 300999872 341919198 -1579866978 994454751 -1459378922 -1479176342 -389940929 1390061054 1075936178 -420426527 -1748024749 1164413985 -685402367 -540807500 1403442162 -852082383 -1484920049 320962363 1688145224 1733046152 -1952955798 1497784850 -1101269942

i = 2
Mang truoc khi xu ly: -419672995 -1526070070 -1057417454 -606553585 1214997989 1476432306 110360588 1300148336 -16844638 905905392 -1398092031 -1460588622 -1314323534 1312463116 -1403230957 1107697300 -582369551 -19685602 1095210405 926971782 -1533542806 546444048 250772805 1645836330 273401162 567733929 -1044337445 1572562427 -699153463 300999872 341919198 -1579866978 994454751 -1459378922 -1479176342 -389940929 1390061054 1075936178 -420426527 -1748024749 1164413985 -685402367 -540807500 1403442162 -852082383 -1484920049 320962363 1688145224 1733046152 -1952955798 1497784850 -1101269942
Phan tu dang xet A[2] = -1057417454
Chen -1057417454 vao vi tri k = 1
Mang sau khi xu ly: -419672995 -1057417454 -1526070070 -606553585 1214997989 1476432306 110360588 1300148336 -16844638 905905392 -1398092031 -1460588622 -1314323534 1312463116 -1403230957 1107697300 -582369551 -19685602 1095210405 926971782 -1533542806 546444048 250772805 1645836330 273401162 567733929 -1044337445 1572562427 -699153463 300999872 341919198 -1579866978 994454751 -1459378922 -1479176342 -389940929 1390061054 1075936178 -420426527 -1748024749 1164413985 -685402367 -540807500 1403442162 -852082383 -1484920049 320962363 1688145224 1733046152 -1952955798 1497784850 -1101269942

i = 3
Mang truoc khi xu ly: -419672995 -1057417454 -1526070070 -606553585 1214997989 1476432306 110360588 1300148336 -16844638 905905392 -1398092031 -1460588622 -1314323534 1312463116 -1403230957 1107697300 -582369551 -19685602 1095210405 926971782 -1533542806 546444048 250772805 1645836330 273401162 567733929 -1044337445 1572562427 -699153463 300999872 341919198 -1579866978 994454751 -1459378922 -1479176342 -389940929 1390061054 1075936178 -420426527 -1748024749 1164413985 -685402367 -540807500 1403442162 -852082383 -1484920049 320962363 1688145224 1733046152 -1952955798 1497784850 -1101269942
Phan tu dang xet A[3] = -606553585
Chen -606553585 vao vi tri k = 1
Mang sau khi xu ly: -419672995 -606553585 -1057417454 -1526070070 1214997989 1476432306 110360588 1300148336 -16844638 905905392 -1398092031 -1460588622 -1314323534 1312463116 -1403230957 1107697300 -582369551 -19685602 1095210405 926971782 -1533542806 546444048 250772805 1645836330 273401162 567733929 -1044337445 1572562427 -699153463 300999872 341919198 -1579866978 994454751 -1459378922 -1479176342 -389940929 1390061054 1075936178 -420426527 -1748024749 1164413985 -685402367 -540807500 1403442162 -852082383 -1484920049 320962363 1688145224 1733046152 -1952955798 1497784850 -1101269942

i = 4
Mang truoc khi xu ly: -419672995 -606553585 -1057417454 -1526070070 1214997989 1476432306 110360588 1300148336 -16844638 905905392 -1398092031 -1460588622 -1314323534 1312463116 -1403230957 1107697300 -582369551 -19685602 1095210405 926971782 -1533542806 546444048 250772805 1645836330 273401162 567733929 -1044337445 1572562427 -699153463 300999872 341919198 -1579866978 994454751 -1459378922 -1479176342 -389940929 1390061054 1075936178 -420426527 -1748024749 1164413985 -685402367 -540807500 1403442162 -852082383 -1484920049 320962363 1688145224 1733046152 -1952955798 1497784850 -1101269942
Phan tu dang xet A[4] = 1214997989
Chen 1214997989 vao vi tri k = 0
Mang sau khi xu ly: 1214997989 -419672995 -606553585 -1057417454 -1526070070 1476432306 110360588 1300148336 -16844638 905905392 -1398092031 -1460588622 -1314323534 1312463116 -1403230957 1107697300 -582369551 -19685602 1095210405 926971782 -1533542806 546444048 250772805 1645836330 273401162 567733929 -1044337445 1572562427 -699153463 300999872 341919198 -1579866978 994454751 -1459378922 -1479176342 -389940929 1390061054 1075936178 -420426527 -1748024749 1164413985 -685402367 -540807500 1403442162 -852082383 -1484920049 320962363 1688145224 1733046152 -1952955798 1497784850 -1101269942

i = 5
Mang truoc khi xu ly: 1214997989 -419672995 -606553585 -1057417454 -1526070070 1476432306 110360588 1300148336 -16844638 905905392 -1398092031 -1460588622 -1314323534 1312463116 -1403230957 1107697300 -582369551 -19685602 1095210405 926971782 -1533542806 546444048 250772805 1645836330 273401162 567733929 -1044337445 1572562427 -699153463 300999872 341919198 -1579866978 994454751 -1459378922 -1479176342 -389940929 1390061054 1075936178 -420426527 -1748024749 1164413985 -685402367 -540807500 1403442162 -852082383 -1484920049 320962363 1688145224 1733046152 -1952955798 1497784850 -1101269942
Phan tu dang xet A[5] = 1476432306
Chen 1476432306 vao vi tri k = 0
Mang sau khi xu ly: 1476432306 1214997989 -419672995 -606553585 -1057417454 -1526070070 110360588 1300148336 -16844638 905905392 -1398092031 -1460588622 -1314323534 1312463116 -1403230957 1107697300 -582369551 -19685602 1095210405 926971782 -1533542806 546444048 250772805 1645836330 273401162 567733929 -1044337445 1572562427 -699153463 300999872 341919198 -1579866978 994454751 -1459378922 -1479176342 -389940929 1390061054 1075936178 -420426527 -1748024749 1164413985 -685402367 -540807500 1403442162 -852082383 -1484920049 320962363 1688145224 1733046152 -1952955798 1497784850 -1101269942

i = 6
Mang truoc khi xu ly: 1476432306 1214997989 -419672995 -606553585 -1057417454 -1526070070 110360588 1300148336 -16844638 905905392 -1398092031 -1460588622 -1314323534 1312463116 -1403230957 1107697300 -582369551 -19685602 1095210405 926971782 -1533542806 546444048 250772805 1645836330 273401162 567733929 -1044337445 1572562427 -699153463 300999872 341919198 -1579866978 994454751 -1459378922 -1479176342 -389940929 1390061054 1075936178 -420426527 -1748024749 1164413985 -685402367 -540807500 1403442162 -852082383 -1484920049 320962363 1688145224 1733046152 -1952955798 1497784850 -1101269942
Phan tu dang xet A[6] = 110360588
Chen 110360588 vao vi tri k = 2
Mang sau khi xu ly: 1476432306 1214997989 110360588 -419672995 -606553585 -1057417454 -1526070070 1300148336 -16844638 905905392 -1398092031 -1460588622 -1314323534 1312463116 -1403230957 1107697300 -582369551 -19685602 1095210405 926971782 -1533542806 546444048 250772805 1645836330 273401162 567733929 -1044337445 1572562427 -699153463 300999872 341919198 -1579866978 994454751 -1459378922 -1479176342 -389940929 1390061054 1075936178 -420426527 -1748024749 1164413985 -685402367 -540807500 1403442162 -852082383 -1484920049 320962363 1688145224 1733046152 -1952955798 1497784850 -1101269942

i = 7
Mang truoc khi xu ly: 1476432306 1214997989 110360588 -419672995 -606553585 -1057417454 -1526070070 1300148336 -16844638 905905392 -1398092031 -1460588622 -1314323534 1312463116 -1403230957 1107697300 -582369551 -19685602 1095210405 926971782 -1533542806 546444048 250772805 1645836330 273401162 567733929 -1044337445 1572562427 -699153463 300999872 341919198 -1579866978 994454751 -1459378922 -1479176342 -389940929 1390061054 1075936178 -420426527 -1748024749 1164413985 -685402367 -540807500 1403442162 -852082383 -1484920049 320962363 1688145224 1733046152 -1952955798 1497784850 -1101269942
Phan tu dang xet A[7] = 1300148336
Chen 1300148336 vao vi tri k = 1
Mang sau khi xu ly: 1476432306 1300148336 1214997989 110360588 -419672995 -606553585 -1057417454 -1526070070 -16844638 905905392 -1398092031 -1460588622 -1314323534 1312463116 -1403230957 1107697300 -582369551 -19685602 1095210405 926971782 -1533542806 546444048 250772805 1645836330 273401162 567733929 -1044337445 1572562427 -699153463 300999872 341919198 -1579866978 994454751 -1459378922 -1479176342 -389940929 1390061054 1075936178 -420426527 -1748024749 1164413985 -685402367 -540807500 1403442162 -852082383 -1484920049 320962363 1688145224 1733046152 -1952955798 1497784850 -1101269942

i = 8
Mang truoc khi xu ly: 1476432306 1300148336 1214997989 110360588 -419672995 -606553585 -1057417454 -1526070070 -16844638 905905392 -1398092031 -1460588622 -1314323534 1312463116 -1403230957 1107697300 -582369551 -19685602 1095210405 926971782 -1533542806 546444048 250772805 1645836330 273401162 567733929 -1044337445 1572562427 -699153463 300999872 341919198 -1579866978 994454751 -1459378922 -1479176342 -389940929 1390061054 1075936178 -420426527 -1748024749 1164413985 -685402367 -540807500 1403442162 -852082383 -1484920049 320962363 1688145224 1733046152 -1952955798 1497784850 -1101269942
Phan tu dang xet A[8] = -16844638
Chen -16844638 vao vi tri k = 4
Mang sau khi xu ly: 1476432306 1300148336 1214997989 110360588 -16844638 -419672995 -606553585 -1057417454 -1526070070 905905392 -1398092031 -1460588622 -1314323534 1312463116 -1403230957 1107697300 -582369551 -19685602 1095210405 926971782 -1533542806 546444048 250772805 1645836330 273401162 567733929 -1044337445 1572562427 -699153463 300999872 341919198 -1579866978 994454751 -1459378922 -1479176342 -389940929 1390061054 1075936178 -420426527 -1748024749 1164413985 -685402367 -540807500 1403442162 -852082383 -1484920049 320962363 1688145224 1733046152 -1952955798 1497784850 -1101269942

i = 9
Mang truoc khi xu ly: 1476432306 1300148336 1214997989 110360588 -16844638 -419672995 -606553585 -1057417454 -1526070070 905905392 -1398092031 -1460588622 -1314323534 1312463116 -1403230957 1107697300 -582369551 -19685602 1095210405 926971782 -1533542806 546444048 250772805 1645836330 273401162 567733929 -1044337445 1572562427 -699153463 300999872 341919198 -1579866978 994454751 -1459378922 -1479176342 -389940929 1390061054 1075936178 -420426527 -1748024749 1164413985 -685402367 -540807500 1403442162 -852082383 -1484920049 320962363 1688145224 1733046152 -1952955798 1497784850 -1101269942
Phan tu dang xet A[9] = 905905392
Chen 905905392 vao vi tri k = 3
Mang sau khi xu ly: 1476432306 1300148336 1214997989 905905392 110360588 -16844638 -419672995 -606553585 -1057417454 -1526070070 -1398092031 -1460588622 -1314323534 1312463116 -1403230957 1107697300 -582369551 -19685602 1095210405 926971782 -1533542806 546444048 250772805 1645836330 273401162 567733929 -1044337445 1572562427 -699153463 300999872 341919198 -1579866978 994454751 -1459378922 -1479176342 -389940929 1390061054 1075936178 -420426527 -1748024749 1164413985 -685402367 -540807500 1403442162 -852082383 -1484920049 320962363 1688145224 1733046152 -1952955798 1497784850 -1101269942

i = 10
Mang truoc khi xu ly: 1476432306 1300148336 1214997989 905905392 110360588 -16844638 -419672995 -606553585 -1057417454 -1526070070 -1398092031 -1460588622 -1314323534 1312463116 -1403230957 1107697300 -582369551 -19685602 1095210405 926971782 -1533542806 546444048 250772805 1645836330 273401162 567733929 -1044337445 1572562427 -699153463 300999872 341919198 -1579866978 994454751 -1459378922 -1479176342 -389940929 1390061054 1075936178 -420426527 -1748024749 1164413985 -685402367 -540807500 1403442162 -852082383 -1484920049 320962363 1688145224 1733046152 -1952955798 1497784850 -1101269942
Phan tu dang xet A[10] = -1398092031
Chen -1398092031 vao vi tri k = 9
Mang sau khi xu ly: 1476432306 1300148336 1214997989 905905392 110360588 -16844638 -419672995 -606553585 -1057417454 -1398092031 -1526070070 -1460588622 -1314323534 1312463116 -1403230957 1107697300 -582369551 -19685602 1095210405 926971782 -1533542806 546444048 250772805 1645836330 273401162 567733929 -1044337445 1572562427 -699153463 300999872 341919198 -1579866978 994454751 -1459378922 -1479176342 -389940929 1390061054 1075936178 -420426527 -1748024749 1164413985 -685402367 -540807500 1403442162 -852082383 -1484920049 320962363 1688145224 1733046152 -1952955798 1497784850 -1101269942

i = 11
Mang truoc khi xu ly: 1476432306 1300148336 1214997989 905905392 110360588 -16844638 -419672995 -606553585 -1057417454 -1398092031 -1526070070 -1460588622 -1314323534 1312463116 -1403230957 1107697300 -582369551 -19685602 1095210405 926971782 -1533542806 546444048 250772805 1645836330 273401162 567733929 -1044337445 1572562427 -699153463 300999872 341919198 -1579866978 994454751 -1459378922 -1479176342 -389940929 1390061054 1075936178 -420426527 -1748024749 1164413985 -685402367 -540807500 1403442162 -852082383 -1484920049 320962363 1688145224 1733046152 -1952955798 1497784850 -1101269942
Phan tu dang xet A[11] = -1460588622
Chen -1460588622 vao vi tri k = 10
Mang sau khi xu ly: 1476432306 1300148336 1214997989 905905392 110360588 -16844638 -419672995 -606553585 -1057417454 -1398092031 -1460588622 -1526070070 -1314323534 1312463116 -1403230957 1107697300 -582369551 -19685602 1095210405 926971782 -1533542806 546444048 250772805 1645836330 273401162 567733929 -1044337445 1572562427 -699153463 300999872 341919198 -1579866978 994454751 -1459378922 -1479176342 -389940929 1390061054 1075936178 -420426527 -1748024749 1164413985 -685402367 -540807500 1403442162 -852082383 -1484920049 320962363 1688145224 1733046152 -1952955798 1497784850 -1101269942

i = 12
Mang truoc khi xu ly: 1476432306 1300148336 1214997989 905905392 110360588 -16844638 -419672995 -606553585 -1057417454 -1398092031 -1460588622 -1526070070 -1314323534 1312463116 -1403230957 1107697300 -582369551 -19685602 1095210405 926971782 -1533542806 546444048 250772805 1645836330 273401162 567733929 -1044337445 1572562427 -699153463 300999872 341919198 -1579866978 994454751 -1459378922 -1479176342 -389940929 1390061054 1075936178 -420426527 -1748024749 1164413985 -685402367 -540807500 1403442162 -852082383 -1484920049 320962363 1688145224 1733046152 -1952955798 1497784850 -1101269942
Phan tu dang xet A[12] = -1314323534
Chen -1314323534 vao vi tri k = 9
Mang sau khi xu ly: 1476432306 1300148336 1214997989 905905392 110360588 -16844638 -419672995 -606553585 -1057417454 -1314323534 -1398092031 -1460588622 -1526070070 1312463116 -1403230957 1107697300 -582369551 -19685602 1095210405 926971782 -1533542806 546444048 250772805 1645836330 273401162 567733929 -1044337445 1572562427 -699153463 300999872 341919198 -1579866978 994454751 -1459378922 -1479176342 -389940929 1390061054 1075936178 -420426527 -1748024749 1164413985 -685402367 -540807500 1403442162 -852082383 -1484920049 320962363 1688145224 1733046152 -1952955798 1497784850 -1101269942

i = 13
Mang truoc khi xu ly: 1476432306 1300148336 1214997989 905905392 110360588 -16844638 -419672995 -606553585 -1057417454 -1314323534 -1398092031 -1460588622 -1526070070 1312463116 -1403230957 1107697300 -582369551 -19685602 1095210405 926971782 -1533542806 546444048 250772805 1645836330 273401162 567733929 -1044337445 1572562427 -699153463 300999872 341919198 -1579866978 994454751 -1459378922 -1479176342 -389940929 1390061054 1075936178 -420426527 -1748024749 1164413985 -685402367 -540807500 1403442162 -852082383 -1484920049 320962363 1688145224 1733046152 -1952955798 1497784850 -1101269942
Phan tu dang xet A[13] = 1312463116
Chen 1312463116 vao vi tri k = 1
Mang sau khi xu ly: 1476432306 1312463116 1300148336 1214997989 905905392 110360588 -16844638 -419672995 -606553585 -1057417454 -1314323534 -1398092031 -1460588622 -1526070070 -1403230957 1107697300 -582369551 -19685602 1095210405 926971782 -1533542806 546444048 250772805 1645836330 273401162 567733929 -1044337445 1572562427 -699153463 300999872 341919198 -1579866978 994454751 -1459378922 -1479176342 -389940929 1390061054 1075936178 -420426527 -1748024749 1164413985 -685402367 -540807500 1403442162 -852082383 -1484920049 320962363 1688145224 1733046152 -1952955798 1497784850 -1101269942

i = 14
Mang truoc khi xu ly: 1476432306 1312463116 1300148336 1214997989 905905392 110360588 -16844638 -419672995 -606553585 -1057417454 -1314323534 -1398092031 -1460588622 -1526070070 -1403230957 1107697300 -582369551 -19685602 1095210405 926971782 -1533542806 546444048 250772805 1645836330 273401162 567733929 -1044337445 1572562427 -699153463 300999872 341919198 -1579866978 994454751 -1459378922 -1479176342 -389940929 1390061054 1075936178 -420426527 -1748024749 1164413985 -685402367 -540807500 1403442162 -852082383 -1484920049 320962363 1688145224 1733046152 -1952955798 1497784850 -1101269942
Phan tu dang xet A[14] = -1403230957
Chen -1403230957 vao vi tri k = 12
Mang sau khi xu ly: 1476432306 1312463116 1300148336 1214997989 905905392 110360588 -16844638 -419672995 -606553585 -1057417454 -1314323534 -1398092031 -1403230957 -1460588622 -1526070070 1107697300 -582369551 -19685602 1095210405 926971782 -1533542806 546444048 250772805 1645836330 273401162 567733929 -1044337445 1572562427 -699153463 300999872 341919198 -1579866978 994454751 -1459378922 -1479176342 -389940929 1390061054 1075936178 -420426527 -1748024749 1164413985 -685402367 -540807500 1403442162 -852082383 -1484920049 320962363 1688145224 1733046152 -1952955798 1497784850 -1101269942

i = 15
Mang truoc khi xu ly: 1476432306 1312463116 1300148336 1214997989 905905392 110360588 -16844638 -419672995 -606553585 -1057417454 -1314323534 -1398092031 -1403230957 -1460588622 -1526070070 1107697300 -582369551 -19685602 1095210405 926971782 -1533542806 546444048 250772805 1645836330 273401162 567733929 -1044337445 1572562427 -699153463 300999872 341919198 -1579866978 994454751 -1459378922 -1479176342 -389940929 1390061054 1075936178 -420426527 -1748024749 1164413985 -685402367 -540807500 1403442162 -852082383 -1484920049 320962363 1688145224 1733046152 -1952955798 1497784850 -1101269942
Phan tu dang xet A[15] = 1107697300
Chen 1107697300 vao vi tri k = 4
Mang sau khi xu ly: 1476432306 1312463116 1300148336 1214997989 1107697300 905905392 110360588 -16844638 -419672995 -606553585 -1057417454 -1314323534 -1398092031 -1403230957 -1460588622 -1526070070 -582369551 -19685602 1095210405 926971782 -1533542806 546444048 250772805 1645836330 273401162 567733929 -1044337445 1572562427 -699153463 300999872 341919198 -1579866978 994454751 -1459378922 -1479176342 -389940929 1390061054 1075936178 -420426527 -1748024749 1164413985 -685402367 -540807500 1403442162 -852082383 -1484920049 320962363 1688145224 1733046152 -1952955798 1497784850 -1101269942

i = 16
Mang truoc khi xu ly: 1476432306 1312463116 1300148336 1214997989 1107697300 905905392 110360588 -16844638 -419672995 -606553585 -1057417454 -1314323534 -1398092031 -1403230957 -1460588622 -1526070070 -582369551 -19685602 1095210405 926971782 -1533542806 546444048 250772805 1645836330 273401162 567733929 -1044337445 1572562427 -699153463 300999872 341919198 -1579866978 994454751 -1459378922 -1479176342 -389940929 1390061054 1075936178 -420426527 -1748024749 1164413985 -685402367 -540807500 1403442162 -852082383 -1484920049 320962363 1688145224 1733046152 -1952955798 1497784850 -1101269942
Phan tu dang xet A[16] = -582369551
Chen -582369551 vao vi tri k = 9
Mang sau khi xu ly: 1476432306 1312463116 1300148336 1214997989 1107697300 905905392 110360588 -16844638 -419672995 -582369551 -606553585 -1057417454 -1314323534 -1398092031 -1403230957 -1460588622 -1526070070 -19685602 1095210405 926971782 -1533542806 546444048 250772805 1645836330 273401162 567733929 -1044337445 1572562427 -699153463 300999872 341919198 -1579866978 994454751 -1459378922 -1479176342 -389940929 1390061054 1075936178 -420426527 -1748024749 1164413985 -685402367 -540807500 1403442162 -852082383 -1484920049 320962363 1688145224 1733046152 -1952955798 1497784850 -1101269942

i = 17
Mang truoc khi xu ly: 1476432306 1312463116 1300148336 1214997989 1107697300 905905392 110360588 -16844638 -419672995 -582369551 -606553585 -1057417454 -1314323534 -1398092031 -1403230957 -1460588622 -1526070070 -19685602 1095210405 926971782 -1533542806 546444048 250772805 1645836330 273401162 567733929 -1044337445 1572562427 -699153463 300999872 341919198 -1579866978 994454751 -1459378922 -1479176342 -389940929 1390061054 1075936178 -420426527 -1748024749 1164413985 -685402367 -540807500 1403442162 -852082383 -1484920049 320962363 1688145224 1733046152 -1952955798 1497784850 -1101269942
Phan tu dang xet A[17] = -19685602
Chen -19685602 vao vi tri k = 8
Mang sau khi xu ly: 1476432306 1312463116 1300148336 1214997989 1107697300 905905392 110360588 -16844638 -19685602 -419672995 -582369551 -606553585 -1057417454 -1314323534 -1398092031 -1403230957 -1460588622 -1526070070 1095210405 926971782 -1533542806 546444048 250772805 1645836330 273401162 567733929 -1044337445 1572562427 -699153463 300999872 341919198 -1579866978 994454751 -1459378922 -1479176342 -389940929 1390061054 1075936178 -420426527 -1748024749 1164413985 -685402367 -540807500 1403442162 -852082383 -1484920049 320962363 1688145224 1733046152 -1952955798 1497784850 -1101269942

i = 18
Mang truoc khi xu ly: 1476432306 1312463116 1300148336 1214997989 1107697300 905905392 110360588 -16844638 -19685602 -419672995 -582369551 -606553585 -1057417454 -1314323534 -1398092031 -1403230957 -1460588622 -1526070070 1095210405 926971782 -1533542806 546444048 250772805 1645836330 273401162 567733929 -1044337445 1572562427 -699153463 300999872 341919198 -1579866978 994454751 -1459378922 -1479176342 -389940929 1390061054 1075936178 -420426527 -1748024749 1164413985 -685402367 -540807500 1403442162 -852082383 -1484920049 320962363 1688145224 1733046152 -1952955798 1497784850 -1101269942
Phan tu dang xet A[18] = 1095210405
Chen 1095210405 vao vi tri k = 5
Mang sau khi xu ly: 1476432306 1312463116 1300148336 1214997989 1107697300 1095210405 905905392 110360588 -16844638 -19685602 -419672995 -582369551 -606553585 -1057417454 -1314323534 -1398092031 -1403230957 -1460588622 -1526070070 926971782 -1533542806 546444048 250772805 1645836330 273401162 567733929 -1044337445 1572562427 -699153463 300999872 341919198 -1579866978 994454751 -1459378922 -1479176342 -389940929 1390061054 1075936178 -420426527 -1748024749 1164413985 -685402367 -540807500 1403442162 -852082383 -1484920049 320962363 1688145224 1733046152 -1952955798 1497784850 -1101269942

i = 19
Mang truoc khi xu ly: 1476432306 1312463116 1300148336 1214997989 1107697300 1095210405 905905392 110360588 -16844638 -19685602 -419672995 -582369551 -606553585 -1057417454 -1314323534 -1398092031 -1403230957 -1460588622 -1526070070 926971782 -1533542806 546444048 250772805 1645836330 273401162 567733929 -1044337445 1572562427 -699153463 300999872 341919198 -1579866978 994454751 -1459378922 -1479176342 -389940929 1390061054 1075936178 -420426527 -1748024749 1164413985 -685402367 -540807500 1403442162 -852082383 -1484920049 320962363 1688145224 1733046152 -1952955798 1497784850 -1101269942
Phan tu dang xet A[19] = 926971782
Chen 926971782 vao vi tri k = 6
Mang sau khi xu ly: 1476432306 1312463116 1300148336 1214997989 1107697300 1095210405 926971782 905905392 110360588 -16844638 -19685602 -419672995 -582369551 -606553585 -1057417454 -1314323534 -1398092031 -1403230957 -1460588622 -1526070070 -1533542806 546444048 250772805 1645836330 273401162 567733929 -1044337445 1572562427 -699153463 300999872 341919198 -1579866978 994454751 -1459378922 -1479176342 -389940929 1390061054 1075936178 -420426527 -1748024749 1164413985 -685402367 -540807500 1403442162 -852082383 -1484920049 320962363 1688145224 1733046152 -1952955798 1497784850 -1101269942

i = 20
Mang truoc khi xu ly: 1476432306 1312463116 1300148336 1214997989 1107697300 1095210405 926971782 905905392 110360588 -16844638 -19685602 -419672995 -582369551 -606553585 -1057417454 -1314323534 -1398092031 -1403230957 -1460588622 -1526070070 -1533542806 546444048 250772805 1645836330 273401162 567733929 -1044337445 1572562427 -699153463 300999872 341919198 -1579866978 994454751 -1459378922 -1479176342 -389940929 1390061054 1075936178 -420426527 -1748024749 1164413985 -685402367 -540807500 1403442162 -852082383 -1484920049 320962363 1688145224 1733046152 -1952955798 1497784850 -1101269942
Phan tu dang xet A[20] = -1533542806
Chen -1533542806 vao vi tri k = 20
Mang sau khi xu ly: 1476432306 1312463116 1300148336 1214997989 1107697300 1095210405 926971782 905905392 110360588 -16844638 -19685602 -419672995 -582369551 -606553585 -1057417454 -1314323534 -1398092031 -1403230957 -1460588622 -1526070070 -1533542806 546444048 250772805 1645836330 273401162 567733929 -1044337445 1572562427 -699153463 300999872 341919198 -1579866978 994454751 -1459378922 -1479176342 -389940929 1390061054 1075936178 -420426527 -1748024749 1164413985 -685402367 -540807500 1403442162 -852082383 -1484920049 320962363 1688145224 1733046152 -1952955798 1497784850 -1101269942

i = 21
Mang truoc khi xu ly: 1476432306 1312463116 1300148336 1214997989 1107697300 1095210405 926971782 905905392 110360588 -16844638 -19685602 -419672995 -582369551 -606553585 -1057417454 -1314323534 -1398092031 -1403230957 -1460588622 -1526070070 -1533542806 546444048 250772805 1645836330 273401162 567733929 -1044337445 1572562427 -699153463 300999872 341919198 -1579866978 994454751 -1459378922 -1479176342 -389940929 1390061054 1075936178 -420426527 -1748024749 1164413985 -685402367 -540807500 1403442162 -852082383 -1484920049 320962363 1688145224 1733046152 -1952955798 1497784850 -1101269942
Phan tu dang xet A[21] = 546444048
Chen 546444048 vao vi tri k = 8
Mang sau khi xu ly: 1476432306 1312463116 1300148336 1214997989 1107697300 1095210405 926971782 905905392 546444048 110360588 -16844638 -19685602 -419672995 -582369551 -606553585 -1057417454 -1314323534 -1398092031 -1403230957 -1460588622 -1526070070 -1533542806 250772805 1645836330 273401162 567733929 -1044337445 1572562427 -699153463 300999872 341919198 -1579866978 994454751 -1459378922 -1479176342 -389940929 1390061054 1075936178 -420426527 -1748024749 1164413985 -685402367 -540807500 1403442162 -852082383 -1484920049 320962363 1688145224 1733046152 -1952955798 1497784850 -1101269942

i = 22
Mang truoc khi xu ly: 1476432306 1312463116 1300148336 1214997989 1107697300 1095210405 926971782 905905392 546444048 110360588 -16844638 -19685602 -419672995 -582369551 -606553585 -1057417454 -1314323534 -1398092031 -1403230957 -1460588622 -1526070070 -1533542806 250772805 1645836330 273401162 567733929 -1044337445 1572562427 -699153463 300999872 341919198 -1579866978 994454751 -1459378922 -1479176342 -389940929 1390061054 1075936178 -420426527 -1748024749 1164413985 -685402367 -540807500 1403442162 -852082383 -1484920049 320962363 1688145224 1733046152 -1952955798 1497784850 -1101269942
Phan tu dang xet A[22] = 250772805
Chen 250772805 vao vi tri k = 9
Mang sau khi xu ly: 1476432306 1312463116 1300148336 1214997989 1107697300 1095210405 926971782 905905392 546444048 250772805 110360588 -16844638 -19685602 -419672995 -582369551 -606553585 -1057417454 -1314323534 -1398092031 -1403230957 -1460588622 -1526070070 -1533542806 1645836330 273401162 567733929 -1044337445 1572562427 -699153463 300999872 341919198 -1579866978 994454751 -1459378922 -1479176342 -389940929 1390061054 1075936178 -420426527 -1748024749 1164413985 -685402367 -540807500 1403442162 -852082383 -1484920049 320962363 1688145224 1733046152 -1952955798 1497784850 -1101269942

i = 23
Mang truoc khi xu ly: 1476432306 1312463116 1300148336 1214997989 1107697300 1095210405 926971782 905905392 546444048 250772805 110360588 -16844638 -19685602 -419672995 -582369551 -606553585 -1057417454 -1314323534 -1398092031 -1403230957 -1460588622 -1526070070 -1533542806 1645836330 273401162 567733929 -1044337445 1572562427 -699153463 300999872 341919198 -1579866978 994454751 -1459378922 -1479176342 -389940929 1390061054 1075936178 -420426527 -1748024749 1164413985 -685402367 -540807500 1403442162 -852082383 -1484920049 320962363 1688145224 1733046152 -1952955798 1497784850 -1101269942
Phan tu dang xet A[23] = 1645836330
Chen 1645836330 vao vi tri k = 0
Mang sau khi xu ly: 1645836330 1476432306 1312463116 1300148336 1214997989 1107697300 1095210405 926971782 905905392 546444048 250772805 110360588 -16844638 -19685602 -419672995 -582369551 -606553585 -1057417454 -1314323534 -1398092031 -1403230957 -1460588622 -1526070070 -1533542806 273401162 567733929 -1044337445 1572562427 -699153463 300999872 341919198 -1579866978 994454751 -1459378922 -1479176342 -389940929 1390061054 1075936178 -420426527 -1748024749 1164413985 -685402367 -540807500 1403442162 -852082383 -1484920049 320962363 1688145224 1733046152 -1952955798 1497784850 -1101269942

i = 24
Mang truoc khi xu ly: 1645836330 1476432306 1312463116 1300148336 1214997989 1107697300 1095210405 926971782 905905392 546444048 250772805 110360588 -16844638 -19685602 -419672995 -582369551 -606553585 -1057417454 -1314323534 -1398092031 -1403230957 -1460588622 -1526070070 -1533542806 273401162 567733929 -1044337445 1572562427 -699153463 300999872 341919198 -1579866978 994454751 -1459378922 -1479176342 -389940929 1390061054 1075936178 -420426527 -1748024749 1164413985 -685402367 -540807500 1403442162 -852082383 -1484920049 320962363 1688145224 1733046152 -1952955798 1497784850 -1101269942
Phan tu dang xet A[24] = 273401162
Chen 273401162 vao vi tri k = 10
Mang sau khi xu ly: 1645836330 1476432306 1312463116 1300148336 1214997989 1107697300 1095210405 926971782 905905392 546444048 273401162 250772805 110360588 -16844638 -19685602 -419672995 -582369551 -606553585 -1057417454 -1314323534 -1398092031 -1403230957 -1460588622 -1526070070 -1533542806 567733929 -1044337445 1572562427 -699153463 300999872 341919198 -1579866978 994454751 -1459378922 -1479176342 -389940929 1390061054 1075936178 -420426527 -1748024749 1164413985 -685402367 -540807500 1403442162 -852082383 -1484920049 320962363 1688145224 1733046152 -1952955798 1497784850 -1101269942

i = 25
Mang truoc khi xu ly: 1645836330 1476432306 1312463116 1300148336 1214997989 1107697300 1095210405 926971782 905905392 546444048 273401162 250772805 110360588 -16844638 -19685602 -419672995 -582369551 -606553585 -1057417454 -1314323534 -1398092031 -1403230957 -1460588622 -1526070070 -1533542806 567733929 -1044337445 1572562427 -699153463 300999872 341919198 -1579866978 994454751 -1459378922 -1479176342 -389940929 1390061054 1075936178 -420426527 -1748024749 1164413985 -685402367 -540807500 1403442162 -852082383 -1484920049 320962363 1688145224 1733046152 -1952955798 1497784850 -1101269942
Phan tu dang xet A[25] = 567733929
Chen 567733929 vao vi tri k = 9
Mang sau khi xu ly: 1645836330 1476432306 1312463116 1300148336 1214997989 1107697300 1095210405 926971782 905905392 567733929 546444048 273401162 250772805 110360588 -16844638 -19685602 -419672995 -582369551 -606553585 -1057417454 -1314323534 -1398092031 -1403230957 -1460588622 -1526070070 -1533542806 -1044337445 1572562427 -699153463 300999872 341919198 -1579866978 994454751 -1459378922 -1479176342 -389940929 1390061054 1075936178 -420426527 -1748024749 1164413985 -685402367 -540807500 1403442162 -852082383 -1484920049 320962363 1688145224 1733046152 -1952955798 1497784850 -1101269942

i = 26
Mang truoc khi xu ly: 1645836330 1476432306 1312463116 1300148336 1214997989 1107697300 1095210405 926971782 905905392 567733929 546444048 273401162 250772805 110360588 -16844638 -19685602 -419672995 -582369551 -606553585 -1057417454 -1314323534 -1398092031 -1403230957 -1460588622 -1526070070 -1533542806 -1044337445 1572562427 -699153463 300999872 341919198 -1579866978 994454751 -1459378922 -1479176342 -389940929 1390061054 1075936178 -420426527 -1748024749 1164413985 -685402367 -540807500 1403442162 -852082383 -1484920049 320962363 1688145224 1733046152 -1952955798 1497784850 -1101269942
Phan tu dang xet A[26] = -1044337445
Chen -1044337445 vao vi tri k = 19
Mang sau khi xu ly: 1645836330 1476432306 1312463116 1300148336 1214997989 1107697300 1095210405 926971782 905905392 567733929 546444048 273401162 250772805 110360588 -16844638 -19685602 -419672995 -582369551 -606553585 -1044337445 -1057417454 -1314323534 -1398092031 -1403230957 -1460588622 -1526070070 -1533542806 1572562427 -699153463 300999872 341919198 -1579866978 994454751 -1459378922 -1479176342 -389940929 1390061054 1075936178 -420426527 -1748024749 1164413985 -685402367 -540807500 1403442162 -852082383 -1484920049 320962363 1688145224 1733046152 -1952955798 1497784850 -1101269942

i = 27
Mang truoc khi xu ly: 1645836330 1476432306 1312463116 1300148336 1214997989 1107697300 1095210405 926971782 905905392 567733929 546444048 273401162 250772805 110360588 -16844638 -19685602 -419672995 -582369551 -606553585 -1044337445 -1057417454 -1314323534 -1398092031 -1403230957 -1460588622 -1526070070 -1533542806 1572562427 -699153463 300999872 341919198 -1579866978 994454751 -1459378922 -1479176342 -389940929 1390061054 1075936178 -420426527 -1748024749 1164413985 -685402367 -540807500 1403442162 -852082383 -1484920049 320962363 1688145224 1733046152 -1952955798 1497784850 -1101269942
Phan tu dang xet A[27] = 1572562427
Chen 1572562427 vao vi tri k = 1
Mang sau khi xu ly: 1645836330 1572562427 1476432306 1312463116 1300148336 1214997989 1107697300 1095210405 926971782 905905392 567733929 546444048 273401162 250772805 110360588 -16844638 -19685602 -419672995 -582369551 -606553585 -1044337445 -1057417454 -1314323534 -1398092031 -1403230957 -1460588622 -1526070070 -1533542806 -699153463 300999872 341919198 -1579866978 994454751 -1459378922 -1479176342 -389940929 1390061054 1075936178 -420426527 -1748024749 1164413985 -685402367 -540807500 1403442162 -852082383 -1484920049 320962363 1688145224 1733046152 -1952955798 1497784850 -1101269942

i = 28
Mang truoc khi xu ly: 1645836330 1572562427 1476432306 1312463116 1300148336 1214997989 1107697300 1095210405 926971782 905905392 567733929 546444048 273401162 250772805 110360588 -16844638 -19685602 -419672995 -582369551 -606553585 -1044337445 -1057417454 -1314323534 -1398092031 -1403230957 -1460588622 -1526070070 -1533542806 -699153463 300999872 341919198 -1579866978 994454751 -1459378922 -1479176342 -389940929 1390061054 1075936178 -420426527 -1748024749 1164413985 -685402367 -540807500 1403442162 -852082383 -1484920049 320962363 1688145224 1733046152 -1952955798 1497784850 -1101269942
Phan tu dang xet A[28] = -699153463
Chen -699153463 vao vi tri k = 20
Mang sau khi xu ly: 1645836330 1572562427 1476432306 1312463116 1300148336 1214997989 1107697300 1095210405 926971782 905905392 567733929 546444048 273401162 250772805 110360588 -16844638 -19685602 -419672995 -582369551 -606553585 -699153463 -1044337445 -1057417454 -1314323534 -1398092031 -1403230957 -1460588622 -1526070070 -1533542806 300999872 341919198 -1579866978 994454751 -1459378922 -1479176342 -389940929 1390061054 1075936178 -420426527 -1748024749 1164413985 -685402367 -540807500 1403442162 -852082383 -1484920049 320962363 1688145224 1733046152 -1952955798 1497784850 -1101269942

i = 29
Mang truoc khi xu ly: 1645836330 1572562427 1476432306 1312463116 1300148336 1214997989 1107697300 1095210405 926971782 905905392 567733929 546444048 273401162 250772805 110360588 -16844638 -19685602 -419672995 -582369551 -606553585 -699153463 -1044337445 -1057417454 -1314323534 -1398092031 -1403230957 -1460588622 -1526070070 -1533542806 300999872 341919198 -1579866978 994454751 -1459378922 -1479176342 -389940929 1390061054 1075936178 -420426527 -1748024749 1164413985 -685402367 -540807500 1403442162 -852082383 -1484920049 320962363 1688145224 1733046152 -1952955798 1497784850 -1101269942
Phan tu dang xet A[29] = 300999872
Chen 300999872 vao vi tri k = 12
Mang sau khi xu ly: 1645836330 1572562427 1476432306 1312463116 1300148336 1214997989 1107697300 1095210405 926971782 905905392 567733929 546444048 300999872 273401162 250772805 110360588 -16844638 -19685602 -419672995 -582369551 -606553585 -699153463 -1044337445 -1057417454 -1314323534 -1398092031 -1403230957 -1460588622 -1526070070 -1533542806 341919198 -1579866978 994454751 -1459378922 -1479176342 -389940929 1390061054 1075936178 -420426527 -1748024749 1164413985 -685402367 -540807500 1403442162 -852082383 -1484920049 320962363 1688145224 1733046152 -1952955798 1497784850 -1101269942

i = 30
Mang truoc khi xu ly: 1645836330 1572562427 1476432306 1312463116 1300148336 1214997989 1107697300 1095210405 926971782 905905392 567733929 546444048 300999872 273401162 250772805 110360588 -16844638 -19685602 -419672995 -582369551 -606553585 -699153463 -1044337445 -1057417454 -1314323534 -1398092031 -1403230957 -1460588622 -1526070070 -1533542806 341919198 -1579866978 994454751 -1459378922 -1479176342 -389940929 1390061054 1075936178 -420426527 -1748024749 1164413985 -685402367 -540807500 1403442162 -852082383 -1484920049 320962363 1688145224 1733046152 -1952955798 1497784850 -1101269942
Phan tu dang xet A[30] = 341919198
Chen 341919198 vao vi tri k = 12
Mang sau khi xu ly: 1645836330 1572562427 1476432306 1312463116 1300148336 1214997989 1107697300 1095210405 926971782 905905392 567733929 546444048 341919198 300999872 273401162 250772805 110360588 -16844638 -19685602 -419672995 -582369551 -606553585 -699153463 -1044337445 -1057417454 -1314323534 -1398092031 -1403230957 -1460588622 -1526070070 -1533542806 -1579866978 994454751 -1459378922 -1479176342 -389940929 1390061054 1075936178 -420426527 -1748024749 1164413985 -685402367 -540807500 1403442162 -852082383 -1484920049 320962363 1688145224 1733046152 -1952955798 1497784850 -1101269942

i = 31
Mang truoc khi xu ly: 1645836330 1572562427 1476432306 1312463116 1300148336 1214997989 1107697300 1095210405 926971782 905905392 567733929 546444048 341919198 300999872 273401162 250772805 110360588 -16844638 -19685602 -419672995 -582369551 -606553585 -699153463 -1044337445 -1057417454 -1314323534 -1398092031 -1403230957 -1460588622 -1526070070 -1533542806 -1579866978 994454751 -1459378922 -1479176342 -389940929 1390061054 1075936178 -420426527 -1748024749 1164413985 -685402367 -540807500 1403442162 -852082383 -1484920049 320962363 1688145224 1733046152 -1952955798 1497784850 -1101269942
Phan tu dang xet A[31] = -1579866978
Chen -1579866978 vao vi tri k = 31
Mang sau khi xu ly: 1645836330 1572562427 1476432306 1312463116 1300148336 1214997989 1107697300 1095210405 926971782 905905392 567733929 546444048 341919198 300999872 273401162 250772805 110360588 -16844638 -19685602 -419672995 -582369551 -606553585 -699153463 -1044337445 -1057417454 -1314323534 -1398092031 -1403230957 -1460588622 -1526070070 -1533542806 -1579866978 994454751 -1459378922 -1479176342 -389940929 1390061054 1075936178 -420426527 -1748024749 1164413985 -685402367 -540807500 1403442162 -852082383 -1484920049 320962363 1688145224 1733046152 -1952955798 1497784850 -1101269942

i = 32
Mang truoc khi xu ly: 1645836330 1572562427 1476432306 1312463116 1300148336 1214997989 1107697300 1095210405 926971782 905905392 567733929 546444048 341919198 300999872 273401162 250772805 110360588 -16844638 -19685602 -419672995 -582369551 -606553585 -699153463 -1044337445 -1057417454 -1314323534 -1398092031 -1403230957 -1460588622 -1526070070 -1533542806 -1579866978 994454751 -1459378922 -1479176342 -389940929 1390061054 1075936178 -420426527 -1748024749 1164413985 -685402367 -540807500 1403442162 -852082383 -1484920049 320962363 1688145224 1733046152 -1952955798 1497784850 -1101269942
Phan tu dang xet A[32] = 994454751
Chen 994454751 vao vi tri k = 8
Mang sau khi xu ly: 1645836330 1572562427 1476432306 1312463116 1300148336 1214997989 1107697300 1095210405 994454751 926971782 905905392 567733929 546444048 341919198 300999872 273401162 250772805 110360588 -16844638 -19685602 -419672995 -582369551 -606553585 -699153463 -1044337445 -1057417454 -1314323534 -1398092031 -1403230957 -1460588622 -1526070070 -1533542806 -1579866978 -1459378922 -1479176342 -389940929 1390061054 1075936178 -420426527 -1748024749 1164413985 -685402367 -540807500 1403442162 -852082383 -1484920049 320962363 1688145224 1733046152 -1952955798 1497784850 -1101269942

i = 33
Mang truoc khi xu ly: 1645836330 1572562427 1476432306 1312463116 1300148336 1214997989 1107697300 1095210405 994454751 926971782 905905392 567733929 546444048 341919198 300999872 273401162 250772805 110360588 -16844638 -19685602 -419672995 -582369551 -606553585 -699153463 -1044337445 -1057417454 -1314323534 -1398092031 -1403230957 -1460588622 -1526070070 -1533542806 -1579866978 -1459378922 -1479176342 -389940929 1390061054 1075936178 -420426527 -1748024749 1164413985 -685402367 -540807500 1403442162 -852082383 -1484920049 320962363 1688145224 1733046152 -1952955798 1497784850 -1101269942
Phan tu dang xet A[33] = -1459378922
Chen -1459378922 vao vi tri k = 29
Mang sau khi xu ly: 1645836330 1572562427 1476432306 1312463116 1300148336 1214997989 1107697300 1095210405 994454751 926971782 905905392 567733929 546444048 341919198 300999872 273401162 250772805 110360588 -16844638 -19685602 -419672995 -582369551 -606553585 -699153463 -1044337445 -1057417454 -1314323534 -1398092031 -1403230957 -1459378922 -1460588622 -1526070070 -1533542806 -1579866978 -1479176342 -389940929 1390061054 1075936178 -420426527 -1748024749 1164413985 -685402367 -540807500 1403442162 -852082383 -1484920049 320962363 1688145224 1733046152 -1952955798 1497784850 -1101269942

i = 34
Mang truoc khi xu ly: 1645836330 1572562427 1476432306 1312463116 1300148336 1214997989 1107697300 1095210405 994454751 926971782 905905392 567733929 546444048 341919198 300999872 273401162 250772805 110360588 -16844638 -19685602 -419672995 -582369551 -606553585 -699153463 -1044337445 -1057417454 -1314323534 -1398092031 -1403230957 -1459378922 -1460588622 -1526070070 -1533542806 -1579866978 -1479176342 -389940929 1390061054 1075936178 -420426527 -1748024749 1164413985 -685402367 -540807500 1403442162 -852082383 -1484920049 320962363 1688145224 1733046152 -1952955798 1497784850 -1101269942
Phan tu dang xet A[34] = -1479176342
Chen -1479176342 vao vi tri k = 31
Mang sau khi xu ly: 1645836330 1572562427 1476432306 1312463116 1300148336 1214997989 1107697300 1095210405 994454751 926971782 905905392 567733929 546444048 341919198 300999872 273401162 250772805 110360588 -16844638 -19685602 -419672995 -582369551 -606553585 -699153463 -1044337445 -1057417454 -1314323534 -1398092031 -1403230957 -1459378922 -1460588622 -1479176342 -1526070070 -1533542806 -1579866978 -389940929 1390061054 1075936178 -420426527 -1748024749 1164413985 -685402367 -540807500 1403442162 -852082383 -1484920049 320962363 1688145224 1733046152 -1952955798 1497784850 -1101269942

i = 35
Mang truoc khi xu ly: 1645836330 1572562427 1476432306 1312463116 1300148336 1214997989 1107697300 1095210405 994454751 926971782 905905392 567733929 546444048 341919198 300999872 273401162 250772805 110360588 -16844638 -19685602 -419672995 -582369551 -606553585 -699153463 -1044337445 -1057417454 -1314323534 -1398092031 -1403230957 -1459378922 -1460588622 -1479176342 -1526070070 -1533542806 -1579866978 -389940929 1390061054 1075936178 -420426527 -1748024749 1164413985 -685402367 -540807500 1403442162 -852082383 -1484920049 320962363 1688145224 1733046152 -1952955798 1497784850 -1101269942
Phan tu dang xet A[35] = -389940929
Chen -389940929 vao vi tri k = 20
Mang sau khi xu ly: 1645836330 1572562427 1476432306 1312463116 1300148336 1214997989 1107697300 1095210405 994454751 926971782 905905392 567733929 546444048 341919198 300999872 273401162 250772805 110360588 -16844638 -19685602 -389940929 -419672995 -582369551 -606553585 -699153463 -1044337445 -1057417454 -1314323534 -1398092031 -1403230957 -1459378922 -1460588622 -1479176342 -1526070070 -1533542806 -1579866978 1390061054 1075936178 -420426527 -1748024749 1164413985 -685402367 -540807500 1403442162 -852082383 -1484920049 320962363 1688145224 1733046152 -1952955798 1497784850 -1101269942

i = 36
Mang truoc khi xu ly: 1645836330 1572562427 1476432306 1312463116 1300148336 1214997989 1107697300 1095210405 994454751 926971782 905905392 567733929 546444048 341919198 300999872 273401162 250772805 110360588 -16844638 -19685602 -389940929 -419672995 -582369551 -606553585 -699153463 -1044337445 -1057417454 -1314323534 -1398092031 -1403230957 -1459378922 -1460588622 -1479176342 -1526070070 -1533542806 -1579866978 1390061054 1075936178 -420426527 -1748024749 1164413985 -685402367 -540807500 1403442162 -852082383 -1484920049 320962363 1688145224 1733046152 -1952955798 1497784850 -1101269942
Phan tu dang xet A[36] = 1390061054
Chen 1390061054 vao vi tri k = 3
Mang sau khi xu ly: 1645836330 1572562427 1476432306 1390061054 1312463116 1300148336 1214997989 1107697300 1095210405 994454751 926971782 905905392 567733929 546444048 341919198 300999872 273401162 250772805 110360588 -16844638 -19685602 -389940929 -419672995 -582369551 -606553585 -699153463 -1044337445 -1057417454 -1314323534 -1398092031 -1403230957 -1459378922 -1460588622 -1479176342 -1526070070 -1533542806 -1579866978 1075936178 -420426527 -1748024749 1164413985 -685402367 -540807500 1403442162 -852082383 -1484920049 320962363 1688145224 1733046152 -1952955798 1497784850 -1101269942

i = 37
Mang truoc khi xu ly: 1645836330 1572562427 1476432306 1390061054 1312463116 1300148336 1214997989 1107697300 1095210405 994454751 926971782 905905392 567733929 546444048 341919198 300999872 273401162 250772805 110360588 -16844638 -19685602 -389940929 -419672995 -582369551 -606553585 -699153463 -1044337445 -1057417454 -1314323534 -1398092031 -1403230957 -1459378922 -1460588622 -1479176342 -1526070070 -1533542806 -1579866978 1075936178 -420426527 -1748024749 1164413985 -685402367 -540807500 1403442162 -852082383 -1484920049 320962363 1688145224 1733046152 -1952955798 1497784850 -1101269942
Phan tu dang xet A[37] = 1075936178
Chen 1075936178 vao vi tri k = 9
Mang sau khi xu ly: 1645836330 1572562427 1476432306 1390061054 1312463116 1300148336 1214997989 1107697300 1095210405 1075936178 994454751 926971782 905905392 567733929 546444048 341919198 300999872 273401162 250772805 110360588 -16844638 -19685602 -389940929 -419672995 -582369551 -606553585 -699153463 -1044337445 -1057417454 -1314323534 -1398092031 -1403230957 -1459378922 -1460588622 -1479176342 -1526070070 -1533542806 -1579866978 -420426527 -1748024749 1164413985 -685402367 -540807500 1403442162 -852082383 -1484920049 320962363 1688145224 1733046152 -1952955798 1497784850 -1101269942

i = 38
Mang truoc khi xu ly: 1645836330 1572562427 1476432306 1390061054 1312463116 1300148336 1214997989 1107697300 1095210405 1075936178 994454751 926971782 905905392 567733929 546444048 341919198 300999872 273401162 250772805 110360588 -16844638 -19685602 -389940929 -419672995 -582369551 -606553585 -699153463 -1044337445 -1057417454 -1314323534 -1398092031 -1403230957 -1459378922 -1460588622 -1479176342 -1526070070 -1533542806 -1579866978 -420426527 -1748024749 1164413985 -685402367 -540807500 1403442162 -852082383 -1484920049 320962363 1688145224 1733046152 -1952955798 1497784850 -1101269942
Phan tu dang xet A[38] = -420426527
Chen -420426527 vao vi tri k = 24
Mang sau khi xu ly: 1645836330 1572562427 1476432306 1390061054 1312463116 1300148336 1214997989 1107697300 1095210405 1075936178 994454751 926971782 905905392 567733929 546444048 341919198 300999872 273401162 250772805 110360588 -16844638 -19685602 -389940929 -419672995 -420426527 -582369551 -606553585 -699153463 -1044337445 -1057417454 -1314323534 -1398092031 -1403230957 -1459378922 -1460588622 -1479176342 -1526070070 -1533542806 -1579866978 -1748024749 1164413985 -685402367 -540807500 1403442162 -852082383 -1484920049 320962363 1688145224 1733046152 -1952955798 1497784850 -1101269942

i = 39
Mang truoc khi xu ly: 1645836330 1572562427 1476432306 1390061054 1312463116 1300148336 1214997989 1107697300 1095210405 1075936178 994454751 926971782 905905392 567733929 546444048 341919198 300999872 273401162 250772805 110360588 -16844638 -19685602 -389940929 -419672995 -420426527 -582369551 -606553585 -699153463 -1044337445 -1057417454 -1314323534 -1398092031 -1403230957 -1459378922 -1460588622 -1479176342 -1526070070 -1533542806 -1579866978 -1748024749 1164413985 -685402367 -540807500 1403442162 -852082383 -1484920049 320962363 1688145224 1733046152 -1952955798 1497784850 -1101269942
Phan tu dang xet A[39] = -1748024749
Chen -1748024749 vao vi tri k = 39
Mang sau khi xu ly: 1645836330 1572562427 1476432306 1390061054 1312463116 1300148336 1214997989 1107697300 1095210405 1075936178 994454751 926971782 905905392 567733929 546444048 341919198 300999872 273401162 250772805 110360588 -16844638 -19685602 -389940929 -419672995 -420426527 -582369551 -606553585 -699153463 -1044337445 -1057417454 -1314323534 -1398092031 -1403230957 -1459378922 -1460588622 -1479176342 -1526070070 -1533542806 -1579866978 -1748024749 1164413985 -685402367 -540807500 1403442162 -852082383 -1484920049 320962363 1688145224 1733046152 -1952955798 1497784850 -1101269942

i = 40
Mang truoc khi xu ly: 1645836330 1572562427 1476432306 1390061054 1312463116 1300148336 1214997989 1107697300 1095210405 1075936178 994454751 926971782 905905392 567733929 546444048 341919198 300999872 273401162 250772805 110360588 -16844638 -19685602 -389940929 -419672995 -420426527 -582369551 -606553585 -699153463 -1044337445 -1057417454 -1314323534 -1398092031 -1403230957 -1459378922 -1460588622 -1479176342 -1526070070 -1533542806 -1579866978 -1748024749 1164413985 -685402367 -540807500 1403442162 -852082383 -1484920049 320962363 1688145224 1733046152 -1952955798 1497784850 -1101269942
Phan tu dang xet A[40] = 1164413985
Chen 1164413985 vao vi tri k = 7
Mang sau khi xu ly: 1645836330 1572562427 1476432306 1390061054 1312463116 1300148336 1214997989 1164413985 1107697300 1095210405 1075936178 994454751 926971782 905905392 567733929 546444048 341919198 300999872 273401162 250772805 110360588 -16844638 -19685602 -389940929 -419672995 -420426527 -582369551 -606553585 -699153463 -1044337445 -1057417454 -1314323534 -1398092031 -1403230957 -1459378922 -1460588622 -1479176342 -1526070070 -1533542806 -1579866978 -1748024749 -685402367 -540807500 1403442162 -852082383 -1484920049 320962363 1688145224 1733046152 -1952955798 1497784850 -1101269942

i = 41
Mang truoc khi xu ly: 1645836330 1572562427 1476432306 1390061054 1312463116 1300148336 1214997989 1164413985 1107697300 1095210405 1075936178 994454751 926971782 905905392 567733929 546444048 341919198 300999872 273401162 250772805 110360588 -16844638 -19685602 -389940929 -419672995 -420426527 -582369551 -606553585 -699153463 -1044337445 -1057417454 -1314323534 -1398092031 -1403230957 -1459378922 -1460588622 -1479176342 -1526070070 -1533542806 -1579866978 -1748024749 -685402367 -540807500 1403442162 -852082383 -1484920049 320962363 1688145224 1733046152 -1952955798 1497784850 -1101269942
Phan tu dang xet A[41] = -685402367
Chen -685402367 vao vi tri k = 28
Mang sau khi xu ly: 1645836330 1572562427 1476432306 1390061054 1312463116 1300148336 1214997989 1164413985 1107697300 1095210405 1075936178 994454751 926971782 905905392 567733929 546444048 341919198 300999872 273401162 250772805 110360588 -16844638 -19685602 -389940929 -419672995 -420426527 -582369551 -606553585 -685402367 -699153463 -1044337445 -1057417454 -1314323534 -1398092031 -1403230957 -1459378922 -1460588622 -1479176342 -1526070070 -1533542806 -1579866978 -1748024749 -540807500 1403442162 -852082383 -1484920049 320962363 1688145224 1733046152 -1952955798 1497784850 -1101269942

i = 42
Mang truoc khi xu ly: 1645836330 1572562427 1476432306 1390061054 1312463116 1300148336 1214997989 1164413985 1107697300 1095210405 1075936178 994454751 926971782 905905392 567733929 546444048 341919198 300999872 273401162 250772805 110360588 -16844638 -19685602 -389940929 -419672995 -420426527 -582369551 -606553585 -685402367 -699153463 -1044337445 -1057417454 -1314323534 -1398092031 -1403230957 -1459378922 -1460588622 -1479176342 -1526070070 -1533542806 -1579866978 -1748024749 -540807500 1403442162 -852082383 -1484920049 320962363 1688145224 1733046152 -1952955798 1497784850 -1101269942
Phan tu dang xet A[42] = -540807500
Chen -540807500 vao vi tri k = 26
Mang sau khi xu ly: 1645836330 1572562427 1476432306 1390061054 1312463116 1300148336 1214997989 1164413985 1107697300 1095210405 1075936178 994454751 926971782 905905392 567733929 546444048 341919198 300999872 273401162 250772805 110360588 -16844638 -19685602 -389940929 -419672995 -420426527 -540807500 -582369551 -606553585 -685402367 -699153463 -1044337445 -1057417454 -1314323534 -1398092031 -1403230957 -1459378922 -1460588622 -1479176342 -1526070070 -1533542806 -1579866978 -1748024749 1403442162 -852082383 -1484920049 320962363 1688145224 1733046152 -1952955798 1497784850 -1101269942

i = 43
Mang truoc khi xu ly: 1645836330 1572562427 1476432306 1390061054 1312463116 1300148336 1214997989 1164413985 1107697300 1095210405 1075936178 994454751 926971782 905905392 567733929 546444048 341919198 300999872 273401162 250772805 110360588 -16844638 -19685602 -389940929 -419672995 -420426527 -540807500 -582369551 -606553585 -685402367 -699153463 -1044337445 -1057417454 -1314323534 -1398092031 -1403230957 -1459378922 -1460588622 -1479176342 -1526070070 -1533542806 -1579866978 -1748024749 1403442162 -852082383 -1484920049 320962363 1688145224 1733046152 -1952955798 1497784850 -1101269942
Phan tu dang xet A[43] = 1403442162
Chen 1403442162 vao vi tri k = 3
Mang sau khi xu ly: 1645836330 1572562427 1476432306 1403442162 1390061054 1312463116 1300148336 1214997989 1164413985 1107697300 1095210405 1075936178 994454751 926971782 905905392 567733929 546444048 341919198 300999872 273401162 250772805 110360588 -16844638 -19685602 -389940929 -419672995 -420426527 -540807500 -582369551 -606553585 -685402367 -699153463 -1044337445 -1057417454 -1314323534 -1398092031 -1403230957 -1459378922 -1460588622 -1479176342 -1526070070 -1533542806 -1579866978 -1748024749 -852082383 -1484920049 320962363 1688145224 1733046152 -1952955798 1497784850 -1101269942

i = 44
Mang truoc khi xu ly: 1645836330 1572562427 1476432306 1403442162 1390061054 1312463116 1300148336 1214997989 1164413985 1107697300 1095210405 1075936178 994454751 926971782 905905392 567733929 546444048 341919198 300999872 273401162 250772805 110360588 -16844638 -19685602 -389940929 -419672995 -420426527 -540807500 -582369551 -606553585 -685402367 -699153463 -1044337445 -1057417454 -1314323534 -1398092031 -1403230957 -1459378922 -1460588622 -1479176342 -1526070070 -1533542806 -1579866978 -1748024749 -852082383 -1484920049 320962363 1688145224 1733046152 -1952955798 1497784850 -1101269942
Phan tu dang xet A[44] = -852082383
Chen -852082383 vao vi tri k = 32
Mang sau khi xu ly: 1645836330 1572562427 1476432306 1403442162 1390061054 1312463116 1300148336 1214997989 1164413985 1107697300 1095210405 1075936178 994454751 926971782 905905392 567733929 546444048 341919198 300999872 273401162 250772805 110360588 -16844638 -19685602 -389940929 -419672995 -420426527 -540807500 -582369551 -606553585 -685402367 -699153463 -852082383 -1044337445 -1057417454 -1314323534 -1398092031 -1403230957 -1459378922 -1460588622 -1479176342 -1526070070 -1533542806 -1579866978 -1748024749 -1484920049 320962363 1688145224 1733046152 -1952955798 1497784850 -1101269942

i = 45
Mang truoc khi xu ly: 1645836330 1572562427 1476432306 1403442162 1390061054 1312463116 1300148336 1214997989 1164413985 1107697300 1095210405 1075936178 994454751 926971782 905905392 567733929 546444048 341919198 300999872 273401162 250772805 110360588 -16844638 -19685602 -389940929 -419672995 -420426527 -540807500 -582369551 -606553585 -685402367 -699153463 -852082383 -1044337445 -1057417454 -1314323534 -1398092031 -1403230957 -1459378922 -1460588622 -1479176342 -1526070070 -1533542806 -1579866978 -1748024749 -1484920049 320962363 1688145224 1733046152 -1952955798 1497784850 -1101269942
Phan tu dang xet A[45] = -1484920049
Chen -1484920049 vao vi tri k = 41
Mang sau khi xu ly: 1645836330 1572562427 1476432306 1403442162 1390061054 1312463116 1300148336 1214997989 1164413985 1107697300 1095210405 1075936178 994454751 926971782 905905392 567733929 546444048 341919198 300999872 273401162 250772805 110360588 -16844638 -19685602 -389940929 -419672995 -420426527 -540807500 -582369551 -606553585 -685402367 -699153463 -852082383 -1044337445 -1057417454 -1314323534 -1398092031 -1403230957 -1459378922 -1460588622 -1479176342 -1484920049 -1526070070 -1533542806 -1579866978 -1748024749 320962363 1688145224 1733046152 -1952955798 1497784850 -1101269942

i = 46
Mang truoc khi xu ly: 1645836330 1572562427 1476432306 1403442162 1390061054 1312463116 1300148336 1214997989 1164413985 1107697300 1095210405 1075936178 994454751 926971782 905905392 567733929 546444048 341919198 300999872 273401162 250772805 110360588 -16844638 -19685602 -389940929 -419672995 -420426527 -540807500 -582369551 -606553585 -685402367 -699153463 -852082383 -1044337445 -1057417454 -1314323534 -1398092031 -1403230957 -1459378922 -1460588622 -1479176342 -1484920049 -1526070070 -1533542806 -1579866978 -1748024749 320962363 1688145224 1733046152 -1952955798 1497784850 -1101269942
Phan tu dang xet A[46] = 320962363
Chen 320962363 vao vi tri k = 18
Mang sau khi xu ly: 1645836330 1572562427 1476432306 1403442162 1390061054 1312463116 1300148336 1214997989 1164413985 1107697300 1095210405 1075936178 994454751 926971782 905905392 567733929 546444048 341919198 320962363 300999872 273401162 250772805 110360588 -16844638 -19685602 -389940929 -419672995 -420426527 -540807500 -582369551 -606553585 -685402367 -699153463 -852082383 -1044337445 -1057417454 -1314323534 -1398092031 -1403230957 -1459378922 -1460588622 -1479176342 -1484920049 -1526070070 -1533542806 -1579866978 -1748024749 1688145224 1733046152 -1952955798 1497784850 -1101269942

i = 47
Mang truoc khi xu ly: 1645836330 1572562427 1476432306 1403442162 1390061054 1312463116 1300148336 1214997989 1164413985 1107697300 1095210405 1075936178 994454751 926971782 905905392 567733929 546444048 341919198 320962363 300999872 273401162 250772805 110360588 -16844638 -19685602 -389940929 -419672995 -420426527 -540807500 -582369551 -606553585 -685402367 -699153463 -852082383 -1044337445 -1057417454 -1314323534 -1398092031 -1403230957 -1459378922 -1460588622 -1479176342 -1484920049 -1526070070 -1533542806 -1579866978 -1748024749 1688145224 1733046152 -1952955798 1497784850 -1101269942
Phan tu dang xet A[47] = 1688145224
Chen 1688145224 vao vi tri k = 0
Mang sau khi xu ly: 1688145224 1645836330 1572562427 1476432306 1403442162 1390061054 1312463116 1300148336 1214997989 1164413985 1107697300 1095210405 1075936178 994454751 926971782 905905392 567733929 546444048 341919198 320962363 300999872 273401162 250772805 110360588 -16844638 -19685602 -389940929 -419672995 -420426527 -540807500 -582369551 -606553585 -685402367 -699153463 -852082383 -1044337445 -1057417454 -1314323534 -1398092031 -1403230957 -1459378922 -1460588622 -1479176342 -1484920049 -1526070070 -1533542806 -1579866978 -1748024749 1733046152 -1952955798 1497784850 -1101269942

i = 48
Mang truoc khi xu ly: 1688145224 1645836330 1572562427 1476432306 1403442162 1390061054 1312463116 1300148336 1214997989 1164413985 1107697300 1095210405 1075936178 994454751 926971782 905905392 567733929 546444048 341919198 320962363 300999872 273401162 250772805 110360588 -16844638 -19685602 -389940929 -419672995 -420426527 -540807500 -582369551 -606553585 -685402367 -699153463 -852082383 -1044337445 -1057417454 -1314323534 -1398092031 -1403230957 -1459378922 -1460588622 -1479176342 -1484920049 -1526070070 -1533542806 -1579866978 -1748024749 1733046152 -1952955798 1497784850 -1101269942
Phan tu dang xet A[48] = 1733046152
Chen 1733046152 vao vi tri k = 0
Mang sau khi xu ly: 1733046152 1688145224 1645836330 1572562427 1476432306 1403442162 1390061054 1312463116 1300148336 1214997989 1164413985 1107697300 1095210405 1075936178 994454751 926971782 905905392 567733929 546444048 341919198 320962363 300999872 273401162 250772805 110360588 -16844638 -19685602 -389940929 -419672995 -420426527 -540807500 -582369551 -606553585 -685402367 -699153463 -852082383 -1044337445 -1057417454 -1314323534 -1398092031 -1403230957 -1459378922 -1460588622 -1479176342 -1484920049 -1526070070 -1533542806 -1579866978 -1748024749 -1952955798 1497784850 -1101269942

i = 49
Mang truoc khi xu ly: 1733046152 1688145224 1645836330 1572562427 1476432306 1403442162 1390061054 1312463116 1300148336 1214997989 1164413985 1107697300 1095210405 1075936178 994454751 926971782 905905392 567733929 546444048 341919198 320962363 300999872 273401162 250772805 110360588 -16844638 -19685602 -389940929 -419672995 -420426527 -540807500 -582369551 -606553585 -685402367 -699153463 -852082383 -1044337445 -1057417454 -1314323534 -1398092031 -1403230957 -1459378922 -1460588622 -1479176342 -1484920049 -1526070070 -1533542806 -1579866978 -1748024749 -1952955798 1497784850 -1101269942
Phan tu dang xet A[49] = -1952955798
Chen -1952955798 vao vi tri k = 49
Mang sau khi xu ly: 1733046152 1688145224 1645836330 1572562427 1476432306 1403442162 1390061054 1312463116 1300148336 1214997989 1164413985 1107697300 1095210405 1075936178 994454751 926971782 905905392 567733929 546444048 341919198 320962363 300999872 273401162 250772805 110360588 -16844638 -19685602 -389940929 -419672995 -420426527 -540807500 -582369551 -606553585 -685402367 -699153463 -852082383 -1044337445 -1057417454 -1314323534 -1398092031 -1403230957 -1459378922 -1460588622 -1479176342 -1484920049 -1526070070 -1533542806 -1579866978 -1748024749 -1952955798 1497784850 -1101269942

i = 50
Mang truoc khi xu ly: 1733046152 1688145224 1645836330 1572562427 1476432306 1403442162 1390061054 1312463116 1300148336 1214997989 1164413985 1107697300 1095210405 1075936178 994454751 926971782 905905392 567733929 546444048 341919198 320962363 300999872 273401162 250772805 110360588 -16844638 -19685602 -389940929 -419672995 -420426527 -540807500 -582369551 -606553585 -685402367 -699153463 -852082383 -1044337445 -1057417454 -1314323534 -1398092031 -1403230957 -1459378922 -1460588622 -1479176342 -1484920049 -1526070070 -1533542806 -1579866978 -1748024749 -1952955798 1497784850 -1101269942
Phan tu dang xet A[50] = 1497784850
Chen 1497784850 vao vi tri k = 4
Mang sau khi xu ly: 1733046152 1688145224 1645836330 1572562427 1497784850 1476432306 1403442162 1390061054 1312463116 1300148336 1214997989 1164413985 1107697300 1095210405 1075936178 994454751 926971782 905905392 567733929 546444048 341919198 320962363 300999872 273401162 250772805 110360588 -16844638 -19685602 -389940929 -419672995 -420426527 -540807500 -582369551 -606553585 -685402367 -699153463 -852082383 -1044337445 -1057417454 -1314323534 -1398092031 -1403230957 -1459378922 -1460588622 -1479176342 -1484920049 -1526070070 -1533542806 -1579866978 -1748024749 -1952955798 -1101269942

i = 51
Mang truoc khi xu ly: 1733046152 1688145224 1645836330 1572562427 1497784850 1476432306 1403442162 1390061054 1312463116 1300148336 1214997989 1164413985 1107697300 1095210405 1075936178 994454751 926971782 905905392 567733929 546444048 341919198 320962363 300999872 273401162 250772805 110360588 -16844638 -19685602 -389940929 -419672995 -420426527 -540807500 -582369551 -606553585 -685402367 -699153463 -852082383 -1044337445 -1057417454 -1314323534 -1398092031 -1403230957 -1459378922 -1460588622 -1479176342 -1484920049 -1526070070 -1533542806 -1579866978 -1748024749 -1952955798 -1101269942
Phan tu dang xet A[51] = -1101269942
Chen -1101269942 vao vi tri k = 39
Mang sau khi xu ly: 1733046152 1688145224 1645836330 1572562427 1497784850 1476432306 1403442162 1390061054 1312463116 1300148336 1214997989 1164413985 1107697300 1095210405 1075936178 994454751 926971782 905905392 567733929 546444048 341919198 320962363 300999872 273401162 250772805 110360588 -16844638 -19685602 -389940929 -419672995 -420426527 -540807500 -582369551 -606553585 -685402367 -699153463 -852082383 -1044337445 -1057417454 -1101269942 -1314323534 -1398092031 -1403230957 -1459378922 -1460588622 -1479176342 -1484920049 -1526070070 -1533542806 -1579866978 -1748024749 -1952955798

Mang sau khi sap xep:
1733046152 1688145224 1645836330 1572562427 1497784850 1476432306 1403442162 1390061054 1312463116 1300148336 1214997989 1164413985 1107697300 1095210405 1075936178 994454751 926971782 905905392 567733929 546444048 341919198 320962363 300999872 273401162 250772805 110360588 -16844638 -19685602 -389940929 -419672995 -420426527 -540807500 -582369551 -606553585 -685402367 -699153463 -852082383 -1044337445 -1057417454 -1101269942 -1314323534 -1398092031 -1403230957 -1459378922 -1460588622 -1479176342 -1484920049 -1526070070 -1533542806 -1579866978 -1748024749 -1952955798
