Mang truoc khi sap xep:
151388032 1001827669 -94152811 -1000198655 -1283499420 -36190027 -20039425 -1772673956 -1570410909 -1286109396 -760523562 269054899 153914354 1142362097 245138741 1430239468 255635997 -581004733 -855385763 -1292323544 1811729544 -1041951790 -1021961751 -1603215544 533312377 -702248376 1018022952 1853858271 1492647348 1332044969 -502915249 9055145 925699548 775918955 -845136961 -1423136826 1914354396 90276256 -421827993 -1756524942 -400232587 -1404115382 -567731012 -973136381 210536839 85730513 1743150161 738925120 1962838227 1415216863 704237204 1316423332 158795808 -1694049997

Sap xep:
i = 1
Mang truoc khi xu ly: 151388032 1001827669 -94152811 -1000198655 -1283499420 -36190027 -20039425 -1772673956 -1570410909 -1286109396 -760523562 269054899 153914354 1142362097 245138741 1430239468 255635997 -581004733 -855385763 -1292323544 1811729544 -1041951790 -1021961751 -1603215544 533312377 -702248376 1018022952 1853858271 1492647348 1332044969 -502915249 9055145 925699548 775918955 -845136961 -1423136826 1914354396 90276256 -421827993 -1756524942 -400232587 -1404115382 -567731012 -973136381 210536839 85730513 1743150161 738925120 1962838227 1415216863 704237204 1316423332 158795808 -1694049997
Phan tu dang xet A[1] = 1001827669
Chen 1001827669 vao vi tri k = 0
Mang sau khi xu ly: 1001827669 151388032 -94152811 -1000198655 -1283499420 -36190027 -20039425 -1772673956 -1570410909 -1286109396 -760523562 269054899 153914354 1142362097 245138741 1430239468 255635997 -581004733 -855385763 -1292323544 1811729544 -1041951790 -1021961751 -1603215544 533312377 -702248376 1018022952 1853858271 1492647348 1332044969 -502915249 9055145 925699548 775918955 -845136961 -1423136826 1914354396 90276256 -421827993 -1756524942 -400232587 -1404115382 -567731012 -973136381 210536839 85730513 1743150161 738925120 1962838227 1415216863 704237204 1316423332 158795808 -1694049997

i = 2
Mang truoc khi xu ly: 1001827669 151388032 -94152811 -1000198655 -1283499420 -36190027 -20039425 -1772673956 -1570410909 -1286109396 -760523562 269054899 153914354 1142362097 245138741 1430239468 255635997 -581004733 -855385763 -1292323544 1811729544 -1041951790 -1021961751 -1603215544 533312377 -702248376 1018022952 1853858271 1492647348 1332044969 -502915249 9055145 925699548 775918955 -845136961 -1423136826 1914354396 90276256 -421827993 -1756524942 -400232587 -1404115382 -567731012 -973136381 210536839 85730513 1743150161 738925120 1962838227 1415216863 704237204 1316423332 158795808 -1694049997
Phan tu dang xet A[2] = -94152811
Chen -94152811 vao vi tri k = 2
Mang sau khi xu ly: 1001827669 151388032 -94152811 -1000198655 -1283499420 -36190027 -20039425 -1772673956 -1570410909 -1286109396 -760523562 269054899 153914354 1142362097 245138741 1430239468 255635997 -581004733 -855385763 -1292323544 1811729544 -1041951790 -1021961751 -1603215544 533312377 -702248376 1018022952 1853858271 1492647348 1332044969 -502915249 9055145 925699548 775918955 -845136961 -1423136826 1914354396 90276256 -421827993 -1756524942 -400232587 -1404115382 -567731012 -973136381 210536839 85730513 1743150161 738925120 1962838227 1415216863 704237204 1316423332 158795808 -1694049997

i = 3
Mang truoc khi xu ly: 1001827669 151388032 -94152811 -1000198655 -1283499420 -36190027 -20039425 -1772673956 -1570410909 -1286109396 -760523562 269054899 153914354 1142362097 245138741 1430239468 255635997 -581004733 -855385763 -1292323544 1811729544 -1041951790 -1021961751 -1603215544 533312377 -702248376 1018022952 1853858271 1492647348 1332044969 -502915249 9055145 925699548 775918955 -845136961 -1423136826 1914354396 90276256 -421827993 -1756524942 -400232587 -1404115382 -567731012 -973136381 210536839 85730513 1743150161 738925120 1962838227 1415216863 704237204 1316423332 158795808 -1694049997
Phan tu dang xet A[3] = -1000198655
Chen -1000198655 vao vi tri k = 3
Mang sau khi xu ly: 1001827669 151388032 -94152811 -1000198655 -1283499420 -36190027 -20039425 -1772673956 -1570410909 -1286109396 -760523562 269054899 153914354 1142362097 245138741 1430239468 255635997 -581004733 -855385763 -1292323544 1811729544 -1041951790 -1021961751 -1603215544 533312377 -702248376 1018022952 1853858271 1492647348 1332044969 -502915249 9055145 925699548 775918955 -845136961 -1423136826 1914354396 90276256 -421827993 -1756524942 -400232587 -1404115382 -567731012 -973136381 210536839 85730513 1743150161 738925120 1962838227 1415216863 704237204 1316423332 158795808 -1694049997

i = 4
Mang truoc khi xu ly: 1001827669 151388032 -94152811 -1000198655 -1283499420 -36190027 -20039425 -1772673956 -1570410909 -1286109396 -760523562 269054899 153914354 1142362097 245138741 1430239468 255635997 -581004733 -855385763 -1292323544 1811729544 -1041951790 -1021961751 -1603215544 533312377 -702248376 1018022952 1853858271 1492647348 1332044969 -502915249 9055145 925699548 775918955 -845136961 -1423136826 1914354396 90276256 -421827993 -1756524942 -400232587 -1404115382 -567731012 -973136381 210536839 85730513 1743150161 738925120 1962838227 1415216863 704237204 1316423332 158795808 -1694049997
Phan tu dang xet A[4] = -1283499420
Chen -1283499420 vao vi tri k = 4
Mang sau khi xu ly: 1001827669 151388032 -94152811 -1000198655 -1283499420 -36190027 -20039425 -1772673956 -1570410909 -1286109396 -760523562 269054899 153914354 1142362097 245138741 1430239468 255635997 -581004733 -855385763 -1292323544 1811729544 -1041951790 -1021961751 -1603215544 533312377 -702248376 1018022952 1853858271 1492647348 1332044969 -502915249 9055145 925699548 775918955 -845136961 -1423136826 1914354396 90276256 -421827993 -1756524942 -400232587 -1404115382 -567731012 -973136381 210536839 85730513 1743150161 738925120 1962838227 1415216863 704237204 1316423332 158795808 -1694049997

i = 5
Mang truoc khi xu ly: 1001827669 151388032 -94152811 -1000198655 -1283499420 -36190027 -20039425 -1772673956 -1570410909 -1286109396 -760523562 269054899 153914354 1142362097 245138741 1430239468 255635997 -581004733 -855385763 -1292323544 1811729544 -1041951790 -1021961751 -1603215544 533312377 -702248376 1018022952 1853858271 1492647348 1332044969 -502915249 9055145 925699548 775918955 -845136961 -1423136826 1914354396 90276256 -421827993 -1756524942 -400232587 -1404115382 -567731012 -973136381 210536839 85730513 1743150161 738925120 1962838227 1415216863 704237204 1316423332 158795808 -1694049997
Phan tu dang xet A[5] = -36190027
Chen -36190027 vao vi tri k = 2
Mang sau khi xu ly: 1001827669 151388032 -36190027 -94152811 -1000198655 -1283499420 -20039425 -1772673956 -1570410909 -1286109396 -760523562 269054899 153914354 1142362097 245138741 1430239468 255635997 -581004733 -855385763 -1292323544 1811729544 -1041951790 -1021961751 -1603215544 533312377 -702248376 1018022952 1853858271 1492647348 1332044969 -502915249 9055145 925699548 775918955 -845136961 -1423136826 1914354396 90276256 -421827993 -1756524942 -400232587 -1404115382 -567731012 -973136381 210536839 85730513 1743150161 738925120 1962838227 1415216863 704237204 1316423332 158795808 -1694049997

i = 6
Mang truoc khi xu ly: 1001827669 151388032 -36190027 -94152811 -1000198655 -1283499420 -20039425 -1772673956 -1570410909 -1286109396 -760523562 269054899 153914354 1142362097 245138741 1430239468 255635997 -581004733 -855385763 -1292323544 1811729544 -1041951790 -1021961751 -1603215544 533312377 -702248376 1018022952 1853858271 1492647348 1332044969 -502915249 9055145 925699548 775918955 -845136961 -1423136826 1914354396 90276256 -421827993 -1756524942 -400232587 -1404115382 -567731012 -973136381 210536839 85730513 1743150161 738925120 1962838227 1415216863 704237204 1316423332 158795808 -1694049997
Phan tu dang xet A[6] = -20039425
Chen -20039425 vao vi tri k = 2
Mang sau khi xu ly: 1001827669 151388032 -20039425 -36190027 -94152811 -1000198655 -1283499420 -1772673956 -1570410909 -1286109396 -760523562 269054899 153914354 1142362097 245138741 1430239468 255635997 -581004733 -855385763 -1292323544 1811729544 -1041951790 -1021961751 -1603215544 533312377 -702248376 1018022952 1853858271 1492647348 1332044969 -502915249 9055145 925699548 775918955 -845136961 -1423136826 1914354396 90276256 -421827993 -1756524942 -400232587 -1404115382 -567731012 -973136381 210536839 85730513 1743150161 738925120 1962838227 1415216863 704237204 1316423332 158795808 -1694049997

i = 7
Mang truoc khi xu ly: 1001827669 151388032 -20039425 -36190027 -94152811 -1000198655 -1283499420 -1772673956 -1570410909 -1286109396 -760523562 269054899 153914354 1142362097 245138741 1430239468 255635997 -581004733 -855385763 -1292323544 1811729544 -1041951790 -1021961751 -1603215544 533312377 -702248376 1018022952 1853858271 1492647348 1332044969 -502915249 9055145 925699548 775918955 -845136961 -1423136826 1914354396 90276256 -421827993 -1756524942 -400232587 -1404115382 -567731012 -973136381 210536839 85730513 1743150161 738925120 1962838227 1415216863 704237204 1316423332 158795808 -1694049997
Phan tu dang xet A[7] = -1772673956
Chen -1772673956 vao vi tri k = 7
Mang sau khi xu ly: 1001827669 151388032 -20039425 -36190027 -94152811 -1000198655 -1283499420 -1772673956 -1570410909 -1286109396 -760523562 269054899 153914354 1142362097 245138741 1430239468 255635997 -581004733 -855385763 -1292323544 1811729544 -1041951790 -1021961751 -1603215544 533312377 -702248376 1018022952 1853858271 1492647348 1332044969 -502915249 9055145 925699548 775918955 -845136961 -1423136826 1914354396 90276256 -421827993 -1756524942 -400232587 -1404115382 -567731012 -973136381 210536839 85730513 1743150161 738925120 1962838227 1415216863 704237204 1316423332 158795808 -1694049997

i = 8
Mang truoc khi xu ly: 1001827669 151388032 -20039425 -36190027 -94152811 -1000198655 -1283499420 -1772673956 -1570410909 -1286109396 -760523562 269054899 153914354 1142362097 245138741 1430239468 255635997 -581004733 -855385763 -1292323544 1811729544 -1041951790 -1021961751 -1603215544 533312377 -702248376 1018022952 1853858271 1492647348 1332044969 -502915249 9055145 925699548 775918955 -845136961 -1423136826 1914354396 90276256 -421827993 -1756524942 -400232587 -1404115382 -567731012 -973136381 210536839 85730513 1743150161 738925120 1962838227 1415216863 704237204 1316423332 158795808 -1694049997
Phan tu dang xet A[8] = -1570410909
Chen -1570410909 vao vi tri k = 7
Mang sau khi xu ly: 1001827669 151388032 -20039425 -36190027 -94152811 -1000198655 -1283499420 -1570410909 -1772673956 -1286109396 -760523562 269054899 153914354 1142362097 245138741 1430239468 255635997 -581004733 -855385763 -1292323544 1811729544 -1041951790 -1021961751 -1603215544 533312377 -702248376 1018022952 1853858271 1492647348 1332044969 -502915249 9055145 925699548 775918955 -845136961 -1423136826 1914354396 90276256 -421827993 -1756524942 -400232587 -1404115382 -567731012 -973136381 210536839 85730513 1743150161 738925120 1962838227 1415216863 704237204 1316423332 158795808 -1694049997

i = 9
Mang truoc khi xu ly: 1001827669 151388032 -20039425 -36190027 -94152811 -1000198655 -1283499420 -1570410909 -1772673956 -1286109396 -760523562 269054899 153914354 1142362097 245138741 1430239468 255635997 -581004733 -855385763 -1292323544 1811729544 -1041951790 -1021961751 -1603215544 533312377 -702248376 1018022952 1853858271 1492647348 1332044969 -502915249 9055145 925699548 775918955 -845136961 -1423136826 1914354396 90276256 -421827993 -1756524942 -400232587 -1404115382 -567731012 -973136381 210536839 85730513 1743150161 738925120 1962838227 1415216863 704237204 1316423332 158795808 -1694049997
Phan tu dang xet A[9] = -1286109396
Chen -1286109396 vao vi tri k = 7
Mang sau khi xu ly: 1001827669 151388032 -20039425 -36190027 -94152811 -1000198655 -1283499420 -1286109396 -1570410909 -1772673956 -760523562 269054899 153914354 1142362097 245138741 1430239468 255635997 -581004733 -855385763 -1292323544 1811729544 -1041951790 -1021961751 -1603215544 533312377 -702248376 1018022952 1853858271 1492647348 1332044969 -502915249 9055145 925699548 775918955 -845136961 -1423136826 1914354396 90276256 -421827993 -1756524942 -400232587 -1404115382 -567731012 -973136381 210536839 85730513 1743150161 738925120 1962838227 1415216863 704237204 1316423332 158795808 -1694049997

i = 10
Mang truoc khi xu ly: 1001827669 151388032 -20039425 -36190027 -94152811 -1000198655 -1283499420 -1286109396 -1570410909 -1772673956 -760523562 269054899 153914354 1142362097 245138741 1430239468 255635997 -581004733 -855385763 -1292323544 1811729544 -1041951790 -1021961751 -1603215544 533312377 -702248376 1018022952 1853858271 1492647348 1332044969 -502915249 9055145 925699548 775918955 -845136961 -1423136826 1914354396 90276256 -421827993 -1756524942 -400232587 -1404115382 -567731012 -973136381 210536839 85730513 1743150161 738925120 1962838227 1415216863 704237204 1316423332 158795808 -1694049997
Phan tu dang xet A[10] = -760523562
Chen -760523562 vao vi tri k = 5
Mang sau khi xu ly: 1001827669 151388032 -20039425 -36190027 -94152811 -760523562 -1000198655 -1283499420 -1286109396 -1570410909 -1772673956 269054899 153914354 1142362097 245138741 1430239468 255635997 -581004733 -855385763 -1292323544 1811729544 -1041951790 -1021961751 -1603215544 533312377 -702248376 1018022952 1853858271 1492647348 1332044969 -502915249 9055145 925699548 775918955 -845136961 -1423136826 1914354396 90276256 -421827993 -1756524942 -400232587 -1404115382 -567731012 -973136381 210536839 85730513 1743150161 738925120 1962838227 1415216863 704237204 1316423332 158795808 -1694049997

i = 11
Mang truoc khi xu ly: 1001827669 151388032 -20039425 -36190027 -94152811 -760523562 -1000198655 -1283499420 -1286109396 -1570410909 -1772673956 269054899 153914354 1142362097 245138741 1430239468 255635997 -581004733 -855385763 -1292323544 1811729544 -1041951790 -1021961751 -1603215544 533312377 -702248376 1018022952 1853858271 1492647348 1332044969 -502915249 9055145 925699548 775918955 -845136961 -1423136826 1914354396 90276256 -421827993 -1756524942 -400232587 -1404115382 -567731012 -973136381 210536839 85730513 1743150161 738925120 1962838227 1415216863 704237204 1316423332 158795808 -1694049997
Phan tu dang xet A[11] = 269054899
Chen 269054899 vao vi tri k = 1
Mang sau khi xu ly: 1001827669 269054899 151388032 -20039425 -36190027 -94152811 -760523562 -1000198655 -1283499420 -1286109396 -1570410909 -1772673956 153914354 1142362097 245138741 1430239468 255635997 -581004733 -855385763 -1292323544 1811729544 -1041951790 -1021961751 -1603215544 533312377 -702248376 1018022952 1853858271 1492647348 1332044969 -502915249 9055145 925699548 775918955 -845136961 -1423136826 1914354396 90276256 -421827993 -1756524942 -400232587 -1404115382 -567731012 -973136381 210536839 85730513 1743150161 738925120 1962838227 1415216863 704237204 1316423332 158795808 -1694049997

i = 12
Mang truoc khi xu ly: 1001827669 269054899 151388032 -20039425 -36190027 -94152811 -760523562 -1000198655 -1283499420 -1286109396 -1570410909 -1772673956 153914354 1142362097 245138741 1430239468 255635997 -581004733 -855385763 -1292323544 1811729544 -1041951790 -1021961751 -1603215544 533312377 -702248376 1018022952 1853858271 1492647348 1332044969 -502915249 9055145 925699548 775918955 -845136961 -1423136826 1914354396 90276256 -421827993 -1756524942 -400232587 -1404115382 -567731012 -973136381 210536839 85730513 1743150161 738925120 1962838227 1415216863 704237204 1316423332 158795808 -1694049997
Phan tu dang xet A[12] = 153914354
Chen 153914354 vao vi tri k = 2
Mang sau khi xu ly: 1001827669 269054899 153914354 151388032 -20039425 -36190027 -94152811 -760523562 -1000198655 -1283499420 -1286109396 -1570410909 -1772673956 1142362097 245138741 1430239468 255635997 -581004733 -855385763 -1292323544 1811729544 -1041951790 -1021961751 -1603215544 533312377 -702248376 1018022952 1853858271 1492647348 1332044969 -502915249 9055145 925699548 775918955 -845136961 -1423136826 1914354396 90276256 -421827993 -1756524942 -400232587 -1404115382 -567731012 -973136381 210536839 85730513 1743150161 738925120 1962838227 1415216863 704237204 1316423332 158795808 -1694049997

i = 13
Mang truoc khi xu ly: 1001827669 269054899 153914354 151388032 -20039425 -36190027 -94152811 -760523562 -1000198655 -1283499420 -1286109396 -1570410909 -1772673956 1142362097 245138741 1430239468 255635997 -581004733 -855385763 -1292323544 1811729544 -1041951790 -1021961751 -1603215544 533312377 -702248376 1018022952 1853858271 1492647348 1332044969 -502915249 9055145 925699548 775918955 -845136961 -1423136826 1914354396 90276256 -421827993 -1756524942 -400232587 -1404115382 -567731012 -973136381 210536839 85730513 1743150161 738925120 1962838227 1415216863 704237204 1316423332 158795808 -1694049997
Phan tu dang xet A[13] = 1142362097
Chen 1142362097 vao vi tri k = 0
Mang sau khi xu ly: 1142362097 1001827669 269054899 153914354 151388032 -20039425 -36190027 -94152811 -760523562 -1000198655 -1283499420 -1286109396 -1570410909 -1772673956 245138741 1430239468 255635997 -581004733 -855385763 -1292323544 1811729544 -1041951790 -1021961751 -1603215544 533312377 -702248376 1018022952 1853858271 1492647348 1332044969 -502915249 9055145 925699548 775918955 -845136961 -1423136826 1914354396 90276256 -421827993 -1756524942 -400232587 -1404115382 -567731012 -973136381 210536839 85730513 1743150161 738925120 1962838227 1415216863 704237204 1316423332 158795808 -1694049997

i = 14
Mang truoc khi xu ly: 1142362097 1001827669 269054899 153914354 151388032 -20039425 -36190027 -94152811 -760523562 -1000198655 -1283499420 -1286109396 -1570410909 -1772673956 245138741 1430239468 255635997 -581004733 -855385763 -1292323544 1811729544 -1041951790 -1021961751 -1603215544 533312377 -702248376 1018022952 1853858271 1492647348 1332044969 -502915249 9055145 925699548 775918955 -845136961 -1423136826 1914354396 90276256 -421827993 -1756524942 -400232587 -1404115382 -567731012 -973136381 210536839 85730513 1743150161 738925120 1962838227 1415216863 704237204 1316423332 158795808 -1694049997
Phan tu dang xet A[14] = 245138741
Chen 245138741 vao vi tri k = 3
Mang sau khi xu ly: 1142362097 1001827669 269054899 245138741 153914354 151388032 -20039425 -36190027 -94152811 -760523562 -1000198655 -1283499420 -1286109396 -1570410909 -1772673956 1430239468 255635997 -581004733 -855385763 -1292323544 1811729544 -1041951790 -1021961751 -1603215544 533312377 -702248376 1018022952 1853858271 1492647348 1332044969 -502915249 9055145 925699548 775918955 -845136961 -1423136826 1914354396 90276256 -421827993 -1756524942 -400232587 -1404115382 -567731012 -973136381 210536839 85730513 1743150161 738925120 1962838227 1415216863 704237204 1316423332 158795808 -1694049997

i = 15
Mang truoc khi xu ly: 1142362097 1001827669 269054899 245138741 153914354 151388032 -20039425 -36190027 -94152811 -760523562 -1000198655 -1283499420 -1286109396 -1570410909 -1772673956 1430239468 255635997 -581004733 -855385763 -1292323544 1811729544 -1041951790 -1021961751 -1603215544 533312377 -702248376 1018022952 1853858271 1492647348 1332044969 -502915249 9055145 925699548 775918955 -845136961 -1423136826 1914354396 90276256 -421827993 -1756524942 -400232587 -1404115382 -567731012 -973136381 210536839 85730513 1743150161 738925120 1962838227 1415216863 704237204 1316423332 158795808 -1694049997
Phan tu dang xet A[15] = 1430239468
Chen 1430239468 vao vi tri k = 0
Mang sau khi xu ly: 1430239468 1142362097 1001827669 269054899 245138741 153914354 151388032 -20039425 -36190027 -94152811 -760523562 -1000198655 -1283499420 -1286109396 -1570410909 -1772673956 255635997 -581004733 -855385763 -1292323544 1811729544 -1041951790 -1021961751 -1603215544 533312377 -702248376 1018022952 1853858271 1492647348 1332044969 -502915249 9055145 925699548 775918955 -845136961 -1423136826 1914354396 90276256 -421827993 -1756524942 -400232587 -1404115382 -567731012 -973136381 210536839 85730513 1743150161 738925120 1962838227 1415216863 704237204 1316423332 158795808 -1694049997

i = 16
Mang truoc khi xu ly: 1430239468 1142362097 1001827669 269054899 245138741 153914354 151388032 -20039425 -36190027 -94152811 -760523562 -1000198655 -1283499420 -1286109396 -1570410909 -1772673956 255635997 -581004733 -855385763 -1292323544 1811729544 -1041951790 -1021961751 -1603215544 533312377 -702248376 1018022952 1853858271 1492647348 1332044969 -502915249 9055145 925699548 775918955 -845136961 -1423136826 1914354396 90276256 -421827993 -1756524942 -400232587 -1404115382 -567731012 -973136381 210536839 85730513 1743150161 738925120 1962838227 1415216863 704237204 1316423332 158795808 -1694049997
Phan tu dang xet A[16] = 255635997
Chen 255635997 vao vi tri k = 4
Mang sau khi xu ly: 1430239468 1142362097 1001827669 269054899 255635997 245138741 153914354 151388032 -20039425 -36190027 -94152811 -760523562 -1000198655 -1283499420 -1286109396 -1570410909 -1772673956 -581004733 -855385763 -1292323544 1811729544 -1041951790 -1021961751 -1603215544 533312377 -702248376 1018022952 1853858271 1492647348 1332044969 -502915249 9055145 925699548 775918955 -845136961 -1423136826 1914354396 90276256 -421827993 -1756524942 -400232587 -1404115382 -567731012 -973136381 210536839 85730513 1743150161 738925120 1962838227 1415216863 704237204 1316423332 158795808 -1694049997

i = 17
Mang truoc khi xu ly: 1430239468 1142362097 1001827669 269054899 255635997 245138741 153914354 151388032 -20039425 -36190027 -94152811 -760523562 -1000198655 -1283499420 -1286109396 -1570410909 -1772673956 -581004733 -855385763 -1292323544 1811729544 -1041951790 -1021961751 -1603215544 533312377 -702248376 1018022952 1853858271 1492647348 1332044969 -502915249 9055145 925699548 775918955 -845136961 -1423136826 1914354396 90276256 -421827993 -1756524942 -400232587 -1404115382 -567731012 -973136381 210536839 85730513 1743150161 738925120 1962838227 1415216863 704237204 1316423332 158795808 -1694049997
Phan tu dang xet A[17] = -581004733
Chen -581004733 vao vi tri k = 11
Mang sau khi xu ly: 1430239468 1142362097 1001827669 269054899 255635997 245138741 153914354 151388032 -20039425 -36190027 -94152811 -581004733 -760523562 -1000198655 -1283499420 -1286109396 -1570410909 -1772673956 -855385763 -1292323544 1811729544 -1041951790 -1021961751 -1603215544 533312377 -702248376 1018022952 1853858271 1492647348 1332044969 -502915249 9055145 925699548 775918955 -845136961 -1423136826 1914354396 90276256 -421827993 -1756524942 -400232587 -1404115382 -567731012 -973136381 210536839 85730513 1743150161 738925120 1962838227 1415216863 704237204 1316423332 158795808 -1694049997

i = 18
Mang truoc khi xu ly: 1430239468 1142362097 1001827669 269054899 255635997 245138741 153914354 151388032 -20039425 -36190027 -94152811 -581004733 -760523562 -1000198655 -1283499420 -1286109396 -1570410909 -1772673956 -855385763 -1292323544 1811729544 -1041951790 -1021961751 -1603215544 533312377 -702248376 1018022952 1853858271 1492647348 1332044969 -502915249 9055145 925699548 775918955 -845136961 -1423136826 1914354396 90276256 -421827993 -1756524942 -400232587 -1404115382 -567731012 -973136381 210536839 85730513 1743150161 738925120 1962838227 1415216863 704237204 1316423332 158795808 -1694049997
Phan tu dang xet A[18] = -855385763
Chen -855385763 vao vi tri k = 13
Mang sau khi xu ly: 1430239468 1142362097 1001827669 269054899 255635997 245138741 153914354 151388032 -20039425 -36190027 -94152811 -581004733 -760523562 -855385763 -1000198655 -1283499420 -1286109396 -1570410909 -1772673956 -1292323544 1811729544 -1041951790 -1021961751 -1603215544 533312377 -702248376 1018022952 1853858271 1492647348 1332044969 -502915249 9055145 925699548 775918955 -845136961 -1423136826 1914354396 90276256 -421827993 -1756524942 -400232587 -1404115382 -567731012 -973136381 210536839 85730513 1743150161 738925120 1962838227 1415216863 704237204 1316423332 158795808 -1694049997

i = 19
Mang truoc khi xu ly: 1430239468 1142362097 1001827669 269054899 255635997 245138741 153914354 151388032 -20039425 -36190027 -94152811 -581004733 -760523562 -855385763 -1000198655 -1283499420 -1286109396 -1570410909 -1772673956 -1292323544 1811729544 -1041951790 -1021961751 -1603215544 533312377 -702248376 1018022952 1853858271 1492647348 1332044969 -502915249 9055145 925699548 775918955 -845136961 -1423136826 1914354396 90276256 -421827993 -1756524942 -400232587 -1404115382 -567731012 -973136381 210536839 85730513 1743150161 738925120 1962838227 1415216863 704237204 1316423332 158795808 -1694049997
Phan tu dang xet A[19] = -1292323544
Chen -1292323544 vao vi tri k = 17
Mang sau khi xu ly: 1430239468 1142362097 1001827669 269054899 255635997 245138741 153914354 151388032 -20039425 -36190027 -94152811 -581004733 -760523562 -855385763 -1000198655 -1283499420 -1286109396 -1292323544 -1570410909 -1772673956 1811729544 -1041951790 -1021961751 -1603215544 533312377 -702248376 1018022952 1853858271 1492647348 1332044969 -502915249 9055145 925699548 775918955 -845136961 -1423136826 1914354396 90276256 -421827993 -1756524942 -400232587 -1404115382 -567731012 -973136381 210536839 85730513 1743150161 738925120 1962838227 1415216863 704237204 1316423332 158795808 -1694049997

i = 20
Mang truoc khi xu ly: 1430239468 1142362097 1001827669 269054899 255635997 245138741 153914354 151388032 -20039425 -36190027 -94152811 -581004733 -760523562 -855385763 -1000198655 -1283499420 -1286109396 -1292323544 -1570410909 -1772673956 1811729544 -1041951790 -1021961751 -1603215544 533312377 -702248376 1018022952 1853858271 1492647348 1332044969 -502915249 9055145 925699548 775918955 -845136961 -1423136826 1914354396 90276256 -421827993 -1756524942 -400232587 -1404115382 -567731012 -973136381 210536839 85730513 1743150161 738925120 1962838227 1415216863 704237204 1316423332 158795808 -1694049997
Phan tu dang xet A[20] = 1811729544
Chen 1811729544 vao vi tri k = 0
Mang sau khi xu ly: 1811729544 1430239468 1142362097 1001827669 269054899 255635997 245138741 153914354 151388032 -20039425 -36190027 -94152811 -581004733 -760523562 -855385763 -1000198655 -1283499420 -1286109396 -1292323544 -1570410909 -1772673956 -1041951790 -1021961751 -1603215544 533312377 -702248376 1018022952 1853858271 1492647348 1332044969 -502915249 9055145 925699548 775918955 -845136961 -1423136826 1914354396 90276256 -421827993 -1756524942 -400232587 -1404115382 -567731012 -973136381 210536839 85730513 1743150161 738925120 1962838227 1415216863 704237204 1316423332 158795808 -1694049997

i = 21
Mang truoc khi xu ly: 1811729544 1430239468 1142362097 1001827669 269054899 255635997 245138741 153914354 151388032 -20039425 -36190027 -94152811 -581004733 -760523562 -855385763 -1000198655 -1283499420 -1286109396 -1292323544 -1570410909 -1772673956 -1041951790 -1021961751 -1603215544 533312377 -702248376 1018022952 1853858271 1492647348 1332044969 -502915249 9055145 925699548 775918955 -845136961 -1423136826 1914354396 90276256 -421827993 -1756524942 -400232587 -1404115382 -567731012 -973136381 210536839 85730513 1743150161 738925120 1962838227 1415216863 704237204 1316423332 158795808 -1694049997
Phan tu dang xet A[21] = -1041951790
Chen -1041951790 vao vi tri k = 16
Mang sau khi xu ly: 1811729544 1430239468 1142362097 1001827669 269054899 255635997 245138741 153914354 151388032 -20039425 -36190027 -94152811 -581004733 -760523562 -855385763 -1000198655 -1041951790 -1283499420 -1286109396 -1292323544 -1570410909 -1772673956 -1021961751 -1603215544 533312377 -702248376 1018022952 1853858271 1492647348 1332044969 -502915249 9055145 925699548 775918955 -845136961 -1423136826 1914354396 90276256 -421827993 -1756524942 -400232587 -1404115382 -567731012 -973136381 210536839 85730513 1743150161 738925120 1962838227 1415216863 704237204 1316423332 158795808 -1694049997

i = 22
Mang truoc khi xu ly: 1811729544 1430239468 1142362097 1001827669 269054899 255635997 245138741 153914354 151388032 -20039425 -36190027 -94152811 -581004733 -760523562 -855385763 -1000198655 -1041951790 -1283499420 -1286109396 -1292323544 -1570410909 -1772673956 -1021961751 -1603215544 533312377 -702248376 1018022952 1853858271 1492647348 1332044969 -502915249 9055145 925699548 775918955 -845136961 -1423136826 1914354396 90276256 -421827993 -1756524942 -400232587 -1404115382 -567731012 -973136381 210536839 85730513 1743150161 738925120 1962838227 1415216863 704237204 1316423332 158795808 -1694049997
Phan tu dang xet A[22] = -1021961751
Chen -1021961751 vao vi tri k = 16
Mang sau khi xu ly: 1811729544 1430239468 1142362097 1001827669 269054899 255635997 245138741 153914354 151388032 -20039425 -36190027 -94152811 -581004733 -760523562 -855385763 -1000198655 -1021961751 -1041951790 -1283499420 -1286109396 -1292323544 -1570410909 -1772673956 -1603215544 533312377 -702248376 1018022952 1853858271 1492647348 1332044969 -502915249 9055145 925699548 775918955 -845136961 -1423136826 1914354396 90276256 -421827993 -1756524942 -400232587 -1404115382 -567731012 -973136381 210536839 85730513 1743150161 738925120 1962838227 1415216863 704237204 1316423332 158795808 -1694049997

i = 23
Mang truoc khi xu ly: 1811729544 1430239468 1142362097 1001827669 269054899 255635997 245138741 153914354 151388032 -20039425 -36190027 -94152811 -581004733 -760523562 -855385763 -1000198655 -1021961751 -1041951790 -1283499420 -1286109396 -1292323544 -1570410909 -1772673956 -1603215544 533312377 -702248376 1018022952 1853858271 1492647348 1332044969 -502915249 9055145 925699548 775918955 -845136961 -1423136826 1914354396 90276256 -421827993 -1756524942 -400232587 -1404115382 -567731012 -973136381 210536839 85730513 1743150161 738925120 1962838227 1415216863 704237204 1316423332 158795808 -1694049997
Phan tu dang xet A[23] = -1603215544
Chen -1603215544 vao vi tri k = 22
Mang sau khi xu ly: 1811729544 1430239468 1142362097 1001827669 269054899 255635997 245138741 153914354 151388032 -20039425 -36190027 -94152811 -581004733 -760523562 -855385763 -1000198655 -1021961751 -1041951790 -1283499420 -1286109396 -1292323544 -1570410909 -1603215544 -1772673956 533312377 -702248376 1018022952 1853858271 1492647348 1332044969 -502915249 9055145 925699548 775918955 -845136961 -1423136826 1914354396 90276256 -421827993 -1756524942 -400232587 -1404115382 -567731012 -973136381 210536839 85730513 1743150161 738925120 1962838227 1415216863 704237204 1316423332 158795808 -1694049997

i = 24
Mang truoc khi xu ly: 1811729544 1430239468 1142362097 1001827669 269054899 255635997 245138741 153914354 151388032 -20039425 -36190027 -94152811 -581004733 -760523562 -855385763 -1000198655 -1021961751 -1041951790 -1283499420 -1286109396 -1292323544 -1570410909 -1603215544 -1772673956 533312377 -702248376 1018022952 1853858271 1492647348 1332044969 -502915249 9055145 925699548 775918955 -845136961 -1423136826 1914354396 90276256 -421827993 -1756524942 -400232587 -1404115382 -567731012 -973136381 210536839 85730513 1743150161 738925120 1962838227 1415216863 704237204 1316423332 158795808 -1694049997
Phan tu dang xet A[24] = 533312377
Chen 533312377 vao vi tri k = 4
Mang sau khi xu ly: 1811729544 1430239468 1142362097 1001827669 533312377 269054899 255635997 245138741 153914354 151388032 -20039425 -36190027 -94152811 -581004733 -760523562 -855385763 -1000198655 -1021961751 -1041951790 -1283499420 -1286109396 -1292323544 -1570410909 -1603215544 -1772673956 -702248376 1018022952 1853858271 1492647348 1332044969 -502915249 9055145 925699548 775918955 -845136961 -1423136826 1914354396 90276256 -421827993 -1756524942 -400232587 -1404115382 -567731012 -973136381 210536839 85730513 1743150161 738925120 1962838227 1415216863 704237204 1316423332 158795808 -1694049997

i = 25
Mang truoc khi xu ly: 1811729544 1430239468 1142362097 1001827669 533312377 269054899 255635997 245138741 153914354 151388032 -20039425 -36190027 -94152811 -581004733 -760523562 -855385763 -1000198655 -1021961751 -1041951790 -1283499420 -1286109396 -1292323544 -1570410909 -1603215544 -1772673956 -702248376 1018022952 1853858271 1492647348 1332044969 -502915249 9055145 925699548 775918955 -845136961 -1423136826 1914354396 90276256 -421827993 -1756524942 -400232587 -1404115382 -567731012 -973136381 210536839 85730513 1743150161 738925120 1962838227 1415216863 704237204 1316423332 158795808 -1694049997
Phan tu dang xet A[25] = -702248376
Chen -702248376 vao vi tri k = 14
Mang sau khi xu ly: 1811729544 1430239468 1142362097 1001827669 533312377 269054899 255635997 245138741 153914354 151388032 -20039425 -36190027 -94152811 -581004733 -702248376 -760523562 -855385763 -1000198655 -1021961751 -1041951790 -1283499420 -1286109396 -1292323544 -1570410909 -1603215544 -1772673956 1018022952 1853858271 1492647348 1332044969 -502915249 9055145 925699548 775918955 -845136961 -1423136826 1914354396 90276256 -421827993 -1756524942 -400232587 -1404115382 -567731012 -973136381 210536839 85730513 1743150161 738925120 1962838227 1415216863 704237204 1316423332 158795808 -1694049997

i = 26
Mang truoc khi xu ly: 1811729544 1430239468 1142362097 1001827669 533312377 269054899 255635997 245138741 153914354 151388032 -20039425 -36190027 -94152811 -581004733 -702248376 -760523562 -855385763 -1000198655 -1021961751 -1041951790 -1283499420 -1286109396 -1292323544 -1570410909 -1603215544 -1772673956 1018022952 1853858271 1492647348 1332044969 -502915249 9055145 925699548 775918955 -845136961 -1423136826 1914354396 90276256 -421827993 -1756524942 -400232587 -1404115382 -567731012 -973136381 210536839 85730513 1743150161 738925120 1962838227 1415216863 704237204 1316423332 158795808 -1694049997
Phan tu dang xet A[26] = 1018022952
Chen 1018022952 vao vi tri k = 3
Mang sau khi xu ly: 1811729544 1430239468 1142362097 1018022952 1001827669 533312377 269054899 255635997 245138741 153914354 151388032 -20039425 -36190027 -94152811 -581004733 -702248376 -760523562 -855385763 -1000198655 -1021961751 -1041951790 -1283499420 -1286109396 -1292323544 -1570410909 -1603215544 -1772673956 1853858271 1492647348 1332044969 -502915249 9055145 925699548 775918955 -845136961 -1423136826 1914354396 90276256 -421827993 -1756524942 -400232587 -1404115382 -567731012 -973136381 210536839 85730513 1743150161 738925120 1962838227 1415216863 704237204 1316423332 158795808 -1694049997

i = 27
Mang truoc khi xu ly: 1811729544 1430239468 1142362097 1018022952 1001827669 533312377 269054899 255635997 245138741 153914354 151388032 -20039425 -36190027 -94152811 -581004733 -702248376 -760523562 -855385763 -1000198655 -1021961751 -1041951790 -1283499420 -1286109396 -1292323544 -1570410909 -1603215544 -1772673956 1853858271 1492647348 1332044969 -502915249 9055145 925699548 775918955 -845136961 -1423136826 1914354396 90276256 -421827993 -1756524942 -400232587 -1404115382 -567731012 -973136381 210536839 85730513 1743150161 738925120 1962838227 1415216863 704237204 1316423332 158795808 -1694049997
Phan tu dang xet A[27] = 1853858271
Chen 1853858271 vao vi tri k = 0
Mang sau khi xu ly: 1853858271 1811729544 1430239468 1142362097 1018022952 1001827669 533312377 269054899 255635997 245138741 153914354 151388032 -20039425 -36190027 -94152811 -581004733 -702248376 -760523562 -855385763 -1000198655 -1021961751 -1041951790 -1283499420 -1286109396 -1292323544 -1570410909 -1603215544 -1772673956 1492647348 1332044969 -502915249 9055145 925699548 775918955 -845136961 -1423136826 1914354396 90276256 -421827993 -1756524942 -400232587 -1404115382 -567731012 -973136381 210536839 85730513 1743150161 738925120 1962838227 1415216863 704237204 1316423332 158795808 -1694049997

i = 28
Mang truoc khi xu ly: 1853858271 1811729544 1430239468 1142362097 1018022952 1001827669 533312377 269054899 255635997 245138741 153914354 151388032 -20039425 -36190027 -94152811 -581004733 -702248376 -760523562 -855385763 -1000198655 -1021961751 -1041951790 -1283499420 -1286109396 -1292323544 -1570410909 -1603215544 -1772673956 1492647348 1332044969 -502915249 9055145 925699548 775918955 -845136961 -1423136826 1914354396 90276256 -421827993 -1756524942 -400232587 -1404115382 -567731012 -973136381 210536839 85730513 1743150161 738925120 1962838227 1415216863 704237204 1316423332 158795808 -1694049997
Phan tu dang xet A[28] = 1492647348
Chen 1492647348 vao vi tri k = 2
Mang sau khi xu ly: 1853858271 1811729544 1492647348 1430239468 1142362097 1018022952 1001827669 533312377 269054899 255635997 245138741 153914354 151388032 -20039425 -36190027 -94152811 -581004733 -702248376 -760523562 -855385763 -1000198655 -1021961751 -1041951790 -1283499420 -1286109396 -1292323544 -1570410909 -1603215544 -1772673956 1332044969 -502915249 9055145 925699548 775918955 -845136961 -1423136826 1914354396 90276256 -421827993 -1756524942 -400232587 -1404115382 -567731012 -973136381 210536839 85730513 1743150161 738925120 1962838227 1415216863 704237204 1316423332 158795808 -1694049997

i = 29
Mang truoc khi xu ly: 1853858271 1811729544 1492647348 1430239468 1142362097 1018022952 1001827669 533312377 269054899 255635997 245138741 153914354 151388032 -20039425 -36190027 -94152811 -581004733 -702248376 -760523562 -855385763 -1000198655 -1021961751 -1041951790 -1283499420 -1286109396 -1292323544 -1570410909 -1603215544 -1772673956 1332044969 -502915249 9055145 925699548 775918955 -845136961 -1423136826 1914354396 90276256 -421827993 -1756524942 -400232587 -1404115382 -567731012 -973136381 210536839 85730513 1743150161 738925120 1962838227 1415216863 704237204 1316423332 158795808 -1694049997
Phan tu dang xet A[29] = 1332044969
Chen 1332044969 vao vi tri k = 4
Mang sau khi xu ly: 1853858271 1811729544 1492647348 1430239468 1332044969 1142362097 1018022952 1001827669 533312377 269054899 255635997 245138741 153914354 151388032 -20039425 -36190027 -94152811 -581004733 -702248376 -760523562 -855385763 -1000198655 -1021961751 -1041951790 -1283499420 -1286109396 -1292323544 -1570410909 -1603215544 -1772673956 -502915249 9055145 925699548 775918955 -845136961 -1423136826 1914354396 90276256 -421827993 -1756524942 -400232587 -1404115382 -567731012 -973136381 210536839 85730513 1743150161 738925120 1962838227 1415216863 704237204 1316423332 158795808 -1694049997

i = 30
Mang truoc khi xu ly: 1853858271 1811729544 1492647348 1430239468 1332044969 1142362097 1018022952 1001827669 533312377 269054899 255635997 245138741 153914354 151388032 -20039425 -36190027 -94152811 -581004733 -702248376 -760523562 -855385763 -1000198655 -1021961751 -1041951790 -1283499420 -1286109396 -1292323544 -1570410909 -1603215544 -1772673956 -502915249 9055145 925699548 775918955 -845136961 -1423136826 1914354396 90276256 -421827993 -1756524942 -400232587 -1404115382 -567731012 -973136381 210536839 85730513 1743150161 738925120 1962838227 1415216863 704237204 1316423332 158795808 -1694049997
Phan tu dang xet A[30] = -502915249
Chen -502915249 vao vi tri k = 17
Mang sau khi xu ly: 1853858271 1811729544 1492647348 1430239468 1332044969 1142362097 1018022952 1001827669 533312377 269054899 255635997 245138741 153914354 151388032 -20039425 -36190027 -94152811 -502915249 -581004733 -702248376 -760523562 -855385763 -1000198655 -1021961751 -1041951790 -1283499420 -1286109396 -1292323544 -1570410909 -1603215544 -1772673956 9055145 925699548 775918955 -845136961 -1423136826 1914354396 90276256 -421827993 -1756524942 -400232587 -1404115382 -567731012 -973136381 210536839 85730513 1743150161 738925120 1962838227 1415216863 704237204 1316423332 158795808 -1694049997

i = 31
Mang truoc khi xu ly: 1853858271 1811729544 1492647348 1430239468 1332044969 1142362097 1018022952 1001827669 533312377 269054899 255635997 245138741 153914354 151388032 -20039425 -36190027 -94152811 -502915249 -581004733 -702248376 -760523562 -855385763 -1000198655 -1021961751 -1041951790 -1283499420 -1286109396 -1292323544 -1570410909 -1603215544 -1772673956 9055145 925699548 775918955 -845136961 -1423136826 1914354396 90276256 -421827993 -1756524942 -400232587 -1404115382 -567731012 -973136381 210536839 85730513 1743150161 738925120 1962838227 1415216863 704237204 1316423332 158795808 -1694049997
Phan tu dang xet A[31] = 9055145
Chen 9055145 vao vi tri k = 14
Mang sau khi xu ly: 1853858271 1811729544 1492647348 1430239468 1332044969 1142362097 1018022952 1001827669 533312377 269054899 255635997 245138741 153914354 151388032 9055145 -20039425 -36190027 -94152811 -502915249 -581004733 -702248376 -760523562 -855385763 -1000198655 -1021961751 -1041951790 -1283499420 -1286109396 -1292323544 -1570410909 -1603215544 -1772673956 925699548 775918955 -845136961 -1423136826 1914354396 90276256 -421827993 -1756524942 -400232587 -1404115382 -567731012 -973136381 210536839 85730513 1743150161 738925120 1962838227 1415216863 704237204 1316423332 158795808 -1694049997

i = 32
Mang truoc khi xu ly: 1853858271 1811729544 1492647348 1430239468 1332044969 1142362097 1018022952 1001827669 533312377 269054899 255635997 245138741 153914354 151388032 9055145 -20039425 -36190027 -94152811 -502915249 -581004733 -702248376 -760523562 -855385763 -1000198655 -1021961751 -1041951790 -1283499420 -1286109396 -1292323544 -1570410909 -1603215544 -1772673956 925699548 775918955 -845136961 -1423136826 1914354396 90276256 -421827993 -1756524942 -400232587 -1404115382 -567731012 -973136381 210536839 85730513 1743150161 738925120 1962838227 1415216863 704237204 1316423332 158795808 -1694049997
Phan tu dang xet A[32] = 925699548
Chen 925699548 vao vi tri k = 8
Mang sau khi xu ly: 1853858271 1811729544 1492647348 1430239468 1332044969 1142362097 1018022952 1001827669 925699548 533312377 269054899 255635997 245138741 153914354 151388032 9055145 -20039425 -36190027 -94152811 -502915249 -581004733 -702248376 -760523562 -855385763 -1000198655 -1021961751 -1041951790 -1283499420 -1286109396 -1292323544 -1570410909 -1603215544 -1772673956 775918955 -845136961 -1423136826 1914354396 90276256 -421827993 -1756524942 -400232587 -1404115382 -567731012 -973136381 210536839 85730513 1743150161 738925120 1962838227 1415216863 704237204 1316423332 158795808 -1694049997

i = 33
Mang truoc khi xu ly: 1853858271 1811729544 1492647348 1430239468 1332044969 1142362097 1018022952 1001827669 925699548 533312377 269054899 255635997 245138741 153914354 151388032 9055145 -20039425 -36190027 -94152811 -502915249 -581004733 -702248376 -760523562 -855385763 -1000198655 -1021961751 -1041951790 -1283499420 -1286109396 -1292323544 -1570410909 -1603215544 -1772673956 775918955 -845136961 -1423136826 1914354396 90276256 -421827993 -1756524942 -400232587 -1404115382 -567731012 -973136381 210536839 85730513 1743150161 738925120 1962838227 1415216863 704237204 1316423332 158795808 -1694049997
Phan tu dang xet A[33] = 775918955
Chen 775918955 vao vi tri k = 9
Mang sau khi xu ly: 1853858271 1811729544 1492647348 1430239468 1332044969 1142362097 1018022952 1001827669 925699548 775918955 533312377 269054899 255635997 245138741 153914354 151388032 9055145 -20039425 -36190027 -94152811 -502915249 -581004733 -702248376 -760523562 -855385763 -1000198655 -1021961751 -1041951790 -1283499420 -1286109396 -1292323544 -1570410909 -1603215544 -1772673956 -845136961 -1423136826 1914354396 90276256 -421827993 -1756524942 -400232587 -1404115382 -567731012 -973136381 210536839 85730513 1743150161 738925120 1962838227 1415216863 704237204 1316423332 158795808 -1694049997

i = 34
Mang truoc khi xu ly: 1853858271 1811729544 1492647348 1430239468 1332044969 1142362097 1018022952 1001827669 925699548 775918955 533312377 269054899 255635997 245138741 153914354 151388032 9055145 -20039425 -36190027 -94152811 -502915249 -581004733 -702248376 -760523562 -855385763 -1000198655 -1021961751 -1041951790 -1283499420 -1286109396 -1292323544 -1570410909 -1603215544 -1772673956 -845136961 -1423136826 1914354396 90276256 -421827993 -1756524942 -400232587 -1404115382 -567731012 -973136381 210536839 85730513 1743150161 738925120 1962838227 1415216863 704237204 1316423332 158795808 -1694049997
Phan tu dang xet A[34] = -845136961
Chen -845136961 vao vi tri k = 24
Mang sau khi xu ly: 1853858271 1811729544 1492647348 1430239468 1332044969 1142362097 1018022952 1001827669 925699548 775918955 533312377 269054899 255635997 245138741 153914354 151388032 9055145 -20039425 -36190027 -94152811 -502915249 -581004733 -702248376 -760523562 -845136961 -855385763 -1000198655 -1021961751 -1041951790 -1283499420 -1286109396 -1292323544 -1570410909 -1603215544 -1772673956 -1423136826 1914354396 90276256 -421827993 -1756524942 -400232587 -1404115382 -567731012 -973136381 210536839 85730513 1743150161 738925120 1962838227 1415216863 704237204 1316423332 158795808 -1694049997

i = 35
Mang truoc khi xu ly: 1853858271 1811729544 1492647348 1430239468 1332044969 1142362097 1018022952 1001827669 925699548 775918955 533312377 269054899 255635997 245138741 153914354 151388032 9055145 -20039425 -36190027 -94152811 -502915249 -581004733 -702248376 -760523562 -845136961 -855385763 -1000198655 -1021961751 -1041951790 -1283499420 -1286109396 -1292323544 -1570410909 -1603215544 -1772673956 -1423136826 1914354396 90276256 -421827993 -1756524942 -400232587 -1404115382 -567731012 -973136381 210536839 85730513 1743150161 738925120 1962838227 1415216863 704237204 1316423332 158795808 -1694049997
Phan tu dang xet A[35] = -1423136826
Chen -1423136826 vao vi tri k = 32
Mang sau khi xu ly: 1853858271 1811729544 1492647348 1430239468 1332044969 1142362097 1018022952 1001827669 925699548 775918955 533312377 269054899 255635997 245138741 153914354 151388032 9055145 -20039425 -36190027 -94152811 -502915249 -581004733 -702248376 -760523562 -845136961 -855385763 -1000198655 -1021961751 -1041951790 -1283499420 -1286109396 -1292323544 -1423136826 -1570410909 -1603215544 -1772673956 1914354396 90276256 -421827993 -1756524942 -400232587 -1404115382 -567731012 -973136381 210536839 85730513 1743150161 738925120 1962838227 1415216863 704237204 1316423332 158795808 -1694049997

i = 36
Mang truoc khi xu ly: 1853858271 1811729544 1492647348 1430239468 1332044969 1142362097 1018022952 1001827669 925699548 775918955 533312377 269054899 255635997 245138741 153914354 151388032 9055145 -20039425 -36190027 -94152811 -502915249 -581004733 -702248376 -760523562 -845136961 -855385763 -1000198655 -1021961751 -1041951790 -1283499420 -1286109396 -1292323544 -1423136826 -1570410909 -1603215544 -1772673956 1914354396 90276256 -421827993 -1756524942 -400232587 -1404115382 -567731012 -973136381 210536839 85730513 1743150161 738925120 1962838227 1415216863 704237204 1316423332 158795808 -1694049997
Phan tu dang xet A[36] = 1914354396
Chen 1914354396 vao vi tri k = 0
Mang sau khi xu ly: 1914354396 1853858271 1811729544 1492647348 1430239468 1332044969 1142362097 1018022952 1001827669 925699548 775918955 533312377 269054899 255635997 245138741 153914354 151388032 9055145 -20039425 -36190027 -94152811 -502915249 -581004733 -702248376 -760523562 -845136961 -855385763 -1000198655 -1021961751 -1041951790 -1283499420 -1286109396 -1292323544 -1423136826 -1570410909 -1603215544 -1772673956 90276256 -421827993 -1756524942 -400232587 -1404115382 -567731012 -973136381 210536839 85730513 1743150161 738925120 1962838227 1415216863 704237204 1316423332 158795808 -1694049997

i = 37
Mang truoc khi xu ly: 1914354396 1853858271 1811729544 1492647348 1430239468 1332044969 1142362097 1018022952 1001827669 925699548 775918955 533312377 269054899 255635997 245138741 153914354 151388032 9055145 -20039425 -36190027 -94152811 -502915249 -581004733 -702248376 -760523562 -845136961 -855385763 -1000198655 -1021961751 -1041951790 -1283499420 -1286109396 -1292323544 -1423136826 -1570410909 -1603215544 -1772673956 90276256 -421827993 -1756524942 -400232587 -1404115382 -567731012 -973136381 210536839 85730513 1743150161 738925120 1962838227 1415216863 704237204 1316423332 158795808 -1694049997
Phan tu dang xet A[37] = 90276256
Chen 90276256 vao vi tri k = 17
Mang sau khi xu ly: 1914354396 1853858271 1811729544 1492647348 1430239468 1332044969 1142362097 1018022952 1001827669 925699548 775918955 533312377 269054899 255635997 245138741 153914354 151388032 90276256 9055145 -20039425 -36190027 -94152811 -502915249 -581004733 -702248376 -760523562 -845136961 -855385763 -1000198655 -1021961751 -1041951790 -1283499420 -1286109396 -1292323544 -1423136826 -1570410909 -1603215544 -1772673956 -421827993 -1756524942 -400232587 -1404115382 -567731012 -973136381 210536839 85730513 1743150161 738925120 1962838227 1415216863 704237204 1316423332 158795808 -1694049997

i = 38
Mang truoc khi xu ly: 1914354396 1853858271 1811729544 1492647348 1430239468 1332044969 1142362097 1018022952 1001827669 925699548 775918955 533312377 269054899 255635997 245138741 153914354 151388032 90276256 9055145 -20039425 -36190027 -94152811 -502915249 -581004733 -702248376 -760523562 -845136961 -855385763 -1000198655 -1021961751 -1041951790 -1283499420 -1286109396 -1292323544 -1423136826 -1570410909 -1603215544 -1772673956 -421827993 -1756524942 -400232587 -1404115382 -567731012 -973136381 210536839 85730513 1743150161 738925120 1962838227 1415216863 704237204 1316423332 158795808 -1694049997
Phan tu dang xet A[38] = -421827993
Chen -421827993 vao vi tri k = 22
Mang sau khi xu ly: 1914354396 1853858271 1811729544 1492647348 1430239468 1332044969 1142362097 1018022952 1001827669 925699548 775918955 533312377 269054899 255635997 245138741 153914354 151388032 90276256 9055145 -20039425 -36190027 -94152811 -421827993 -502915249 -581004733 -702248376 -760523562 -845136961 -855385763 -1000198655 -1021961751 -1041951790 -1283499420 -1286109396 -1292323544 -1423136826 -1570410909 -1603215544 -1772673956 -1756524942 -400232587 -1404115382 -567731012 -973136381 210536839 85730513 1743150161 738925120 1962838227 1415216863 704237204 1316423332 158795808 -1694049997

i = 39
Mang truoc khi xu ly: 1914354396 1853858271 1811729544 1492647348 1430239468 1332044969 1142362097 1018022952 1001827669 925699548 775918955 533312377 269054899 255635997 245138741 153914354 151388032 90276256 9055145 -20039425 -36190027 -94152811 -421827993 -502915249 -581004733 -702248376 -760523562 -845136961 -855385763 -1000198655 -1021961751 -1041951790 -1283499420 -1286109396 -1292323544 -1423136826 -1570410909 -1603215544 -1772673956 -1756524942 -400232587 -1404115382 -567731012 -973136381 210536839 85730513 1743150161 738925120 1962838227 1415216863 704237204 1316423332 158795808 -1694049997
Phan tu dang xet A[39] = -1756524942
Chen -1756524942 vao vi tri k = 38
Mang sau khi xu ly: 1914354396 1853858271 1811729544 1492647348 1430239468 1332044969 1142362097 1018022952 1001827669 925699548 775918955 533312377 269054899 255635997 245138741 153914354 151388032 90276256 9055145 -20039425 -36190027 -94152811 -421827993 -502915249 -581004733 -702248376 -760523562 -845136961 -855385763 -1000198655 -1021961751 -1041951790 -1283499420 -1286109396 -1292323544 -1423136826 -1570410909 -1603215544 -1756524942 -1772673956 -400232587 -1404115382 -567731012 -973136381 210536839 85730513 1743150161 738925120 1962838227 1415216863 704237204 1316423332 158795808 -1694049997

i = 40
Mang truoc khi xu ly: 1914354396 1853858271 1811729544 1492647348 1430239468 1332044969 1142362097 1018022952 1001827669 925699548 775918955 533312377 269054899 255635997 245138741 153914354 151388032 90276256 9055145 -20039425 -36190027 -94152811 -421827993 -502915249 -581004733 -702248376 -760523562 -845136961 -855385763 -1000198655 -1021961751 -1041951790 -1283499420 -1286109396 -1292323544 -1423136826 -1570410909 -1603215544 -1756524942 -1772673956 -400232587 -1404115382 -567731012 -973136381 210536839 85730513 1743150161 738925120 1962838227 1415216863 704237204 1316423332 158795808 -1694049997
Phan tu dang xet A[40] = -400232587
Chen -400232587 vao vi tri k = 22
Mang sau khi xu ly: 1914354396 1853858271 1811729544 1492647348 1430239468 1332044969 1142362097 1018022952 1001827669 925699548 775918955 533312377 269054899 255635997 245138741 153914354 151388032 90276256 9055145 -20039425 -36190027 -94152811 -400232587 -421827993 -502915249 -581004733 -702248376 -760523562 -845136961 -855385763 -1000198655 -1021961751 -1041951790 -1283499420 -1286109396 -1292323544 -1423136826 -1570410909 -1603215544 -1756524942 -1772673956 -1404115382 -567731012 -973136381 210536839 85730513 1743150161 738925120 1962838227 1415216863 704237204 1316423332 158795808 -1694049997

i = 41
Mang truoc khi xu ly: 1914354396 1853858271 1811729544 1492647348 1430239468 1332044969 1142362097 1018022952 1001827669 925699548 775918955 533312377 269054899 255635997 245138741 153914354 151388032 90276256 9055145 -20039425 -36190027 -94152811 -400232587 -421827993 -502915249 -581004733 -702248376 -760523562 -845136961 -855385763 -1000198655 -1021961751 -1041951790 -1283499420 -1286109396 -1292323544 -1423136826 -1570410909 -1603215544 -1756524942 -1772673956 -1404115382 -567731012 -973136381 210536839 85730513 1743150161 738925120 1962838227 1415216863 704237204 1316423332 158795808 -1694049997
Phan tu dang xet A[41] = -1404115382
Chen -1404115382 vao vi tri k = 36
Mang sau khi xu ly: 1914354396 1853858271 1811729544 1492647348 1430239468 1332044969 1142362097 1018022952 1001827669 925699548 775918955 533312377 269054899 255635997 245138741 153914354 151388032 90276256 9055145 -20039425 -36190027 -94152811 -400232587 -421827993 -502915249 -581004733 -702248376 -760523562 -845136961 -855385763 -1000198655 -1021961751 -1041951790 -1283499420 -1286109396 -1292323544 -1404115382 -1423136826 -1570410909 -1603215544 -1756524942 -1772673956 -567731012 -973136381 210536839 85730513 1743150161 738925120 1962838227 1415216863 704237204 1316423332 158795808 -1694049997

i = 42
Mang truoc khi xu ly: 1914354396 1853858271 1811729544 1492647348 1430239468 1332044969 1142362097 1018022952 1001827669 925699548 775918955 533312377 269054899 255635997 245138741 153914354 151388032 90276256 9055145 -20039425 -36190027 -94152811 -400232587 -421827993 -502915249 -581004733 -702248376 -760523562 -845136961 -855385763 -1000198655 -1021961751 -1041951790 -1283499420 -1286109396 -1292323544 -1404115382 -1423136826 -1570410909 -1603215544 -1756524942 -1772673956 -567731012 -973136381 210536839 85730513 1743150161 738925120 1962838227 1415216863 704237204 1316423332 158795808 -1694049997
Phan tu dang xet A[42] = -567731012
Chen -567731012 vao vi tri k = 25
Mang sau khi xu ly: 1914354396 1853858271 1811729544 1492647348 1430239468 1332044969 1142362097 1018022952 1001827669 925699548 775918955 533312377 269054899 255635997 245138741 153914354 151388032 90276256 9055145 -20039425 -36190027 -94152811 -400232587 -421827993 -502915249 -567731012 -581004733 -702248376 -760523562 -845136961 -855385763 -1000198655 -1021961751 -1041951790 -1283499420 -1286109396 -1292323544 -1404115382 -1423136826 -1570410909 -1603215544 -1756524942 -1772673956 -973136381 210536839 85730513 1743150161 738925120 1962838227 1415216863 704237204 1316423332 158795808 -1694049997

i = 43
Mang truoc khi xu ly: 1914354396 1853858271 1811729544 1492647348 1430239468 1332044969 1142362097 1018022952 1001827669 925699548 775918955 533312377 269054899 255635997 245138741 153914354 151388032 90276256 9055145 -20039425 -36190027 -94152811 -400232587 -421827993 -502915249 -567731012 -581004733 -702248376 -760523562 -845136961 -855385763 -1000198655 -1021961751 -1041951790 -1283499420 -1286109396 -1292323544 -1404115382 -1423136826 -1570410909 -1603215544 -1756524942 -1772673956 -973136381 210536839 85730513 1743150161 738925120 1962838227 1415216863 704237204 1316423332 158795808 -1694049997
Phan tu dang xet A[43] = -973136381
Chen -973136381 vao vi tri k = 31
Mang sau khi xu ly: 1914354396 1853858271 1811729544 1492647348 1430239468 1332044969 1142362097 1018022952 1001827669 925699548 775918955 533312377 269054899 255635997 245138741 153914354 151388032 90276256 9055145 -20039425 -36190027 -94152811 -400232587 -421827993 -502915249 -567731012 -581004733 -702248376 -760523562 -845136961 -855385763 -973136381 -1000198655 -1021961751 -1041951790 -1283499420 -1286109396 -1292323544 -1404115382 -1423136826 -1570410909 -1603215544 -1756524942 -1772673956 210536839 85730513 1743150161 738925120 1962838227 1415216863 704237204 1316423332 158795808 -1694049997

i = 44
Mang truoc khi xu ly: 1914354396 1853858271 1811729544 1492647348 1430239468 1332044969 1142362097 1018022952 1001827669 925699548 775918955 533312377 269054899 255635997 245138741 153914354 151388032 90276256 9055145 -20039425 -36190027 -94152811 -400232587 -421827993 -502915249 -567731012 -581004733 -702248376 -760523562 -845136961 -855385763 -973136381 -1000198655 -1021961751 -1041951790 -1283499420 -1286109396 -1292323544 -1404115382 -1423136826 -1570410909 -1603215544 -1756524942 -1772673956 210536839 85730513 1743150161 738925120 1962838227 1415216863 704237204 1316423332 158795808 -1694049997
Phan tu dang xet A[44] = 210536839
Chen 210536839 vao vi tri k = 15
Mang sau khi xu ly: 1914354396 1853858271 1811729544 1492647348 1430239468 1332044969 1142362097 1018022952 1001827669 925699548 775918955 533312377 269054899 255635997 245138741 210536839 153914354 151388032 90276256 9055145 -20039425 -36190027 -94152811 -400232587 -421827993 -502915249 -567731012 -581004733 -702248376 -760523562 -845136961 -855385763 -973136381 -1000198655 -1021961751 -1041951790 -1283499420 -1286109396 -1292323544 -1404115382 -1423136826 -1570410909 -1603215544 -1756524942 -1772673956 85730513 1743150161 738925120 1962838227 1415216863 704237204 1316423332 158795808 -1694049997

i = 45
Mang truoc khi xu ly: 1914354396 1853858271 1811729544 1492647348 1430239468 1332044969 1142362097 1018022952 1001827669 925699548 775918955 533312377 269054899 255635997 245138741 210536839 153914354 151388032 90276256 9055145 -20039425 -36190027 -94152811 -400232587 -421827993 -502915249 -567731012 -581004733 -702248376 -760523562 -845136961 -855385763 -973136381 -1000198655 -1021961751 -1041951790 -1283499420 -1286109396 -1292323544 -1404115382 -1423136826 -1570410909 -1603215544 -1756524942 -1772673956 85730513 1743150161 738925120 1962838227 1415216863 704237204 1316423332 158795808 -1694049997
Phan tu dang xet A[45] = 85730513
Chen 85730513 vao vi tri k = 19
Mang sau khi xu ly: 1914354396 1853858271 1811729544 1492647348 1430239468 1332044969 1142362097 1018022952 1001827669 925699548 775918955 533312377 269054899 255635997 245138741 210536839 153914354 151388032 90276256 85730513 9055145 -20039425 -36190027 -94152811 -400232587 -421827993 -502915249 -567731012 -581004733 -702248376 -760523562 -845136961 -855385763 -973136381 -1000198655 -1021961751 -1041951790 -1283499420 -1286109396 -1292323544 -1404115382 -1423136826 -1570410909 -1603215544 -1756524942 -1772673956 1743150161 738925120 1962838227 1415216863 704237204 1316423332 158795808 -1694049997

i = 46
Mang truoc khi xu ly: 1914354396 1853858271 1811729544 1492647348 1430239468 1332044969 1142362097 1018022952 1001827669 925699548 775918955 533312377 269054899 255635997 245138741 210536839 153914354 151388032 90276256 85730513 9055145 -20039425 -36190027 -94152811 -400232587 -421827993 -502915249 -567731012 -581004733 -702248376 -760523562 -845136961 -855385763 -973136381 -1000198655 -1021961751 -1041951790 -1283499420 -1286109396 -1292323544 -1404115382 -1423136826 -1570410909 -1603215544 -1756524942 -1772673956 1743150161 738925120 1962838227 1415216863 704237204 1316423332 158795808 -1694049997
Phan tu dang xet A[46] = 1743150161
Chen 1743150161 vao vi tri k = 3
Mang sau khi xu ly: 1914354396 1853858271 1811729544 1743150161 1492647348 1430239468 1332044969 1142362097 1018022952 1001827669 925699548 775918955 533312377 269054899 255635997 245138741 210536839 153914354 151388032 90276256 85730513 9055145 -20039425 -36190027 -94152811 -400232587 -421827993 -502915249 -567731012 -581004733 -702248376 -760523562 -845136961 -855385763 -973136381 -1000198655 -1021961751 -1041951790 -1283499420 -1286109396 -1292323544 -1404115382 -1423136826 -1570410909 -1603215544 -1756524942 -1772673956 738925120 1962838227 1415216863 704237204 1316423332 158795808 -1694049997

i = 47
Mang truoc khi xu ly: 1914354396 1853858271 1811729544 1743150161 1492647348 1430239468 1332044969 1142362097 1018022952 1001827669 925699548 775918955 533312377 269054899 255635997 245138741 210536839 153914354 151388032 90276256 85730513 9055145 -20039425 -36190027 -94152811 -400232587 -421827993 -502915249 -567731012 -581004733 -702248376 -760523562 -845136961 -855385763 -973136381 -1000198655 -1021961751 -1041951790 -1283499420 -1286109396 -1292323544 -1404115382 -1423136826 -1570410909 -1603215544 -1756524942 -1772673956 738925120 1962838227 1415216863 704237204 1316423332 158795808 -1694049997
Phan tu dang xet A[47] = 738925120
Chen 738925120 vao vi tri k = 12
Mang sau khi xu ly: 1914354396 1853858271 1811729544 1743150161 1492647348 1430239468 1332044969 1142362097 1018022952 1001827669 925699548 775918955 738925120 533312377 269054899 255635997 245138741 210536839 153914354 151388032 90276256 85730513 9055145 -20039425 -36190027 -94152811 -400232587 -421827993 -502915249 -567731012 -581004733 -702248376 -760523562 -845136961 -855385763 -973136381 -1000198655 -1021961751 -1041951790 -1283499420 -1286109396 -1292323544 -1404115382 -1423136826 -1570410909 -1603215544 -1756524942 -1772673956 1962838227 1415216863 704237204 1316423332 158795808 -1694049997

i = 48
Mang truoc khi xu ly: 1914354396 1853858271 1811729544 1743150161 1492647348 1430239468 1332044969 1142362097 1018022952 1001827669 925699548 775918955 738925120 533312377 269054899 255635997 245138741 210536839 153914354 151388032 90276256 85730513 9055145 -20039425 -36190027 -94152811 -400232587 -421827993 -502915249 -567731012 -581004733 -702248376 -760523562 -845136961 -855385763 -973136381 -1000198655 -1021961751 -1041951790 -1283499420 -1286109396 -1292323544 -1404115382 -1423136826 -1570410909 -1603215544 -1756524942 -1772673956 1962838227 1415216863 704237204 1316423332 158795808 -1694049997
Phan tu dang xet A[48] = 1962838227
Chen 1962838227 vao vi tri k = 0
Mang sau khi xu ly: 1962838227 1914354396 1853858271 1811729544 1743150161 1492647348 1430239468 1332044969 1142362097 1018022952 1001827669 925699548 775918955 738925120 533312377 269054899 255635997 245138741 210536839 153914354 151388032 90276256 85730513 9055145 -20039425 -36190027 -94152811 -400232587 -421827993 -502915249 -567731012 -581004733 -702248376 -760523562 -845136961 -855385763 -973136381 -1000198655 -1021961751 -1041951790 -1283499420 -1286109396 -1292323544 -1404115382 -1423136826 -1570410909 -1603215544 -1756524942 -1772673956 1415216863 704237204 1316423332 158795808 -1694049997

i = 49
Mang truoc khi xu ly: 1962838227 1914354396 1853858271 1811729544 1743150161 1492647348 1430239468 1332044969 1142362097 1018022952 1001827669 925699548 775918955 738925120 533312377 269054899 255635997 245138741 210536839 153914354 151388032 90276256 85730513 9055145 -20039425 -36190027 -94152811 -400232587 -421827993 -502915249 -567731012 -581004733 -702248376 -760523562 -845136961 -855385763 -973136381 -1000198655 -1021961751 -1041951790 -1283499420 -1286109396 -1292323544 -1404115382 -1423136826 -1570410909 -1603215544 -1756524942 -1772673956 1415216863 704237204 1316423332 158795808 -1694049997
Phan tu dang xet A[49] = 1415216863
Chen 1415216863 vao vi tri k = 7
Mang sau khi xu ly: 1962838227 1914354396 1853858271 1811729544 1743150161 1492647348 1430239468 1415216863 1332044969 1142362097 1018022952 1001827669 925699548 775918955 738925120 533312377 269054899 255635997 245138741 210536839 153914354 151388032 90276256 85730513 9055145 -20039425 -36190027 -94152811 -400232587 -421827993 -502915249 -567731012 -581004733 -702248376 -760523562 -845136961 -855385763 -973136381 -1000198655 -1021961751 -1041951790 -1283499420 -1286109396 -1292323544 -1404115382 -1423136826 -1570410909 -1603215544 -1756524942 -1772673956 704237204 1316423332 158795808 -1694049997

i = 50
Mang truoc khi xu ly: 1962838227 1914354396 1853858271 1811729544 1743150161 1492647348 1430239468 1415216863 1332044969 1142362097 1018022952 1001827669 925699548 775918955 738925120 533312377 269054899 255635997 245138741 210536839 153914354 151388032 90276256 85730513 9055145 -20039425 -36190027 -94152811 -400232587 -421827993 -502915249 -567731012 -581004733 -702248376 -760523562 -845136961 -855385763 -973136381 -1000198655 -1021961751 -1041951790 -1283499420 -1286109396 -1292323544 -1404115382 -1423136826 -1570410909 -1603215544 -1756524942 -1772673956 704237204 1316423332 158795808 -1694049997
Phan tu dang xet A[50] = 704237204
Chen 704237204 vao vi tri k = 15
Mang sau khi xu ly: 1962838227 1914354396 1853858271 1811729544 1743150161 1492647348 1430239468 1415216863 1332044969 1142362097 1018022952 1001827669 925699548 775918955 738925120 704237204 533312377 269054899 255635997 245138741 210536839 153914354 151388032 90276256 85730513 9055145 -20039425 -36190027 -94152811 -400232587 -421827993 -502915249 -567731012 -581004733 -702248376 -760523562 -845136961 -855385763 -973136381 -1000198655 -1021961751 -1041951790 -1283499420 -1286109396 -1292323544 -1404115382 -1423136826 -1570410909 -1603215544 -1756524942 -1772673956 1316423332 158795808 -1694049997

i = 51
Mang truoc khi xu ly: 1962838227 1914354396 1853858271 1811729544 1743150161 1492647348 1430239468 1415216863 1332044969 1142362097 1018022952 1001827669 925699548 775918955 738925120 704237204 533312377 269054899 255635997 245138741 210536839 153914354 151388032 90276256 85730513 9055145 -20039425 -36190027 -94152811 -400232587 -421827993 -502915249 -567731012 -581004733 -702248376 -760523562 -845136961 -855385763 -973136381 -1000198655 -1021961751 -1041951790 -1283499420 -1286109396 -1292323544 -1404115382 -1423136826 -1570410909 -1603215544 -1756524942 -1772673956 1316423332 158795808 -1694049997
Phan tu dang xet A[51] = 1316423332
Chen 1316423332 vao vi tri k = 9
Mang sau khi xu ly: 1962838227 1914354396 1853858271 1811729544 1743150161 1492647348 1430239468 1415216863 1332044969 1316423332 1142362097 1018022952 1001827669 925699548 775918955 738925120 704237204 533312377 269054899 255635997 245138741 210536839 153914354 151388032 90276256 85730513 9055145 -20039425 -36190027 -94152811 -400232587 -421827993 -502915249 -567731012 -581004733 -702248376 -760523562 -845136961 -855385763 -973136381 -1000198655 -1021961751 -1041951790 -1283499420 -1286109396 -1292323544 -1404115382 -1423136826 -1570410909 -1603215544 -1756524942 -1772673956 158795808 -1694049997

i = 52
Mang truoc khi xu ly: 1962838227 1914354396 1853858271 1811729544 1743150161 1492647348 1430239468 1415216863 1332044969 1316423332 1142362097 1018022952 1001827669 925699548 775918955 738925120 704237204 533312377 269054899 255635997 245138741 210536839 153914354 151388032 90276256 85730513 9055145 -20039425 -36190027 -94152811 -400232587 -421827993 -502915249 -567731012 -581004733 -702248376 -760523562 -845136961 -855385763 -973136381 -1000198655 -1021961751 -1041951790 -1283499420 -1286109396 -1292323544 -1404115382 -1423136826 -1570410909 -1603215544 -1756524942 -1772673956 158795808 -1694049997
Phan tu dang xet A[52] = 158795808
Chen 158795808 vao vi tri k = 22
Mang sau khi xu ly: 1962838227 1914354396 1853858271 1811729544 1743150161 1492647348 1430239468 1415216863 1332044969 1316423332 1142362097 1018022952 1001827669 925699548 775918955 738925120 704237204 533312377 269054899 255635997 245138741 210536839 158795808 153914354 151388032 90276256 85730513 9055145 -20039425 -36190027 -94152811 -400232587 -421827993 -502915249 -567731012 -581004733 -702248376 -760523562 -845136961 -855385763 -973136381 -1000198655 -1021961751 -1041951790 -1283499420 -1286109396 -1292323544 -1404115382 -1423136826 -1570410909 -1603215544 -1756524942 -1772673956 -1694049997

i = 53
Mang truoc khi xu ly: 1962838227 1914354396 1853858271 1811729544 1743150161 1492647348 1430239468 1415216863 1332044969 1316423332 1142362097 1018022952 1001827669 925699548 775918955 738925120 704237204 533312377 269054899 255635997 245138741 210536839 158795808 153914354 151388032 90276256 85730513 9055145 -20039425 -36190027 -94152811 -400232587 -421827993 -502915249 -567731012 -581004733 -702248376 -760523562 -845136961 -855385763 -973136381 -1000198655 -1021961751 -1041951790 -1283499420 -1286109396 -1292323544 -1404115382 -1423136826 -1570410909 -1603215544 -1756524942 -1772673956 -1694049997
Phan tu dang xet A[53] = -1694049997
Chen -1694049997 vao vi tri k = 51
Mang sau khi xu ly: 1962838227 1914354396 1853858271 1811729544 1743150161 1492647348 1430239468 1415216863 1332044969 1316423332 1142362097 1018022952 1001827669 925699548 775918955 738925120 704237204 533312377 269054899 255635997 245138741 210536839 158795808 153914354 151388032 90276256 85730513 9055145 -20039425 -36190027 -94152811 -400232587 -421827993 -502915249 -567731012 -581004733 -702248376 -760523562 -845136961 -855385763 -973136381 -1000198655 -1021961751 -1041951790 -1283499420 -1286109396 -1292323544 -1404115382 -1423136826 -1570410909 -1603215544 -1694049997 -1756524942 -1772673956

Mang sau khi sap xep:
1962838227 1914354396 1853858271 1811729544 1743150161 1492647348 1430239468 1415216863 1332044969 1316423332 1142362097 1018022952 1001827669 925699548 775918955 738925120 704237204 533312377 269054899 255635997 245138741 210536839 158795808 153914354 151388032 90276256 85730513 9055145 -20039425 -36190027 -94152811 -400232587 -421827993 -502915249 -567731012 -581004733 -702248376 -760523562 -845136961 -855385763 -973136381 -1000198655 -1021961751 -1041951790 -1283499420 -1286109396 -1292323544 -1404115382 -1423136826 -1570410909 -1603215544 -1694049997 -1756524942 -1772673956
