-997420018
-997420018
-997420018
-997420018
-997420018
-997420018
-997420018
-997420018
-997420018
-997420018
-997420018
-997420018
-997420018
-997420018
-997420018
-997420018
-997420018
-997420018
-997420018
-997420018
-997420018
-997420018
-997420018
-997420018
-997420018
-997420018
-997420018
-997420018
-997420018
-997420018
-997420018
-997420018
-997420018
-997420018
-997420018
-997420018
-997420018
-997420018
-997420018
-997420018
-997420018
-997420018
-997420018
-997420018
-997420018
-997420018
-997420018
-997420018
-997420018
-997420018
-997420018
-997420018
