Mang truoc khi sap xep:
1153900237 -1091222077 -1189827453 126965185

Sap xep:
i = 0
Mang truoc khi swap: 1153900237 -1091222077 -1189827453 126965185
Phan tu lon nhat trong doan [1, 3]: 1153900237
Swap 1153900237 va 1153900237
Mang sau khi swap: 1153900237 -1091222077 -1189827453 126965185

i = 1
Mang truoc khi swap: 1153900237 -1091222077 -1189827453 126965185
Phan tu lon nhat trong doan [2, 3]: 126965185
Swap -1091222077 va 126965185
Mang sau khi swap: 1153900237 126965185 -1189827453 -1091222077

i = 2
Mang truoc khi swap: 1153900237 126965185 -1189827453 -1091222077
Phan tu lon nhat trong doan [3, 3]: -1091222077
Swap -1189827453 va -1091222077
Mang sau khi swap: 1153900237 126965185 -1091222077 -1189827453

Mang sau khi sap xep:
1153900237 126965185 -1091222077 -1189827453
