Mang truoc khi sap xep:
-1743362755 32593123 -294209499 -1595073745 1415430846

Sap xep:
i = 0
Mang truoc khi swap: -1743362755 32593123 -294209499 -1595073745 1415430846
Phan tu lon nhat trong doan [1, 4]: 1415430846
Swap -1743362755 va 1415430846
Mang sau khi swap: 1415430846 32593123 -294209499 -1595073745 -1743362755

i = 1
Mang truoc khi swap: 1415430846 32593123 -294209499 -1595073745 -1743362755
Phan tu lon nhat trong doan [2, 4]: 32593123
Swap 32593123 va 32593123
Mang sau khi swap: 1415430846 32593123 -294209499 -1595073745 -1743362755

i = 2
Mang truoc khi swap: 1415430846 32593123 -294209499 -1595073745 -1743362755
Phan tu lon nhat trong doan [3, 4]: -294209499
Swap -294209499 va -294209499
Mang sau khi swap: 1415430846 32593123 -294209499 -1595073745 -1743362755

i = 3
Mang truoc khi swap: 1415430846 32593123 -294209499 -1595073745 -1743362755
Phan tu lon nhat trong doan [4, 4]: -1595073745
Swap -1595073745 va -1595073745
Mang sau khi swap: 1415430846 32593123 -294209499 -1595073745 -1743362755

Mang sau khi sap xep:
1415430846 32593123 -294209499 -1595073745 -1743362755
