Mang truoc khi sap xep:
-1859086771 741882915 709043799 -1211913924 -466978054 -1871513474 -1354092943 1426465542 844483162 818763800 -703725970 -1307162181 922250804 1688562226 49425690 -1376567812 -1085945242 1414800858 740200050 932732720 -1952546056 -1015167379 -417996971 1308064671 1656117901 1023697739 -180761198

Sap xep:
i = 0
Mang truoc khi swap: -1859086771 741882915 709043799 -1211913924 -466978054 -1871513474 -1354092943 1426465542 844483162 818763800 -703725970 -1307162181 922250804 1688562226 49425690 -1376567812 -1085945242 1414800858 740200050 932732720 -1952546056 -1015167379 -417996971 1308064671 1656117901 1023697739 -180761198
Phan tu lon nhat trong doan [1, 26]: 1688562226
Swap -1859086771 va 1688562226
Mang sau khi swap: 1688562226 741882915 709043799 -1211913924 -466978054 -1871513474 -1354092943 1426465542 844483162 818763800 -703725970 -1307162181 922250804 -1859086771 49425690 -1376567812 -1085945242 1414800858 740200050 932732720 -1952546056 -1015167379 -417996971 1308064671 1656117901 1023697739 -180761198

i = 1
Mang truoc khi swap: 1688562226 741882915 709043799 -1211913924 -466978054 -1871513474 -1354092943 1426465542 844483162 818763800 -703725970 -1307162181 922250804 -1859086771 49425690 -1376567812 -1085945242 1414800858 740200050 932732720 -1952546056 -1015167379 -417996971 1308064671 1656117901 1023697739 -180761198
Phan tu lon nhat trong doan [2, 26]: 1656117901
Swap 741882915 va 1656117901
Mang sau khi swap: 1688562226 1656117901 709043799 -1211913924 -466978054 -1871513474 -1354092943 1426465542 844483162 818763800 -703725970 -1307162181 922250804 -1859086771 49425690 -1376567812 -1085945242 1414800858 740200050 932732720 -1952546056 -1015167379 -417996971 1308064671 741882915 1023697739 -180761198

i = 2
Mang truoc khi swap: 1688562226 1656117901 709043799 -1211913924 -466978054 -1871513474 -1354092943 1426465542 844483162 818763800 -703725970 -1307162181 922250804 -1859086771 49425690 -1376567812 -1085945242 1414800858 740200050 932732720 -1952546056 -1015167379 -417996971 1308064671 741882915 1023697739 -180761198
Phan tu lon nhat trong doan [3, 26]: 1426465542
Swap 709043799 va 1426465542
Mang sau khi swap: 1688562226 1656117901 1426465542 -1211913924 -466978054 -1871513474 -1354092943 709043799 844483162 818763800 -703725970 -1307162181 922250804 -1859086771 49425690 -1376567812 -1085945242 1414800858 740200050 932732720 -1952546056 -1015167379 -417996971 1308064671 741882915 1023697739 -180761198

i = 3
Mang truoc khi swap: 1688562226 1656117901 1426465542 -1211913924 -466978054 -1871513474 -1354092943 709043799 844483162 818763800 -703725970 -1307162181 922250804 -1859086771 49425690 -1376567812 -1085945242 1414800858 740200050 932732720 -1952546056 -1015167379 -417996971 1308064671 741882915 1023697739 -180761198
Phan tu lon nhat trong doan [4, 26]: 1414800858
Swap -1211913924 va 1414800858
Mang sau khi swap: 1688562226 1656117901 1426465542 1414800858 -466978054 -1871513474 -1354092943 709043799 844483162 818763800 -703725970 -1307162181 922250804 -1859086771 49425690 -1376567812 -1085945242 -1211913924 740200050 932732720 -1952546056 -1015167379 -417996971 1308064671 741882915 1023697739 -180761198

i = 4
Mang truoc khi swap: 1688562226 1656117901 1426465542 1414800858 -466978054 -1871513474 -1354092943 709043799 844483162 818763800 -703725970 -1307162181 922250804 -1859086771 49425690 -1376567812 -1085945242 -1211913924 740200050 932732720 -1952546056 -1015167379 -417996971 1308064671 741882915 1023697739 -180761198
Phan tu lon nhat trong doan [5, 26]: 1308064671
Swap -466978054 va 1308064671
Mang sau khi swap: 1688562226 1656117901 1426465542 1414800858 1308064671 -1871513474 -1354092943 709043799 844483162 818763800 -703725970 -1307162181 922250804 -1859086771 49425690 -1376567812 -1085945242 -1211913924 740200050 932732720 -1952546056 -1015167379 -417996971 -466978054 741882915 1023697739 -180761198

i = 5
Mang truoc khi swap: 1688562226 1656117901 1426465542 1414800858 1308064671 -1871513474 -1354092943 709043799 844483162 818763800 -703725970 -1307162181 922250804 -1859086771 49425690 -1376567812 -1085945242 -1211913924 740200050 932732720 -1952546056 -1015167379 -417996971 -466978054 741882915 1023697739 -180761198
Phan tu lon nhat trong doan [6, 26]: 1023697739
Swap -1871513474 va 1023697739
Mang sau khi swap: 1688562226 1656117901 1426465542 1414800858 1308064671 1023697739 -1354092943 709043799 844483162 818763800 -703725970 -1307162181 922250804 -1859086771 49425690 -1376567812 -1085945242 -1211913924 740200050 932732720 -1952546056 -1015167379 -417996971 -466978054 741882915 -1871513474 -180761198

i = 6
Mang truoc khi swap: 1688562226 1656117901 1426465542 1414800858 1308064671 1023697739 -1354092943 709043799 844483162 818763800 -703725970 -1307162181 922250804 -1859086771 49425690 -1376567812 -1085945242 -1211913924 740200050 932732720 -1952546056 -1015167379 -417996971 -466978054 741882915 -1871513474 -180761198
Phan tu lon nhat trong doan [7, 26]: 932732720
Swap -1354092943 va 932732720
Mang sau khi swap: 1688562226 1656117901 1426465542 1414800858 1308064671 1023697739 932732720 709043799 844483162 818763800 -703725970 -1307162181 922250804 -1859086771 49425690 -1376567812 -1085945242 -1211913924 740200050 -1354092943 -1952546056 -1015167379 -417996971 -466978054 741882915 -1871513474 -180761198

i = 7
Mang truoc khi swap: 1688562226 1656117901 1426465542 1414800858 1308064671 1023697739 932732720 709043799 844483162 818763800 -703725970 -1307162181 922250804 -1859086771 49425690 -1376567812 -1085945242 -1211913924 740200050 -1354092943 -1952546056 -1015167379 -417996971 -466978054 741882915 -1871513474 -180761198
Phan tu lon nhat trong doan [8, 26]: 922250804
Swap 709043799 va 922250804
Mang sau khi swap: 1688562226 1656117901 1426465542 1414800858 1308064671 1023697739 932732720 922250804 844483162 818763800 -703725970 -1307162181 709043799 -1859086771 49425690 -1376567812 -1085945242 -1211913924 740200050 -1354092943 -1952546056 -1015167379 -417996971 -466978054 741882915 -1871513474 -180761198

i = 8
Mang truoc khi swap: 1688562226 1656117901 1426465542 1414800858 1308064671 1023697739 932732720 922250804 844483162 818763800 -703725970 -1307162181 709043799 -1859086771 49425690 -1376567812 -1085945242 -1211913924 740200050 -1354092943 -1952546056 -1015167379 -417996971 -466978054 741882915 -1871513474 -180761198
Phan tu lon nhat trong doan [9, 26]: 844483162
Swap 844483162 va 844483162
Mang sau khi swap: 1688562226 1656117901 1426465542 1414800858 1308064671 1023697739 932732720 922250804 844483162 818763800 -703725970 -1307162181 709043799 -1859086771 49425690 -1376567812 -1085945242 -1211913924 740200050 -1354092943 -1952546056 -1015167379 -417996971 -466978054 741882915 -1871513474 -180761198

i = 9
Mang truoc khi swap: 1688562226 1656117901 1426465542 1414800858 1308064671 1023697739 932732720 922250804 844483162 818763800 -703725970 -1307162181 709043799 -1859086771 49425690 -1376567812 -1085945242 -1211913924 740200050 -1354092943 -1952546056 -1015167379 -417996971 -466978054 741882915 -1871513474 -180761198
Phan tu lon nhat trong doan [10, 26]: 818763800
Swap 818763800 va 818763800
Mang sau khi swap: 1688562226 1656117901 1426465542 1414800858 1308064671 1023697739 932732720 922250804 844483162 818763800 -703725970 -1307162181 709043799 -1859086771 49425690 -1376567812 -1085945242 -1211913924 740200050 -1354092943 -1952546056 -1015167379 -417996971 -466978054 741882915 -1871513474 -180761198

i = 10
Mang truoc khi swap: 1688562226 1656117901 1426465542 1414800858 1308064671 1023697739 932732720 922250804 844483162 818763800 -703725970 -1307162181 709043799 -1859086771 49425690 -1376567812 -1085945242 -1211913924 740200050 -1354092943 -1952546056 -1015167379 -417996971 -466978054 741882915 -1871513474 -180761198
Phan tu lon nhat trong doan [11, 26]: 741882915
Swap -703725970 va 741882915
Mang sau khi swap: 1688562226 1656117901 1426465542 1414800858 1308064671 1023697739 932732720 922250804 844483162 818763800 741882915 -1307162181 709043799 -1859086771 49425690 -1376567812 -1085945242 -1211913924 740200050 -1354092943 -1952546056 -1015167379 -417996971 -466978054 -703725970 -1871513474 -180761198

i = 11
Mang truoc khi swap: 1688562226 1656117901 1426465542 1414800858 1308064671 1023697739 932732720 922250804 844483162 818763800 741882915 -1307162181 709043799 -1859086771 49425690 -1376567812 -1085945242 -1211913924 740200050 -1354092943 -1952546056 -1015167379 -417996971 -466978054 -703725970 -1871513474 -180761198
Phan tu lon nhat trong doan [12, 26]: 740200050
Swap -1307162181 va 740200050
Mang sau khi swap: 1688562226 1656117901 1426465542 1414800858 1308064671 1023697739 932732720 922250804 844483162 818763800 741882915 740200050 709043799 -1859086771 49425690 -1376567812 -1085945242 -1211913924 -1307162181 -1354092943 -1952546056 -1015167379 -417996971 -466978054 -703725970 -1871513474 -180761198

i = 12
Mang truoc khi swap: 1688562226 1656117901 1426465542 1414800858 1308064671 1023697739 932732720 922250804 844483162 818763800 741882915 740200050 709043799 -1859086771 49425690 -1376567812 -1085945242 -1211913924 -1307162181 -1354092943 -1952546056 -1015167379 -417996971 -466978054 -703725970 -1871513474 -180761198
Phan tu lon nhat trong doan [13, 26]: 709043799
Swap 709043799 va 709043799
Mang sau khi swap: 1688562226 1656117901 1426465542 1414800858 1308064671 1023697739 932732720 922250804 844483162 818763800 741882915 740200050 709043799 -1859086771 49425690 -1376567812 -1085945242 -1211913924 -1307162181 -1354092943 -1952546056 -1015167379 -417996971 -466978054 -703725970 -1871513474 -180761198

i = 13
Mang truoc khi swap: 1688562226 1656117901 1426465542 1414800858 1308064671 1023697739 932732720 922250804 844483162 818763800 741882915 740200050 709043799 -1859086771 49425690 -1376567812 -1085945242 -1211913924 -1307162181 -1354092943 -1952546056 -1015167379 -417996971 -466978054 -703725970 -1871513474 -180761198
Phan tu lon nhat trong doan [14, 26]: 49425690
Swap -1859086771 va 49425690
Mang sau khi swap: 1688562226 1656117901 1426465542 1414800858 1308064671 1023697739 932732720 922250804 844483162 818763800 741882915 740200050 709043799 49425690 -1859086771 -1376567812 -1085945242 -1211913924 -1307162181 -1354092943 -1952546056 -1015167379 -417996971 -466978054 -703725970 -1871513474 -180761198

i = 14
Mang truoc khi swap: 1688562226 1656117901 1426465542 1414800858 1308064671 1023697739 932732720 922250804 844483162 818763800 741882915 740200050 709043799 49425690 -1859086771 -1376567812 -1085945242 -1211913924 -1307162181 -1354092943 -1952546056 -1015167379 -417996971 -466978054 -703725970 -1871513474 -180761198
Phan tu lon nhat trong doan [15, 26]: -180761198
Swap -1859086771 va -180761198
Mang sau khi swap: 1688562226 1656117901 1426465542 1414800858 1308064671 1023697739 932732720 922250804 844483162 818763800 741882915 740200050 709043799 49425690 -180761198 -1376567812 -1085945242 -1211913924 -1307162181 -1354092943 -1952546056 -1015167379 -417996971 -466978054 -703725970 -1871513474 -1859086771

i = 15
Mang truoc khi swap: 1688562226 1656117901 1426465542 1414800858 1308064671 1023697739 932732720 922250804 844483162 818763800 741882915 740200050 709043799 49425690 -180761198 -1376567812 -1085945242 -1211913924 -1307162181 -1354092943 -1952546056 -1015167379 -417996971 -466978054 -703725970 -1871513474 -1859086771
Phan tu lon nhat trong doan [16, 26]: -417996971
Swap -1376567812 va -417996971
Mang sau khi swap: 1688562226 1656117901 1426465542 1414800858 1308064671 1023697739 932732720 922250804 844483162 818763800 741882915 740200050 709043799 49425690 -180761198 -417996971 -1085945242 -1211913924 -1307162181 -1354092943 -1952546056 -1015167379 -1376567812 -466978054 -703725970 -1871513474 -1859086771

i = 16
Mang truoc khi swap: 1688562226 1656117901 1426465542 1414800858 1308064671 1023697739 932732720 922250804 844483162 818763800 741882915 740200050 709043799 49425690 -180761198 -417996971 -1085945242 -1211913924 -1307162181 -1354092943 -1952546056 -1015167379 -1376567812 -466978054 -703725970 -1871513474 -1859086771
Phan tu lon nhat trong doan [17, 26]: -466978054
Swap -1085945242 va -466978054
Mang sau khi swap: 1688562226 1656117901 1426465542 1414800858 1308064671 1023697739 932732720 922250804 844483162 818763800 741882915 740200050 709043799 49425690 -180761198 -417996971 -466978054 -1211913924 -1307162181 -1354092943 -1952546056 -1015167379 -1376567812 -1085945242 -703725970 -1871513474 -1859086771

i = 17
Mang truoc khi swap: 1688562226 1656117901 1426465542 1414800858 1308064671 1023697739 932732720 922250804 844483162 818763800 741882915 740200050 709043799 49425690 -180761198 -417996971 -466978054 -1211913924 -1307162181 -1354092943 -1952546056 -1015167379 -1376567812 -1085945242 -703725970 -1871513474 -1859086771
Phan tu lon nhat trong doan [18, 26]: -703725970
Swap -1211913924 va -703725970
Mang sau khi swap: 1688562226 1656117901 1426465542 1414800858 1308064671 1023697739 932732720 922250804 844483162 818763800 741882915 740200050 709043799 49425690 -180761198 -417996971 -466978054 -703725970 -1307162181 -1354092943 -1952546056 -1015167379 -1376567812 -1085945242 -1211913924 -1871513474 -1859086771

i = 18
Mang truoc khi swap: 1688562226 1656117901 1426465542 1414800858 1308064671 1023697739 932732720 922250804 844483162 818763800 741882915 740200050 709043799 49425690 -180761198 -417996971 -466978054 -703725970 -1307162181 -1354092943 -1952546056 -1015167379 -1376567812 -1085945242 -1211913924 -1871513474 -1859086771
Phan tu lon nhat trong doan [19, 26]: -1015167379
Swap -1307162181 va -1015167379
Mang sau khi swap: 1688562226 1656117901 1426465542 1414800858 1308064671 1023697739 932732720 922250804 844483162 818763800 741882915 740200050 709043799 49425690 -180761198 -417996971 -466978054 -703725970 -1015167379 -1354092943 -1952546056 -1307162181 -1376567812 -1085945242 -1211913924 -1871513474 -1859086771

i = 19
Mang truoc khi swap: 1688562226 1656117901 1426465542 1414800858 1308064671 1023697739 932732720 922250804 844483162 818763800 741882915 740200050 709043799 49425690 -180761198 -417996971 -466978054 -703725970 -1015167379 -1354092943 -1952546056 -1307162181 -1376567812 -1085945242 -1211913924 -1871513474 -1859086771
Phan tu lon nhat trong doan [20, 26]: -1085945242
Swap -1354092943 va -1085945242
Mang sau khi swap: 1688562226 1656117901 1426465542 1414800858 1308064671 1023697739 932732720 922250804 844483162 818763800 741882915 740200050 709043799 49425690 -180761198 -417996971 -466978054 -703725970 -1015167379 -1085945242 -1952546056 -1307162181 -1376567812 -1354092943 -1211913924 -1871513474 -1859086771

i = 20
Mang truoc khi swap: 1688562226 1656117901 1426465542 1414800858 1308064671 1023697739 932732720 922250804 844483162 818763800 741882915 740200050 709043799 49425690 -180761198 -417996971 -466978054 -703725970 -1015167379 -1085945242 -1952546056 -1307162181 -1376567812 -1354092943 -1211913924 -1871513474 -1859086771
Phan tu lon nhat trong doan [21, 26]: -1211913924
Swap -1952546056 va -1211913924
Mang sau khi swap: 1688562226 1656117901 1426465542 1414800858 1308064671 1023697739 932732720 922250804 844483162 818763800 741882915 740200050 709043799 49425690 -180761198 -417996971 -466978054 -703725970 -1015167379 -1085945242 -1211913924 -1307162181 -1376567812 -1354092943 -1952546056 -1871513474 -1859086771

i = 21
Mang truoc khi swap: 1688562226 1656117901 1426465542 1414800858 1308064671 1023697739 932732720 922250804 844483162 818763800 741882915 740200050 709043799 49425690 -180761198 -417996971 -466978054 -703725970 -1015167379 -1085945242 -1211913924 -1307162181 -1376567812 -1354092943 -1952546056 -1871513474 -1859086771
Phan tu lon nhat trong doan [22, 26]: -1307162181
Swap -1307162181 va -1307162181
Mang sau khi swap: 1688562226 1656117901 1426465542 1414800858 1308064671 1023697739 932732720 922250804 844483162 818763800 741882915 740200050 709043799 49425690 -180761198 -417996971 -466978054 -703725970 -1015167379 -1085945242 -1211913924 -1307162181 -1376567812 -1354092943 -1952546056 -1871513474 -1859086771

i = 22
Mang truoc khi swap: 1688562226 1656117901 1426465542 1414800858 1308064671 1023697739 932732720 922250804 844483162 818763800 741882915 740200050 709043799 49425690 -180761198 -417996971 -466978054 -703725970 -1015167379 -1085945242 -1211913924 -1307162181 -1376567812 -1354092943 -1952546056 -1871513474 -1859086771
Phan tu lon nhat trong doan [23, 26]: -1354092943
Swap -1376567812 va -1354092943
Mang sau khi swap: 1688562226 1656117901 1426465542 1414800858 1308064671 1023697739 932732720 922250804 844483162 818763800 741882915 740200050 709043799 49425690 -180761198 -417996971 -466978054 -703725970 -1015167379 -1085945242 -1211913924 -1307162181 -1354092943 -1376567812 -1952546056 -1871513474 -1859086771

i = 23
Mang truoc khi swap: 1688562226 1656117901 1426465542 1414800858 1308064671 1023697739 932732720 922250804 844483162 818763800 741882915 740200050 709043799 49425690 -180761198 -417996971 -466978054 -703725970 -1015167379 -1085945242 -1211913924 -1307162181 -1354092943 -1376567812 -1952546056 -1871513474 -1859086771
Phan tu lon nhat trong doan [24, 26]: -1376567812
Swap -1376567812 va -1376567812
Mang sau khi swap: 1688562226 1656117901 1426465542 1414800858 1308064671 1023697739 932732720 922250804 844483162 818763800 741882915 740200050 709043799 49425690 -180761198 -417996971 -466978054 -703725970 -1015167379 -1085945242 -1211913924 -1307162181 -1354092943 -1376567812 -1952546056 -1871513474 -1859086771

i = 24
Mang truoc khi swap: 1688562226 1656117901 1426465542 1414800858 1308064671 1023697739 932732720 922250804 844483162 818763800 741882915 740200050 709043799 49425690 -180761198 -417996971 -466978054 -703725970 -1015167379 -1085945242 -1211913924 -1307162181 -1354092943 -1376567812 -1952546056 -1871513474 -1859086771
Phan tu lon nhat trong doan [25, 26]: -1859086771
Swap -1952546056 va -1859086771
Mang sau khi swap: 1688562226 1656117901 1426465542 1414800858 1308064671 1023697739 932732720 922250804 844483162 818763800 741882915 740200050 709043799 49425690 -180761198 -417996971 -466978054 -703725970 -1015167379 -1085945242 -1211913924 -1307162181 -1354092943 -1376567812 -1859086771 -1871513474 -1952546056

i = 25
Mang truoc khi swap: 1688562226 1656117901 1426465542 1414800858 1308064671 1023697739 932732720 922250804 844483162 818763800 741882915 740200050 709043799 49425690 -180761198 -417996971 -466978054 -703725970 -1015167379 -1085945242 -1211913924 -1307162181 -1354092943 -1376567812 -1859086771 -1871513474 -1952546056
Phan tu lon nhat trong doan [26, 26]: -1871513474
Swap -1871513474 va -1871513474
Mang sau khi swap: 1688562226 1656117901 1426465542 1414800858 1308064671 1023697739 932732720 922250804 844483162 818763800 741882915 740200050 709043799 49425690 -180761198 -417996971 -466978054 -703725970 -1015167379 -1085945242 -1211913924 -1307162181 -1354092943 -1376567812 -1859086771 -1871513474 -1952546056

Mang sau khi sap xep:
1688562226 1656117901 1426465542 1414800858 1308064671 1023697739 932732720 922250804 844483162 818763800 741882915 740200050 709043799 49425690 -180761198 -417996971 -466978054 -703725970 -1015167379 -1085945242 -1211913924 -1307162181 -1354092943 -1376567812 -1859086771 -1871513474 -1952546056
