Mang truoc khi sap xep:
-698832399 -1575249539 -1858501612 -391673652 -943753380 -160564941 437538097 205859428 693662504 1390126649 570434333 1423157323 -422790985 1908126723 1674072430 -269888972 276421070 -1674062314 1122112071 -1139578254 -470877885 1901581060 -1236445108 1722672922 -574281260 -1146297463 220150589 1297007252

Sap xep:
i = 0
Mang truoc khi swap: -698832399 -1575249539 -1858501612 -391673652 -943753380 -160564941 437538097 205859428 693662504 1390126649 570434333 1423157323 -422790985 1908126723 1674072430 -269888972 276421070 -1674062314 1122112071 -1139578254 -470877885 1901581060 -1236445108 1722672922 -574281260 -1146297463 220150589 1297007252
Phan tu lon nhat trong doan [1, 27]: 1908126723
Swap -698832399 va 1908126723
Mang sau khi swap: 1908126723 -1575249539 -1858501612 -391673652 -943753380 -160564941 437538097 205859428 693662504 1390126649 570434333 1423157323 -422790985 -698832399 1674072430 -269888972 276421070 -1674062314 1122112071 -1139578254 -470877885 1901581060 -1236445108 1722672922 -574281260 -1146297463 220150589 1297007252

i = 1
Mang truoc khi swap: 1908126723 -1575249539 -1858501612 -391673652 -943753380 -160564941 437538097 205859428 693662504 1390126649 570434333 1423157323 -422790985 -698832399 1674072430 -269888972 276421070 -1674062314 1122112071 -1139578254 -470877885 1901581060 -1236445108 1722672922 -574281260 -1146297463 220150589 1297007252
Phan tu lon nhat trong doan [2, 27]: 1901581060
Swap -1575249539 va 1901581060
Mang sau khi swap: 1908126723 1901581060 -1858501612 -391673652 -943753380 -160564941 437538097 205859428 693662504 1390126649 570434333 1423157323 -422790985 -698832399 1674072430 -269888972 276421070 -1674062314 1122112071 -1139578254 -470877885 -1575249539 -1236445108 1722672922 -574281260 -1146297463 220150589 1297007252

i = 2
Mang truoc khi swap: 1908126723 1901581060 -1858501612 -391673652 -943753380 -160564941 437538097 205859428 693662504 1390126649 570434333 1423157323 -422790985 -698832399 1674072430 -269888972 276421070 -1674062314 1122112071 -1139578254 -470877885 -1575249539 -1236445108 1722672922 -574281260 -1146297463 220150589 1297007252
Phan tu lon nhat trong doan [3, 27]: 1722672922
Swap -1858501612 va 1722672922
Mang sau khi swap: 1908126723 1901581060 1722672922 -391673652 -943753380 -160564941 437538097 205859428 693662504 1390126649 570434333 1423157323 -422790985 -698832399 1674072430 -269888972 276421070 -1674062314 1122112071 -1139578254 -470877885 -1575249539 -1236445108 -1858501612 -574281260 -1146297463 220150589 1297007252

i = 3
Mang truoc khi swap: 1908126723 1901581060 1722672922 -391673652 -943753380 -160564941 437538097 205859428 693662504 1390126649 570434333 1423157323 -422790985 -698832399 1674072430 -269888972 276421070 -1674062314 1122112071 -1139578254 -470877885 -1575249539 -1236445108 -1858501612 -574281260 -1146297463 220150589 1297007252
Phan tu lon nhat trong doan [4, 27]: 1674072430
Swap -391673652 va 1674072430
Mang sau khi swap: 1908126723 1901581060 1722672922 1674072430 -943753380 -160564941 437538097 205859428 693662504 1390126649 570434333 1423157323 -422790985 -698832399 -391673652 -269888972 276421070 -1674062314 1122112071 -1139578254 -470877885 -1575249539 -1236445108 -1858501612 -574281260 -1146297463 220150589 1297007252

i = 4
Mang truoc khi swap: 1908126723 1901581060 1722672922 1674072430 -943753380 -160564941 437538097 205859428 693662504 1390126649 570434333 1423157323 -422790985 -698832399 -391673652 -269888972 276421070 -1674062314 1122112071 -1139578254 -470877885 -1575249539 -1236445108 -1858501612 -574281260 -1146297463 220150589 1297007252
Phan tu lon nhat trong doan [5, 27]: 1423157323
Swap -943753380 va 1423157323
Mang sau khi swap: 1908126723 1901581060 1722672922 1674072430 1423157323 -160564941 437538097 205859428 693662504 1390126649 570434333 -943753380 -422790985 -698832399 -391673652 -269888972 276421070 -1674062314 1122112071 -1139578254 -470877885 -1575249539 -1236445108 -1858501612 -574281260 -1146297463 220150589 1297007252

i = 5
Mang truoc khi swap: 1908126723 1901581060 1722672922 1674072430 1423157323 -160564941 437538097 205859428 693662504 1390126649 570434333 -943753380 -422790985 -698832399 -391673652 -269888972 276421070 -1674062314 1122112071 -1139578254 -470877885 -1575249539 -1236445108 -1858501612 -574281260 -1146297463 220150589 1297007252
Phan tu lon nhat trong doan [6, 27]: 1390126649
Swap -160564941 va 1390126649
Mang sau khi swap: 1908126723 1901581060 1722672922 1674072430 1423157323 1390126649 437538097 205859428 693662504 -160564941 570434333 -943753380 -422790985 -698832399 -391673652 -269888972 276421070 -1674062314 1122112071 -1139578254 -470877885 -1575249539 -1236445108 -1858501612 -574281260 -1146297463 220150589 1297007252

i = 6
Mang truoc khi swap: 1908126723 1901581060 1722672922 1674072430 1423157323 1390126649 437538097 205859428 693662504 -160564941 570434333 -943753380 -422790985 -698832399 -391673652 -269888972 276421070 -1674062314 1122112071 -1139578254 -470877885 -1575249539 -1236445108 -1858501612 -574281260 -1146297463 220150589 1297007252
Phan tu lon nhat trong doan [7, 27]: 1297007252
Swap 437538097 va 1297007252
Mang sau khi swap: 1908126723 1901581060 1722672922 1674072430 1423157323 1390126649 1297007252 205859428 693662504 -160564941 570434333 -943753380 -422790985 -698832399 -391673652 -269888972 276421070 -1674062314 1122112071 -1139578254 -470877885 -1575249539 -1236445108 -1858501612 -574281260 -1146297463 220150589 437538097

i = 7
Mang truoc khi swap: 1908126723 1901581060 1722672922 1674072430 1423157323 1390126649 1297007252 205859428 693662504 -160564941 570434333 -943753380 -422790985 -698832399 -391673652 -269888972 276421070 -1674062314 1122112071 -1139578254 -470877885 -1575249539 -1236445108 -1858501612 -574281260 -1146297463 220150589 437538097
Phan tu lon nhat trong doan [8, 27]: 1122112071
Swap 205859428 va 1122112071
Mang sau khi swap: 1908126723 1901581060 1722672922 1674072430 1423157323 1390126649 1297007252 1122112071 693662504 -160564941 570434333 -943753380 -422790985 -698832399 -391673652 -269888972 276421070 -1674062314 205859428 -1139578254 -470877885 -1575249539 -1236445108 -1858501612 -574281260 -1146297463 220150589 437538097

i = 8
Mang truoc khi swap: 1908126723 1901581060 1722672922 1674072430 1423157323 1390126649 1297007252 1122112071 693662504 -160564941 570434333 -943753380 -422790985 -698832399 -391673652 -269888972 276421070 -1674062314 205859428 -1139578254 -470877885 -1575249539 -1236445108 -1858501612 -574281260 -1146297463 220150589 437538097
Phan tu lon nhat trong doan [9, 27]: 693662504
Swap 693662504 va 693662504
Mang sau khi swap: 1908126723 1901581060 1722672922 1674072430 1423157323 1390126649 1297007252 1122112071 693662504 -160564941 570434333 -943753380 -422790985 -698832399 -391673652 -269888972 276421070 -1674062314 205859428 -1139578254 -470877885 -1575249539 -1236445108 -1858501612 -574281260 -1146297463 220150589 437538097

i = 9
Mang truoc khi swap: 1908126723 1901581060 1722672922 1674072430 1423157323 1390126649 1297007252 1122112071 693662504 -160564941 570434333 -943753380 -422790985 -698832399 -391673652 -269888972 276421070 -1674062314 205859428 -1139578254 -470877885 -1575249539 -1236445108 -1858501612 -574281260 -1146297463 220150589 437538097
Phan tu lon nhat trong doan [10, 27]: 570434333
Swap -160564941 va 570434333
Mang sau khi swap: 1908126723 1901581060 1722672922 1674072430 1423157323 1390126649 1297007252 1122112071 693662504 570434333 -160564941 -943753380 -422790985 -698832399 -391673652 -269888972 276421070 -1674062314 205859428 -1139578254 -470877885 -1575249539 -1236445108 -1858501612 -574281260 -1146297463 220150589 437538097

i = 10
Mang truoc khi swap: 1908126723 1901581060 1722672922 1674072430 1423157323 1390126649 1297007252 1122112071 693662504 570434333 -160564941 -943753380 -422790985 -698832399 -391673652 -269888972 276421070 -1674062314 205859428 -1139578254 -470877885 -1575249539 -1236445108 -1858501612 -574281260 -1146297463 220150589 437538097
Phan tu lon nhat trong doan [11, 27]: 437538097
Swap -160564941 va 437538097
Mang sau khi swap: 1908126723 1901581060 1722672922 1674072430 1423157323 1390126649 1297007252 1122112071 693662504 570434333 437538097 -943753380 -422790985 -698832399 -391673652 -269888972 276421070 -1674062314 205859428 -1139578254 -470877885 -1575249539 -1236445108 -1858501612 -574281260 -1146297463 220150589 -160564941

i = 11
Mang truoc khi swap: 1908126723 1901581060 1722672922 1674072430 1423157323 1390126649 1297007252 1122112071 693662504 570434333 437538097 -943753380 -422790985 -698832399 -391673652 -269888972 276421070 -1674062314 205859428 -1139578254 -470877885 -1575249539 -1236445108 -1858501612 -574281260 -1146297463 220150589 -160564941
Phan tu lon nhat trong doan [12, 27]: 276421070
Swap -943753380 va 276421070
Mang sau khi swap: 1908126723 1901581060 1722672922 1674072430 1423157323 1390126649 1297007252 1122112071 693662504 570434333 437538097 276421070 -422790985 -698832399 -391673652 -269888972 -943753380 -1674062314 205859428 -1139578254 -470877885 -1575249539 -1236445108 -1858501612 -574281260 -1146297463 220150589 -160564941

i = 12
Mang truoc khi swap: 1908126723 1901581060 1722672922 1674072430 1423157323 1390126649 1297007252 1122112071 693662504 570434333 437538097 276421070 -422790985 -698832399 -391673652 -269888972 -943753380 -1674062314 205859428 -1139578254 -470877885 -1575249539 -1236445108 -1858501612 -574281260 -1146297463 220150589 -160564941
Phan tu lon nhat trong doan [13, 27]: 220150589
Swap -422790985 va 220150589
Mang sau khi swap: 1908126723 1901581060 1722672922 1674072430 1423157323 1390126649 1297007252 1122112071 693662504 570434333 437538097 276421070 220150589 -698832399 -391673652 -269888972 -943753380 -1674062314 205859428 -1139578254 -470877885 -1575249539 -1236445108 -1858501612 -574281260 -1146297463 -422790985 -160564941

i = 13
Mang truoc khi swap: 1908126723 1901581060 1722672922 1674072430 1423157323 1390126649 1297007252 1122112071 693662504 570434333 437538097 276421070 220150589 -698832399 -391673652 -269888972 -943753380 -1674062314 205859428 -1139578254 -470877885 -1575249539 -1236445108 -1858501612 -574281260 -1146297463 -422790985 -160564941
Phan tu lon nhat trong doan [14, 27]: 205859428
Swap -698832399 va 205859428
Mang sau khi swap: 1908126723 1901581060 1722672922 1674072430 1423157323 1390126649 1297007252 1122112071 693662504 570434333 437538097 276421070 220150589 205859428 -391673652 -269888972 -943753380 -1674062314 -698832399 -1139578254 -470877885 -1575249539 -1236445108 -1858501612 -574281260 -1146297463 -422790985 -160564941

i = 14
Mang truoc khi swap: 1908126723 1901581060 1722672922 1674072430 1423157323 1390126649 1297007252 1122112071 693662504 570434333 437538097 276421070 220150589 205859428 -391673652 -269888972 -943753380 -1674062314 -698832399 -1139578254 -470877885 -1575249539 -1236445108 -1858501612 -574281260 -1146297463 -422790985 -160564941
Phan tu lon nhat trong doan [15, 27]: -160564941
Swap -391673652 va -160564941
Mang sau khi swap: 1908126723 1901581060 1722672922 1674072430 1423157323 1390126649 1297007252 1122112071 693662504 570434333 437538097 276421070 220150589 205859428 -160564941 -269888972 -943753380 -1674062314 -698832399 -1139578254 -470877885 -1575249539 -1236445108 -1858501612 -574281260 -1146297463 -422790985 -391673652

i = 15
Mang truoc khi swap: 1908126723 1901581060 1722672922 1674072430 1423157323 1390126649 1297007252 1122112071 693662504 570434333 437538097 276421070 220150589 205859428 -160564941 -269888972 -943753380 -1674062314 -698832399 -1139578254 -470877885 -1575249539 -1236445108 -1858501612 -574281260 -1146297463 -422790985 -391673652
Phan tu lon nhat trong doan [16, 27]: -269888972
Swap -269888972 va -269888972
Mang sau khi swap: 1908126723 1901581060 1722672922 1674072430 1423157323 1390126649 1297007252 1122112071 693662504 570434333 437538097 276421070 220150589 205859428 -160564941 -269888972 -943753380 -1674062314 -698832399 -1139578254 -470877885 -1575249539 -1236445108 -1858501612 -574281260 -1146297463 -422790985 -391673652

i = 16
Mang truoc khi swap: 1908126723 1901581060 1722672922 1674072430 1423157323 1390126649 1297007252 1122112071 693662504 570434333 437538097 276421070 220150589 205859428 -160564941 -269888972 -943753380 -1674062314 -698832399 -1139578254 -470877885 -1575249539 -1236445108 -1858501612 -574281260 -1146297463 -422790985 -391673652
Phan tu lon nhat trong doan [17, 27]: -391673652
Swap -943753380 va -391673652
Mang sau khi swap: 1908126723 1901581060 1722672922 1674072430 1423157323 1390126649 1297007252 1122112071 693662504 570434333 437538097 276421070 220150589 205859428 -160564941 -269888972 -391673652 -1674062314 -698832399 -1139578254 -470877885 -1575249539 -1236445108 -1858501612 -574281260 -1146297463 -422790985 -943753380

i = 17
Mang truoc khi swap: 1908126723 1901581060 1722672922 1674072430 1423157323 1390126649 1297007252 1122112071 693662504 570434333 437538097 276421070 220150589 205859428 -160564941 -269888972 -391673652 -1674062314 -698832399 -1139578254 -470877885 -1575249539 -1236445108 -1858501612 -574281260 -1146297463 -422790985 -943753380
Phan tu lon nhat trong doan [18, 27]: -422790985
Swap -1674062314 va -422790985
Mang sau khi swap: 1908126723 1901581060 1722672922 1674072430 1423157323 1390126649 1297007252 1122112071 693662504 570434333 437538097 276421070 220150589 205859428 -160564941 -269888972 -391673652 -422790985 -698832399 -1139578254 -470877885 -1575249539 -1236445108 -1858501612 -574281260 -1146297463 -1674062314 -943753380

i = 18
Mang truoc khi swap: 1908126723 1901581060 1722672922 1674072430 1423157323 1390126649 1297007252 1122112071 693662504 570434333 437538097 276421070 220150589 205859428 -160564941 -269888972 -391673652 -422790985 -698832399 -1139578254 -470877885 -1575249539 -1236445108 -1858501612 -574281260 -1146297463 -1674062314 -943753380
Phan tu lon nhat trong doan [19, 27]: -470877885
Swap -698832399 va -470877885
Mang sau khi swap: 1908126723 1901581060 1722672922 1674072430 1423157323 1390126649 1297007252 1122112071 693662504 570434333 437538097 276421070 220150589 205859428 -160564941 -269888972 -391673652 -422790985 -470877885 -1139578254 -698832399 -1575249539 -1236445108 -1858501612 -574281260 -1146297463 -1674062314 -943753380

i = 19
Mang truoc khi swap: 1908126723 1901581060 1722672922 1674072430 1423157323 1390126649 1297007252 1122112071 693662504 570434333 437538097 276421070 220150589 205859428 -160564941 -269888972 -391673652 -422790985 -470877885 -1139578254 -698832399 -1575249539 -1236445108 -1858501612 -574281260 -1146297463 -1674062314 -943753380
Phan tu lon nhat trong doan [20, 27]: -574281260
Swap -1139578254 va -574281260
Mang sau khi swap: 1908126723 1901581060 1722672922 1674072430 1423157323 1390126649 1297007252 1122112071 693662504 570434333 437538097 276421070 220150589 205859428 -160564941 -269888972 -391673652 -422790985 -470877885 -574281260 -698832399 -1575249539 -1236445108 -1858501612 -1139578254 -1146297463 -1674062314 -943753380

i = 20
Mang truoc khi swap: 1908126723 1901581060 1722672922 1674072430 1423157323 1390126649 1297007252 1122112071 693662504 570434333 437538097 276421070 220150589 205859428 -160564941 -269888972 -391673652 -422790985 -470877885 -574281260 -698832399 -1575249539 -1236445108 -1858501612 -1139578254 -1146297463 -1674062314 -943753380
Phan tu lon nhat trong doan [21, 27]: -698832399
Swap -698832399 va -698832399
Mang sau khi swap: 1908126723 1901581060 1722672922 1674072430 1423157323 1390126649 1297007252 1122112071 693662504 570434333 437538097 276421070 220150589 205859428 -160564941 -269888972 -391673652 -422790985 -470877885 -574281260 -698832399 -1575249539 -1236445108 -1858501612 -1139578254 -1146297463 -1674062314 -943753380

i = 21
Mang truoc khi swap: 1908126723 1901581060 1722672922 1674072430 1423157323 1390126649 1297007252 1122112071 693662504 570434333 437538097 276421070 220150589 205859428 -160564941 -269888972 -391673652 -422790985 -470877885 -574281260 -698832399 -1575249539 -1236445108 -1858501612 -1139578254 -1146297463 -1674062314 -943753380
Phan tu lon nhat trong doan [22, 27]: -943753380
Swap -1575249539 va -943753380
Mang sau khi swap: 1908126723 1901581060 1722672922 1674072430 1423157323 1390126649 1297007252 1122112071 693662504 570434333 437538097 276421070 220150589 205859428 -160564941 -269888972 -391673652 -422790985 -470877885 -574281260 -698832399 -943753380 -1236445108 -1858501612 -1139578254 -1146297463 -1674062314 -1575249539

i = 22
Mang truoc khi swap: 1908126723 1901581060 1722672922 1674072430 1423157323 1390126649 1297007252 1122112071 693662504 570434333 437538097 276421070 220150589 205859428 -160564941 -269888972 -391673652 -422790985 -470877885 -574281260 -698832399 -943753380 -1236445108 -1858501612 -1139578254 -1146297463 -1674062314 -1575249539
Phan tu lon nhat trong doan [23, 27]: -1139578254
Swap -1236445108 va -1139578254
Mang sau khi swap: 1908126723 1901581060 1722672922 1674072430 1423157323 1390126649 1297007252 1122112071 693662504 570434333 437538097 276421070 220150589 205859428 -160564941 -269888972 -391673652 -422790985 -470877885 -574281260 -698832399 -943753380 -1139578254 -1858501612 -1236445108 -1146297463 -1674062314 -1575249539

i = 23
Mang truoc khi swap: 1908126723 1901581060 1722672922 1674072430 1423157323 1390126649 1297007252 1122112071 693662504 570434333 437538097 276421070 220150589 205859428 -160564941 -269888972 -391673652 -422790985 -470877885 -574281260 -698832399 -943753380 -1139578254 -1858501612 -1236445108 -1146297463 -1674062314 -1575249539
Phan tu lon nhat trong doan [24, 27]: -1146297463
Swap -1858501612 va -1146297463
Mang sau khi swap: 1908126723 1901581060 1722672922 1674072430 1423157323 1390126649 1297007252 1122112071 693662504 570434333 437538097 276421070 220150589 205859428 -160564941 -269888972 -391673652 -422790985 -470877885 -574281260 -698832399 -943753380 -1139578254 -1146297463 -1236445108 -1858501612 -1674062314 -1575249539

i = 24
Mang truoc khi swap: 1908126723 1901581060 1722672922 1674072430 1423157323 1390126649 1297007252 1122112071 693662504 570434333 437538097 276421070 220150589 205859428 -160564941 -269888972 -391673652 -422790985 -470877885 -574281260 -698832399 -943753380 -1139578254 -1146297463 -1236445108 -1858501612 -1674062314 -1575249539
Phan tu lon nhat trong doan [25, 27]: -1236445108
Swap -1236445108 va -1236445108
Mang sau khi swap: 1908126723 1901581060 1722672922 1674072430 1423157323 1390126649 1297007252 1122112071 693662504 570434333 437538097 276421070 220150589 205859428 -160564941 -269888972 -391673652 -422790985 -470877885 -574281260 -698832399 -943753380 -1139578254 -1146297463 -1236445108 -1858501612 -1674062314 -1575249539

i = 25
Mang truoc khi swap: 1908126723 1901581060 1722672922 1674072430 1423157323 1390126649 1297007252 1122112071 693662504 570434333 437538097 276421070 220150589 205859428 -160564941 -269888972 -391673652 -422790985 -470877885 -574281260 -698832399 -943753380 -1139578254 -1146297463 -1236445108 -1858501612 -1674062314 -1575249539
Phan tu lon nhat trong doan [26, 27]: -1575249539
Swap -1858501612 va -1575249539
Mang sau khi swap: 1908126723 1901581060 1722672922 1674072430 1423157323 1390126649 1297007252 1122112071 693662504 570434333 437538097 276421070 220150589 205859428 -160564941 -269888972 -391673652 -422790985 -470877885 -574281260 -698832399 -943753380 -1139578254 -1146297463 -1236445108 -1575249539 -1674062314 -1858501612

i = 26
Mang truoc khi swap: 1908126723 1901581060 1722672922 1674072430 1423157323 1390126649 1297007252 1122112071 693662504 570434333 437538097 276421070 220150589 205859428 -160564941 -269888972 -391673652 -422790985 -470877885 -574281260 -698832399 -943753380 -1139578254 -1146297463 -1236445108 -1575249539 -1674062314 -1858501612
Phan tu lon nhat trong doan [27, 27]: -1674062314
Swap -1674062314 va -1674062314
Mang sau khi swap: 1908126723 1901581060 1722672922 1674072430 1423157323 1390126649 1297007252 1122112071 693662504 570434333 437538097 276421070 220150589 205859428 -160564941 -269888972 -391673652 -422790985 -470877885 -574281260 -698832399 -943753380 -1139578254 -1146297463 -1236445108 -1575249539 -1674062314 -1858501612

Mang sau khi sap xep:
1908126723 1901581060 1722672922 1674072430 1423157323 1390126649 1297007252 1122112071 693662504 570434333 437538097 276421070 220150589 205859428 -160564941 -269888972 -391673652 -422790985 -470877885 -574281260 -698832399 -943753380 -1139578254 -1146297463 -1236445108 -1575249539 -1674062314 -1858501612
