Mang truoc khi sap xep:
57831008 -535398337 -1341170381 -661786727 1635067798 1317813477 615012176 1137744320

Sap xep:
i = 0
Mang truoc khi swap: 57831008 -535398337 -1341170381 -661786727 1635067798 1317813477 615012176 1137744320
Phan tu lon nhat trong doan [1, 7]: 1635067798
Swap 57831008 va 1635067798
Mang sau khi swap: 1635067798 -535398337 -1341170381 -661786727 57831008 1317813477 615012176 1137744320

i = 1
Mang truoc khi swap: 1635067798 -535398337 -1341170381 -661786727 57831008 1317813477 615012176 1137744320
Phan tu lon nhat trong doan [2, 7]: 1317813477
Swap -535398337 va 1317813477
Mang sau khi swap: 1635067798 1317813477 -1341170381 -661786727 57831008 -535398337 615012176 1137744320

i = 2
Mang truoc khi swap: 1635067798 1317813477 -1341170381 -661786727 57831008 -535398337 615012176 1137744320
Phan tu lon nhat trong doan [3, 7]: 1137744320
Swap -1341170381 va 1137744320
Mang sau khi swap: 1635067798 1317813477 1137744320 -661786727 57831008 -535398337 615012176 -1341170381

i = 3
Mang truoc khi swap: 1635067798 1317813477 1137744320 -661786727 57831008 -535398337 615012176 -1341170381
Phan tu lon nhat trong doan [4, 7]: 615012176
Swap -661786727 va 615012176
Mang sau khi swap: 1635067798 1317813477 1137744320 615012176 57831008 -535398337 -661786727 -1341170381

i = 4
Mang truoc khi swap: 1635067798 1317813477 1137744320 615012176 57831008 -535398337 -661786727 -1341170381
Phan tu lon nhat trong doan [5, 7]: 57831008
Swap 57831008 va 57831008
Mang sau khi swap: 1635067798 1317813477 1137744320 615012176 57831008 -535398337 -661786727 -1341170381

i = 5
Mang truoc khi swap: 1635067798 1317813477 1137744320 615012176 57831008 -535398337 -661786727 -1341170381
Phan tu lon nhat trong doan [6, 7]: -535398337
Swap -535398337 va -535398337
Mang sau khi swap: 1635067798 1317813477 1137744320 615012176 57831008 -535398337 -661786727 -1341170381

i = 6
Mang truoc khi swap: 1635067798 1317813477 1137744320 615012176 57831008 -535398337 -661786727 -1341170381
Phan tu lon nhat trong doan [7, 7]: -661786727
Swap -661786727 va -661786727
Mang sau khi swap: 1635067798 1317813477 1137744320 615012176 57831008 -535398337 -661786727 -1341170381

Mang sau khi sap xep:
1635067798 1317813477 1137744320 615012176 57831008 -535398337 -661786727 -1341170381
