Mang truoc khi sap xep:
357743351 1304009661 -1158655058 -1068061571 -1599187719 964686821 1041812126 499998472 -185761206 -26386795 -1178272087 1912076609 -554942200 -691535717 636567215

Sap xep:
i = 0
Mang truoc khi swap: 357743351 1304009661 -1158655058 -1068061571 -1599187719 964686821 1041812126 499998472 -185761206 -26386795 -1178272087 1912076609 -554942200 -691535717 636567215
Phan tu lon nhat trong doan [1, 14]: 1912076609
Swap 357743351 va 1912076609
Mang sau khi swap: 1912076609 1304009661 -1158655058 -1068061571 -1599187719 964686821 1041812126 499998472 -185761206 -26386795 -1178272087 357743351 -554942200 -691535717 636567215

i = 1
Mang truoc khi swap: 1912076609 1304009661 -1158655058 -1068061571 -1599187719 964686821 1041812126 499998472 -185761206 -26386795 -1178272087 357743351 -554942200 -691535717 636567215
Phan tu lon nhat trong doan [2, 14]: 1304009661
Swap 1304009661 va 1304009661
Mang sau khi swap: 1912076609 1304009661 -1158655058 -1068061571 -1599187719 964686821 1041812126 499998472 -185761206 -26386795 -1178272087 357743351 -554942200 -691535717 636567215

i = 2
Mang truoc khi swap: 1912076609 1304009661 -1158655058 -1068061571 -1599187719 964686821 1041812126 499998472 -185761206 -26386795 -1178272087 357743351 -554942200 -691535717 636567215
Phan tu lon nhat trong doan [3, 14]: 1041812126
Swap -1158655058 va 1041812126
Mang sau khi swap: 1912076609 1304009661 1041812126 -1068061571 -1599187719 964686821 -1158655058 499998472 -185761206 -26386795 -1178272087 357743351 -554942200 -691535717 636567215

i = 3
Mang truoc khi swap: 1912076609 1304009661 1041812126 -1068061571 -1599187719 964686821 -1158655058 499998472 -185761206 -26386795 -1178272087 357743351 -554942200 -691535717 636567215
Phan tu lon nhat trong doan [4, 14]: 964686821
Swap -1068061571 va 964686821
Mang sau khi swap: 1912076609 1304009661 1041812126 964686821 -1599187719 -1068061571 -1158655058 499998472 -185761206 -26386795 -1178272087 357743351 -554942200 -691535717 636567215

i = 4
Mang truoc khi swap: 1912076609 1304009661 1041812126 964686821 -1599187719 -1068061571 -1158655058 499998472 -185761206 -26386795 -1178272087 357743351 -554942200 -691535717 636567215
Phan tu lon nhat trong doan [5, 14]: 636567215
Swap -1599187719 va 636567215
Mang sau khi swap: 1912076609 1304009661 1041812126 964686821 636567215 -1068061571 -1158655058 499998472 -185761206 -26386795 -1178272087 357743351 -554942200 -691535717 -1599187719

i = 5
Mang truoc khi swap: 1912076609 1304009661 1041812126 964686821 636567215 -1068061571 -1158655058 499998472 -185761206 -26386795 -1178272087 357743351 -554942200 -691535717 -1599187719
Phan tu lon nhat trong doan [6, 14]: 499998472
Swap -1068061571 va 499998472
Mang sau khi swap: 1912076609 1304009661 1041812126 964686821 636567215 499998472 -1158655058 -1068061571 -185761206 -26386795 -1178272087 357743351 -554942200 -691535717 -1599187719

i = 6
Mang truoc khi swap: 1912076609 1304009661 1041812126 964686821 636567215 499998472 -1158655058 -1068061571 -185761206 -26386795 -1178272087 357743351 -554942200 -691535717 -1599187719
Phan tu lon nhat trong doan [7, 14]: 357743351
Swap -1158655058 va 357743351
Mang sau khi swap: 1912076609 1304009661 1041812126 964686821 636567215 499998472 357743351 -1068061571 -185761206 -26386795 -1178272087 -1158655058 -554942200 -691535717 -1599187719

i = 7
Mang truoc khi swap: 1912076609 1304009661 1041812126 964686821 636567215 499998472 357743351 -1068061571 -185761206 -26386795 -1178272087 -1158655058 -554942200 -691535717 -1599187719
Phan tu lon nhat trong doan [8, 14]: -26386795
Swap -1068061571 va -26386795
Mang sau khi swap: 1912076609 1304009661 1041812126 964686821 636567215 499998472 357743351 -26386795 -185761206 -1068061571 -1178272087 -1158655058 -554942200 -691535717 -1599187719

i = 8
Mang truoc khi swap: 1912076609 1304009661 1041812126 964686821 636567215 499998472 357743351 -26386795 -185761206 -1068061571 -1178272087 -1158655058 -554942200 -691535717 -1599187719
Phan tu lon nhat trong doan [9, 14]: -185761206
Swap -185761206 va -185761206
Mang sau khi swap: 1912076609 1304009661 1041812126 964686821 636567215 499998472 357743351 -26386795 -185761206 -1068061571 -1178272087 -1158655058 -554942200 -691535717 -1599187719

i = 9
Mang truoc khi swap: 1912076609 1304009661 1041812126 964686821 636567215 499998472 357743351 -26386795 -185761206 -1068061571 -1178272087 -1158655058 -554942200 -691535717 -1599187719
Phan tu lon nhat trong doan [10, 14]: -554942200
Swap -1068061571 va -554942200
Mang sau khi swap: 1912076609 1304009661 1041812126 964686821 636567215 499998472 357743351 -26386795 -185761206 -554942200 -1178272087 -1158655058 -1068061571 -691535717 -1599187719

i = 10
Mang truoc khi swap: 1912076609 1304009661 1041812126 964686821 636567215 499998472 357743351 -26386795 -185761206 -554942200 -1178272087 -1158655058 -1068061571 -691535717 -1599187719
Phan tu lon nhat trong doan [11, 14]: -691535717
Swap -1178272087 va -691535717
Mang sau khi swap: 1912076609 1304009661 1041812126 964686821 636567215 499998472 357743351 -26386795 -185761206 -554942200 -691535717 -1158655058 -1068061571 -1178272087 -1599187719

i = 11
Mang truoc khi swap: 1912076609 1304009661 1041812126 964686821 636567215 499998472 357743351 -26386795 -185761206 -554942200 -691535717 -1158655058 -1068061571 -1178272087 -1599187719
Phan tu lon nhat trong doan [12, 14]: -1068061571
Swap -1158655058 va -1068061571
Mang sau khi swap: 1912076609 1304009661 1041812126 964686821 636567215 499998472 357743351 -26386795 -185761206 -554942200 -691535717 -1068061571 -1158655058 -1178272087 -1599187719

i = 12
Mang truoc khi swap: 1912076609 1304009661 1041812126 964686821 636567215 499998472 357743351 -26386795 -185761206 -554942200 -691535717 -1068061571 -1158655058 -1178272087 -1599187719
Phan tu lon nhat trong doan [13, 14]: -1158655058
Swap -1158655058 va -1158655058
Mang sau khi swap: 1912076609 1304009661 1041812126 964686821 636567215 499998472 357743351 -26386795 -185761206 -554942200 -691535717 -1068061571 -1158655058 -1178272087 -1599187719

i = 13
Mang truoc khi swap: 1912076609 1304009661 1041812126 964686821 636567215 499998472 357743351 -26386795 -185761206 -554942200 -691535717 -1068061571 -1158655058 -1178272087 -1599187719
Phan tu lon nhat trong doan [14, 14]: -1178272087
Swap -1178272087 va -1178272087
Mang sau khi swap: 1912076609 1304009661 1041812126 964686821 636567215 499998472 357743351 -26386795 -185761206 -554942200 -691535717 -1068061571 -1158655058 -1178272087 -1599187719

Mang sau khi sap xep:
1912076609 1304009661 1041812126 964686821 636567215 499998472 357743351 -26386795 -185761206 -554942200 -691535717 -1068061571 -1158655058 -1178272087 -1599187719
