Mang truoc khi sap xep:
-517488141 1053622413 610641992 -217875412 -106120662 699321354 -777039092 -1516001231 1998302705 1034409496 252622955 1017155394 -620262144 -947785111 1019557859 -1311112824 -275938109 465397911 1115616337 1472072181 1945199671 -33357793 1346359800 1062354172 635543922 -1153595380 -705835898 212778547 1763237687 -749850892 94479857 -715626551 -987366567 -1723864537 -68099703 -164379901 1596772339 1828548816 -1085328957 643493324 -1286215096 -1686543566 807554671 1658559763 -1485319753 -1789476 558175198

Sap xep:
i = 0
Mang truoc khi swap: -517488141 1053622413 610641992 -217875412 -106120662 699321354 -777039092 -1516001231 1998302705 1034409496 252622955 1017155394 -620262144 -947785111 1019557859 -1311112824 -275938109 465397911 1115616337 1472072181 1945199671 -33357793 1346359800 1062354172 635543922 -1153595380 -705835898 212778547 1763237687 -749850892 94479857 -715626551 -987366567 -1723864537 -68099703 -164379901 1596772339 1828548816 -1085328957 643493324 -1286215096 -1686543566 807554671 1658559763 -1485319753 -1789476 558175198
Phan tu lon nhat trong doan [1, 46]: 1998302705
Swap -517488141 va 1998302705
Mang sau khi swap: 1998302705 1053622413 610641992 -217875412 -106120662 699321354 -777039092 -1516001231 -517488141 1034409496 252622955 1017155394 -620262144 -947785111 1019557859 -1311112824 -275938109 465397911 1115616337 1472072181 1945199671 -33357793 1346359800 1062354172 635543922 -1153595380 -705835898 212778547 1763237687 -749850892 94479857 -715626551 -987366567 -1723864537 -68099703 -164379901 1596772339 1828548816 -1085328957 643493324 -1286215096 -1686543566 807554671 1658559763 -1485319753 -1789476 558175198

i = 1
Mang truoc khi swap: 1998302705 1053622413 610641992 -217875412 -106120662 699321354 -777039092 -1516001231 -517488141 1034409496 252622955 1017155394 -620262144 -947785111 1019557859 -1311112824 -275938109 465397911 1115616337 1472072181 1945199671 -33357793 1346359800 1062354172 635543922 -1153595380 -705835898 212778547 1763237687 -749850892 94479857 -715626551 -987366567 -1723864537 -68099703 -164379901 1596772339 1828548816 -1085328957 643493324 -1286215096 -1686543566 807554671 1658559763 -1485319753 -1789476 558175198
Phan tu lon nhat trong doan [2, 46]: 1945199671
Swap 1053622413 va 1945199671
Mang sau khi swap: 1998302705 1945199671 610641992 -217875412 -106120662 699321354 -777039092 -1516001231 -517488141 1034409496 252622955 1017155394 -620262144 -947785111 1019557859 -1311112824 -275938109 465397911 1115616337 1472072181 1053622413 -33357793 1346359800 1062354172 635543922 -1153595380 -705835898 212778547 1763237687 -749850892 94479857 -715626551 -987366567 -1723864537 -68099703 -164379901 1596772339 1828548816 -1085328957 643493324 -1286215096 -1686543566 807554671 1658559763 -1485319753 -1789476 558175198

i = 2
Mang truoc khi swap: 1998302705 1945199671 610641992 -217875412 -106120662 699321354 -777039092 -1516001231 -517488141 1034409496 252622955 1017155394 -620262144 -947785111 1019557859 -1311112824 -275938109 465397911 1115616337 1472072181 1053622413 -33357793 1346359800 1062354172 635543922 -1153595380 -705835898 212778547 1763237687 -749850892 94479857 -715626551 -987366567 -1723864537 -68099703 -164379901 1596772339 1828548816 -1085328957 643493324 -1286215096 -1686543566 807554671 1658559763 -1485319753 -1789476 558175198
Phan tu lon nhat trong doan [3, 46]: 1828548816
Swap 610641992 va 1828548816
Mang sau khi swap: 1998302705 1945199671 1828548816 -217875412 -106120662 699321354 -777039092 -1516001231 -517488141 1034409496 252622955 1017155394 -620262144 -947785111 1019557859 -1311112824 -275938109 465397911 1115616337 1472072181 1053622413 -33357793 1346359800 1062354172 635543922 -1153595380 -705835898 212778547 1763237687 -749850892 94479857 -715626551 -987366567 -1723864537 -68099703 -164379901 1596772339 610641992 -1085328957 643493324 -1286215096 -1686543566 807554671 1658559763 -1485319753 -1789476 558175198

i = 3
Mang truoc khi swap: 1998302705 1945199671 1828548816 -217875412 -106120662 699321354 -777039092 -1516001231 -517488141 1034409496 252622955 1017155394 -620262144 -947785111 1019557859 -1311112824 -275938109 465397911 1115616337 1472072181 1053622413 -33357793 1346359800 1062354172 635543922 -1153595380 -705835898 212778547 1763237687 -749850892 94479857 -715626551 -987366567 -1723864537 -68099703 -164379901 1596772339 610641992 -1085328957 643493324 -1286215096 -1686543566 807554671 1658559763 -1485319753 -1789476 558175198
Phan tu lon nhat trong doan [4, 46]: 1763237687
Swap -217875412 va 1763237687
Mang sau khi swap: 1998302705 1945199671 1828548816 1763237687 -106120662 699321354 -777039092 -1516001231 -517488141 1034409496 252622955 1017155394 -620262144 -947785111 1019557859 -1311112824 -275938109 465397911 1115616337 1472072181 1053622413 -33357793 1346359800 1062354172 635543922 -1153595380 -705835898 212778547 -217875412 -749850892 94479857 -715626551 -987366567 -1723864537 -68099703 -164379901 1596772339 610641992 -1085328957 643493324 -1286215096 -1686543566 807554671 1658559763 -1485319753 -1789476 558175198

i = 4
Mang truoc khi swap: 1998302705 1945199671 1828548816 1763237687 -106120662 699321354 -777039092 -1516001231 -517488141 1034409496 252622955 1017155394 -620262144 -947785111 1019557859 -1311112824 -275938109 465397911 1115616337 1472072181 1053622413 -33357793 1346359800 1062354172 635543922 -1153595380 -705835898 212778547 -217875412 -749850892 94479857 -715626551 -987366567 -1723864537 -68099703 -164379901 1596772339 610641992 -1085328957 643493324 -1286215096 -1686543566 807554671 1658559763 -1485319753 -1789476 558175198
Phan tu lon nhat trong doan [5, 46]: 1658559763
Swap -106120662 va 1658559763
Mang sau khi swap: 1998302705 1945199671 1828548816 1763237687 1658559763 699321354 -777039092 -1516001231 -517488141 1034409496 252622955 1017155394 -620262144 -947785111 1019557859 -1311112824 -275938109 465397911 1115616337 1472072181 1053622413 -33357793 1346359800 1062354172 635543922 -1153595380 -705835898 212778547 -217875412 -749850892 94479857 -715626551 -987366567 -1723864537 -68099703 -164379901 1596772339 610641992 -1085328957 643493324 -1286215096 -1686543566 807554671 -106120662 -1485319753 -1789476 558175198

i = 5
Mang truoc khi swap: 1998302705 1945199671 1828548816 1763237687 1658559763 699321354 -777039092 -1516001231 -517488141 1034409496 252622955 1017155394 -620262144 -947785111 1019557859 -1311112824 -275938109 465397911 1115616337 1472072181 1053622413 -33357793 1346359800 1062354172 635543922 -1153595380 -705835898 212778547 -217875412 -749850892 94479857 -715626551 -987366567 -1723864537 -68099703 -164379901 1596772339 610641992 -1085328957 643493324 -1286215096 -1686543566 807554671 -106120662 -1485319753 -1789476 558175198
Phan tu lon nhat trong doan [6, 46]: 1596772339
Swap 699321354 va 1596772339
Mang sau khi swap: 1998302705 1945199671 1828548816 1763237687 1658559763 1596772339 -777039092 -1516001231 -517488141 1034409496 252622955 1017155394 -620262144 -947785111 1019557859 -1311112824 -275938109 465397911 1115616337 1472072181 1053622413 -33357793 1346359800 1062354172 635543922 -1153595380 -705835898 212778547 -217875412 -749850892 94479857 -715626551 -987366567 -1723864537 -68099703 -164379901 699321354 610641992 -1085328957 643493324 -1286215096 -1686543566 807554671 -106120662 -1485319753 -1789476 558175198

i = 6
Mang truoc khi swap: 1998302705 1945199671 1828548816 1763237687 1658559763 1596772339 -777039092 -1516001231 -517488141 1034409496 252622955 1017155394 -620262144 -947785111 1019557859 -1311112824 -275938109 465397911 1115616337 1472072181 1053622413 -33357793 1346359800 1062354172 635543922 -1153595380 -705835898 212778547 -217875412 -749850892 94479857 -715626551 -987366567 -1723864537 -68099703 -164379901 699321354 610641992 -1085328957 643493324 -1286215096 -1686543566 807554671 -106120662 -1485319753 -1789476 558175198
Phan tu lon nhat trong doan [7, 46]: 1472072181
Swap -777039092 va 1472072181
Mang sau khi swap: 1998302705 1945199671 1828548816 1763237687 1658559763 1596772339 1472072181 -1516001231 -517488141 1034409496 252622955 1017155394 -620262144 -947785111 1019557859 -1311112824 -275938109 465397911 1115616337 -777039092 1053622413 -33357793 1346359800 1062354172 635543922 -1153595380 -705835898 212778547 -217875412 -749850892 94479857 -715626551 -987366567 -1723864537 -68099703 -164379901 699321354 610641992 -1085328957 643493324 -1286215096 -1686543566 807554671 -106120662 -1485319753 -1789476 558175198

i = 7
Mang truoc khi swap: 1998302705 1945199671 1828548816 1763237687 1658559763 1596772339 1472072181 -1516001231 -517488141 1034409496 252622955 1017155394 -620262144 -947785111 1019557859 -1311112824 -275938109 465397911 1115616337 -777039092 1053622413 -33357793 1346359800 1062354172 635543922 -1153595380 -705835898 212778547 -217875412 -749850892 94479857 -715626551 -987366567 -1723864537 -68099703 -164379901 699321354 610641992 -1085328957 643493324 -1286215096 -1686543566 807554671 -106120662 -1485319753 -1789476 558175198
Phan tu lon nhat trong doan [8, 46]: 1346359800
Swap -1516001231 va 1346359800
Mang sau khi swap: 1998302705 1945199671 1828548816 1763237687 1658559763 1596772339 1472072181 1346359800 -517488141 1034409496 252622955 1017155394 -620262144 -947785111 1019557859 -1311112824 -275938109 465397911 1115616337 -777039092 1053622413 -33357793 -1516001231 1062354172 635543922 -1153595380 -705835898 212778547 -217875412 -749850892 94479857 -715626551 -987366567 -1723864537 -68099703 -164379901 699321354 610641992 -1085328957 643493324 -1286215096 -1686543566 807554671 -106120662 -1485319753 -1789476 558175198

i = 8
Mang truoc khi swap: 1998302705 1945199671 1828548816 1763237687 1658559763 1596772339 1472072181 1346359800 -517488141 1034409496 252622955 1017155394 -620262144 -947785111 1019557859 -1311112824 -275938109 465397911 1115616337 -777039092 1053622413 -33357793 -1516001231 1062354172 635543922 -1153595380 -705835898 212778547 -217875412 -749850892 94479857 -715626551 -987366567 -1723864537 -68099703 -164379901 699321354 610641992 -1085328957 643493324 -1286215096 -1686543566 807554671 -106120662 -1485319753 -1789476 558175198
Phan tu lon nhat trong doan [9, 46]: 1115616337
Swap -517488141 va 1115616337
Mang sau khi swap: 1998302705 1945199671 1828548816 1763237687 1658559763 1596772339 1472072181 1346359800 1115616337 1034409496 252622955 1017155394 -620262144 -947785111 1019557859 -1311112824 -275938109 465397911 -517488141 -777039092 1053622413 -33357793 -1516001231 1062354172 635543922 -1153595380 -705835898 212778547 -217875412 -749850892 94479857 -715626551 -987366567 -1723864537 -68099703 -164379901 699321354 610641992 -1085328957 643493324 -1286215096 -1686543566 807554671 -106120662 -1485319753 -1789476 558175198

i = 9
Mang truoc khi swap: 1998302705 1945199671 1828548816 1763237687 1658559763 1596772339 1472072181 1346359800 1115616337 1034409496 252622955 1017155394 -620262144 -947785111 1019557859 -1311112824 -275938109 465397911 -517488141 -777039092 1053622413 -33357793 -1516001231 1062354172 635543922 -1153595380 -705835898 212778547 -217875412 -749850892 94479857 -715626551 -987366567 -1723864537 -68099703 -164379901 699321354 610641992 -1085328957 643493324 -1286215096 -1686543566 807554671 -106120662 -1485319753 -1789476 558175198
Phan tu lon nhat trong doan [10, 46]: 1062354172
Swap 1034409496 va 1062354172
Mang sau khi swap: 1998302705 1945199671 1828548816 1763237687 1658559763 1596772339 1472072181 1346359800 1115616337 1062354172 252622955 1017155394 -620262144 -947785111 1019557859 -1311112824 -275938109 465397911 -517488141 -777039092 1053622413 -33357793 -1516001231 1034409496 635543922 -1153595380 -705835898 212778547 -217875412 -749850892 94479857 -715626551 -987366567 -1723864537 -68099703 -164379901 699321354 610641992 -1085328957 643493324 -1286215096 -1686543566 807554671 -106120662 -1485319753 -1789476 558175198

i = 10
Mang truoc khi swap: 1998302705 1945199671 1828548816 1763237687 1658559763 1596772339 1472072181 1346359800 1115616337 1062354172 252622955 1017155394 -620262144 -947785111 1019557859 -1311112824 -275938109 465397911 -517488141 -777039092 1053622413 -33357793 -1516001231 1034409496 635543922 -1153595380 -705835898 212778547 -217875412 -749850892 94479857 -715626551 -987366567 -1723864537 -68099703 -164379901 699321354 610641992 -1085328957 643493324 -1286215096 -1686543566 807554671 -106120662 -1485319753 -1789476 558175198
Phan tu lon nhat trong doan [11, 46]: 1053622413
Swap 252622955 va 1053622413
Mang sau khi swap: 1998302705 1945199671 1828548816 1763237687 1658559763 1596772339 1472072181 1346359800 1115616337 1062354172 1053622413 1017155394 -620262144 -947785111 1019557859 -1311112824 -275938109 465397911 -517488141 -777039092 252622955 -33357793 -1516001231 1034409496 635543922 -1153595380 -705835898 212778547 -217875412 -749850892 94479857 -715626551 -987366567 -1723864537 -68099703 -164379901 699321354 610641992 -1085328957 643493324 -1286215096 -1686543566 807554671 -106120662 -1485319753 -1789476 558175198

i = 11
Mang truoc khi swap: 1998302705 1945199671 1828548816 1763237687 1658559763 1596772339 1472072181 1346359800 1115616337 1062354172 1053622413 1017155394 -620262144 -947785111 1019557859 -1311112824 -275938109 465397911 -517488141 -777039092 252622955 -33357793 -1516001231 1034409496 635543922 -1153595380 -705835898 212778547 -217875412 -749850892 94479857 -715626551 -987366567 -1723864537 -68099703 -164379901 699321354 610641992 -1085328957 643493324 -1286215096 -1686543566 807554671 -106120662 -1485319753 -1789476 558175198
Phan tu lon nhat trong doan [12, 46]: 1034409496
Swap 1017155394 va 1034409496
Mang sau khi swap: 1998302705 1945199671 1828548816 1763237687 1658559763 1596772339 1472072181 1346359800 1115616337 1062354172 1053622413 1034409496 -620262144 -947785111 1019557859 -1311112824 -275938109 465397911 -517488141 -777039092 252622955 -33357793 -1516001231 1017155394 635543922 -1153595380 -705835898 212778547 -217875412 -749850892 94479857 -715626551 -987366567 -1723864537 -68099703 -164379901 699321354 610641992 -1085328957 643493324 -1286215096 -1686543566 807554671 -106120662 -1485319753 -1789476 558175198

i = 12
Mang truoc khi swap: 1998302705 1945199671 1828548816 1763237687 1658559763 1596772339 1472072181 1346359800 1115616337 1062354172 1053622413 1034409496 -620262144 -947785111 1019557859 -1311112824 -275938109 465397911 -517488141 -777039092 252622955 -33357793 -1516001231 1017155394 635543922 -1153595380 -705835898 212778547 -217875412 -749850892 94479857 -715626551 -987366567 -1723864537 -68099703 -164379901 699321354 610641992 -1085328957 643493324 -1286215096 -1686543566 807554671 -106120662 -1485319753 -1789476 558175198
Phan tu lon nhat trong doan [13, 46]: 1019557859
Swap -620262144 va 1019557859
Mang sau khi swap: 1998302705 1945199671 1828548816 1763237687 1658559763 1596772339 1472072181 1346359800 1115616337 1062354172 1053622413 1034409496 1019557859 -947785111 -620262144 -1311112824 -275938109 465397911 -517488141 -777039092 252622955 -33357793 -1516001231 1017155394 635543922 -1153595380 -705835898 212778547 -217875412 -749850892 94479857 -715626551 -987366567 -1723864537 -68099703 -164379901 699321354 610641992 -1085328957 643493324 -1286215096 -1686543566 807554671 -106120662 -1485319753 -1789476 558175198

i = 13
Mang truoc khi swap: 1998302705 1945199671 1828548816 1763237687 1658559763 1596772339 1472072181 1346359800 1115616337 1062354172 1053622413 1034409496 1019557859 -947785111 -620262144 -1311112824 -275938109 465397911 -517488141 -777039092 252622955 -33357793 -1516001231 1017155394 635543922 -1153595380 -705835898 212778547 -217875412 -749850892 94479857 -715626551 -987366567 -1723864537 -68099703 -164379901 699321354 610641992 -1085328957 643493324 -1286215096 -1686543566 807554671 -106120662 -1485319753 -1789476 558175198
Phan tu lon nhat trong doan [14, 46]: 1017155394
Swap -947785111 va 1017155394
Mang sau khi swap: 1998302705 1945199671 1828548816 1763237687 1658559763 1596772339 1472072181 1346359800 1115616337 1062354172 1053622413 1034409496 1019557859 1017155394 -620262144 -1311112824 -275938109 465397911 -517488141 -777039092 252622955 -33357793 -1516001231 -947785111 635543922 -1153595380 -705835898 212778547 -217875412 -749850892 94479857 -715626551 -987366567 -1723864537 -68099703 -164379901 699321354 610641992 -1085328957 643493324 -1286215096 -1686543566 807554671 -106120662 -1485319753 -1789476 558175198

i = 14
Mang truoc khi swap: 1998302705 1945199671 1828548816 1763237687 1658559763 1596772339 1472072181 1346359800 1115616337 1062354172 1053622413 1034409496 1019557859 1017155394 -620262144 -1311112824 -275938109 465397911 -517488141 -777039092 252622955 -33357793 -1516001231 -947785111 635543922 -1153595380 -705835898 212778547 -217875412 -749850892 94479857 -715626551 -987366567 -1723864537 -68099703 -164379901 699321354 610641992 -1085328957 643493324 -1286215096 -1686543566 807554671 -106120662 -1485319753 -1789476 558175198
Phan tu lon nhat trong doan [15, 46]: 807554671
Swap -620262144 va 807554671
Mang sau khi swap: 1998302705 1945199671 1828548816 1763237687 1658559763 1596772339 1472072181 1346359800 1115616337 1062354172 1053622413 1034409496 1019557859 1017155394 807554671 -1311112824 -275938109 465397911 -517488141 -777039092 252622955 -33357793 -1516001231 -947785111 635543922 -1153595380 -705835898 212778547 -217875412 -749850892 94479857 -715626551 -987366567 -1723864537 -68099703 -164379901 699321354 610641992 -1085328957 643493324 -1286215096 -1686543566 -620262144 -106120662 -1485319753 -1789476 558175198

i = 15
Mang truoc khi swap: 1998302705 1945199671 1828548816 1763237687 1658559763 1596772339 1472072181 1346359800 1115616337 1062354172 1053622413 1034409496 1019557859 1017155394 807554671 -1311112824 -275938109 465397911 -517488141 -777039092 252622955 -33357793 -1516001231 -947785111 635543922 -1153595380 -705835898 212778547 -217875412 -749850892 94479857 -715626551 -987366567 -1723864537 -68099703 -164379901 699321354 610641992 -1085328957 643493324 -1286215096 -1686543566 -620262144 -106120662 -1485319753 -1789476 558175198
Phan tu lon nhat trong doan [16, 46]: 699321354
Swap -1311112824 va 699321354
Mang sau khi swap: 1998302705 1945199671 1828548816 1763237687 1658559763 1596772339 1472072181 1346359800 1115616337 1062354172 1053622413 1034409496 1019557859 1017155394 807554671 699321354 -275938109 465397911 -517488141 -777039092 252622955 -33357793 -1516001231 -947785111 635543922 -1153595380 -705835898 212778547 -217875412 -749850892 94479857 -715626551 -987366567 -1723864537 -68099703 -164379901 -1311112824 610641992 -1085328957 643493324 -1286215096 -1686543566 -620262144 -106120662 -1485319753 -1789476 558175198

i = 16
Mang truoc khi swap: 1998302705 1945199671 1828548816 1763237687 1658559763 1596772339 1472072181 1346359800 1115616337 1062354172 1053622413 1034409496 1019557859 1017155394 807554671 699321354 -275938109 465397911 -517488141 -777039092 252622955 -33357793 -1516001231 -947785111 635543922 -1153595380 -705835898 212778547 -217875412 -749850892 94479857 -715626551 -987366567 -1723864537 -68099703 -164379901 -1311112824 610641992 -1085328957 643493324 -1286215096 -1686543566 -620262144 -106120662 -1485319753 -1789476 558175198
Phan tu lon nhat trong doan [17, 46]: 643493324
Swap -275938109 va 643493324
Mang sau khi swap: 1998302705 1945199671 1828548816 1763237687 1658559763 1596772339 1472072181 1346359800 1115616337 1062354172 1053622413 1034409496 1019557859 1017155394 807554671 699321354 643493324 465397911 -517488141 -777039092 252622955 -33357793 -1516001231 -947785111 635543922 -1153595380 -705835898 212778547 -217875412 -749850892 94479857 -715626551 -987366567 -1723864537 -68099703 -164379901 -1311112824 610641992 -1085328957 -275938109 -1286215096 -1686543566 -620262144 -106120662 -1485319753 -1789476 558175198

i = 17
Mang truoc khi swap: 1998302705 1945199671 1828548816 1763237687 1658559763 1596772339 1472072181 1346359800 1115616337 1062354172 1053622413 1034409496 1019557859 1017155394 807554671 699321354 643493324 465397911 -517488141 -777039092 252622955 -33357793 -1516001231 -947785111 635543922 -1153595380 -705835898 212778547 -217875412 -749850892 94479857 -715626551 -987366567 -1723864537 -68099703 -164379901 -1311112824 610641992 -1085328957 -275938109 -1286215096 -1686543566 -620262144 -106120662 -1485319753 -1789476 558175198
Phan tu lon nhat trong doan [18, 46]: 635543922
Swap 465397911 va 635543922
Mang sau khi swap: 1998302705 1945199671 1828548816 1763237687 1658559763 1596772339 1472072181 1346359800 1115616337 1062354172 1053622413 1034409496 1019557859 1017155394 807554671 699321354 643493324 635543922 -517488141 -777039092 252622955 -33357793 -1516001231 -947785111 465397911 -1153595380 -705835898 212778547 -217875412 -749850892 94479857 -715626551 -987366567 -1723864537 -68099703 -164379901 -1311112824 610641992 -1085328957 -275938109 -1286215096 -1686543566 -620262144 -106120662 -1485319753 -1789476 558175198

i = 18
Mang truoc khi swap: 1998302705 1945199671 1828548816 1763237687 1658559763 1596772339 1472072181 1346359800 1115616337 1062354172 1053622413 1034409496 1019557859 1017155394 807554671 699321354 643493324 635543922 -517488141 -777039092 252622955 -33357793 -1516001231 -947785111 465397911 -1153595380 -705835898 212778547 -217875412 -749850892 94479857 -715626551 -987366567 -1723864537 -68099703 -164379901 -1311112824 610641992 -1085328957 -275938109 -1286215096 -1686543566 -620262144 -106120662 -1485319753 -1789476 558175198
Phan tu lon nhat trong doan [19, 46]: 610641992
Swap -517488141 va 610641992
Mang sau khi swap: 1998302705 1945199671 1828548816 1763237687 1658559763 1596772339 1472072181 1346359800 1115616337 1062354172 1053622413 1034409496 1019557859 1017155394 807554671 699321354 643493324 635543922 610641992 -777039092 252622955 -33357793 -1516001231 -947785111 465397911 -1153595380 -705835898 212778547 -217875412 -749850892 94479857 -715626551 -987366567 -1723864537 -68099703 -164379901 -1311112824 -517488141 -1085328957 -275938109 -1286215096 -1686543566 -620262144 -106120662 -1485319753 -1789476 558175198

i = 19
Mang truoc khi swap: 1998302705 1945199671 1828548816 1763237687 1658559763 1596772339 1472072181 1346359800 1115616337 1062354172 1053622413 1034409496 1019557859 1017155394 807554671 699321354 643493324 635543922 610641992 -777039092 252622955 -33357793 -1516001231 -947785111 465397911 -1153595380 -705835898 212778547 -217875412 -749850892 94479857 -715626551 -987366567 -1723864537 -68099703 -164379901 -1311112824 -517488141 -1085328957 -275938109 -1286215096 -1686543566 -620262144 -106120662 -1485319753 -1789476 558175198
Phan tu lon nhat trong doan [20, 46]: 558175198
Swap -777039092 va 558175198
Mang sau khi swap: 1998302705 1945199671 1828548816 1763237687 1658559763 1596772339 1472072181 1346359800 1115616337 1062354172 1053622413 1034409496 1019557859 1017155394 807554671 699321354 643493324 635543922 610641992 558175198 252622955 -33357793 -1516001231 -947785111 465397911 -1153595380 -705835898 212778547 -217875412 -749850892 94479857 -715626551 -987366567 -1723864537 -68099703 -164379901 -1311112824 -517488141 -1085328957 -275938109 -1286215096 -1686543566 -620262144 -106120662 -1485319753 -1789476 -777039092

i = 20
Mang truoc khi swap: 1998302705 1945199671 1828548816 1763237687 1658559763 1596772339 1472072181 1346359800 1115616337 1062354172 1053622413 1034409496 1019557859 1017155394 807554671 699321354 643493324 635543922 610641992 558175198 252622955 -33357793 -1516001231 -947785111 465397911 -1153595380 -705835898 212778547 -217875412 -749850892 94479857 -715626551 -987366567 -1723864537 -68099703 -164379901 -1311112824 -517488141 -1085328957 -275938109 -1286215096 -1686543566 -620262144 -106120662 -1485319753 -1789476 -777039092
Phan tu lon nhat trong doan [21, 46]: 465397911
Swap 252622955 va 465397911
Mang sau khi swap: 1998302705 1945199671 1828548816 1763237687 1658559763 1596772339 1472072181 1346359800 1115616337 1062354172 1053622413 1034409496 1019557859 1017155394 807554671 699321354 643493324 635543922 610641992 558175198 465397911 -33357793 -1516001231 -947785111 252622955 -1153595380 -705835898 212778547 -217875412 -749850892 94479857 -715626551 -987366567 -1723864537 -68099703 -164379901 -1311112824 -517488141 -1085328957 -275938109 -1286215096 -1686543566 -620262144 -106120662 -1485319753 -1789476 -777039092

i = 21
Mang truoc khi swap: 1998302705 1945199671 1828548816 1763237687 1658559763 1596772339 1472072181 1346359800 1115616337 1062354172 1053622413 1034409496 1019557859 1017155394 807554671 699321354 643493324 635543922 610641992 558175198 465397911 -33357793 -1516001231 -947785111 252622955 -1153595380 -705835898 212778547 -217875412 -749850892 94479857 -715626551 -987366567 -1723864537 -68099703 -164379901 -1311112824 -517488141 -1085328957 -275938109 -1286215096 -1686543566 -620262144 -106120662 -1485319753 -1789476 -777039092
Phan tu lon nhat trong doan [22, 46]: 252622955
Swap -33357793 va 252622955
Mang sau khi swap: 1998302705 1945199671 1828548816 1763237687 1658559763 1596772339 1472072181 1346359800 1115616337 1062354172 1053622413 1034409496 1019557859 1017155394 807554671 699321354 643493324 635543922 610641992 558175198 465397911 252622955 -1516001231 -947785111 -33357793 -1153595380 -705835898 212778547 -217875412 -749850892 94479857 -715626551 -987366567 -1723864537 -68099703 -164379901 -1311112824 -517488141 -1085328957 -275938109 -1286215096 -1686543566 -620262144 -106120662 -1485319753 -1789476 -777039092

i = 22
Mang truoc khi swap: 1998302705 1945199671 1828548816 1763237687 1658559763 1596772339 1472072181 1346359800 1115616337 1062354172 1053622413 1034409496 1019557859 1017155394 807554671 699321354 643493324 635543922 610641992 558175198 465397911 252622955 -1516001231 -947785111 -33357793 -1153595380 -705835898 212778547 -217875412 -749850892 94479857 -715626551 -987366567 -1723864537 -68099703 -164379901 -1311112824 -517488141 -1085328957 -275938109 -1286215096 -1686543566 -620262144 -106120662 -1485319753 -1789476 -777039092
Phan tu lon nhat trong doan [23, 46]: 212778547
Swap -1516001231 va 212778547
Mang sau khi swap: 1998302705 1945199671 1828548816 1763237687 1658559763 1596772339 1472072181 1346359800 1115616337 1062354172 1053622413 1034409496 1019557859 1017155394 807554671 699321354 643493324 635543922 610641992 558175198 465397911 252622955 212778547 -947785111 -33357793 -1153595380 -705835898 -1516001231 -217875412 -749850892 94479857 -715626551 -987366567 -1723864537 -68099703 -164379901 -1311112824 -517488141 -1085328957 -275938109 -1286215096 -1686543566 -620262144 -106120662 -1485319753 -1789476 -777039092

i = 23
Mang truoc khi swap: 1998302705 1945199671 1828548816 1763237687 1658559763 1596772339 1472072181 1346359800 1115616337 1062354172 1053622413 1034409496 1019557859 1017155394 807554671 699321354 643493324 635543922 610641992 558175198 465397911 252622955 212778547 -947785111 -33357793 -1153595380 -705835898 -1516001231 -217875412 -749850892 94479857 -715626551 -987366567 -1723864537 -68099703 -164379901 -1311112824 -517488141 -1085328957 -275938109 -1286215096 -1686543566 -620262144 -106120662 -1485319753 -1789476 -777039092
Phan tu lon nhat trong doan [24, 46]: 94479857
Swap -947785111 va 94479857
Mang sau khi swap: 1998302705 1945199671 1828548816 1763237687 1658559763 1596772339 1472072181 1346359800 1115616337 1062354172 1053622413 1034409496 1019557859 1017155394 807554671 699321354 643493324 635543922 610641992 558175198 465397911 252622955 212778547 94479857 -33357793 -1153595380 -705835898 -1516001231 -217875412 -749850892 -947785111 -715626551 -987366567 -1723864537 -68099703 -164379901 -1311112824 -517488141 -1085328957 -275938109 -1286215096 -1686543566 -620262144 -106120662 -1485319753 -1789476 -777039092

i = 24
Mang truoc khi swap: 1998302705 1945199671 1828548816 1763237687 1658559763 1596772339 1472072181 1346359800 1115616337 1062354172 1053622413 1034409496 1019557859 1017155394 807554671 699321354 643493324 635543922 610641992 558175198 465397911 252622955 212778547 94479857 -33357793 -1153595380 -705835898 -1516001231 -217875412 -749850892 -947785111 -715626551 -987366567 -1723864537 -68099703 -164379901 -1311112824 -517488141 -1085328957 -275938109 -1286215096 -1686543566 -620262144 -106120662 -1485319753 -1789476 -777039092
Phan tu lon nhat trong doan [25, 46]: -1789476
Swap -33357793 va -1789476
Mang sau khi swap: 1998302705 1945199671 1828548816 1763237687 1658559763 1596772339 1472072181 1346359800 1115616337 1062354172 1053622413 1034409496 1019557859 1017155394 807554671 699321354 643493324 635543922 610641992 558175198 465397911 252622955 212778547 94479857 -1789476 -1153595380 -705835898 -1516001231 -217875412 -749850892 -947785111 -715626551 -987366567 -1723864537 -68099703 -164379901 -1311112824 -517488141 -1085328957 -275938109 -1286215096 -1686543566 -620262144 -106120662 -1485319753 -33357793 -777039092

i = 25
Mang truoc khi swap: 1998302705 1945199671 1828548816 1763237687 1658559763 1596772339 1472072181 1346359800 1115616337 1062354172 1053622413 1034409496 1019557859 1017155394 807554671 699321354 643493324 635543922 610641992 558175198 465397911 252622955 212778547 94479857 -1789476 -1153595380 -705835898 -1516001231 -217875412 -749850892 -947785111 -715626551 -987366567 -1723864537 -68099703 -164379901 -1311112824 -517488141 -1085328957 -275938109 -1286215096 -1686543566 -620262144 -106120662 -1485319753 -33357793 -777039092
Phan tu lon nhat trong doan [26, 46]: -33357793
Swap -1153595380 va -33357793
Mang sau khi swap: 1998302705 1945199671 1828548816 1763237687 1658559763 1596772339 1472072181 1346359800 1115616337 1062354172 1053622413 1034409496 1019557859 1017155394 807554671 699321354 643493324 635543922 610641992 558175198 465397911 252622955 212778547 94479857 -1789476 -33357793 -705835898 -1516001231 -217875412 -749850892 -947785111 -715626551 -987366567 -1723864537 -68099703 -164379901 -1311112824 -517488141 -1085328957 -275938109 -1286215096 -1686543566 -620262144 -106120662 -1485319753 -1153595380 -777039092

i = 26
Mang truoc khi swap: 1998302705 1945199671 1828548816 1763237687 1658559763 1596772339 1472072181 1346359800 1115616337 1062354172 1053622413 1034409496 1019557859 1017155394 807554671 699321354 643493324 635543922 610641992 558175198 465397911 252622955 212778547 94479857 -1789476 -33357793 -705835898 -1516001231 -217875412 -749850892 -947785111 -715626551 -987366567 -1723864537 -68099703 -164379901 -1311112824 -517488141 -1085328957 -275938109 -1286215096 -1686543566 -620262144 -106120662 -1485319753 -1153595380 -777039092
Phan tu lon nhat trong doan [27, 46]: -68099703
Swap -705835898 va -68099703
Mang sau khi swap: 1998302705 1945199671 1828548816 1763237687 1658559763 1596772339 1472072181 1346359800 1115616337 1062354172 1053622413 1034409496 1019557859 1017155394 807554671 699321354 643493324 635543922 610641992 558175198 465397911 252622955 212778547 94479857 -1789476 -33357793 -68099703 -1516001231 -217875412 -749850892 -947785111 -715626551 -987366567 -1723864537 -705835898 -164379901 -1311112824 -517488141 -1085328957 -275938109 -1286215096 -1686543566 -620262144 -106120662 -1485319753 -1153595380 -777039092

i = 27
Mang truoc khi swap: 1998302705 1945199671 1828548816 1763237687 1658559763 1596772339 1472072181 1346359800 1115616337 1062354172 1053622413 1034409496 1019557859 1017155394 807554671 699321354 643493324 635543922 610641992 558175198 465397911 252622955 212778547 94479857 -1789476 -33357793 -68099703 -1516001231 -217875412 -749850892 -947785111 -715626551 -987366567 -1723864537 -705835898 -164379901 -1311112824 -517488141 -1085328957 -275938109 -1286215096 -1686543566 -620262144 -106120662 -1485319753 -1153595380 -777039092
Phan tu lon nhat trong doan [28, 46]: -106120662
Swap -1516001231 va -106120662
Mang sau khi swap: 1998302705 1945199671 1828548816 1763237687 1658559763 1596772339 1472072181 1346359800 1115616337 1062354172 1053622413 1034409496 1019557859 1017155394 807554671 699321354 643493324 635543922 610641992 558175198 465397911 252622955 212778547 94479857 -1789476 -33357793 -68099703 -106120662 -217875412 -749850892 -947785111 -715626551 -987366567 -1723864537 -705835898 -164379901 -1311112824 -517488141 -1085328957 -275938109 -1286215096 -1686543566 -620262144 -1516001231 -1485319753 -1153595380 -777039092

i = 28
Mang truoc khi swap: 1998302705 1945199671 1828548816 1763237687 1658559763 1596772339 1472072181 1346359800 1115616337 1062354172 1053622413 1034409496 1019557859 1017155394 807554671 699321354 643493324 635543922 610641992 558175198 465397911 252622955 212778547 94479857 -1789476 -33357793 -68099703 -106120662 -217875412 -749850892 -947785111 -715626551 -987366567 -1723864537 -705835898 -164379901 -1311112824 -517488141 -1085328957 -275938109 -1286215096 -1686543566 -620262144 -1516001231 -1485319753 -1153595380 -777039092
Phan tu lon nhat trong doan [29, 46]: -164379901
Swap -217875412 va -164379901
Mang sau khi swap: 1998302705 1945199671 1828548816 1763237687 1658559763 1596772339 1472072181 1346359800 1115616337 1062354172 1053622413 1034409496 1019557859 1017155394 807554671 699321354 643493324 635543922 610641992 558175198 465397911 252622955 212778547 94479857 -1789476 -33357793 -68099703 -106120662 -164379901 -749850892 -947785111 -715626551 -987366567 -1723864537 -705835898 -217875412 -1311112824 -517488141 -1085328957 -275938109 -1286215096 -1686543566 -620262144 -1516001231 -1485319753 -1153595380 -777039092

i = 29
Mang truoc khi swap: 1998302705 1945199671 1828548816 1763237687 1658559763 1596772339 1472072181 1346359800 1115616337 1062354172 1053622413 1034409496 1019557859 1017155394 807554671 699321354 643493324 635543922 610641992 558175198 465397911 252622955 212778547 94479857 -1789476 -33357793 -68099703 -106120662 -164379901 -749850892 -947785111 -715626551 -987366567 -1723864537 -705835898 -217875412 -1311112824 -517488141 -1085328957 -275938109 -1286215096 -1686543566 -620262144 -1516001231 -1485319753 -1153595380 -777039092
Phan tu lon nhat trong doan [30, 46]: -217875412
Swap -749850892 va -217875412
Mang sau khi swap: 1998302705 1945199671 1828548816 1763237687 1658559763 1596772339 1472072181 1346359800 1115616337 1062354172 1053622413 1034409496 1019557859 1017155394 807554671 699321354 643493324 635543922 610641992 558175198 465397911 252622955 212778547 94479857 -1789476 -33357793 -68099703 -106120662 -164379901 -217875412 -947785111 -715626551 -987366567 -1723864537 -705835898 -749850892 -1311112824 -517488141 -1085328957 -275938109 -1286215096 -1686543566 -620262144 -1516001231 -1485319753 -1153595380 -777039092

i = 30
Mang truoc khi swap: 1998302705 1945199671 1828548816 1763237687 1658559763 1596772339 1472072181 1346359800 1115616337 1062354172 1053622413 1034409496 1019557859 1017155394 807554671 699321354 643493324 635543922 610641992 558175198 465397911 252622955 212778547 94479857 -1789476 -33357793 -68099703 -106120662 -164379901 -217875412 -947785111 -715626551 -987366567 -1723864537 -705835898 -749850892 -1311112824 -517488141 -1085328957 -275938109 -1286215096 -1686543566 -620262144 -1516001231 -1485319753 -1153595380 -777039092
Phan tu lon nhat trong doan [31, 46]: -275938109
Swap -947785111 va -275938109
Mang sau khi swap: 1998302705 1945199671 1828548816 1763237687 1658559763 1596772339 1472072181 1346359800 1115616337 1062354172 1053622413 1034409496 1019557859 1017155394 807554671 699321354 643493324 635543922 610641992 558175198 465397911 252622955 212778547 94479857 -1789476 -33357793 -68099703 -106120662 -164379901 -217875412 -275938109 -715626551 -987366567 -1723864537 -705835898 -749850892 -1311112824 -517488141 -1085328957 -947785111 -1286215096 -1686543566 -620262144 -1516001231 -1485319753 -1153595380 -777039092

i = 31
Mang truoc khi swap: 1998302705 1945199671 1828548816 1763237687 1658559763 1596772339 1472072181 1346359800 1115616337 1062354172 1053622413 1034409496 1019557859 1017155394 807554671 699321354 643493324 635543922 610641992 558175198 465397911 252622955 212778547 94479857 -1789476 -33357793 -68099703 -106120662 -164379901 -217875412 -275938109 -715626551 -987366567 -1723864537 -705835898 -749850892 -1311112824 -517488141 -1085328957 -947785111 -1286215096 -1686543566 -620262144 -1516001231 -1485319753 -1153595380 -777039092
Phan tu lon nhat trong doan [32, 46]: -517488141
Swap -715626551 va -517488141
Mang sau khi swap: 1998302705 1945199671 1828548816 1763237687 1658559763 1596772339 1472072181 1346359800 1115616337 1062354172 1053622413 1034409496 1019557859 1017155394 807554671 699321354 643493324 635543922 610641992 558175198 465397911 252622955 212778547 94479857 -1789476 -33357793 -68099703 -106120662 -164379901 -217875412 -275938109 -517488141 -987366567 -1723864537 -705835898 -749850892 -1311112824 -715626551 -1085328957 -947785111 -1286215096 -1686543566 -620262144 -1516001231 -1485319753 -1153595380 -777039092

i = 32
Mang truoc khi swap: 1998302705 1945199671 1828548816 1763237687 1658559763 1596772339 1472072181 1346359800 1115616337 1062354172 1053622413 1034409496 1019557859 1017155394 807554671 699321354 643493324 635543922 610641992 558175198 465397911 252622955 212778547 94479857 -1789476 -33357793 -68099703 -106120662 -164379901 -217875412 -275938109 -517488141 -987366567 -1723864537 -705835898 -749850892 -1311112824 -715626551 -1085328957 -947785111 -1286215096 -1686543566 -620262144 -1516001231 -1485319753 -1153595380 -777039092
Phan tu lon nhat trong doan [33, 46]: -620262144
Swap -987366567 va -620262144
Mang sau khi swap: 1998302705 1945199671 1828548816 1763237687 1658559763 1596772339 1472072181 1346359800 1115616337 1062354172 1053622413 1034409496 1019557859 1017155394 807554671 699321354 643493324 635543922 610641992 558175198 465397911 252622955 212778547 94479857 -1789476 -33357793 -68099703 -106120662 -164379901 -217875412 -275938109 -517488141 -620262144 -1723864537 -705835898 -749850892 -1311112824 -715626551 -1085328957 -947785111 -1286215096 -1686543566 -987366567 -1516001231 -1485319753 -1153595380 -777039092

i = 33
Mang truoc khi swap: 1998302705 1945199671 1828548816 1763237687 1658559763 1596772339 1472072181 1346359800 1115616337 1062354172 1053622413 1034409496 1019557859 1017155394 807554671 699321354 643493324 635543922 610641992 558175198 465397911 252622955 212778547 94479857 -1789476 -33357793 -68099703 -106120662 -164379901 -217875412 -275938109 -517488141 -620262144 -1723864537 -705835898 -749850892 -1311112824 -715626551 -1085328957 -947785111 -1286215096 -1686543566 -987366567 -1516001231 -1485319753 -1153595380 -777039092
Phan tu lon nhat trong doan [34, 46]: -705835898
Swap -1723864537 va -705835898
Mang sau khi swap: 1998302705 1945199671 1828548816 1763237687 1658559763 1596772339 1472072181 1346359800 1115616337 1062354172 1053622413 1034409496 1019557859 1017155394 807554671 699321354 643493324 635543922 610641992 558175198 465397911 252622955 212778547 94479857 -1789476 -33357793 -68099703 -106120662 -164379901 -217875412 -275938109 -517488141 -620262144 -705835898 -1723864537 -749850892 -1311112824 -715626551 -1085328957 -947785111 -1286215096 -1686543566 -987366567 -1516001231 -1485319753 -1153595380 -777039092

i = 34
Mang truoc khi swap: 1998302705 1945199671 1828548816 1763237687 1658559763 1596772339 1472072181 1346359800 1115616337 1062354172 1053622413 1034409496 1019557859 1017155394 807554671 699321354 643493324 635543922 610641992 558175198 465397911 252622955 212778547 94479857 -1789476 -33357793 -68099703 -106120662 -164379901 -217875412 -275938109 -517488141 -620262144 -705835898 -1723864537 -749850892 -1311112824 -715626551 -1085328957 -947785111 -1286215096 -1686543566 -987366567 -1516001231 -1485319753 -1153595380 -777039092
Phan tu lon nhat trong doan [35, 46]: -715626551
Swap -1723864537 va -715626551
Mang sau khi swap: 1998302705 1945199671 1828548816 1763237687 1658559763 1596772339 1472072181 1346359800 1115616337 1062354172 1053622413 1034409496 1019557859 1017155394 807554671 699321354 643493324 635543922 610641992 558175198 465397911 252622955 212778547 94479857 -1789476 -33357793 -68099703 -106120662 -164379901 -217875412 -275938109 -517488141 -620262144 -705835898 -715626551 -749850892 -1311112824 -1723864537 -1085328957 -947785111 -1286215096 -1686543566 -987366567 -1516001231 -1485319753 -1153595380 -777039092

i = 35
Mang truoc khi swap: 1998302705 1945199671 1828548816 1763237687 1658559763 1596772339 1472072181 1346359800 1115616337 1062354172 1053622413 1034409496 1019557859 1017155394 807554671 699321354 643493324 635543922 610641992 558175198 465397911 252622955 212778547 94479857 -1789476 -33357793 -68099703 -106120662 -164379901 -217875412 -275938109 -517488141 -620262144 -705835898 -715626551 -749850892 -1311112824 -1723864537 -1085328957 -947785111 -1286215096 -1686543566 -987366567 -1516001231 -1485319753 -1153595380 -777039092
Phan tu lon nhat trong doan [36, 46]: -749850892
Swap -749850892 va -749850892
Mang sau khi swap: 1998302705 1945199671 1828548816 1763237687 1658559763 1596772339 1472072181 1346359800 1115616337 1062354172 1053622413 1034409496 1019557859 1017155394 807554671 699321354 643493324 635543922 610641992 558175198 465397911 252622955 212778547 94479857 -1789476 -33357793 -68099703 -106120662 -164379901 -217875412 -275938109 -517488141 -620262144 -705835898 -715626551 -749850892 -1311112824 -1723864537 -1085328957 -947785111 -1286215096 -1686543566 -987366567 -1516001231 -1485319753 -1153595380 -777039092

i = 36
Mang truoc khi swap: 1998302705 1945199671 1828548816 1763237687 1658559763 1596772339 1472072181 1346359800 1115616337 1062354172 1053622413 1034409496 1019557859 1017155394 807554671 699321354 643493324 635543922 610641992 558175198 465397911 252622955 212778547 94479857 -1789476 -33357793 -68099703 -106120662 -164379901 -217875412 -275938109 -517488141 -620262144 -705835898 -715626551 -749850892 -1311112824 -1723864537 -1085328957 -947785111 -1286215096 -1686543566 -987366567 -1516001231 -1485319753 -1153595380 -777039092
Phan tu lon nhat trong doan [37, 46]: -777039092
Swap -1311112824 va -777039092
Mang sau khi swap: 1998302705 1945199671 1828548816 1763237687 1658559763 1596772339 1472072181 1346359800 1115616337 1062354172 1053622413 1034409496 1019557859 1017155394 807554671 699321354 643493324 635543922 610641992 558175198 465397911 252622955 212778547 94479857 -1789476 -33357793 -68099703 -106120662 -164379901 -217875412 -275938109 -517488141 -620262144 -705835898 -715626551 -749850892 -777039092 -1723864537 -1085328957 -947785111 -1286215096 -1686543566 -987366567 -1516001231 -1485319753 -1153595380 -1311112824

i = 37
Mang truoc khi swap: 1998302705 1945199671 1828548816 1763237687 1658559763 1596772339 1472072181 1346359800 1115616337 1062354172 1053622413 1034409496 1019557859 1017155394 807554671 699321354 643493324 635543922 610641992 558175198 465397911 252622955 212778547 94479857 -1789476 -33357793 -68099703 -106120662 -164379901 -217875412 -275938109 -517488141 -620262144 -705835898 -715626551 -749850892 -777039092 -1723864537 -1085328957 -947785111 -1286215096 -1686543566 -987366567 -1516001231 -1485319753 -1153595380 -1311112824
Phan tu lon nhat trong doan [38, 46]: -947785111
Swap -1723864537 va -947785111
Mang sau khi swap: 1998302705 1945199671 1828548816 1763237687 1658559763 1596772339 1472072181 1346359800 1115616337 1062354172 1053622413 1034409496 1019557859 1017155394 807554671 699321354 643493324 635543922 610641992 558175198 465397911 252622955 212778547 94479857 -1789476 -33357793 -68099703 -106120662 -164379901 -217875412 -275938109 -517488141 -620262144 -705835898 -715626551 -749850892 -777039092 -947785111 -1085328957 -1723864537 -1286215096 -1686543566 -987366567 -1516001231 -1485319753 -1153595380 -1311112824

i = 38
Mang truoc khi swap: 1998302705 1945199671 1828548816 1763237687 1658559763 1596772339 1472072181 1346359800 1115616337 1062354172 1053622413 1034409496 1019557859 1017155394 807554671 699321354 643493324 635543922 610641992 558175198 465397911 252622955 212778547 94479857 -1789476 -33357793 -68099703 -106120662 -164379901 -217875412 -275938109 -517488141 -620262144 -705835898 -715626551 -749850892 -777039092 -947785111 -1085328957 -1723864537 -1286215096 -1686543566 -987366567 -1516001231 -1485319753 -1153595380 -1311112824
Phan tu lon nhat trong doan [39, 46]: -987366567
Swap -1085328957 va -987366567
Mang sau khi swap: 1998302705 1945199671 1828548816 1763237687 1658559763 1596772339 1472072181 1346359800 1115616337 1062354172 1053622413 1034409496 1019557859 1017155394 807554671 699321354 643493324 635543922 610641992 558175198 465397911 252622955 212778547 94479857 -1789476 -33357793 -68099703 -106120662 -164379901 -217875412 -275938109 -517488141 -620262144 -705835898 -715626551 -749850892 -777039092 -947785111 -987366567 -1723864537 -1286215096 -1686543566 -1085328957 -1516001231 -1485319753 -1153595380 -1311112824

i = 39
Mang truoc khi swap: 1998302705 1945199671 1828548816 1763237687 1658559763 1596772339 1472072181 1346359800 1115616337 1062354172 1053622413 1034409496 1019557859 1017155394 807554671 699321354 643493324 635543922 610641992 558175198 465397911 252622955 212778547 94479857 -1789476 -33357793 -68099703 -106120662 -164379901 -217875412 -275938109 -517488141 -620262144 -705835898 -715626551 -749850892 -777039092 -947785111 -987366567 -1723864537 -1286215096 -1686543566 -1085328957 -1516001231 -1485319753 -1153595380 -1311112824
Phan tu lon nhat trong doan [40, 46]: -1085328957
Swap -1723864537 va -1085328957
Mang sau khi swap: 1998302705 1945199671 1828548816 1763237687 1658559763 1596772339 1472072181 1346359800 1115616337 1062354172 1053622413 1034409496 1019557859 1017155394 807554671 699321354 643493324 635543922 610641992 558175198 465397911 252622955 212778547 94479857 -1789476 -33357793 -68099703 -106120662 -164379901 -217875412 -275938109 -517488141 -620262144 -705835898 -715626551 -749850892 -777039092 -947785111 -987366567 -1085328957 -1286215096 -1686543566 -1723864537 -1516001231 -1485319753 -1153595380 -1311112824

i = 40
Mang truoc khi swap: 1998302705 1945199671 1828548816 1763237687 1658559763 1596772339 1472072181 1346359800 1115616337 1062354172 1053622413 1034409496 1019557859 1017155394 807554671 699321354 643493324 635543922 610641992 558175198 465397911 252622955 212778547 94479857 -1789476 -33357793 -68099703 -106120662 -164379901 -217875412 -275938109 -517488141 -620262144 -705835898 -715626551 -749850892 -777039092 -947785111 -987366567 -1085328957 -1286215096 -1686543566 -1723864537 -1516001231 -1485319753 -1153595380 -1311112824
Phan tu lon nhat trong doan [41, 46]: -1153595380
Swap -1286215096 va -1153595380
Mang sau khi swap: 1998302705 1945199671 1828548816 1763237687 1658559763 1596772339 1472072181 1346359800 1115616337 1062354172 1053622413 1034409496 1019557859 1017155394 807554671 699321354 643493324 635543922 610641992 558175198 465397911 252622955 212778547 94479857 -1789476 -33357793 -68099703 -106120662 -164379901 -217875412 -275938109 -517488141 -620262144 -705835898 -715626551 -749850892 -777039092 -947785111 -987366567 -1085328957 -1153595380 -1686543566 -1723864537 -1516001231 -1485319753 -1286215096 -1311112824

i = 41
Mang truoc khi swap: 1998302705 1945199671 1828548816 1763237687 1658559763 1596772339 1472072181 1346359800 1115616337 1062354172 1053622413 1034409496 1019557859 1017155394 807554671 699321354 643493324 635543922 610641992 558175198 465397911 252622955 212778547 94479857 -1789476 -33357793 -68099703 -106120662 -164379901 -217875412 -275938109 -517488141 -620262144 -705835898 -715626551 -749850892 -777039092 -947785111 -987366567 -1085328957 -1153595380 -1686543566 -1723864537 -1516001231 -1485319753 -1286215096 -1311112824
Phan tu lon nhat trong doan [42, 46]: -1286215096
Swap -1686543566 va -1286215096
Mang sau khi swap: 1998302705 1945199671 1828548816 1763237687 1658559763 1596772339 1472072181 1346359800 1115616337 1062354172 1053622413 1034409496 1019557859 1017155394 807554671 699321354 643493324 635543922 610641992 558175198 465397911 252622955 212778547 94479857 -1789476 -33357793 -68099703 -106120662 -164379901 -217875412 -275938109 -517488141 -620262144 -705835898 -715626551 -749850892 -777039092 -947785111 -987366567 -1085328957 -1153595380 -1286215096 -1723864537 -1516001231 -1485319753 -1686543566 -1311112824

i = 42
Mang truoc khi swap: 1998302705 1945199671 1828548816 1763237687 1658559763 1596772339 1472072181 1346359800 1115616337 1062354172 1053622413 1034409496 1019557859 1017155394 807554671 699321354 643493324 635543922 610641992 558175198 465397911 252622955 212778547 94479857 -1789476 -33357793 -68099703 -106120662 -164379901 -217875412 -275938109 -517488141 -620262144 -705835898 -715626551 -749850892 -777039092 -947785111 -987366567 -1085328957 -1153595380 -1286215096 -1723864537 -1516001231 -1485319753 -1686543566 -1311112824
Phan tu lon nhat trong doan [43, 46]: -1311112824
Swap -1723864537 va -1311112824
Mang sau khi swap: 1998302705 1945199671 1828548816 1763237687 1658559763 1596772339 1472072181 1346359800 1115616337 1062354172 1053622413 1034409496 1019557859 1017155394 807554671 699321354 643493324 635543922 610641992 558175198 465397911 252622955 212778547 94479857 -1789476 -33357793 -68099703 -106120662 -164379901 -217875412 -275938109 -517488141 -620262144 -705835898 -715626551 -749850892 -777039092 -947785111 -987366567 -1085328957 -1153595380 -1286215096 -1311112824 -1516001231 -1485319753 -1686543566 -1723864537

i = 43
Mang truoc khi swap: 1998302705 1945199671 1828548816 1763237687 1658559763 1596772339 1472072181 1346359800 1115616337 1062354172 1053622413 1034409496 1019557859 1017155394 807554671 699321354 643493324 635543922 610641992 558175198 465397911 252622955 212778547 94479857 -1789476 -33357793 -68099703 -106120662 -164379901 -217875412 -275938109 -517488141 -620262144 -705835898 -715626551 -749850892 -777039092 -947785111 -987366567 -1085328957 -1153595380 -1286215096 -1311112824 -1516001231 -1485319753 -1686543566 -1723864537
Phan tu lon nhat trong doan [44, 46]: -1485319753
Swap -1516001231 va -1485319753
Mang sau khi swap: 1998302705 1945199671 1828548816 1763237687 1658559763 1596772339 1472072181 1346359800 1115616337 1062354172 1053622413 1034409496 1019557859 1017155394 807554671 699321354 643493324 635543922 610641992 558175198 465397911 252622955 212778547 94479857 -1789476 -33357793 -68099703 -106120662 -164379901 -217875412 -275938109 -517488141 -620262144 -705835898 -715626551 -749850892 -777039092 -947785111 -987366567 -1085328957 -1153595380 -1286215096 -1311112824 -1485319753 -1516001231 -1686543566 -1723864537

i = 44
Mang truoc khi swap: 1998302705 1945199671 1828548816 1763237687 1658559763 1596772339 1472072181 1346359800 1115616337 1062354172 1053622413 1034409496 1019557859 1017155394 807554671 699321354 643493324 635543922 610641992 558175198 465397911 252622955 212778547 94479857 -1789476 -33357793 -68099703 -106120662 -164379901 -217875412 -275938109 -517488141 -620262144 -705835898 -715626551 -749850892 -777039092 -947785111 -987366567 -1085328957 -1153595380 -1286215096 -1311112824 -1485319753 -1516001231 -1686543566 -1723864537
Phan tu lon nhat trong doan [45, 46]: -1516001231
Swap -1516001231 va -1516001231
Mang sau khi swap: 1998302705 1945199671 1828548816 1763237687 1658559763 1596772339 1472072181 1346359800 1115616337 1062354172 1053622413 1034409496 1019557859 1017155394 807554671 699321354 643493324 635543922 610641992 558175198 465397911 252622955 212778547 94479857 -1789476 -33357793 -68099703 -106120662 -164379901 -217875412 -275938109 -517488141 -620262144 -705835898 -715626551 -749850892 -777039092 -947785111 -987366567 -1085328957 -1153595380 -1286215096 -1311112824 -1485319753 -1516001231 -1686543566 -1723864537

i = 45
Mang truoc khi swap: 1998302705 1945199671 1828548816 1763237687 1658559763 1596772339 1472072181 1346359800 1115616337 1062354172 1053622413 1034409496 1019557859 1017155394 807554671 699321354 643493324 635543922 610641992 558175198 465397911 252622955 212778547 94479857 -1789476 -33357793 -68099703 -106120662 -164379901 -217875412 -275938109 -517488141 -620262144 -705835898 -715626551 -749850892 -777039092 -947785111 -987366567 -1085328957 -1153595380 -1286215096 -1311112824 -1485319753 -1516001231 -1686543566 -1723864537
Phan tu lon nhat trong doan [46, 46]: -1686543566
Swap -1686543566 va -1686543566
Mang sau khi swap: 1998302705 1945199671 1828548816 1763237687 1658559763 1596772339 1472072181 1346359800 1115616337 1062354172 1053622413 1034409496 1019557859 1017155394 807554671 699321354 643493324 635543922 610641992 558175198 465397911 252622955 212778547 94479857 -1789476 -33357793 -68099703 -106120662 -164379901 -217875412 -275938109 -517488141 -620262144 -705835898 -715626551 -749850892 -777039092 -947785111 -987366567 -1085328957 -1153595380 -1286215096 -1311112824 -1485319753 -1516001231 -1686543566 -1723864537

Mang sau khi sap xep:
1998302705 1945199671 1828548816 1763237687 1658559763 1596772339 1472072181 1346359800 1115616337 1062354172 1053622413 1034409496 1019557859 1017155394 807554671 699321354 643493324 635543922 610641992 558175198 465397911 252622955 212778547 94479857 -1789476 -33357793 -68099703 -106120662 -164379901 -217875412 -275938109 -517488141 -620262144 -705835898 -715626551 -749850892 -777039092 -947785111 -987366567 -1085328957 -1153595380 -1286215096 -1311112824 -1485319753 -1516001231 -1686543566 -1723864537
