Mang truoc khi sap xep:
1728876971 -44332498 -1429946868 1753172066 -5337796 691632850 -1319695770 -1535961088 1089947119 1599822933 -1817955955 1049603463 1976186751 -1233198929 892200306 430617630 -1888418633 -1509016967 1273439250 -491559746 100227106 1592377960 -1104854033 1534375509 379942 -573693646 -359505186 -1626939213

Sap xep:
i = 0
Mang truoc khi swap: 1728876971 -44332498 -1429946868 1753172066 -5337796 691632850 -1319695770 -1535961088 1089947119 1599822933 -1817955955 1049603463 1976186751 -1233198929 892200306 430617630 -1888418633 -1509016967 1273439250 -491559746 100227106 1592377960 -1104854033 1534375509 379942 -573693646 -359505186 -1626939213
Phan tu lon nhat trong doan [1, 27]: 1976186751
Swap 1728876971 va 1976186751
Mang sau khi swap: 1976186751 -44332498 -1429946868 1753172066 -5337796 691632850 -1319695770 -1535961088 1089947119 1599822933 -1817955955 1049603463 1728876971 -1233198929 892200306 430617630 -1888418633 -1509016967 1273439250 -491559746 100227106 1592377960 -1104854033 1534375509 379942 -573693646 -359505186 -1626939213

i = 1
Mang truoc khi swap: 1976186751 -44332498 -1429946868 1753172066 -5337796 691632850 -1319695770 -1535961088 1089947119 1599822933 -1817955955 1049603463 1728876971 -1233198929 892200306 430617630 -1888418633 -1509016967 1273439250 -491559746 100227106 1592377960 -1104854033 1534375509 379942 -573693646 -359505186 -1626939213
Phan tu lon nhat trong doan [2, 27]: 1753172066
Swap -44332498 va 1753172066
Mang sau khi swap: 1976186751 1753172066 -1429946868 -44332498 -5337796 691632850 -1319695770 -1535961088 1089947119 1599822933 -1817955955 1049603463 1728876971 -1233198929 892200306 430617630 -1888418633 -1509016967 1273439250 -491559746 100227106 1592377960 -1104854033 1534375509 379942 -573693646 -359505186 -1626939213

i = 2
Mang truoc khi swap: 1976186751 1753172066 -1429946868 -44332498 -5337796 691632850 -1319695770 -1535961088 1089947119 1599822933 -1817955955 1049603463 1728876971 -1233198929 892200306 430617630 -1888418633 -1509016967 1273439250 -491559746 100227106 1592377960 -1104854033 1534375509 379942 -573693646 -359505186 -1626939213
Phan tu lon nhat trong doan [3, 27]: 1728876971
Swap -1429946868 va 1728876971
Mang sau khi swap: 1976186751 1753172066 1728876971 -44332498 -5337796 691632850 -1319695770 -1535961088 1089947119 1599822933 -1817955955 1049603463 -1429946868 -1233198929 892200306 430617630 -1888418633 -1509016967 1273439250 -491559746 100227106 1592377960 -1104854033 1534375509 379942 -573693646 -359505186 -1626939213

i = 3
Mang truoc khi swap: 1976186751 1753172066 1728876971 -44332498 -5337796 691632850 -1319695770 -1535961088 1089947119 1599822933 -1817955955 1049603463 -1429946868 -1233198929 892200306 430617630 -1888418633 -1509016967 1273439250 -491559746 100227106 1592377960 -1104854033 1534375509 379942 -573693646 -359505186 -1626939213
Phan tu lon nhat trong doan [4, 27]: 1599822933
Swap -44332498 va 1599822933
Mang sau khi swap: 1976186751 1753172066 1728876971 1599822933 -5337796 691632850 -1319695770 -1535961088 1089947119 -44332498 -1817955955 1049603463 -1429946868 -1233198929 892200306 430617630 -1888418633 -1509016967 1273439250 -491559746 100227106 1592377960 -1104854033 1534375509 379942 -573693646 -359505186 -1626939213

i = 4
Mang truoc khi swap: 1976186751 1753172066 1728876971 1599822933 -5337796 691632850 -1319695770 -1535961088 1089947119 -44332498 -1817955955 1049603463 -1429946868 -1233198929 892200306 430617630 -1888418633 -1509016967 1273439250 -491559746 100227106 1592377960 -1104854033 1534375509 379942 -573693646 -359505186 -1626939213
Phan tu lon nhat trong doan [5, 27]: 1592377960
Swap -5337796 va 1592377960
Mang sau khi swap: 1976186751 1753172066 1728876971 1599822933 1592377960 691632850 -1319695770 -1535961088 1089947119 -44332498 -1817955955 1049603463 -1429946868 -1233198929 892200306 430617630 -1888418633 -1509016967 1273439250 -491559746 100227106 -5337796 -1104854033 1534375509 379942 -573693646 -359505186 -1626939213

i = 5
Mang truoc khi swap: 1976186751 1753172066 1728876971 1599822933 1592377960 691632850 -1319695770 -1535961088 1089947119 -44332498 -1817955955 1049603463 -1429946868 -1233198929 892200306 430617630 -1888418633 -1509016967 1273439250 -491559746 100227106 -5337796 -1104854033 1534375509 379942 -573693646 -359505186 -1626939213
Phan tu lon nhat trong doan [6, 27]: 1534375509
Swap 691632850 va 1534375509
Mang sau khi swap: 1976186751 1753172066 1728876971 1599822933 1592377960 1534375509 -1319695770 -1535961088 1089947119 -44332498 -1817955955 1049603463 -1429946868 -1233198929 892200306 430617630 -1888418633 -1509016967 1273439250 -491559746 100227106 -5337796 -1104854033 691632850 379942 -573693646 -359505186 -1626939213

i = 6
Mang truoc khi swap: 1976186751 1753172066 1728876971 1599822933 1592377960 1534375509 -1319695770 -1535961088 1089947119 -44332498 -1817955955 1049603463 -1429946868 -1233198929 892200306 430617630 -1888418633 -1509016967 1273439250 -491559746 100227106 -5337796 -1104854033 691632850 379942 -573693646 -359505186 -1626939213
Phan tu lon nhat trong doan [7, 27]: 1273439250
Swap -1319695770 va 1273439250
Mang sau khi swap: 1976186751 1753172066 1728876971 1599822933 1592377960 1534375509 1273439250 -1535961088 1089947119 -44332498 -1817955955 1049603463 -1429946868 -1233198929 892200306 430617630 -1888418633 -1509016967 -1319695770 -491559746 100227106 -5337796 -1104854033 691632850 379942 -573693646 -359505186 -1626939213

i = 7
Mang truoc khi swap: 1976186751 1753172066 1728876971 1599822933 1592377960 1534375509 1273439250 -1535961088 1089947119 -44332498 -1817955955 1049603463 -1429946868 -1233198929 892200306 430617630 -1888418633 -1509016967 -1319695770 -491559746 100227106 -5337796 -1104854033 691632850 379942 -573693646 -359505186 -1626939213
Phan tu lon nhat trong doan [8, 27]: 1089947119
Swap -1535961088 va 1089947119
Mang sau khi swap: 1976186751 1753172066 1728876971 1599822933 1592377960 1534375509 1273439250 1089947119 -1535961088 -44332498 -1817955955 1049603463 -1429946868 -1233198929 892200306 430617630 -1888418633 -1509016967 -1319695770 -491559746 100227106 -5337796 -1104854033 691632850 379942 -573693646 -359505186 -1626939213

i = 8
Mang truoc khi swap: 1976186751 1753172066 1728876971 1599822933 1592377960 1534375509 1273439250 1089947119 -1535961088 -44332498 -1817955955 1049603463 -1429946868 -1233198929 892200306 430617630 -1888418633 -1509016967 -1319695770 -491559746 100227106 -5337796 -1104854033 691632850 379942 -573693646 -359505186 -1626939213
Phan tu lon nhat trong doan [9, 27]: 1049603463
Swap -1535961088 va 1049603463
Mang sau khi swap: 1976186751 1753172066 1728876971 1599822933 1592377960 1534375509 1273439250 1089947119 1049603463 -44332498 -1817955955 -1535961088 -1429946868 -1233198929 892200306 430617630 -1888418633 -1509016967 -1319695770 -491559746 100227106 -5337796 -1104854033 691632850 379942 -573693646 -359505186 -1626939213

i = 9
Mang truoc khi swap: 1976186751 1753172066 1728876971 1599822933 1592377960 1534375509 1273439250 1089947119 1049603463 -44332498 -1817955955 -1535961088 -1429946868 -1233198929 892200306 430617630 -1888418633 -1509016967 -1319695770 -491559746 100227106 -5337796 -1104854033 691632850 379942 -573693646 -359505186 -1626939213
Phan tu lon nhat trong doan [10, 27]: 892200306
Swap -44332498 va 892200306
Mang sau khi swap: 1976186751 1753172066 1728876971 1599822933 1592377960 1534375509 1273439250 1089947119 1049603463 892200306 -1817955955 -1535961088 -1429946868 -1233198929 -44332498 430617630 -1888418633 -1509016967 -1319695770 -491559746 100227106 -5337796 -1104854033 691632850 379942 -573693646 -359505186 -1626939213

i = 10
Mang truoc khi swap: 1976186751 1753172066 1728876971 1599822933 1592377960 1534375509 1273439250 1089947119 1049603463 892200306 -1817955955 -1535961088 -1429946868 -1233198929 -44332498 430617630 -1888418633 -1509016967 -1319695770 -491559746 100227106 -5337796 -1104854033 691632850 379942 -573693646 -359505186 -1626939213
Phan tu lon nhat trong doan [11, 27]: 691632850
Swap -1817955955 va 691632850
Mang sau khi swap: 1976186751 1753172066 1728876971 1599822933 1592377960 1534375509 1273439250 1089947119 1049603463 892200306 691632850 -1535961088 -1429946868 -1233198929 -44332498 430617630 -1888418633 -1509016967 -1319695770 -491559746 100227106 -5337796 -1104854033 -1817955955 379942 -573693646 -359505186 -1626939213

i = 11
Mang truoc khi swap: 1976186751 1753172066 1728876971 1599822933 1592377960 1534375509 1273439250 1089947119 1049603463 892200306 691632850 -1535961088 -1429946868 -1233198929 -44332498 430617630 -1888418633 -1509016967 -1319695770 -491559746 100227106 -5337796 -1104854033 -1817955955 379942 -573693646 -359505186 -1626939213
Phan tu lon nhat trong doan [12, 27]: 430617630
Swap -1535961088 va 430617630
Mang sau khi swap: 1976186751 1753172066 1728876971 1599822933 1592377960 1534375509 1273439250 1089947119 1049603463 892200306 691632850 430617630 -1429946868 -1233198929 -44332498 -1535961088 -1888418633 -1509016967 -1319695770 -491559746 100227106 -5337796 -1104854033 -1817955955 379942 -573693646 -359505186 -1626939213

i = 12
Mang truoc khi swap: 1976186751 1753172066 1728876971 1599822933 1592377960 1534375509 1273439250 1089947119 1049603463 892200306 691632850 430617630 -1429946868 -1233198929 -44332498 -1535961088 -1888418633 -1509016967 -1319695770 -491559746 100227106 -5337796 -1104854033 -1817955955 379942 -573693646 -359505186 -1626939213
Phan tu lon nhat trong doan [13, 27]: 100227106
Swap -1429946868 va 100227106
Mang sau khi swap: 1976186751 1753172066 1728876971 1599822933 1592377960 1534375509 1273439250 1089947119 1049603463 892200306 691632850 430617630 100227106 -1233198929 -44332498 -1535961088 -1888418633 -1509016967 -1319695770 -491559746 -1429946868 -5337796 -1104854033 -1817955955 379942 -573693646 -359505186 -1626939213

i = 13
Mang truoc khi swap: 1976186751 1753172066 1728876971 1599822933 1592377960 1534375509 1273439250 1089947119 1049603463 892200306 691632850 430617630 100227106 -1233198929 -44332498 -1535961088 -1888418633 -1509016967 -1319695770 -491559746 -1429946868 -5337796 -1104854033 -1817955955 379942 -573693646 -359505186 -1626939213
Phan tu lon nhat trong doan [14, 27]: 379942
Swap -1233198929 va 379942
Mang sau khi swap: 1976186751 1753172066 1728876971 1599822933 1592377960 1534375509 1273439250 1089947119 1049603463 892200306 691632850 430617630 100227106 379942 -44332498 -1535961088 -1888418633 -1509016967 -1319695770 -491559746 -1429946868 -5337796 -1104854033 -1817955955 -1233198929 -573693646 -359505186 -1626939213

i = 14
Mang truoc khi swap: 1976186751 1753172066 1728876971 1599822933 1592377960 1534375509 1273439250 1089947119 1049603463 892200306 691632850 430617630 100227106 379942 -44332498 -1535961088 -1888418633 -1509016967 -1319695770 -491559746 -1429946868 -5337796 -1104854033 -1817955955 -1233198929 -573693646 -359505186 -1626939213
Phan tu lon nhat trong doan [15, 27]: -5337796
Swap -44332498 va -5337796
Mang sau khi swap: 1976186751 1753172066 1728876971 1599822933 1592377960 1534375509 1273439250 1089947119 1049603463 892200306 691632850 430617630 100227106 379942 -5337796 -1535961088 -1888418633 -1509016967 -1319695770 -491559746 -1429946868 -44332498 -1104854033 -1817955955 -1233198929 -573693646 -359505186 -1626939213

i = 15
Mang truoc khi swap: 1976186751 1753172066 1728876971 1599822933 1592377960 1534375509 1273439250 1089947119 1049603463 892200306 691632850 430617630 100227106 379942 -5337796 -1535961088 -1888418633 -1509016967 -1319695770 -491559746 -1429946868 -44332498 -1104854033 -1817955955 -1233198929 -573693646 -359505186 -1626939213
Phan tu lon nhat trong doan [16, 27]: -44332498
Swap -1535961088 va -44332498
Mang sau khi swap: 1976186751 1753172066 1728876971 1599822933 1592377960 1534375509 1273439250 1089947119 1049603463 892200306 691632850 430617630 100227106 379942 -5337796 -44332498 -1888418633 -1509016967 -1319695770 -491559746 -1429946868 -1535961088 -1104854033 -1817955955 -1233198929 -573693646 -359505186 -1626939213

i = 16
Mang truoc khi swap: 1976186751 1753172066 1728876971 1599822933 1592377960 1534375509 1273439250 1089947119 1049603463 892200306 691632850 430617630 100227106 379942 -5337796 -44332498 -1888418633 -1509016967 -1319695770 -491559746 -1429946868 -1535961088 -1104854033 -1817955955 -1233198929 -573693646 -359505186 -1626939213
Phan tu lon nhat trong doan [17, 27]: -359505186
Swap -1888418633 va -359505186
Mang sau khi swap: 1976186751 1753172066 1728876971 1599822933 1592377960 1534375509 1273439250 1089947119 1049603463 892200306 691632850 430617630 100227106 379942 -5337796 -44332498 -359505186 -1509016967 -1319695770 -491559746 -1429946868 -1535961088 -1104854033 -1817955955 -1233198929 -573693646 -1888418633 -1626939213

i = 17
Mang truoc khi swap: 1976186751 1753172066 1728876971 1599822933 1592377960 1534375509 1273439250 1089947119 1049603463 892200306 691632850 430617630 100227106 379942 -5337796 -44332498 -359505186 -1509016967 -1319695770 -491559746 -1429946868 -1535961088 -1104854033 -1817955955 -1233198929 -573693646 -1888418633 -1626939213
Phan tu lon nhat trong doan [18, 27]: -491559746
Swap -1509016967 va -491559746
Mang sau khi swap: 1976186751 1753172066 1728876971 1599822933 1592377960 1534375509 1273439250 1089947119 1049603463 892200306 691632850 430617630 100227106 379942 -5337796 -44332498 -359505186 -491559746 -1319695770 -1509016967 -1429946868 -1535961088 -1104854033 -1817955955 -1233198929 -573693646 -1888418633 -1626939213

i = 18
Mang truoc khi swap: 1976186751 1753172066 1728876971 1599822933 1592377960 1534375509 1273439250 1089947119 1049603463 892200306 691632850 430617630 100227106 379942 -5337796 -44332498 -359505186 -491559746 -1319695770 -1509016967 -1429946868 -1535961088 -1104854033 -1817955955 -1233198929 -573693646 -1888418633 -1626939213
Phan tu lon nhat trong doan [19, 27]: -573693646
Swap -1319695770 va -573693646
Mang sau khi swap: 1976186751 1753172066 1728876971 1599822933 1592377960 1534375509 1273439250 1089947119 1049603463 892200306 691632850 430617630 100227106 379942 -5337796 -44332498 -359505186 -491559746 -573693646 -1509016967 -1429946868 -1535961088 -1104854033 -1817955955 -1233198929 -1319695770 -1888418633 -1626939213

i = 19
Mang truoc khi swap: 1976186751 1753172066 1728876971 1599822933 1592377960 1534375509 1273439250 1089947119 1049603463 892200306 691632850 430617630 100227106 379942 -5337796 -44332498 -359505186 -491559746 -573693646 -1509016967 -1429946868 -1535961088 -1104854033 -1817955955 -1233198929 -1319695770 -1888418633 -1626939213
Phan tu lon nhat trong doan [20, 27]: -1104854033
Swap -1509016967 va -1104854033
Mang sau khi swap: 1976186751 1753172066 1728876971 1599822933 1592377960 1534375509 1273439250 1089947119 1049603463 892200306 691632850 430617630 100227106 379942 -5337796 -44332498 -359505186 -491559746 -573693646 -1104854033 -1429946868 -1535961088 -1509016967 -1817955955 -1233198929 -1319695770 -1888418633 -1626939213

i = 20
Mang truoc khi swap: 1976186751 1753172066 1728876971 1599822933 1592377960 1534375509 1273439250 1089947119 1049603463 892200306 691632850 430617630 100227106 379942 -5337796 -44332498 -359505186 -491559746 -573693646 -1104854033 -1429946868 -1535961088 -1509016967 -1817955955 -1233198929 -1319695770 -1888418633 -1626939213
Phan tu lon nhat trong doan [21, 27]: -1233198929
Swap -1429946868 va -1233198929
Mang sau khi swap: 1976186751 1753172066 1728876971 1599822933 1592377960 1534375509 1273439250 1089947119 1049603463 892200306 691632850 430617630 100227106 379942 -5337796 -44332498 -359505186 -491559746 -573693646 -1104854033 -1233198929 -1535961088 -1509016967 -1817955955 -1429946868 -1319695770 -1888418633 -1626939213

i = 21
Mang truoc khi swap: 1976186751 1753172066 1728876971 1599822933 1592377960 1534375509 1273439250 1089947119 1049603463 892200306 691632850 430617630 100227106 379942 -5337796 -44332498 -359505186 -491559746 -573693646 -1104854033 -1233198929 -1535961088 -1509016967 -1817955955 -1429946868 -1319695770 -1888418633 -1626939213
Phan tu lon nhat trong doan [22, 27]: -1319695770
Swap -1535961088 va -1319695770
Mang sau khi swap: 1976186751 1753172066 1728876971 1599822933 1592377960 1534375509 1273439250 1089947119 1049603463 892200306 691632850 430617630 100227106 379942 -5337796 -44332498 -359505186 -491559746 -573693646 -1104854033 -1233198929 -1319695770 -1509016967 -1817955955 -1429946868 -1535961088 -1888418633 -1626939213

i = 22
Mang truoc khi swap: 1976186751 1753172066 1728876971 1599822933 1592377960 1534375509 1273439250 1089947119 1049603463 892200306 691632850 430617630 100227106 379942 -5337796 -44332498 -359505186 -491559746 -573693646 -1104854033 -1233198929 -1319695770 -1509016967 -1817955955 -1429946868 -1535961088 -1888418633 -1626939213
Phan tu lon nhat trong doan [23, 27]: -1429946868
Swap -1509016967 va -1429946868
Mang sau khi swap: 1976186751 1753172066 1728876971 1599822933 1592377960 1534375509 1273439250 1089947119 1049603463 892200306 691632850 430617630 100227106 379942 -5337796 -44332498 -359505186 -491559746 -573693646 -1104854033 -1233198929 -1319695770 -1429946868 -1817955955 -1509016967 -1535961088 -1888418633 -1626939213

i = 23
Mang truoc khi swap: 1976186751 1753172066 1728876971 1599822933 1592377960 1534375509 1273439250 1089947119 1049603463 892200306 691632850 430617630 100227106 379942 -5337796 -44332498 -359505186 -491559746 -573693646 -1104854033 -1233198929 -1319695770 -1429946868 -1817955955 -1509016967 -1535961088 -1888418633 -1626939213
Phan tu lon nhat trong doan [24, 27]: -1509016967
Swap -1817955955 va -1509016967
Mang sau khi swap: 1976186751 1753172066 1728876971 1599822933 1592377960 1534375509 1273439250 1089947119 1049603463 892200306 691632850 430617630 100227106 379942 -5337796 -44332498 -359505186 -491559746 -573693646 -1104854033 -1233198929 -1319695770 -1429946868 -1509016967 -1817955955 -1535961088 -1888418633 -1626939213

i = 24
Mang truoc khi swap: 1976186751 1753172066 1728876971 1599822933 1592377960 1534375509 1273439250 1089947119 1049603463 892200306 691632850 430617630 100227106 379942 -5337796 -44332498 -359505186 -491559746 -573693646 -1104854033 -1233198929 -1319695770 -1429946868 -1509016967 -1817955955 -1535961088 -1888418633 -1626939213
Phan tu lon nhat trong doan [25, 27]: -1535961088
Swap -1817955955 va -1535961088
Mang sau khi swap: 1976186751 1753172066 1728876971 1599822933 1592377960 1534375509 1273439250 1089947119 1049603463 892200306 691632850 430617630 100227106 379942 -5337796 -44332498 -359505186 -491559746 -573693646 -1104854033 -1233198929 -1319695770 -1429946868 -1509016967 -1535961088 -1817955955 -1888418633 -1626939213

i = 25
Mang truoc khi swap: 1976186751 1753172066 1728876971 1599822933 1592377960 1534375509 1273439250 1089947119 1049603463 892200306 691632850 430617630 100227106 379942 -5337796 -44332498 -359505186 -491559746 -573693646 -1104854033 -1233198929 -1319695770 -1429946868 -1509016967 -1535961088 -1817955955 -1888418633 -1626939213
Phan tu lon nhat trong doan [26, 27]: -1626939213
Swap -1817955955 va -1626939213
Mang sau khi swap: 1976186751 1753172066 1728876971 1599822933 1592377960 1534375509 1273439250 1089947119 1049603463 892200306 691632850 430617630 100227106 379942 -5337796 -44332498 -359505186 -491559746 -573693646 -1104854033 -1233198929 -1319695770 -1429946868 -1509016967 -1535961088 -1626939213 -1888418633 -1817955955

i = 26
Mang truoc khi swap: 1976186751 1753172066 1728876971 1599822933 1592377960 1534375509 1273439250 1089947119 1049603463 892200306 691632850 430617630 100227106 379942 -5337796 -44332498 -359505186 -491559746 -573693646 -1104854033 -1233198929 -1319695770 -1429946868 -1509016967 -1535961088 -1626939213 -1888418633 -1817955955
Phan tu lon nhat trong doan [27, 27]: -1817955955
Swap -1888418633 va -1817955955
Mang sau khi swap: 1976186751 1753172066 1728876971 1599822933 1592377960 1534375509 1273439250 1089947119 1049603463 892200306 691632850 430617630 100227106 379942 -5337796 -44332498 -359505186 -491559746 -573693646 -1104854033 -1233198929 -1319695770 -1429946868 -1509016967 -1535961088 -1626939213 -1817955955 -1888418633

Mang sau khi sap xep:
1976186751 1753172066 1728876971 1599822933 1592377960 1534375509 1273439250 1089947119 1049603463 892200306 691632850 430617630 100227106 379942 -5337796 -44332498 -359505186 -491559746 -573693646 -1104854033 -1233198929 -1319695770 -1429946868 -1509016967 -1535961088 -1626939213 -1817955955 -1888418633
