Mang truoc khi sap xep:
1264190838 -384422474 -1444441804 -920077400 -771120911 -60241315 996839985 -340430688 642050444 -1813620993 -297540240 -147367162 338451968 -1780579034 532732146 -1640361251 -1795389824 -45101476 766622905 1617369424 -1225321966 -1418191348 142269268

Sap xep:
i = 0
Mang truoc khi swap: 1264190838 -384422474 -1444441804 -920077400 -771120911 -60241315 996839985 -340430688 642050444 -1813620993 -297540240 -147367162 338451968 -1780579034 532732146 -1640361251 -1795389824 -45101476 766622905 1617369424 -1225321966 -1418191348 142269268
Phan tu lon nhat trong doan [1, 22]: 1617369424
Swap 1264190838 va 1617369424
Mang sau khi swap: 1617369424 -384422474 -1444441804 -920077400 -771120911 -60241315 996839985 -340430688 642050444 -1813620993 -297540240 -147367162 338451968 -1780579034 532732146 -1640361251 -1795389824 -45101476 766622905 1264190838 -1225321966 -1418191348 142269268

i = 1
Mang truoc khi swap: 1617369424 -384422474 -1444441804 -920077400 -771120911 -60241315 996839985 -340430688 642050444 -1813620993 -297540240 -147367162 338451968 -1780579034 532732146 -1640361251 -1795389824 -45101476 766622905 1264190838 -1225321966 -1418191348 142269268
Phan tu lon nhat trong doan [2, 22]: 1264190838
Swap -384422474 va 1264190838
Mang sau khi swap: 1617369424 1264190838 -1444441804 -920077400 -771120911 -60241315 996839985 -340430688 642050444 -1813620993 -297540240 -147367162 338451968 -1780579034 532732146 -1640361251 -1795389824 -45101476 766622905 -384422474 -1225321966 -1418191348 142269268

i = 2
Mang truoc khi swap: 1617369424 1264190838 -1444441804 -920077400 -771120911 -60241315 996839985 -340430688 642050444 -1813620993 -297540240 -147367162 338451968 -1780579034 532732146 -1640361251 -1795389824 -45101476 766622905 -384422474 -1225321966 -1418191348 142269268
Phan tu lon nhat trong doan [3, 22]: 996839985
Swap -1444441804 va 996839985
Mang sau khi swap: 1617369424 1264190838 996839985 -920077400 -771120911 -60241315 -1444441804 -340430688 642050444 -1813620993 -297540240 -147367162 338451968 -1780579034 532732146 -1640361251 -1795389824 -45101476 766622905 -384422474 -1225321966 -1418191348 142269268

i = 3
Mang truoc khi swap: 1617369424 1264190838 996839985 -920077400 -771120911 -60241315 -1444441804 -340430688 642050444 -1813620993 -297540240 -147367162 338451968 -1780579034 532732146 -1640361251 -1795389824 -45101476 766622905 -384422474 -1225321966 -1418191348 142269268
Phan tu lon nhat trong doan [4, 22]: 766622905
Swap -920077400 va 766622905
Mang sau khi swap: 1617369424 1264190838 996839985 766622905 -771120911 -60241315 -1444441804 -340430688 642050444 -1813620993 -297540240 -147367162 338451968 -1780579034 532732146 -1640361251 -1795389824 -45101476 -920077400 -384422474 -1225321966 -1418191348 142269268

i = 4
Mang truoc khi swap: 1617369424 1264190838 996839985 766622905 -771120911 -60241315 -1444441804 -340430688 642050444 -1813620993 -297540240 -147367162 338451968 -1780579034 532732146 -1640361251 -1795389824 -45101476 -920077400 -384422474 -1225321966 -1418191348 142269268
Phan tu lon nhat trong doan [5, 22]: 642050444
Swap -771120911 va 642050444
Mang sau khi swap: 1617369424 1264190838 996839985 766622905 642050444 -60241315 -1444441804 -340430688 -771120911 -1813620993 -297540240 -147367162 338451968 -1780579034 532732146 -1640361251 -1795389824 -45101476 -920077400 -384422474 -1225321966 -1418191348 142269268

i = 5
Mang truoc khi swap: 1617369424 1264190838 996839985 766622905 642050444 -60241315 -1444441804 -340430688 -771120911 -1813620993 -297540240 -147367162 338451968 -1780579034 532732146 -1640361251 -1795389824 -45101476 -920077400 -384422474 -1225321966 -1418191348 142269268
Phan tu lon nhat trong doan [6, 22]: 532732146
Swap -60241315 va 532732146
Mang sau khi swap: 1617369424 1264190838 996839985 766622905 642050444 532732146 -1444441804 -340430688 -771120911 -1813620993 -297540240 -147367162 338451968 -1780579034 -60241315 -1640361251 -1795389824 -45101476 -920077400 -384422474 -1225321966 -1418191348 142269268

i = 6
Mang truoc khi swap: 1617369424 1264190838 996839985 766622905 642050444 532732146 -1444441804 -340430688 -771120911 -1813620993 -297540240 -147367162 338451968 -1780579034 -60241315 -1640361251 -1795389824 -45101476 -920077400 -384422474 -1225321966 -1418191348 142269268
Phan tu lon nhat trong doan [7, 22]: 338451968
Swap -1444441804 va 338451968
Mang sau khi swap: 1617369424 1264190838 996839985 766622905 642050444 532732146 338451968 -340430688 -771120911 -1813620993 -297540240 -147367162 -1444441804 -1780579034 -60241315 -1640361251 -1795389824 -45101476 -920077400 -384422474 -1225321966 -1418191348 142269268

i = 7
Mang truoc khi swap: 1617369424 1264190838 996839985 766622905 642050444 532732146 338451968 -340430688 -771120911 -1813620993 -297540240 -147367162 -1444441804 -1780579034 -60241315 -1640361251 -1795389824 -45101476 -920077400 -384422474 -1225321966 -1418191348 142269268
Phan tu lon nhat trong doan [8, 22]: 142269268
Swap -340430688 va 142269268
Mang sau khi swap: 1617369424 1264190838 996839985 766622905 642050444 532732146 338451968 142269268 -771120911 -1813620993 -297540240 -147367162 -1444441804 -1780579034 -60241315 -1640361251 -1795389824 -45101476 -920077400 -384422474 -1225321966 -1418191348 -340430688

i = 8
Mang truoc khi swap: 1617369424 1264190838 996839985 766622905 642050444 532732146 338451968 142269268 -771120911 -1813620993 -297540240 -147367162 -1444441804 -1780579034 -60241315 -1640361251 -1795389824 -45101476 -920077400 -384422474 -1225321966 -1418191348 -340430688
Phan tu lon nhat trong doan [9, 22]: -45101476
Swap -771120911 va -45101476
Mang sau khi swap: 1617369424 1264190838 996839985 766622905 642050444 532732146 338451968 142269268 -45101476 -1813620993 -297540240 -147367162 -1444441804 -1780579034 -60241315 -1640361251 -1795389824 -771120911 -920077400 -384422474 -1225321966 -1418191348 -340430688

i = 9
Mang truoc khi swap: 1617369424 1264190838 996839985 766622905 642050444 532732146 338451968 142269268 -45101476 -1813620993 -297540240 -147367162 -1444441804 -1780579034 -60241315 -1640361251 -1795389824 -771120911 -920077400 -384422474 -1225321966 -1418191348 -340430688
Phan tu lon nhat trong doan [10, 22]: -60241315
Swap -1813620993 va -60241315
Mang sau khi swap: 1617369424 1264190838 996839985 766622905 642050444 532732146 338451968 142269268 -45101476 -60241315 -297540240 -147367162 -1444441804 -1780579034 -1813620993 -1640361251 -1795389824 -771120911 -920077400 -384422474 -1225321966 -1418191348 -340430688

i = 10
Mang truoc khi swap: 1617369424 1264190838 996839985 766622905 642050444 532732146 338451968 142269268 -45101476 -60241315 -297540240 -147367162 -1444441804 -1780579034 -1813620993 -1640361251 -1795389824 -771120911 -920077400 -384422474 -1225321966 -1418191348 -340430688
Phan tu lon nhat trong doan [11, 22]: -147367162
Swap -297540240 va -147367162
Mang sau khi swap: 1617369424 1264190838 996839985 766622905 642050444 532732146 338451968 142269268 -45101476 -60241315 -147367162 -297540240 -1444441804 -1780579034 -1813620993 -1640361251 -1795389824 -771120911 -920077400 -384422474 -1225321966 -1418191348 -340430688

i = 11
Mang truoc khi swap: 1617369424 1264190838 996839985 766622905 642050444 532732146 338451968 142269268 -45101476 -60241315 -147367162 -297540240 -1444441804 -1780579034 -1813620993 -1640361251 -1795389824 -771120911 -920077400 -384422474 -1225321966 -1418191348 -340430688
Phan tu lon nhat trong doan [12, 22]: -297540240
Swap -297540240 va -297540240
Mang sau khi swap: 1617369424 1264190838 996839985 766622905 642050444 532732146 338451968 142269268 -45101476 -60241315 -147367162 -297540240 -1444441804 -1780579034 -1813620993 -1640361251 -1795389824 -771120911 -920077400 -384422474 -1225321966 -1418191348 -340430688

i = 12
Mang truoc khi swap: 1617369424 1264190838 996839985 766622905 642050444 532732146 338451968 142269268 -45101476 -60241315 -147367162 -297540240 -1444441804 -1780579034 -1813620993 -1640361251 -1795389824 -771120911 -920077400 -384422474 -1225321966 -1418191348 -340430688
Phan tu lon nhat trong doan [13, 22]: -340430688
Swap -1444441804 va -340430688
Mang sau khi swap: 1617369424 1264190838 996839985 766622905 642050444 532732146 338451968 142269268 -45101476 -60241315 -147367162 -297540240 -340430688 -1780579034 -1813620993 -1640361251 -1795389824 -771120911 -920077400 -384422474 -1225321966 -1418191348 -1444441804

i = 13
Mang truoc khi swap: 1617369424 1264190838 996839985 766622905 642050444 532732146 338451968 142269268 -45101476 -60241315 -147367162 -297540240 -340430688 -1780579034 -1813620993 -1640361251 -1795389824 -771120911 -920077400 -384422474 -1225321966 -1418191348 -1444441804
Phan tu lon nhat trong doan [14, 22]: -384422474
Swap -1780579034 va -384422474
Mang sau khi swap: 1617369424 1264190838 996839985 766622905 642050444 532732146 338451968 142269268 -45101476 -60241315 -147367162 -297540240 -340430688 -384422474 -1813620993 -1640361251 -1795389824 -771120911 -920077400 -1780579034 -1225321966 -1418191348 -1444441804

i = 14
Mang truoc khi swap: 1617369424 1264190838 996839985 766622905 642050444 532732146 338451968 142269268 -45101476 -60241315 -147367162 -297540240 -340430688 -384422474 -1813620993 -1640361251 -1795389824 -771120911 -920077400 -1780579034 -1225321966 -1418191348 -1444441804
Phan tu lon nhat trong doan [15, 22]: -771120911
Swap -1813620993 va -771120911
Mang sau khi swap: 1617369424 1264190838 996839985 766622905 642050444 532732146 338451968 142269268 -45101476 -60241315 -147367162 -297540240 -340430688 -384422474 -771120911 -1640361251 -1795389824 -1813620993 -920077400 -1780579034 -1225321966 -1418191348 -1444441804

i = 15
Mang truoc khi swap: 1617369424 1264190838 996839985 766622905 642050444 532732146 338451968 142269268 -45101476 -60241315 -147367162 -297540240 -340430688 -384422474 -771120911 -1640361251 -1795389824 -1813620993 -920077400 -1780579034 -1225321966 -1418191348 -1444441804
Phan tu lon nhat trong doan [16, 22]: -920077400
Swap -1640361251 va -920077400
Mang sau khi swap: 1617369424 1264190838 996839985 766622905 642050444 532732146 338451968 142269268 -45101476 -60241315 -147367162 -297540240 -340430688 -384422474 -771120911 -920077400 -1795389824 -1813620993 -1640361251 -1780579034 -1225321966 -1418191348 -1444441804

i = 16
Mang truoc khi swap: 1617369424 1264190838 996839985 766622905 642050444 532732146 338451968 142269268 -45101476 -60241315 -147367162 -297540240 -340430688 -384422474 -771120911 -920077400 -1795389824 -1813620993 -1640361251 -1780579034 -1225321966 -1418191348 -1444441804
Phan tu lon nhat trong doan [17, 22]: -1225321966
Swap -1795389824 va -1225321966
Mang sau khi swap: 1617369424 1264190838 996839985 766622905 642050444 532732146 338451968 142269268 -45101476 -60241315 -147367162 -297540240 -340430688 -384422474 -771120911 -920077400 -1225321966 -1813620993 -1640361251 -1780579034 -1795389824 -1418191348 -1444441804

i = 17
Mang truoc khi swap: 1617369424 1264190838 996839985 766622905 642050444 532732146 338451968 142269268 -45101476 -60241315 -147367162 -297540240 -340430688 -384422474 -771120911 -920077400 -1225321966 -1813620993 -1640361251 -1780579034 -1795389824 -1418191348 -1444441804
Phan tu lon nhat trong doan [18, 22]: -1418191348
Swap -1813620993 va -1418191348
Mang sau khi swap: 1617369424 1264190838 996839985 766622905 642050444 532732146 338451968 142269268 -45101476 -60241315 -147367162 -297540240 -340430688 -384422474 -771120911 -920077400 -1225321966 -1418191348 -1640361251 -1780579034 -1795389824 -1813620993 -1444441804

i = 18
Mang truoc khi swap: 1617369424 1264190838 996839985 766622905 642050444 532732146 338451968 142269268 -45101476 -60241315 -147367162 -297540240 -340430688 -384422474 -771120911 -920077400 -1225321966 -1418191348 -1640361251 -1780579034 -1795389824 -1813620993 -1444441804
Phan tu lon nhat trong doan [19, 22]: -1444441804
Swap -1640361251 va -1444441804
Mang sau khi swap: 1617369424 1264190838 996839985 766622905 642050444 532732146 338451968 142269268 -45101476 -60241315 -147367162 -297540240 -340430688 -384422474 -771120911 -920077400 -1225321966 -1418191348 -1444441804 -1780579034 -1795389824 -1813620993 -1640361251

i = 19
Mang truoc khi swap: 1617369424 1264190838 996839985 766622905 642050444 532732146 338451968 142269268 -45101476 -60241315 -147367162 -297540240 -340430688 -384422474 -771120911 -920077400 -1225321966 -1418191348 -1444441804 -1780579034 -1795389824 -1813620993 -1640361251
Phan tu lon nhat trong doan [20, 22]: -1640361251
Swap -1780579034 va -1640361251
Mang sau khi swap: 1617369424 1264190838 996839985 766622905 642050444 532732146 338451968 142269268 -45101476 -60241315 -147367162 -297540240 -340430688 -384422474 -771120911 -920077400 -1225321966 -1418191348 -1444441804 -1640361251 -1795389824 -1813620993 -1780579034

i = 20
Mang truoc khi swap: 1617369424 1264190838 996839985 766622905 642050444 532732146 338451968 142269268 -45101476 -60241315 -147367162 -297540240 -340430688 -384422474 -771120911 -920077400 -1225321966 -1418191348 -1444441804 -1640361251 -1795389824 -1813620993 -1780579034
Phan tu lon nhat trong doan [21, 22]: -1780579034
Swap -1795389824 va -1780579034
Mang sau khi swap: 1617369424 1264190838 996839985 766622905 642050444 532732146 338451968 142269268 -45101476 -60241315 -147367162 -297540240 -340430688 -384422474 -771120911 -920077400 -1225321966 -1418191348 -1444441804 -1640361251 -1780579034 -1813620993 -1795389824

i = 21
Mang truoc khi swap: 1617369424 1264190838 996839985 766622905 642050444 532732146 338451968 142269268 -45101476 -60241315 -147367162 -297540240 -340430688 -384422474 -771120911 -920077400 -1225321966 -1418191348 -1444441804 -1640361251 -1780579034 -1813620993 -1795389824
Phan tu lon nhat trong doan [22, 22]: -1795389824
Swap -1813620993 va -1795389824
Mang sau khi swap: 1617369424 1264190838 996839985 766622905 642050444 532732146 338451968 142269268 -45101476 -60241315 -147367162 -297540240 -340430688 -384422474 -771120911 -920077400 -1225321966 -1418191348 -1444441804 -1640361251 -1780579034 -1795389824 -1813620993

Mang sau khi sap xep:
1617369424 1264190838 996839985 766622905 642050444 532732146 338451968 142269268 -45101476 -60241315 -147367162 -297540240 -340430688 -384422474 -771120911 -920077400 -1225321966 -1418191348 -1444441804 -1640361251 -1780579034 -1795389824 -1813620993
