Mang truoc khi sap xep:
-1818903165 -1657928548 1977434453 1081431513 -1112129699 1971861422 -1702055024 1621276715 928967914 832430318 -1327118579 -1066598423 1374371267 804310473 -468340427 -806605591 272590410 -1937827788 -1814822208

Sap xep:
i = 0
Mang truoc khi swap: -1818903165 -1657928548 1977434453 1081431513 -1112129699 1971861422 -1702055024 1621276715 928967914 832430318 -1327118579 -1066598423 1374371267 804310473 -468340427 -806605591 272590410 -1937827788 -1814822208
Phan tu lon nhat trong doan [1, 18]: 1977434453
Swap -1818903165 va 1977434453
Mang sau khi swap: 1977434453 -1657928548 -1818903165 1081431513 -1112129699 1971861422 -1702055024 1621276715 928967914 832430318 -1327118579 -1066598423 1374371267 804310473 -468340427 -806605591 272590410 -1937827788 -1814822208

i = 1
Mang truoc khi swap: 1977434453 -1657928548 -1818903165 1081431513 -1112129699 1971861422 -1702055024 1621276715 928967914 832430318 -1327118579 -1066598423 1374371267 804310473 -468340427 -806605591 272590410 -1937827788 -1814822208
Phan tu lon nhat trong doan [2, 18]: 1971861422
Swap -1657928548 va 1971861422
Mang sau khi swap: 1977434453 1971861422 -1818903165 1081431513 -1112129699 -1657928548 -1702055024 1621276715 928967914 832430318 -1327118579 -1066598423 1374371267 804310473 -468340427 -806605591 272590410 -1937827788 -1814822208

i = 2
Mang truoc khi swap: 1977434453 1971861422 -1818903165 1081431513 -1112129699 -1657928548 -1702055024 1621276715 928967914 832430318 -1327118579 -1066598423 1374371267 804310473 -468340427 -806605591 272590410 -1937827788 -1814822208
Phan tu lon nhat trong doan [3, 18]: 1621276715
Swap -1818903165 va 1621276715
Mang sau khi swap: 1977434453 1971861422 1621276715 1081431513 -1112129699 -1657928548 -1702055024 -1818903165 928967914 832430318 -1327118579 -1066598423 1374371267 804310473 -468340427 -806605591 272590410 -1937827788 -1814822208

i = 3
Mang truoc khi swap: 1977434453 1971861422 1621276715 1081431513 -1112129699 -1657928548 -1702055024 -1818903165 928967914 832430318 -1327118579 -1066598423 1374371267 804310473 -468340427 -806605591 272590410 -1937827788 -1814822208
Phan tu lon nhat trong doan [4, 18]: 1374371267
Swap 1081431513 va 1374371267
Mang sau khi swap: 1977434453 1971861422 1621276715 1374371267 -1112129699 -1657928548 -1702055024 -1818903165 928967914 832430318 -1327118579 -1066598423 1081431513 804310473 -468340427 -806605591 272590410 -1937827788 -1814822208

i = 4
Mang truoc khi swap: 1977434453 1971861422 1621276715 1374371267 -1112129699 -1657928548 -1702055024 -1818903165 928967914 832430318 -1327118579 -1066598423 1081431513 804310473 -468340427 -806605591 272590410 -1937827788 -1814822208
Phan tu lon nhat trong doan [5, 18]: 1081431513
Swap -1112129699 va 1081431513
Mang sau khi swap: 1977434453 1971861422 1621276715 1374371267 1081431513 -1657928548 -1702055024 -1818903165 928967914 832430318 -1327118579 -1066598423 -1112129699 804310473 -468340427 -806605591 272590410 -1937827788 -1814822208

i = 5
Mang truoc khi swap: 1977434453 1971861422 1621276715 1374371267 1081431513 -1657928548 -1702055024 -1818903165 928967914 832430318 -1327118579 -1066598423 -1112129699 804310473 -468340427 -806605591 272590410 -1937827788 -1814822208
Phan tu lon nhat trong doan [6, 18]: 928967914
Swap -1657928548 va 928967914
Mang sau khi swap: 1977434453 1971861422 1621276715 1374371267 1081431513 928967914 -1702055024 -1818903165 -1657928548 832430318 -1327118579 -1066598423 -1112129699 804310473 -468340427 -806605591 272590410 -1937827788 -1814822208

i = 6
Mang truoc khi swap: 1977434453 1971861422 1621276715 1374371267 1081431513 928967914 -1702055024 -1818903165 -1657928548 832430318 -1327118579 -1066598423 -1112129699 804310473 -468340427 -806605591 272590410 -1937827788 -1814822208
Phan tu lon nhat trong doan [7, 18]: 832430318
Swap -1702055024 va 832430318
Mang sau khi swap: 1977434453 1971861422 1621276715 1374371267 1081431513 928967914 832430318 -1818903165 -1657928548 -1702055024 -1327118579 -1066598423 -1112129699 804310473 -468340427 -806605591 272590410 -1937827788 -1814822208

i = 7
Mang truoc khi swap: 1977434453 1971861422 1621276715 1374371267 1081431513 928967914 832430318 -1818903165 -1657928548 -1702055024 -1327118579 -1066598423 -1112129699 804310473 -468340427 -806605591 272590410 -1937827788 -1814822208
Phan tu lon nhat trong doan [8, 18]: 804310473
Swap -1818903165 va 804310473
Mang sau khi swap: 1977434453 1971861422 1621276715 1374371267 1081431513 928967914 832430318 804310473 -1657928548 -1702055024 -1327118579 -1066598423 -1112129699 -1818903165 -468340427 -806605591 272590410 -1937827788 -1814822208

i = 8
Mang truoc khi swap: 1977434453 1971861422 1621276715 1374371267 1081431513 928967914 832430318 804310473 -1657928548 -1702055024 -1327118579 -1066598423 -1112129699 -1818903165 -468340427 -806605591 272590410 -1937827788 -1814822208
Phan tu lon nhat trong doan [9, 18]: 272590410
Swap -1657928548 va 272590410
Mang sau khi swap: 1977434453 1971861422 1621276715 1374371267 1081431513 928967914 832430318 804310473 272590410 -1702055024 -1327118579 -1066598423 -1112129699 -1818903165 -468340427 -806605591 -1657928548 -1937827788 -1814822208

i = 9
Mang truoc khi swap: 1977434453 1971861422 1621276715 1374371267 1081431513 928967914 832430318 804310473 272590410 -1702055024 -1327118579 -1066598423 -1112129699 -1818903165 -468340427 -806605591 -1657928548 -1937827788 -1814822208
Phan tu lon nhat trong doan [10, 18]: -468340427
Swap -1702055024 va -468340427
Mang sau khi swap: 1977434453 1971861422 1621276715 1374371267 1081431513 928967914 832430318 804310473 272590410 -468340427 -1327118579 -1066598423 -1112129699 -1818903165 -1702055024 -806605591 -1657928548 -1937827788 -1814822208

i = 10
Mang truoc khi swap: 1977434453 1971861422 1621276715 1374371267 1081431513 928967914 832430318 804310473 272590410 -468340427 -1327118579 -1066598423 -1112129699 -1818903165 -1702055024 -806605591 -1657928548 -1937827788 -1814822208
Phan tu lon nhat trong doan [11, 18]: -806605591
Swap -1327118579 va -806605591
Mang sau khi swap: 1977434453 1971861422 1621276715 1374371267 1081431513 928967914 832430318 804310473 272590410 -468340427 -806605591 -1066598423 -1112129699 -1818903165 -1702055024 -1327118579 -1657928548 -1937827788 -1814822208

i = 11
Mang truoc khi swap: 1977434453 1971861422 1621276715 1374371267 1081431513 928967914 832430318 804310473 272590410 -468340427 -806605591 -1066598423 -1112129699 -1818903165 -1702055024 -1327118579 -1657928548 -1937827788 -1814822208
Phan tu lon nhat trong doan [12, 18]: -1066598423
Swap -1066598423 va -1066598423
Mang sau khi swap: 1977434453 1971861422 1621276715 1374371267 1081431513 928967914 832430318 804310473 272590410 -468340427 -806605591 -1066598423 -1112129699 -1818903165 -1702055024 -1327118579 -1657928548 -1937827788 -1814822208

i = 12
Mang truoc khi swap: 1977434453 1971861422 1621276715 1374371267 1081431513 928967914 832430318 804310473 272590410 -468340427 -806605591 -1066598423 -1112129699 -1818903165 -1702055024 -1327118579 -1657928548 -1937827788 -1814822208
Phan tu lon nhat trong doan [13, 18]: -1112129699
Swap -1112129699 va -1112129699
Mang sau khi swap: 1977434453 1971861422 1621276715 1374371267 1081431513 928967914 832430318 804310473 272590410 -468340427 -806605591 -1066598423 -1112129699 -1818903165 -1702055024 -1327118579 -1657928548 -1937827788 -1814822208

i = 13
Mang truoc khi swap: 1977434453 1971861422 1621276715 1374371267 1081431513 928967914 832430318 804310473 272590410 -468340427 -806605591 -1066598423 -1112129699 -1818903165 -1702055024 -1327118579 -1657928548 -1937827788 -1814822208
Phan tu lon nhat trong doan [14, 18]: -1327118579
Swap -1818903165 va -1327118579
Mang sau khi swap: 1977434453 1971861422 1621276715 1374371267 1081431513 928967914 832430318 804310473 272590410 -468340427 -806605591 -1066598423 -1112129699 -1327118579 -1702055024 -1818903165 -1657928548 -1937827788 -1814822208

i = 14
Mang truoc khi swap: 1977434453 1971861422 1621276715 1374371267 1081431513 928967914 832430318 804310473 272590410 -468340427 -806605591 -1066598423 -1112129699 -1327118579 -1702055024 -1818903165 -1657928548 -1937827788 -1814822208
Phan tu lon nhat trong doan [15, 18]: -1657928548
Swap -1702055024 va -1657928548
Mang sau khi swap: 1977434453 1971861422 1621276715 1374371267 1081431513 928967914 832430318 804310473 272590410 -468340427 -806605591 -1066598423 -1112129699 -1327118579 -1657928548 -1818903165 -1702055024 -1937827788 -1814822208

i = 15
Mang truoc khi swap: 1977434453 1971861422 1621276715 1374371267 1081431513 928967914 832430318 804310473 272590410 -468340427 -806605591 -1066598423 -1112129699 -1327118579 -1657928548 -1818903165 -1702055024 -1937827788 -1814822208
Phan tu lon nhat trong doan [16, 18]: -1702055024
Swap -1818903165 va -1702055024
Mang sau khi swap: 1977434453 1971861422 1621276715 1374371267 1081431513 928967914 832430318 804310473 272590410 -468340427 -806605591 -1066598423 -1112129699 -1327118579 -1657928548 -1702055024 -1818903165 -1937827788 -1814822208

i = 16
Mang truoc khi swap: 1977434453 1971861422 1621276715 1374371267 1081431513 928967914 832430318 804310473 272590410 -468340427 -806605591 -1066598423 -1112129699 -1327118579 -1657928548 -1702055024 -1818903165 -1937827788 -1814822208
Phan tu lon nhat trong doan [17, 18]: -1814822208
Swap -1818903165 va -1814822208
Mang sau khi swap: 1977434453 1971861422 1621276715 1374371267 1081431513 928967914 832430318 804310473 272590410 -468340427 -806605591 -1066598423 -1112129699 -1327118579 -1657928548 -1702055024 -1814822208 -1937827788 -1818903165

i = 17
Mang truoc khi swap: 1977434453 1971861422 1621276715 1374371267 1081431513 928967914 832430318 804310473 272590410 -468340427 -806605591 -1066598423 -1112129699 -1327118579 -1657928548 -1702055024 -1814822208 -1937827788 -1818903165
Phan tu lon nhat trong doan [18, 18]: -1818903165
Swap -1937827788 va -1818903165
Mang sau khi swap: 1977434453 1971861422 1621276715 1374371267 1081431513 928967914 832430318 804310473 272590410 -468340427 -806605591 -1066598423 -1112129699 -1327118579 -1657928548 -1702055024 -1814822208 -1818903165 -1937827788

Mang sau khi sap xep:
1977434453 1971861422 1621276715 1374371267 1081431513 928967914 832430318 804310473 272590410 -468340427 -806605591 -1066598423 -1112129699 -1327118579 -1657928548 -1702055024 -1814822208 -1818903165 -1937827788
