Mang truoc khi sap xep:
-1764910703 -545278197 -1795454429 -24794157 517375826 -1684361954 -574160510 -884326872 247055482 -1288921633 749997184 -1625095415 -328864485 -1343213753 1051421160 -611614272 1346958360 1591546976 -1803418909 1401041859 -1211191186 -386903042 1614753770 -375617412 30847080 1298014569 -1080586438 1979766621 888012287 -1460431410 1051432896 516480073 -882479881 -32345495 1024545642 1214728034 -1192814705 759958096 -1420314849 -677674102 1589984047 928006383 1859790050 -828793649

Sap xep:
i = 0
Mang truoc khi swap: -1764910703 -545278197 -1795454429 -24794157 517375826 -1684361954 -574160510 -884326872 247055482 -1288921633 749997184 -1625095415 -328864485 -1343213753 1051421160 -611614272 1346958360 1591546976 -1803418909 1401041859 -1211191186 -386903042 1614753770 -375617412 30847080 1298014569 -1080586438 1979766621 888012287 -1460431410 1051432896 516480073 -882479881 -32345495 1024545642 1214728034 -1192814705 759958096 -1420314849 -677674102 1589984047 928006383 1859790050 -828793649
Phan tu lon nhat trong doan [1, 43]: 1979766621
Swap -1764910703 va 1979766621
Mang sau khi swap: 1979766621 -545278197 -1795454429 -24794157 517375826 -1684361954 -574160510 -884326872 247055482 -1288921633 749997184 -1625095415 -328864485 -1343213753 1051421160 -611614272 1346958360 1591546976 -1803418909 1401041859 -1211191186 -386903042 1614753770 -375617412 30847080 1298014569 -1080586438 -1764910703 888012287 -1460431410 1051432896 516480073 -882479881 -32345495 1024545642 1214728034 -1192814705 759958096 -1420314849 -677674102 1589984047 928006383 1859790050 -828793649

i = 1
Mang truoc khi swap: 1979766621 -545278197 -1795454429 -24794157 517375826 -1684361954 -574160510 -884326872 247055482 -1288921633 749997184 -1625095415 -328864485 -1343213753 1051421160 -611614272 1346958360 1591546976 -1803418909 1401041859 -1211191186 -386903042 1614753770 -375617412 30847080 1298014569 -1080586438 -1764910703 888012287 -1460431410 1051432896 516480073 -882479881 -32345495 1024545642 1214728034 -1192814705 759958096 -1420314849 -677674102 1589984047 928006383 1859790050 -828793649
Phan tu lon nhat trong doan [2, 43]: 1859790050
Swap -545278197 va 1859790050
Mang sau khi swap: 1979766621 1859790050 -1795454429 -24794157 517375826 -1684361954 -574160510 -884326872 247055482 -1288921633 749997184 -1625095415 -328864485 -1343213753 1051421160 -611614272 1346958360 1591546976 -1803418909 1401041859 -1211191186 -386903042 1614753770 -375617412 30847080 1298014569 -1080586438 -1764910703 888012287 -1460431410 1051432896 516480073 -882479881 -32345495 1024545642 1214728034 -1192814705 759958096 -1420314849 -677674102 1589984047 928006383 -545278197 -828793649

i = 2
Mang truoc khi swap: 1979766621 1859790050 -1795454429 -24794157 517375826 -1684361954 -574160510 -884326872 247055482 -1288921633 749997184 -1625095415 -328864485 -1343213753 1051421160 -611614272 1346958360 1591546976 -1803418909 1401041859 -1211191186 -386903042 1614753770 -375617412 30847080 1298014569 -1080586438 -1764910703 888012287 -1460431410 1051432896 516480073 -882479881 -32345495 1024545642 1214728034 -1192814705 759958096 -1420314849 -677674102 1589984047 928006383 -545278197 -828793649
Phan tu lon nhat trong doan [3, 43]: 1614753770
Swap -1795454429 va 1614753770
Mang sau khi swap: 1979766621 1859790050 1614753770 -24794157 517375826 -1684361954 -574160510 -884326872 247055482 -1288921633 749997184 -1625095415 -328864485 -1343213753 1051421160 -611614272 1346958360 1591546976 -1803418909 1401041859 -1211191186 -386903042 -1795454429 -375617412 30847080 1298014569 -1080586438 -1764910703 888012287 -1460431410 1051432896 516480073 -882479881 -32345495 1024545642 1214728034 -1192814705 759958096 -1420314849 -677674102 1589984047 928006383 -545278197 -828793649

i = 3
Mang truoc khi swap: 1979766621 1859790050 1614753770 -24794157 517375826 -1684361954 -574160510 -884326872 247055482 -1288921633 749997184 -1625095415 -328864485 -1343213753 1051421160 -611614272 1346958360 1591546976 -1803418909 1401041859 -1211191186 -386903042 -1795454429 -375617412 30847080 1298014569 -1080586438 -1764910703 888012287 -1460431410 1051432896 516480073 -882479881 -32345495 1024545642 1214728034 -1192814705 759958096 -1420314849 -677674102 1589984047 928006383 -545278197 -828793649
Phan tu lon nhat trong doan [4, 43]: 1591546976
Swap -24794157 va 1591546976
Mang sau khi swap: 1979766621 1859790050 1614753770 1591546976 517375826 -1684361954 -574160510 -884326872 247055482 -1288921633 749997184 -1625095415 -328864485 -1343213753 1051421160 -611614272 1346958360 -24794157 -1803418909 1401041859 -1211191186 -386903042 -1795454429 -375617412 30847080 1298014569 -1080586438 -1764910703 888012287 -1460431410 1051432896 516480073 -882479881 -32345495 1024545642 1214728034 -1192814705 759958096 -1420314849 -677674102 1589984047 928006383 -545278197 -828793649

i = 4
Mang truoc khi swap: 1979766621 1859790050 1614753770 1591546976 517375826 -1684361954 -574160510 -884326872 247055482 -1288921633 749997184 -1625095415 -328864485 -1343213753 1051421160 -611614272 1346958360 -24794157 -1803418909 1401041859 -1211191186 -386903042 -1795454429 -375617412 30847080 1298014569 -1080586438 -1764910703 888012287 -1460431410 1051432896 516480073 -882479881 -32345495 1024545642 1214728034 -1192814705 759958096 -1420314849 -677674102 1589984047 928006383 -545278197 -828793649
Phan tu lon nhat trong doan [5, 43]: 1589984047
Swap 517375826 va 1589984047
Mang sau khi swap: 1979766621 1859790050 1614753770 1591546976 1589984047 -1684361954 -574160510 -884326872 247055482 -1288921633 749997184 -1625095415 -328864485 -1343213753 1051421160 -611614272 1346958360 -24794157 -1803418909 1401041859 -1211191186 -386903042 -1795454429 -375617412 30847080 1298014569 -1080586438 -1764910703 888012287 -1460431410 1051432896 516480073 -882479881 -32345495 1024545642 1214728034 -1192814705 759958096 -1420314849 -677674102 517375826 928006383 -545278197 -828793649

i = 5
Mang truoc khi swap: 1979766621 1859790050 1614753770 1591546976 1589984047 -1684361954 -574160510 -884326872 247055482 -1288921633 749997184 -1625095415 -328864485 -1343213753 1051421160 -611614272 1346958360 -24794157 -1803418909 1401041859 -1211191186 -386903042 -1795454429 -375617412 30847080 1298014569 -1080586438 -1764910703 888012287 -1460431410 1051432896 516480073 -882479881 -32345495 1024545642 1214728034 -1192814705 759958096 -1420314849 -677674102 517375826 928006383 -545278197 -828793649
Phan tu lon nhat trong doan [6, 43]: 1401041859
Swap -1684361954 va 1401041859
Mang sau khi swap: 1979766621 1859790050 1614753770 1591546976 1589984047 1401041859 -574160510 -884326872 247055482 -1288921633 749997184 -1625095415 -328864485 -1343213753 1051421160 -611614272 1346958360 -24794157 -1803418909 -1684361954 -1211191186 -386903042 -1795454429 -375617412 30847080 1298014569 -1080586438 -1764910703 888012287 -1460431410 1051432896 516480073 -882479881 -32345495 1024545642 1214728034 -1192814705 759958096 -1420314849 -677674102 517375826 928006383 -545278197 -828793649

i = 6
Mang truoc khi swap: 1979766621 1859790050 1614753770 1591546976 1589984047 1401041859 -574160510 -884326872 247055482 -1288921633 749997184 -1625095415 -328864485 -1343213753 1051421160 -611614272 1346958360 -24794157 -1803418909 -1684361954 -1211191186 -386903042 -1795454429 -375617412 30847080 1298014569 -1080586438 -1764910703 888012287 -1460431410 1051432896 516480073 -882479881 -32345495 1024545642 1214728034 -1192814705 759958096 -1420314849 -677674102 517375826 928006383 -545278197 -828793649
Phan tu lon nhat trong doan [7, 43]: 1346958360
Swap -574160510 va 1346958360
Mang sau khi swap: 1979766621 1859790050 1614753770 1591546976 1589984047 1401041859 1346958360 -884326872 247055482 -1288921633 749997184 -1625095415 -328864485 -1343213753 1051421160 -611614272 -574160510 -24794157 -1803418909 -1684361954 -1211191186 -386903042 -1795454429 -375617412 30847080 1298014569 -1080586438 -1764910703 888012287 -1460431410 1051432896 516480073 -882479881 -32345495 1024545642 1214728034 -1192814705 759958096 -1420314849 -677674102 517375826 928006383 -545278197 -828793649

i = 7
Mang truoc khi swap: 1979766621 1859790050 1614753770 1591546976 1589984047 1401041859 1346958360 -884326872 247055482 -1288921633 749997184 -1625095415 -328864485 -1343213753 1051421160 -611614272 -574160510 -24794157 -1803418909 -1684361954 -1211191186 -386903042 -1795454429 -375617412 30847080 1298014569 -1080586438 -1764910703 888012287 -1460431410 1051432896 516480073 -882479881 -32345495 1024545642 1214728034 -1192814705 759958096 -1420314849 -677674102 517375826 928006383 -545278197 -828793649
Phan tu lon nhat trong doan [8, 43]: 1298014569
Swap -884326872 va 1298014569
Mang sau khi swap: 1979766621 1859790050 1614753770 1591546976 1589984047 1401041859 1346958360 1298014569 247055482 -1288921633 749997184 -1625095415 -328864485 -1343213753 1051421160 -611614272 -574160510 -24794157 -1803418909 -1684361954 -1211191186 -386903042 -1795454429 -375617412 30847080 -884326872 -1080586438 -1764910703 888012287 -1460431410 1051432896 516480073 -882479881 -32345495 1024545642 1214728034 -1192814705 759958096 -1420314849 -677674102 517375826 928006383 -545278197 -828793649

i = 8
Mang truoc khi swap: 1979766621 1859790050 1614753770 1591546976 1589984047 1401041859 1346958360 1298014569 247055482 -1288921633 749997184 -1625095415 -328864485 -1343213753 1051421160 -611614272 -574160510 -24794157 -1803418909 -1684361954 -1211191186 -386903042 -1795454429 -375617412 30847080 -884326872 -1080586438 -1764910703 888012287 -1460431410 1051432896 516480073 -882479881 -32345495 1024545642 1214728034 -1192814705 759958096 -1420314849 -677674102 517375826 928006383 -545278197 -828793649
Phan tu lon nhat trong doan [9, 43]: 1214728034
Swap 247055482 va 1214728034
Mang sau khi swap: 1979766621 1859790050 1614753770 1591546976 1589984047 1401041859 1346958360 1298014569 1214728034 -1288921633 749997184 -1625095415 -328864485 -1343213753 1051421160 -611614272 -574160510 -24794157 -1803418909 -1684361954 -1211191186 -386903042 -1795454429 -375617412 30847080 -884326872 -1080586438 -1764910703 888012287 -1460431410 1051432896 516480073 -882479881 -32345495 1024545642 247055482 -1192814705 759958096 -1420314849 -677674102 517375826 928006383 -545278197 -828793649

i = 9
Mang truoc khi swap: 1979766621 1859790050 1614753770 1591546976 1589984047 1401041859 1346958360 1298014569 1214728034 -1288921633 749997184 -1625095415 -328864485 -1343213753 1051421160 -611614272 -574160510 -24794157 -1803418909 -1684361954 -1211191186 -386903042 -1795454429 -375617412 30847080 -884326872 -1080586438 -1764910703 888012287 -1460431410 1051432896 516480073 -882479881 -32345495 1024545642 247055482 -1192814705 759958096 -1420314849 -677674102 517375826 928006383 -545278197 -828793649
Phan tu lon nhat trong doan [10, 43]: 1051432896
Swap -1288921633 va 1051432896
Mang sau khi swap: 1979766621 1859790050 1614753770 1591546976 1589984047 1401041859 1346958360 1298014569 1214728034 1051432896 749997184 -1625095415 -328864485 -1343213753 1051421160 -611614272 -574160510 -24794157 -1803418909 -1684361954 -1211191186 -386903042 -1795454429 -375617412 30847080 -884326872 -1080586438 -1764910703 888012287 -1460431410 -1288921633 516480073 -882479881 -32345495 1024545642 247055482 -1192814705 759958096 -1420314849 -677674102 517375826 928006383 -545278197 -828793649

i = 10
Mang truoc khi swap: 1979766621 1859790050 1614753770 1591546976 1589984047 1401041859 1346958360 1298014569 1214728034 1051432896 749997184 -1625095415 -328864485 -1343213753 1051421160 -611614272 -574160510 -24794157 -1803418909 -1684361954 -1211191186 -386903042 -1795454429 -375617412 30847080 -884326872 -1080586438 -1764910703 888012287 -1460431410 -1288921633 516480073 -882479881 -32345495 1024545642 247055482 -1192814705 759958096 -1420314849 -677674102 517375826 928006383 -545278197 -828793649
Phan tu lon nhat trong doan [11, 43]: 1051421160
Swap 749997184 va 1051421160
Mang sau khi swap: 1979766621 1859790050 1614753770 1591546976 1589984047 1401041859 1346958360 1298014569 1214728034 1051432896 1051421160 -1625095415 -328864485 -1343213753 749997184 -611614272 -574160510 -24794157 -1803418909 -1684361954 -1211191186 -386903042 -1795454429 -375617412 30847080 -884326872 -1080586438 -1764910703 888012287 -1460431410 -1288921633 516480073 -882479881 -32345495 1024545642 247055482 -1192814705 759958096 -1420314849 -677674102 517375826 928006383 -545278197 -828793649

i = 11
Mang truoc khi swap: 1979766621 1859790050 1614753770 1591546976 1589984047 1401041859 1346958360 1298014569 1214728034 1051432896 1051421160 -1625095415 -328864485 -1343213753 749997184 -611614272 -574160510 -24794157 -1803418909 -1684361954 -1211191186 -386903042 -1795454429 -375617412 30847080 -884326872 -1080586438 -1764910703 888012287 -1460431410 -1288921633 516480073 -882479881 -32345495 1024545642 247055482 -1192814705 759958096 -1420314849 -677674102 517375826 928006383 -545278197 -828793649
Phan tu lon nhat trong doan [12, 43]: 1024545642
Swap -1625095415 va 1024545642
Mang sau khi swap: 1979766621 1859790050 1614753770 1591546976 1589984047 1401041859 1346958360 1298014569 1214728034 1051432896 1051421160 1024545642 -328864485 -1343213753 749997184 -611614272 -574160510 -24794157 -1803418909 -1684361954 -1211191186 -386903042 -1795454429 -375617412 30847080 -884326872 -1080586438 -1764910703 888012287 -1460431410 -1288921633 516480073 -882479881 -32345495 -1625095415 247055482 -1192814705 759958096 -1420314849 -677674102 517375826 928006383 -545278197 -828793649

i = 12
Mang truoc khi swap: 1979766621 1859790050 1614753770 1591546976 1589984047 1401041859 1346958360 1298014569 1214728034 1051432896 1051421160 1024545642 -328864485 -1343213753 749997184 -611614272 -574160510 -24794157 -1803418909 -1684361954 -1211191186 -386903042 -1795454429 -375617412 30847080 -884326872 -1080586438 -1764910703 888012287 -1460431410 -1288921633 516480073 -882479881 -32345495 -1625095415 247055482 -1192814705 759958096 -1420314849 -677674102 517375826 928006383 -545278197 -828793649
Phan tu lon nhat trong doan [13, 43]: 928006383
Swap -328864485 va 928006383
Mang sau khi swap: 1979766621 1859790050 1614753770 1591546976 1589984047 1401041859 1346958360 1298014569 1214728034 1051432896 1051421160 1024545642 928006383 -1343213753 749997184 -611614272 -574160510 -24794157 -1803418909 -1684361954 -1211191186 -386903042 -1795454429 -375617412 30847080 -884326872 -1080586438 -1764910703 888012287 -1460431410 -1288921633 516480073 -882479881 -32345495 -1625095415 247055482 -1192814705 759958096 -1420314849 -677674102 517375826 -328864485 -545278197 -828793649

i = 13
Mang truoc khi swap: 1979766621 1859790050 1614753770 1591546976 1589984047 1401041859 1346958360 1298014569 1214728034 1051432896 1051421160 1024545642 928006383 -1343213753 749997184 -611614272 -574160510 -24794157 -1803418909 -1684361954 -1211191186 -386903042 -1795454429 -375617412 30847080 -884326872 -1080586438 -1764910703 888012287 -1460431410 -1288921633 516480073 -882479881 -32345495 -1625095415 247055482 -1192814705 759958096 -1420314849 -677674102 517375826 -328864485 -545278197 -828793649
Phan tu lon nhat trong doan [14, 43]: 888012287
Swap -1343213753 va 888012287
Mang sau khi swap: 1979766621 1859790050 1614753770 1591546976 1589984047 1401041859 1346958360 1298014569 1214728034 1051432896 1051421160 1024545642 928006383 888012287 749997184 -611614272 -574160510 -24794157 -1803418909 -1684361954 -1211191186 -386903042 -1795454429 -375617412 30847080 -884326872 -1080586438 -1764910703 -1343213753 -1460431410 -1288921633 516480073 -882479881 -32345495 -1625095415 247055482 -1192814705 759958096 -1420314849 -677674102 517375826 -328864485 -545278197 -828793649

i = 14
Mang truoc khi swap: 1979766621 1859790050 1614753770 1591546976 1589984047 1401041859 1346958360 1298014569 1214728034 1051432896 1051421160 1024545642 928006383 888012287 749997184 -611614272 -574160510 -24794157 -1803418909 -1684361954 -1211191186 -386903042 -1795454429 -375617412 30847080 -884326872 -1080586438 -1764910703 -1343213753 -1460431410 -1288921633 516480073 -882479881 -32345495 -1625095415 247055482 -1192814705 759958096 -1420314849 -677674102 517375826 -328864485 -545278197 -828793649
Phan tu lon nhat trong doan [15, 43]: 759958096
Swap 749997184 va 759958096
Mang sau khi swap: 1979766621 1859790050 1614753770 1591546976 1589984047 1401041859 1346958360 1298014569 1214728034 1051432896 1051421160 1024545642 928006383 888012287 759958096 -611614272 -574160510 -24794157 -1803418909 -1684361954 -1211191186 -386903042 -1795454429 -375617412 30847080 -884326872 -1080586438 -1764910703 -1343213753 -1460431410 -1288921633 516480073 -882479881 -32345495 -1625095415 247055482 -1192814705 749997184 -1420314849 -677674102 517375826 -328864485 -545278197 -828793649

i = 15
Mang truoc khi swap: 1979766621 1859790050 1614753770 1591546976 1589984047 1401041859 1346958360 1298014569 1214728034 1051432896 1051421160 1024545642 928006383 888012287 759958096 -611614272 -574160510 -24794157 -1803418909 -1684361954 -1211191186 -386903042 -1795454429 -375617412 30847080 -884326872 -1080586438 -1764910703 -1343213753 -1460431410 -1288921633 516480073 -882479881 -32345495 -1625095415 247055482 -1192814705 749997184 -1420314849 -677674102 517375826 -328864485 -545278197 -828793649
Phan tu lon nhat trong doan [16, 43]: 749997184
Swap -611614272 va 749997184
Mang sau khi swap: 1979766621 1859790050 1614753770 1591546976 1589984047 1401041859 1346958360 1298014569 1214728034 1051432896 1051421160 1024545642 928006383 888012287 759958096 749997184 -574160510 -24794157 -1803418909 -1684361954 -1211191186 -386903042 -1795454429 -375617412 30847080 -884326872 -1080586438 -1764910703 -1343213753 -1460431410 -1288921633 516480073 -882479881 -32345495 -1625095415 247055482 -1192814705 -611614272 -1420314849 -677674102 517375826 -328864485 -545278197 -828793649

i = 16
Mang truoc khi swap: 1979766621 1859790050 1614753770 1591546976 1589984047 1401041859 1346958360 1298014569 1214728034 1051432896 1051421160 1024545642 928006383 888012287 759958096 749997184 -574160510 -24794157 -1803418909 -1684361954 -1211191186 -386903042 -1795454429 -375617412 30847080 -884326872 -1080586438 -1764910703 -1343213753 -1460431410 -1288921633 516480073 -882479881 -32345495 -1625095415 247055482 -1192814705 -611614272 -1420314849 -677674102 517375826 -328864485 -545278197 -828793649
Phan tu lon nhat trong doan [17, 43]: 517375826
Swap -574160510 va 517375826
Mang sau khi swap: 1979766621 1859790050 1614753770 1591546976 1589984047 1401041859 1346958360 1298014569 1214728034 1051432896 1051421160 1024545642 928006383 888012287 759958096 749997184 517375826 -24794157 -1803418909 -1684361954 -1211191186 -386903042 -1795454429 -375617412 30847080 -884326872 -1080586438 -1764910703 -1343213753 -1460431410 -1288921633 516480073 -882479881 -32345495 -1625095415 247055482 -1192814705 -611614272 -1420314849 -677674102 -574160510 -328864485 -545278197 -828793649

i = 17
Mang truoc khi swap: 1979766621 1859790050 1614753770 1591546976 1589984047 1401041859 1346958360 1298014569 1214728034 1051432896 1051421160 1024545642 928006383 888012287 759958096 749997184 517375826 -24794157 -1803418909 -1684361954 -1211191186 -386903042 -1795454429 -375617412 30847080 -884326872 -1080586438 -1764910703 -1343213753 -1460431410 -1288921633 516480073 -882479881 -32345495 -1625095415 247055482 -1192814705 -611614272 -1420314849 -677674102 -574160510 -328864485 -545278197 -828793649
Phan tu lon nhat trong doan [18, 43]: 516480073
Swap -24794157 va 516480073
Mang sau khi swap: 1979766621 1859790050 1614753770 1591546976 1589984047 1401041859 1346958360 1298014569 1214728034 1051432896 1051421160 1024545642 928006383 888012287 759958096 749997184 517375826 516480073 -1803418909 -1684361954 -1211191186 -386903042 -1795454429 -375617412 30847080 -884326872 -1080586438 -1764910703 -1343213753 -1460431410 -1288921633 -24794157 -882479881 -32345495 -1625095415 247055482 -1192814705 -611614272 -1420314849 -677674102 -574160510 -328864485 -545278197 -828793649

i = 18
Mang truoc khi swap: 1979766621 1859790050 1614753770 1591546976 1589984047 1401041859 1346958360 1298014569 1214728034 1051432896 1051421160 1024545642 928006383 888012287 759958096 749997184 517375826 516480073 -1803418909 -1684361954 -1211191186 -386903042 -1795454429 -375617412 30847080 -884326872 -1080586438 -1764910703 -1343213753 -1460431410 -1288921633 -24794157 -882479881 -32345495 -1625095415 247055482 -1192814705 -611614272 -1420314849 -677674102 -574160510 -328864485 -545278197 -828793649
Phan tu lon nhat trong doan [19, 43]: 247055482
Swap -1803418909 va 247055482
Mang sau khi swap: 1979766621 1859790050 1614753770 1591546976 1589984047 1401041859 1346958360 1298014569 1214728034 1051432896 1051421160 1024545642 928006383 888012287 759958096 749997184 517375826 516480073 247055482 -1684361954 -1211191186 -386903042 -1795454429 -375617412 30847080 -884326872 -1080586438 -1764910703 -1343213753 -1460431410 -1288921633 -24794157 -882479881 -32345495 -1625095415 -1803418909 -1192814705 -611614272 -1420314849 -677674102 -574160510 -328864485 -545278197 -828793649

i = 19
Mang truoc khi swap: 1979766621 1859790050 1614753770 1591546976 1589984047 1401041859 1346958360 1298014569 1214728034 1051432896 1051421160 1024545642 928006383 888012287 759958096 749997184 517375826 516480073 247055482 -1684361954 -1211191186 -386903042 -1795454429 -375617412 30847080 -884326872 -1080586438 -1764910703 -1343213753 -1460431410 -1288921633 -24794157 -882479881 -32345495 -1625095415 -1803418909 -1192814705 -611614272 -1420314849 -677674102 -574160510 -328864485 -545278197 -828793649
Phan tu lon nhat trong doan [20, 43]: 30847080
Swap -1684361954 va 30847080
Mang sau khi swap: 1979766621 1859790050 1614753770 1591546976 1589984047 1401041859 1346958360 1298014569 1214728034 1051432896 1051421160 1024545642 928006383 888012287 759958096 749997184 517375826 516480073 247055482 30847080 -1211191186 -386903042 -1795454429 -375617412 -1684361954 -884326872 -1080586438 -1764910703 -1343213753 -1460431410 -1288921633 -24794157 -882479881 -32345495 -1625095415 -1803418909 -1192814705 -611614272 -1420314849 -677674102 -574160510 -328864485 -545278197 -828793649

i = 20
Mang truoc khi swap: 1979766621 1859790050 1614753770 1591546976 1589984047 1401041859 1346958360 1298014569 1214728034 1051432896 1051421160 1024545642 928006383 888012287 759958096 749997184 517375826 516480073 247055482 30847080 -1211191186 -386903042 -1795454429 -375617412 -1684361954 -884326872 -1080586438 -1764910703 -1343213753 -1460431410 -1288921633 -24794157 -882479881 -32345495 -1625095415 -1803418909 -1192814705 -611614272 -1420314849 -677674102 -574160510 -328864485 -545278197 -828793649
Phan tu lon nhat trong doan [21, 43]: -24794157
Swap -1211191186 va -24794157
Mang sau khi swap: 1979766621 1859790050 1614753770 1591546976 1589984047 1401041859 1346958360 1298014569 1214728034 1051432896 1051421160 1024545642 928006383 888012287 759958096 749997184 517375826 516480073 247055482 30847080 -24794157 -386903042 -1795454429 -375617412 -1684361954 -884326872 -1080586438 -1764910703 -1343213753 -1460431410 -1288921633 -1211191186 -882479881 -32345495 -1625095415 -1803418909 -1192814705 -611614272 -1420314849 -677674102 -574160510 -328864485 -545278197 -828793649

i = 21
Mang truoc khi swap: 1979766621 1859790050 1614753770 1591546976 1589984047 1401041859 1346958360 1298014569 1214728034 1051432896 1051421160 1024545642 928006383 888012287 759958096 749997184 517375826 516480073 247055482 30847080 -24794157 -386903042 -1795454429 -375617412 -1684361954 -884326872 -1080586438 -1764910703 -1343213753 -1460431410 -1288921633 -1211191186 -882479881 -32345495 -1625095415 -1803418909 -1192814705 -611614272 -1420314849 -677674102 -574160510 -328864485 -545278197 -828793649
Phan tu lon nhat trong doan [22, 43]: -32345495
Swap -386903042 va -32345495
Mang sau khi swap: 1979766621 1859790050 1614753770 1591546976 1589984047 1401041859 1346958360 1298014569 1214728034 1051432896 1051421160 1024545642 928006383 888012287 759958096 749997184 517375826 516480073 247055482 30847080 -24794157 -32345495 -1795454429 -375617412 -1684361954 -884326872 -1080586438 -1764910703 -1343213753 -1460431410 -1288921633 -1211191186 -882479881 -386903042 -1625095415 -1803418909 -1192814705 -611614272 -1420314849 -677674102 -574160510 -328864485 -545278197 -828793649

i = 22
Mang truoc khi swap: 1979766621 1859790050 1614753770 1591546976 1589984047 1401041859 1346958360 1298014569 1214728034 1051432896 1051421160 1024545642 928006383 888012287 759958096 749997184 517375826 516480073 247055482 30847080 -24794157 -32345495 -1795454429 -375617412 -1684361954 -884326872 -1080586438 -1764910703 -1343213753 -1460431410 -1288921633 -1211191186 -882479881 -386903042 -1625095415 -1803418909 -1192814705 -611614272 -1420314849 -677674102 -574160510 -328864485 -545278197 -828793649
Phan tu lon nhat trong doan [23, 43]: -328864485
Swap -1795454429 va -328864485
Mang sau khi swap: 1979766621 1859790050 1614753770 1591546976 1589984047 1401041859 1346958360 1298014569 1214728034 1051432896 1051421160 1024545642 928006383 888012287 759958096 749997184 517375826 516480073 247055482 30847080 -24794157 -32345495 -328864485 -375617412 -1684361954 -884326872 -1080586438 -1764910703 -1343213753 -1460431410 -1288921633 -1211191186 -882479881 -386903042 -1625095415 -1803418909 -1192814705 -611614272 -1420314849 -677674102 -574160510 -1795454429 -545278197 -828793649

i = 23
Mang truoc khi swap: 1979766621 1859790050 1614753770 1591546976 1589984047 1401041859 1346958360 1298014569 1214728034 1051432896 1051421160 1024545642 928006383 888012287 759958096 749997184 517375826 516480073 247055482 30847080 -24794157 -32345495 -328864485 -375617412 -1684361954 -884326872 -1080586438 -1764910703 -1343213753 -1460431410 -1288921633 -1211191186 -882479881 -386903042 -1625095415 -1803418909 -1192814705 -611614272 -1420314849 -677674102 -574160510 -1795454429 -545278197 -828793649
Phan tu lon nhat trong doan [24, 43]: -375617412
Swap -375617412 va -375617412
Mang sau khi swap: 1979766621 1859790050 1614753770 1591546976 1589984047 1401041859 1346958360 1298014569 1214728034 1051432896 1051421160 1024545642 928006383 888012287 759958096 749997184 517375826 516480073 247055482 30847080 -24794157 -32345495 -328864485 -375617412 -1684361954 -884326872 -1080586438 -1764910703 -1343213753 -1460431410 -1288921633 -1211191186 -882479881 -386903042 -1625095415 -1803418909 -1192814705 -611614272 -1420314849 -677674102 -574160510 -1795454429 -545278197 -828793649

i = 24
Mang truoc khi swap: 1979766621 1859790050 1614753770 1591546976 1589984047 1401041859 1346958360 1298014569 1214728034 1051432896 1051421160 1024545642 928006383 888012287 759958096 749997184 517375826 516480073 247055482 30847080 -24794157 -32345495 -328864485 -375617412 -1684361954 -884326872 -1080586438 -1764910703 -1343213753 -1460431410 -1288921633 -1211191186 -882479881 -386903042 -1625095415 -1803418909 -1192814705 -611614272 -1420314849 -677674102 -574160510 -1795454429 -545278197 -828793649
Phan tu lon nhat trong doan [25, 43]: -386903042
Swap -1684361954 va -386903042
Mang sau khi swap: 1979766621 1859790050 1614753770 1591546976 1589984047 1401041859 1346958360 1298014569 1214728034 1051432896 1051421160 1024545642 928006383 888012287 759958096 749997184 517375826 516480073 247055482 30847080 -24794157 -32345495 -328864485 -375617412 -386903042 -884326872 -1080586438 -1764910703 -1343213753 -1460431410 -1288921633 -1211191186 -882479881 -1684361954 -1625095415 -1803418909 -1192814705 -611614272 -1420314849 -677674102 -574160510 -1795454429 -545278197 -828793649

i = 25
Mang truoc khi swap: 1979766621 1859790050 1614753770 1591546976 1589984047 1401041859 1346958360 1298014569 1214728034 1051432896 1051421160 1024545642 928006383 888012287 759958096 749997184 517375826 516480073 247055482 30847080 -24794157 -32345495 -328864485 -375617412 -386903042 -884326872 -1080586438 -1764910703 -1343213753 -1460431410 -1288921633 -1211191186 -882479881 -1684361954 -1625095415 -1803418909 -1192814705 -611614272 -1420314849 -677674102 -574160510 -1795454429 -545278197 -828793649
Phan tu lon nhat trong doan [26, 43]: -545278197
Swap -884326872 va -545278197
Mang sau khi swap: 1979766621 1859790050 1614753770 1591546976 1589984047 1401041859 1346958360 1298014569 1214728034 1051432896 1051421160 1024545642 928006383 888012287 759958096 749997184 517375826 516480073 247055482 30847080 -24794157 -32345495 -328864485 -375617412 -386903042 -545278197 -1080586438 -1764910703 -1343213753 -1460431410 -1288921633 -1211191186 -882479881 -1684361954 -1625095415 -1803418909 -1192814705 -611614272 -1420314849 -677674102 -574160510 -1795454429 -884326872 -828793649

i = 26
Mang truoc khi swap: 1979766621 1859790050 1614753770 1591546976 1589984047 1401041859 1346958360 1298014569 1214728034 1051432896 1051421160 1024545642 928006383 888012287 759958096 749997184 517375826 516480073 247055482 30847080 -24794157 -32345495 -328864485 -375617412 -386903042 -545278197 -1080586438 -1764910703 -1343213753 -1460431410 -1288921633 -1211191186 -882479881 -1684361954 -1625095415 -1803418909 -1192814705 -611614272 -1420314849 -677674102 -574160510 -1795454429 -884326872 -828793649
Phan tu lon nhat trong doan [27, 43]: -574160510
Swap -1080586438 va -574160510
Mang sau khi swap: 1979766621 1859790050 1614753770 1591546976 1589984047 1401041859 1346958360 1298014569 1214728034 1051432896 1051421160 1024545642 928006383 888012287 759958096 749997184 517375826 516480073 247055482 30847080 -24794157 -32345495 -328864485 -375617412 -386903042 -545278197 -574160510 -1764910703 -1343213753 -1460431410 -1288921633 -1211191186 -882479881 -1684361954 -1625095415 -1803418909 -1192814705 -611614272 -1420314849 -677674102 -1080586438 -1795454429 -884326872 -828793649

i = 27
Mang truoc khi swap: 1979766621 1859790050 1614753770 1591546976 1589984047 1401041859 1346958360 1298014569 1214728034 1051432896 1051421160 1024545642 928006383 888012287 759958096 749997184 517375826 516480073 247055482 30847080 -24794157 -32345495 -328864485 -375617412 -386903042 -545278197 -574160510 -1764910703 -1343213753 -1460431410 -1288921633 -1211191186 -882479881 -1684361954 -1625095415 -1803418909 -1192814705 -611614272 -1420314849 -677674102 -1080586438 -1795454429 -884326872 -828793649
Phan tu lon nhat trong doan [28, 43]: -611614272
Swap -1764910703 va -611614272
Mang sau khi swap: 1979766621 1859790050 1614753770 1591546976 1589984047 1401041859 1346958360 1298014569 1214728034 1051432896 1051421160 1024545642 928006383 888012287 759958096 749997184 517375826 516480073 247055482 30847080 -24794157 -32345495 -328864485 -375617412 -386903042 -545278197 -574160510 -611614272 -1343213753 -1460431410 -1288921633 -1211191186 -882479881 -1684361954 -1625095415 -1803418909 -1192814705 -1764910703 -1420314849 -677674102 -1080586438 -1795454429 -884326872 -828793649

i = 28
Mang truoc khi swap: 1979766621 1859790050 1614753770 1591546976 1589984047 1401041859 1346958360 1298014569 1214728034 1051432896 1051421160 1024545642 928006383 888012287 759958096 749997184 517375826 516480073 247055482 30847080 -24794157 -32345495 -328864485 -375617412 -386903042 -545278197 -574160510 -611614272 -1343213753 -1460431410 -1288921633 -1211191186 -882479881 -1684361954 -1625095415 -1803418909 -1192814705 -1764910703 -1420314849 -677674102 -1080586438 -1795454429 -884326872 -828793649
Phan tu lon nhat trong doan [29, 43]: -677674102
Swap -1343213753 va -677674102
Mang sau khi swap: 1979766621 1859790050 1614753770 1591546976 1589984047 1401041859 1346958360 1298014569 1214728034 1051432896 1051421160 1024545642 928006383 888012287 759958096 749997184 517375826 516480073 247055482 30847080 -24794157 -32345495 -328864485 -375617412 -386903042 -545278197 -574160510 -611614272 -677674102 -1460431410 -1288921633 -1211191186 -882479881 -1684361954 -1625095415 -1803418909 -1192814705 -1764910703 -1420314849 -1343213753 -1080586438 -1795454429 -884326872 -828793649

i = 29
Mang truoc khi swap: 1979766621 1859790050 1614753770 1591546976 1589984047 1401041859 1346958360 1298014569 1214728034 1051432896 1051421160 1024545642 928006383 888012287 759958096 749997184 517375826 516480073 247055482 30847080 -24794157 -32345495 -328864485 -375617412 -386903042 -545278197 -574160510 -611614272 -677674102 -1460431410 -1288921633 -1211191186 -882479881 -1684361954 -1625095415 -1803418909 -1192814705 -1764910703 -1420314849 -1343213753 -1080586438 -1795454429 -884326872 -828793649
Phan tu lon nhat trong doan [30, 43]: -828793649
Swap -1460431410 va -828793649
Mang sau khi swap: 1979766621 1859790050 1614753770 1591546976 1589984047 1401041859 1346958360 1298014569 1214728034 1051432896 1051421160 1024545642 928006383 888012287 759958096 749997184 517375826 516480073 247055482 30847080 -24794157 -32345495 -328864485 -375617412 -386903042 -545278197 -574160510 -611614272 -677674102 -828793649 -1288921633 -1211191186 -882479881 -1684361954 -1625095415 -1803418909 -1192814705 -1764910703 -1420314849 -1343213753 -1080586438 -1795454429 -884326872 -1460431410

i = 30
Mang truoc khi swap: 1979766621 1859790050 1614753770 1591546976 1589984047 1401041859 1346958360 1298014569 1214728034 1051432896 1051421160 1024545642 928006383 888012287 759958096 749997184 517375826 516480073 247055482 30847080 -24794157 -32345495 -328864485 -375617412 -386903042 -545278197 -574160510 -611614272 -677674102 -828793649 -1288921633 -1211191186 -882479881 -1684361954 -1625095415 -1803418909 -1192814705 -1764910703 -1420314849 -1343213753 -1080586438 -1795454429 -884326872 -1460431410
Phan tu lon nhat trong doan [31, 43]: -882479881
Swap -1288921633 va -882479881
Mang sau khi swap: 1979766621 1859790050 1614753770 1591546976 1589984047 1401041859 1346958360 1298014569 1214728034 1051432896 1051421160 1024545642 928006383 888012287 759958096 749997184 517375826 516480073 247055482 30847080 -24794157 -32345495 -328864485 -375617412 -386903042 -545278197 -574160510 -611614272 -677674102 -828793649 -882479881 -1211191186 -1288921633 -1684361954 -1625095415 -1803418909 -1192814705 -1764910703 -1420314849 -1343213753 -1080586438 -1795454429 -884326872 -1460431410

i = 31
Mang truoc khi swap: 1979766621 1859790050 1614753770 1591546976 1589984047 1401041859 1346958360 1298014569 1214728034 1051432896 1051421160 1024545642 928006383 888012287 759958096 749997184 517375826 516480073 247055482 30847080 -24794157 -32345495 -328864485 -375617412 -386903042 -545278197 -574160510 -611614272 -677674102 -828793649 -882479881 -1211191186 -1288921633 -1684361954 -1625095415 -1803418909 -1192814705 -1764910703 -1420314849 -1343213753 -1080586438 -1795454429 -884326872 -1460431410
Phan tu lon nhat trong doan [32, 43]: -884326872
Swap -1211191186 va -884326872
Mang sau khi swap: 1979766621 1859790050 1614753770 1591546976 1589984047 1401041859 1346958360 1298014569 1214728034 1051432896 1051421160 1024545642 928006383 888012287 759958096 749997184 517375826 516480073 247055482 30847080 -24794157 -32345495 -328864485 -375617412 -386903042 -545278197 -574160510 -611614272 -677674102 -828793649 -882479881 -884326872 -1288921633 -1684361954 -1625095415 -1803418909 -1192814705 -1764910703 -1420314849 -1343213753 -1080586438 -1795454429 -1211191186 -1460431410

i = 32
Mang truoc khi swap: 1979766621 1859790050 1614753770 1591546976 1589984047 1401041859 1346958360 1298014569 1214728034 1051432896 1051421160 1024545642 928006383 888012287 759958096 749997184 517375826 516480073 247055482 30847080 -24794157 -32345495 -328864485 -375617412 -386903042 -545278197 -574160510 -611614272 -677674102 -828793649 -882479881 -884326872 -1288921633 -1684361954 -1625095415 -1803418909 -1192814705 -1764910703 -1420314849 -1343213753 -1080586438 -1795454429 -1211191186 -1460431410
Phan tu lon nhat trong doan [33, 43]: -1080586438
Swap -1288921633 va -1080586438
Mang sau khi swap: 1979766621 1859790050 1614753770 1591546976 1589984047 1401041859 1346958360 1298014569 1214728034 1051432896 1051421160 1024545642 928006383 888012287 759958096 749997184 517375826 516480073 247055482 30847080 -24794157 -32345495 -328864485 -375617412 -386903042 -545278197 -574160510 -611614272 -677674102 -828793649 -882479881 -884326872 -1080586438 -1684361954 -1625095415 -1803418909 -1192814705 -1764910703 -1420314849 -1343213753 -1288921633 -1795454429 -1211191186 -1460431410

i = 33
Mang truoc khi swap: 1979766621 1859790050 1614753770 1591546976 1589984047 1401041859 1346958360 1298014569 1214728034 1051432896 1051421160 1024545642 928006383 888012287 759958096 749997184 517375826 516480073 247055482 30847080 -24794157 -32345495 -328864485 -375617412 -386903042 -545278197 -574160510 -611614272 -677674102 -828793649 -882479881 -884326872 -1080586438 -1684361954 -1625095415 -1803418909 -1192814705 -1764910703 -1420314849 -1343213753 -1288921633 -1795454429 -1211191186 -1460431410
Phan tu lon nhat trong doan [34, 43]: -1192814705
Swap -1684361954 va -1192814705
Mang sau khi swap: 1979766621 1859790050 1614753770 1591546976 1589984047 1401041859 1346958360 1298014569 1214728034 1051432896 1051421160 1024545642 928006383 888012287 759958096 749997184 517375826 516480073 247055482 30847080 -24794157 -32345495 -328864485 -375617412 -386903042 -545278197 -574160510 -611614272 -677674102 -828793649 -882479881 -884326872 -1080586438 -1192814705 -1625095415 -1803418909 -1684361954 -1764910703 -1420314849 -1343213753 -1288921633 -1795454429 -1211191186 -1460431410

i = 34
Mang truoc khi swap: 1979766621 1859790050 1614753770 1591546976 1589984047 1401041859 1346958360 1298014569 1214728034 1051432896 1051421160 1024545642 928006383 888012287 759958096 749997184 517375826 516480073 247055482 30847080 -24794157 -32345495 -328864485 -375617412 -386903042 -545278197 -574160510 -611614272 -677674102 -828793649 -882479881 -884326872 -1080586438 -1192814705 -1625095415 -1803418909 -1684361954 -1764910703 -1420314849 -1343213753 -1288921633 -1795454429 -1211191186 -1460431410
Phan tu lon nhat trong doan [35, 43]: -1211191186
Swap -1625095415 va -1211191186
Mang sau khi swap: 1979766621 1859790050 1614753770 1591546976 1589984047 1401041859 1346958360 1298014569 1214728034 1051432896 1051421160 1024545642 928006383 888012287 759958096 749997184 517375826 516480073 247055482 30847080 -24794157 -32345495 -328864485 -375617412 -386903042 -545278197 -574160510 -611614272 -677674102 -828793649 -882479881 -884326872 -1080586438 -1192814705 -1211191186 -1803418909 -1684361954 -1764910703 -1420314849 -1343213753 -1288921633 -1795454429 -1625095415 -1460431410

i = 35
Mang truoc khi swap: 1979766621 1859790050 1614753770 1591546976 1589984047 1401041859 1346958360 1298014569 1214728034 1051432896 1051421160 1024545642 928006383 888012287 759958096 749997184 517375826 516480073 247055482 30847080 -24794157 -32345495 -328864485 -375617412 -386903042 -545278197 -574160510 -611614272 -677674102 -828793649 -882479881 -884326872 -1080586438 -1192814705 -1211191186 -1803418909 -1684361954 -1764910703 -1420314849 -1343213753 -1288921633 -1795454429 -1625095415 -1460431410
Phan tu lon nhat trong doan [36, 43]: -1288921633
Swap -1803418909 va -1288921633
Mang sau khi swap: 1979766621 1859790050 1614753770 1591546976 1589984047 1401041859 1346958360 1298014569 1214728034 1051432896 1051421160 1024545642 928006383 888012287 759958096 749997184 517375826 516480073 247055482 30847080 -24794157 -32345495 -328864485 -375617412 -386903042 -545278197 -574160510 -611614272 -677674102 -828793649 -882479881 -884326872 -1080586438 -1192814705 -1211191186 -1288921633 -1684361954 -1764910703 -1420314849 -1343213753 -1803418909 -1795454429 -1625095415 -1460431410

i = 36
Mang truoc khi swap: 1979766621 1859790050 1614753770 1591546976 1589984047 1401041859 1346958360 1298014569 1214728034 1051432896 1051421160 1024545642 928006383 888012287 759958096 749997184 517375826 516480073 247055482 30847080 -24794157 -32345495 -328864485 -375617412 -386903042 -545278197 -574160510 -611614272 -677674102 -828793649 -882479881 -884326872 -1080586438 -1192814705 -1211191186 -1288921633 -1684361954 -1764910703 -1420314849 -1343213753 -1803418909 -1795454429 -1625095415 -1460431410
Phan tu lon nhat trong doan [37, 43]: -1343213753
Swap -1684361954 va -1343213753
Mang sau khi swap: 1979766621 1859790050 1614753770 1591546976 1589984047 1401041859 1346958360 1298014569 1214728034 1051432896 1051421160 1024545642 928006383 888012287 759958096 749997184 517375826 516480073 247055482 30847080 -24794157 -32345495 -328864485 -375617412 -386903042 -545278197 -574160510 -611614272 -677674102 -828793649 -882479881 -884326872 -1080586438 -1192814705 -1211191186 -1288921633 -1343213753 -1764910703 -1420314849 -1684361954 -1803418909 -1795454429 -1625095415 -1460431410

i = 37
Mang truoc khi swap: 1979766621 1859790050 1614753770 1591546976 1589984047 1401041859 1346958360 1298014569 1214728034 1051432896 1051421160 1024545642 928006383 888012287 759958096 749997184 517375826 516480073 247055482 30847080 -24794157 -32345495 -328864485 -375617412 -386903042 -545278197 -574160510 -611614272 -677674102 -828793649 -882479881 -884326872 -1080586438 -1192814705 -1211191186 -1288921633 -1343213753 -1764910703 -1420314849 -1684361954 -1803418909 -1795454429 -1625095415 -1460431410
Phan tu lon nhat trong doan [38, 43]: -1420314849
Swap -1764910703 va -1420314849
Mang sau khi swap: 1979766621 1859790050 1614753770 1591546976 1589984047 1401041859 1346958360 1298014569 1214728034 1051432896 1051421160 1024545642 928006383 888012287 759958096 749997184 517375826 516480073 247055482 30847080 -24794157 -32345495 -328864485 -375617412 -386903042 -545278197 -574160510 -611614272 -677674102 -828793649 -882479881 -884326872 -1080586438 -1192814705 -1211191186 -1288921633 -1343213753 -1420314849 -1764910703 -1684361954 -1803418909 -1795454429 -1625095415 -1460431410

i = 38
Mang truoc khi swap: 1979766621 1859790050 1614753770 1591546976 1589984047 1401041859 1346958360 1298014569 1214728034 1051432896 1051421160 1024545642 928006383 888012287 759958096 749997184 517375826 516480073 247055482 30847080 -24794157 -32345495 -328864485 -375617412 -386903042 -545278197 -574160510 -611614272 -677674102 -828793649 -882479881 -884326872 -1080586438 -1192814705 -1211191186 -1288921633 -1343213753 -1420314849 -1764910703 -1684361954 -1803418909 -1795454429 -1625095415 -1460431410
Phan tu lon nhat trong doan [39, 43]: -1460431410
Swap -1764910703 va -1460431410
Mang sau khi swap: 1979766621 1859790050 1614753770 1591546976 1589984047 1401041859 1346958360 1298014569 1214728034 1051432896 1051421160 1024545642 928006383 888012287 759958096 749997184 517375826 516480073 247055482 30847080 -24794157 -32345495 -328864485 -375617412 -386903042 -545278197 -574160510 -611614272 -677674102 -828793649 -882479881 -884326872 -1080586438 -1192814705 -1211191186 -1288921633 -1343213753 -1420314849 -1460431410 -1684361954 -1803418909 -1795454429 -1625095415 -1764910703

i = 39
Mang truoc khi swap: 1979766621 1859790050 1614753770 1591546976 1589984047 1401041859 1346958360 1298014569 1214728034 1051432896 1051421160 1024545642 928006383 888012287 759958096 749997184 517375826 516480073 247055482 30847080 -24794157 -32345495 -328864485 -375617412 -386903042 -545278197 -574160510 -611614272 -677674102 -828793649 -882479881 -884326872 -1080586438 -1192814705 -1211191186 -1288921633 -1343213753 -1420314849 -1460431410 -1684361954 -1803418909 -1795454429 -1625095415 -1764910703
Phan tu lon nhat trong doan [40, 43]: -1625095415
Swap -1684361954 va -1625095415
Mang sau khi swap: 1979766621 1859790050 1614753770 1591546976 1589984047 1401041859 1346958360 1298014569 1214728034 1051432896 1051421160 1024545642 928006383 888012287 759958096 749997184 517375826 516480073 247055482 30847080 -24794157 -32345495 -328864485 -375617412 -386903042 -545278197 -574160510 -611614272 -677674102 -828793649 -882479881 -884326872 -1080586438 -1192814705 -1211191186 -1288921633 -1343213753 -1420314849 -1460431410 -1625095415 -1803418909 -1795454429 -1684361954 -1764910703

i = 40
Mang truoc khi swap: 1979766621 1859790050 1614753770 1591546976 1589984047 1401041859 1346958360 1298014569 1214728034 1051432896 1051421160 1024545642 928006383 888012287 759958096 749997184 517375826 516480073 247055482 30847080 -24794157 -32345495 -328864485 -375617412 -386903042 -545278197 -574160510 -611614272 -677674102 -828793649 -882479881 -884326872 -1080586438 -1192814705 -1211191186 -1288921633 -1343213753 -1420314849 -1460431410 -1625095415 -1803418909 -1795454429 -1684361954 -1764910703
Phan tu lon nhat trong doan [41, 43]: -1684361954
Swap -1803418909 va -1684361954
Mang sau khi swap: 1979766621 1859790050 1614753770 1591546976 1589984047 1401041859 1346958360 1298014569 1214728034 1051432896 1051421160 1024545642 928006383 888012287 759958096 749997184 517375826 516480073 247055482 30847080 -24794157 -32345495 -328864485 -375617412 -386903042 -545278197 -574160510 -611614272 -677674102 -828793649 -882479881 -884326872 -1080586438 -1192814705 -1211191186 -1288921633 -1343213753 -1420314849 -1460431410 -1625095415 -1684361954 -1795454429 -1803418909 -1764910703

i = 41
Mang truoc khi swap: 1979766621 1859790050 1614753770 1591546976 1589984047 1401041859 1346958360 1298014569 1214728034 1051432896 1051421160 1024545642 928006383 888012287 759958096 749997184 517375826 516480073 247055482 30847080 -24794157 -32345495 -328864485 -375617412 -386903042 -545278197 -574160510 -611614272 -677674102 -828793649 -882479881 -884326872 -1080586438 -1192814705 -1211191186 -1288921633 -1343213753 -1420314849 -1460431410 -1625095415 -1684361954 -1795454429 -1803418909 -1764910703
Phan tu lon nhat trong doan [42, 43]: -1764910703
Swap -1795454429 va -1764910703
Mang sau khi swap: 1979766621 1859790050 1614753770 1591546976 1589984047 1401041859 1346958360 1298014569 1214728034 1051432896 1051421160 1024545642 928006383 888012287 759958096 749997184 517375826 516480073 247055482 30847080 -24794157 -32345495 -328864485 -375617412 -386903042 -545278197 -574160510 -611614272 -677674102 -828793649 -882479881 -884326872 -1080586438 -1192814705 -1211191186 -1288921633 -1343213753 -1420314849 -1460431410 -1625095415 -1684361954 -1764910703 -1803418909 -1795454429

i = 42
Mang truoc khi swap: 1979766621 1859790050 1614753770 1591546976 1589984047 1401041859 1346958360 1298014569 1214728034 1051432896 1051421160 1024545642 928006383 888012287 759958096 749997184 517375826 516480073 247055482 30847080 -24794157 -32345495 -328864485 -375617412 -386903042 -545278197 -574160510 -611614272 -677674102 -828793649 -882479881 -884326872 -1080586438 -1192814705 -1211191186 -1288921633 -1343213753 -1420314849 -1460431410 -1625095415 -1684361954 -1764910703 -1803418909 -1795454429
Phan tu lon nhat trong doan [43, 43]: -1795454429
Swap -1803418909 va -1795454429
Mang sau khi swap: 1979766621 1859790050 1614753770 1591546976 1589984047 1401041859 1346958360 1298014569 1214728034 1051432896 1051421160 1024545642 928006383 888012287 759958096 749997184 517375826 516480073 247055482 30847080 -24794157 -32345495 -328864485 -375617412 -386903042 -545278197 -574160510 -611614272 -677674102 -828793649 -882479881 -884326872 -1080586438 -1192814705 -1211191186 -1288921633 -1343213753 -1420314849 -1460431410 -1625095415 -1684361954 -1764910703 -1795454429 -1803418909

Mang sau khi sap xep:
1979766621 1859790050 1614753770 1591546976 1589984047 1401041859 1346958360 1298014569 1214728034 1051432896 1051421160 1024545642 928006383 888012287 759958096 749997184 517375826 516480073 247055482 30847080 -24794157 -32345495 -328864485 -375617412 -386903042 -545278197 -574160510 -611614272 -677674102 -828793649 -882479881 -884326872 -1080586438 -1192814705 -1211191186 -1288921633 -1343213753 -1420314849 -1460431410 -1625095415 -1684361954 -1764910703 -1795454429 -1803418909
