Mang truoc khi sap xep:
1235183030 -791381892 1647790779 1439974818 341078283 1257501506 1669374767 -1415499702 283107627 1543149119 -343181381 -1137913924

Sap xep:
i = 0
Mang truoc khi swap: 1235183030 -791381892 1647790779 1439974818 341078283 1257501506 1669374767 -1415499702 283107627 1543149119 -343181381 -1137913924
Phan tu lon nhat trong doan [1, 11]: 1669374767
Swap 1235183030 va 1669374767
Mang sau khi swap: 1669374767 -791381892 1647790779 1439974818 341078283 1257501506 1235183030 -1415499702 283107627 1543149119 -343181381 -1137913924

i = 1
Mang truoc khi swap: 1669374767 -791381892 1647790779 1439974818 341078283 1257501506 1235183030 -1415499702 283107627 1543149119 -343181381 -1137913924
Phan tu lon nhat trong doan [2, 11]: 1647790779
Swap -791381892 va 1647790779
Mang sau khi swap: 1669374767 1647790779 -791381892 1439974818 341078283 1257501506 1235183030 -1415499702 283107627 1543149119 -343181381 -1137913924

i = 2
Mang truoc khi swap: 1669374767 1647790779 -791381892 1439974818 341078283 1257501506 1235183030 -1415499702 283107627 1543149119 -343181381 -1137913924
Phan tu lon nhat trong doan [3, 11]: 1543149119
Swap -791381892 va 1543149119
Mang sau khi swap: 1669374767 1647790779 1543149119 1439974818 341078283 1257501506 1235183030 -1415499702 283107627 -791381892 -343181381 -1137913924

i = 3
Mang truoc khi swap: 1669374767 1647790779 1543149119 1439974818 341078283 1257501506 1235183030 -1415499702 283107627 -791381892 -343181381 -1137913924
Phan tu lon nhat trong doan [4, 11]: 1439974818
Swap 1439974818 va 1439974818
Mang sau khi swap: 1669374767 1647790779 1543149119 1439974818 341078283 1257501506 1235183030 -1415499702 283107627 -791381892 -343181381 -1137913924

i = 4
Mang truoc khi swap: 1669374767 1647790779 1543149119 1439974818 341078283 1257501506 1235183030 -1415499702 283107627 -791381892 -343181381 -1137913924
Phan tu lon nhat trong doan [5, 11]: 1257501506
Swap 341078283 va 1257501506
Mang sau khi swap: 1669374767 1647790779 1543149119 1439974818 1257501506 341078283 1235183030 -1415499702 283107627 -791381892 -343181381 -1137913924

i = 5
Mang truoc khi swap: 1669374767 1647790779 1543149119 1439974818 1257501506 341078283 1235183030 -1415499702 283107627 -791381892 -343181381 -1137913924
Phan tu lon nhat trong doan [6, 11]: 1235183030
Swap 341078283 va 1235183030
Mang sau khi swap: 1669374767 1647790779 1543149119 1439974818 1257501506 1235183030 341078283 -1415499702 283107627 -791381892 -343181381 -1137913924

i = 6
Mang truoc khi swap: 1669374767 1647790779 1543149119 1439974818 1257501506 1235183030 341078283 -1415499702 283107627 -791381892 -343181381 -1137913924
Phan tu lon nhat trong doan [7, 11]: 341078283
Swap 341078283 va 341078283
Mang sau khi swap: 1669374767 1647790779 1543149119 1439974818 1257501506 1235183030 341078283 -1415499702 283107627 -791381892 -343181381 -1137913924

i = 7
Mang truoc khi swap: 1669374767 1647790779 1543149119 1439974818 1257501506 1235183030 341078283 -1415499702 283107627 -791381892 -343181381 -1137913924
Phan tu lon nhat trong doan [8, 11]: 283107627
Swap -1415499702 va 283107627
Mang sau khi swap: 1669374767 1647790779 1543149119 1439974818 1257501506 1235183030 341078283 283107627 -1415499702 -791381892 -343181381 -1137913924

i = 8
Mang truoc khi swap: 1669374767 1647790779 1543149119 1439974818 1257501506 1235183030 341078283 283107627 -1415499702 -791381892 -343181381 -1137913924
Phan tu lon nhat trong doan [9, 11]: -343181381
Swap -1415499702 va -343181381
Mang sau khi swap: 1669374767 1647790779 1543149119 1439974818 1257501506 1235183030 341078283 283107627 -343181381 -791381892 -1415499702 -1137913924

i = 9
Mang truoc khi swap: 1669374767 1647790779 1543149119 1439974818 1257501506 1235183030 341078283 283107627 -343181381 -791381892 -1415499702 -1137913924
Phan tu lon nhat trong doan [10, 11]: -791381892
Swap -791381892 va -791381892
Mang sau khi swap: 1669374767 1647790779 1543149119 1439974818 1257501506 1235183030 341078283 283107627 -343181381 -791381892 -1415499702 -1137913924

i = 10
Mang truoc khi swap: 1669374767 1647790779 1543149119 1439974818 1257501506 1235183030 341078283 283107627 -343181381 -791381892 -1415499702 -1137913924
Phan tu lon nhat trong doan [11, 11]: -1137913924
Swap -1415499702 va -1137913924
Mang sau khi swap: 1669374767 1647790779 1543149119 1439974818 1257501506 1235183030 341078283 283107627 -343181381 -791381892 -1137913924 -1415499702

Mang sau khi sap xep:
1669374767 1647790779 1543149119 1439974818 1257501506 1235183030 341078283 283107627 -343181381 -791381892 -1137913924 -1415499702
