Mang truoc khi sap xep:
1223518638 -799679 -1161787879 -628055755 676518293 -528387453 638975911 -1828202038 1126228929 -547093317 436257691 727604663 -1573599408 -1718500461 -681758253 452263751 8620072 419688962 330118573 1682258191 1652515475 -1392542494 366135054 -716443744 -1977531365 279770734 1528320431 1316110700 778112984 -1504667269 946519662 -1834505603 -1751095234 1138691260 -58033686 -912492383 641203859 1925826070 -1847273439 -100415011 1539841812 182939339 -1347659672 -1170994671 1436288542 873895683 1586125811 -26212949 1679008245 1812140210 601413286 1248405496 916936993 -1514183938 425478831 -440461280 -1561379555 341795258

Sap xep:
i = 0
Mang truoc khi swap: 1223518638 -799679 -1161787879 -628055755 676518293 -528387453 638975911 -1828202038 1126228929 -547093317 436257691 727604663 -1573599408 -1718500461 -681758253 452263751 8620072 419688962 330118573 1682258191 1652515475 -1392542494 366135054 -716443744 -1977531365 279770734 1528320431 1316110700 778112984 -1504667269 946519662 -1834505603 -1751095234 1138691260 -58033686 -912492383 641203859 1925826070 -1847273439 -100415011 1539841812 182939339 -1347659672 -1170994671 1436288542 873895683 1586125811 -26212949 1679008245 1812140210 601413286 1248405496 916936993 -1514183938 425478831 -440461280 -1561379555 341795258
Phan tu lon nhat trong doan [1, 57]: 1925826070
Swap 1223518638 va 1925826070
Mang sau khi swap: 1925826070 -799679 -1161787879 -628055755 676518293 -528387453 638975911 -1828202038 1126228929 -547093317 436257691 727604663 -1573599408 -1718500461 -681758253 452263751 8620072 419688962 330118573 1682258191 1652515475 -1392542494 366135054 -716443744 -1977531365 279770734 1528320431 1316110700 778112984 -1504667269 946519662 -1834505603 -1751095234 1138691260 -58033686 -912492383 641203859 1223518638 -1847273439 -100415011 1539841812 182939339 -1347659672 -1170994671 1436288542 873895683 1586125811 -26212949 1679008245 1812140210 601413286 1248405496 916936993 -1514183938 425478831 -440461280 -1561379555 341795258

i = 1
Mang truoc khi swap: 1925826070 -799679 -1161787879 -628055755 676518293 -528387453 638975911 -1828202038 1126228929 -547093317 436257691 727604663 -1573599408 -1718500461 -681758253 452263751 8620072 419688962 330118573 1682258191 1652515475 -1392542494 366135054 -716443744 -1977531365 279770734 1528320431 1316110700 778112984 -1504667269 946519662 -1834505603 -1751095234 1138691260 -58033686 -912492383 641203859 1223518638 -1847273439 -100415011 1539841812 182939339 -1347659672 -1170994671 1436288542 873895683 1586125811 -26212949 1679008245 1812140210 601413286 1248405496 916936993 -1514183938 425478831 -440461280 -1561379555 341795258
Phan tu lon nhat trong doan [2, 57]: 1812140210
Swap -799679 va 1812140210
Mang sau khi swap: 1925826070 1812140210 -1161787879 -628055755 676518293 -528387453 638975911 -1828202038 1126228929 -547093317 436257691 727604663 -1573599408 -1718500461 -681758253 452263751 8620072 419688962 330118573 1682258191 1652515475 -1392542494 366135054 -716443744 -1977531365 279770734 1528320431 1316110700 778112984 -1504667269 946519662 -1834505603 -1751095234 1138691260 -58033686 -912492383 641203859 1223518638 -1847273439 -100415011 1539841812 182939339 -1347659672 -1170994671 1436288542 873895683 1586125811 -26212949 1679008245 -799679 601413286 1248405496 916936993 -1514183938 425478831 -440461280 -1561379555 341795258

i = 2
Mang truoc khi swap: 1925826070 1812140210 -1161787879 -628055755 676518293 -528387453 638975911 -1828202038 1126228929 -547093317 436257691 727604663 -1573599408 -1718500461 -681758253 452263751 8620072 419688962 330118573 1682258191 1652515475 -1392542494 366135054 -716443744 -1977531365 279770734 1528320431 1316110700 778112984 -1504667269 946519662 -1834505603 -1751095234 1138691260 -58033686 -912492383 641203859 1223518638 -1847273439 -100415011 1539841812 182939339 -1347659672 -1170994671 1436288542 873895683 1586125811 -26212949 1679008245 -799679 601413286 1248405496 916936993 -1514183938 425478831 -440461280 -1561379555 341795258
Phan tu lon nhat trong doan [3, 57]: 1682258191
Swap -1161787879 va 1682258191
Mang sau khi swap: 1925826070 1812140210 1682258191 -628055755 676518293 -528387453 638975911 -1828202038 1126228929 -547093317 436257691 727604663 -1573599408 -1718500461 -681758253 452263751 8620072 419688962 330118573 -1161787879 1652515475 -1392542494 366135054 -716443744 -1977531365 279770734 1528320431 1316110700 778112984 -1504667269 946519662 -1834505603 -1751095234 1138691260 -58033686 -912492383 641203859 1223518638 -1847273439 -100415011 1539841812 182939339 -1347659672 -1170994671 1436288542 873895683 1586125811 -26212949 1679008245 -799679 601413286 1248405496 916936993 -1514183938 425478831 -440461280 -1561379555 341795258

i = 3
Mang truoc khi swap: 1925826070 1812140210 1682258191 -628055755 676518293 -528387453 638975911 -1828202038 1126228929 -547093317 436257691 727604663 -1573599408 -1718500461 -681758253 452263751 8620072 419688962 330118573 -1161787879 1652515475 -1392542494 366135054 -716443744 -1977531365 279770734 1528320431 1316110700 778112984 -1504667269 946519662 -1834505603 -1751095234 1138691260 -58033686 -912492383 641203859 1223518638 -1847273439 -100415011 1539841812 182939339 -1347659672 -1170994671 1436288542 873895683 1586125811 -26212949 1679008245 -799679 601413286 1248405496 916936993 -1514183938 425478831 -440461280 -1561379555 341795258
Phan tu lon nhat trong doan [4, 57]: 1679008245
Swap -628055755 va 1679008245
Mang sau khi swap: 1925826070 1812140210 1682258191 1679008245 676518293 -528387453 638975911 -1828202038 1126228929 -547093317 436257691 727604663 -1573599408 -1718500461 -681758253 452263751 8620072 419688962 330118573 -1161787879 1652515475 -1392542494 366135054 -716443744 -1977531365 279770734 1528320431 1316110700 778112984 -1504667269 946519662 -1834505603 -1751095234 1138691260 -58033686 -912492383 641203859 1223518638 -1847273439 -100415011 1539841812 182939339 -1347659672 -1170994671 1436288542 873895683 1586125811 -26212949 -628055755 -799679 601413286 1248405496 916936993 -1514183938 425478831 -440461280 -1561379555 341795258

i = 4
Mang truoc khi swap: 1925826070 1812140210 1682258191 1679008245 676518293 -528387453 638975911 -1828202038 1126228929 -547093317 436257691 727604663 -1573599408 -1718500461 -681758253 452263751 8620072 419688962 330118573 -1161787879 1652515475 -1392542494 366135054 -716443744 -1977531365 279770734 1528320431 1316110700 778112984 -1504667269 946519662 -1834505603 -1751095234 1138691260 -58033686 -912492383 641203859 1223518638 -1847273439 -100415011 1539841812 182939339 -1347659672 -1170994671 1436288542 873895683 1586125811 -26212949 -628055755 -799679 601413286 1248405496 916936993 -1514183938 425478831 -440461280 -1561379555 341795258
Phan tu lon nhat trong doan [5, 57]: 1652515475
Swap 676518293 va 1652515475
Mang sau khi swap: 1925826070 1812140210 1682258191 1679008245 1652515475 -528387453 638975911 -1828202038 1126228929 -547093317 436257691 727604663 -1573599408 -1718500461 -681758253 452263751 8620072 419688962 330118573 -1161787879 676518293 -1392542494 366135054 -716443744 -1977531365 279770734 1528320431 1316110700 778112984 -1504667269 946519662 -1834505603 -1751095234 1138691260 -58033686 -912492383 641203859 1223518638 -1847273439 -100415011 1539841812 182939339 -1347659672 -1170994671 1436288542 873895683 1586125811 -26212949 -628055755 -799679 601413286 1248405496 916936993 -1514183938 425478831 -440461280 -1561379555 341795258

i = 5
Mang truoc khi swap: 1925826070 1812140210 1682258191 1679008245 1652515475 -528387453 638975911 -1828202038 1126228929 -547093317 436257691 727604663 -1573599408 -1718500461 -681758253 452263751 8620072 419688962 330118573 -1161787879 676518293 -1392542494 366135054 -716443744 -1977531365 279770734 1528320431 1316110700 778112984 -1504667269 946519662 -1834505603 -1751095234 1138691260 -58033686 -912492383 641203859 1223518638 -1847273439 -100415011 1539841812 182939339 -1347659672 -1170994671 1436288542 873895683 1586125811 -26212949 -628055755 -799679 601413286 1248405496 916936993 -1514183938 425478831 -440461280 -1561379555 341795258
Phan tu lon nhat trong doan [6, 57]: 1586125811
Swap -528387453 va 1586125811
Mang sau khi swap: 1925826070 1812140210 1682258191 1679008245 1652515475 1586125811 638975911 -1828202038 1126228929 -547093317 436257691 727604663 -1573599408 -1718500461 -681758253 452263751 8620072 419688962 330118573 -1161787879 676518293 -1392542494 366135054 -716443744 -1977531365 279770734 1528320431 1316110700 778112984 -1504667269 946519662 -1834505603 -1751095234 1138691260 -58033686 -912492383 641203859 1223518638 -1847273439 -100415011 1539841812 182939339 -1347659672 -1170994671 1436288542 873895683 -528387453 -26212949 -628055755 -799679 601413286 1248405496 916936993 -1514183938 425478831 -440461280 -1561379555 341795258

i = 6
Mang truoc khi swap: 1925826070 1812140210 1682258191 1679008245 1652515475 1586125811 638975911 -1828202038 1126228929 -547093317 436257691 727604663 -1573599408 -1718500461 -681758253 452263751 8620072 419688962 330118573 -1161787879 676518293 -1392542494 366135054 -716443744 -1977531365 279770734 1528320431 1316110700 778112984 -1504667269 946519662 -1834505603 -1751095234 1138691260 -58033686 -912492383 641203859 1223518638 -1847273439 -100415011 1539841812 182939339 -1347659672 -1170994671 1436288542 873895683 -528387453 -26212949 -628055755 -799679 601413286 1248405496 916936993 -1514183938 425478831 -440461280 -1561379555 341795258
Phan tu lon nhat trong doan [7, 57]: 1539841812
Swap 638975911 va 1539841812
Mang sau khi swap: 1925826070 1812140210 1682258191 1679008245 1652515475 1586125811 1539841812 -1828202038 1126228929 -547093317 436257691 727604663 -1573599408 -1718500461 -681758253 452263751 8620072 419688962 330118573 -1161787879 676518293 -1392542494 366135054 -716443744 -1977531365 279770734 1528320431 1316110700 778112984 -1504667269 946519662 -1834505603 -1751095234 1138691260 -58033686 -912492383 641203859 1223518638 -1847273439 -100415011 638975911 182939339 -1347659672 -1170994671 1436288542 873895683 -528387453 -26212949 -628055755 -799679 601413286 1248405496 916936993 -1514183938 425478831 -440461280 -1561379555 341795258

i = 7
Mang truoc khi swap: 1925826070 1812140210 1682258191 1679008245 1652515475 1586125811 1539841812 -1828202038 1126228929 -547093317 436257691 727604663 -1573599408 -1718500461 -681758253 452263751 8620072 419688962 330118573 -1161787879 676518293 -1392542494 366135054 -716443744 -1977531365 279770734 1528320431 1316110700 778112984 -1504667269 946519662 -1834505603 -1751095234 1138691260 -58033686 -912492383 641203859 1223518638 -1847273439 -100415011 638975911 182939339 -1347659672 -1170994671 1436288542 873895683 -528387453 -26212949 -628055755 -799679 601413286 1248405496 916936993 -1514183938 425478831 -440461280 -1561379555 341795258
Phan tu lon nhat trong doan [8, 57]: 1528320431
Swap -1828202038 va 1528320431
Mang sau khi swap: 1925826070 1812140210 1682258191 1679008245 1652515475 1586125811 1539841812 1528320431 1126228929 -547093317 436257691 727604663 -1573599408 -1718500461 -681758253 452263751 8620072 419688962 330118573 -1161787879 676518293 -1392542494 366135054 -716443744 -1977531365 279770734 -1828202038 1316110700 778112984 -1504667269 946519662 -1834505603 -1751095234 1138691260 -58033686 -912492383 641203859 1223518638 -1847273439 -100415011 638975911 182939339 -1347659672 -1170994671 1436288542 873895683 -528387453 -26212949 -628055755 -799679 601413286 1248405496 916936993 -1514183938 425478831 -440461280 -1561379555 341795258

i = 8
Mang truoc khi swap: 1925826070 1812140210 1682258191 1679008245 1652515475 1586125811 1539841812 1528320431 1126228929 -547093317 436257691 727604663 -1573599408 -1718500461 -681758253 452263751 8620072 419688962 330118573 -1161787879 676518293 -1392542494 366135054 -716443744 -1977531365 279770734 -1828202038 1316110700 778112984 -1504667269 946519662 -1834505603 -1751095234 1138691260 -58033686 -912492383 641203859 1223518638 -1847273439 -100415011 638975911 182939339 -1347659672 -1170994671 1436288542 873895683 -528387453 -26212949 -628055755 -799679 601413286 1248405496 916936993 -1514183938 425478831 -440461280 -1561379555 341795258
Phan tu lon nhat trong doan [9, 57]: 1436288542
Swap 1126228929 va 1436288542
Mang sau khi swap: 1925826070 1812140210 1682258191 1679008245 1652515475 1586125811 1539841812 1528320431 1436288542 -547093317 436257691 727604663 -1573599408 -1718500461 -681758253 452263751 8620072 419688962 330118573 -1161787879 676518293 -1392542494 366135054 -716443744 -1977531365 279770734 -1828202038 1316110700 778112984 -1504667269 946519662 -1834505603 -1751095234 1138691260 -58033686 -912492383 641203859 1223518638 -1847273439 -100415011 638975911 182939339 -1347659672 -1170994671 1126228929 873895683 -528387453 -26212949 -628055755 -799679 601413286 1248405496 916936993 -1514183938 425478831 -440461280 -1561379555 341795258

i = 9
Mang truoc khi swap: 1925826070 1812140210 1682258191 1679008245 1652515475 1586125811 1539841812 1528320431 1436288542 -547093317 436257691 727604663 -1573599408 -1718500461 -681758253 452263751 8620072 419688962 330118573 -1161787879 676518293 -1392542494 366135054 -716443744 -1977531365 279770734 -1828202038 1316110700 778112984 -1504667269 946519662 -1834505603 -1751095234 1138691260 -58033686 -912492383 641203859 1223518638 -1847273439 -100415011 638975911 182939339 -1347659672 -1170994671 1126228929 873895683 -528387453 -26212949 -628055755 -799679 601413286 1248405496 916936993 -1514183938 425478831 -440461280 -1561379555 341795258
Phan tu lon nhat trong doan [10, 57]: 1316110700
Swap -547093317 va 1316110700
Mang sau khi swap: 1925826070 1812140210 1682258191 1679008245 1652515475 1586125811 1539841812 1528320431 1436288542 1316110700 436257691 727604663 -1573599408 -1718500461 -681758253 452263751 8620072 419688962 330118573 -1161787879 676518293 -1392542494 366135054 -716443744 -1977531365 279770734 -1828202038 -547093317 778112984 -1504667269 946519662 -1834505603 -1751095234 1138691260 -58033686 -912492383 641203859 1223518638 -1847273439 -100415011 638975911 182939339 -1347659672 -1170994671 1126228929 873895683 -528387453 -26212949 -628055755 -799679 601413286 1248405496 916936993 -1514183938 425478831 -440461280 -1561379555 341795258

i = 10
Mang truoc khi swap: 1925826070 1812140210 1682258191 1679008245 1652515475 1586125811 1539841812 1528320431 1436288542 1316110700 436257691 727604663 -1573599408 -1718500461 -681758253 452263751 8620072 419688962 330118573 -1161787879 676518293 -1392542494 366135054 -716443744 -1977531365 279770734 -1828202038 -547093317 778112984 -1504667269 946519662 -1834505603 -1751095234 1138691260 -58033686 -912492383 641203859 1223518638 -1847273439 -100415011 638975911 182939339 -1347659672 -1170994671 1126228929 873895683 -528387453 -26212949 -628055755 -799679 601413286 1248405496 916936993 -1514183938 425478831 -440461280 -1561379555 341795258
Phan tu lon nhat trong doan [11, 57]: 1248405496
Swap 436257691 va 1248405496
Mang sau khi swap: 1925826070 1812140210 1682258191 1679008245 1652515475 1586125811 1539841812 1528320431 1436288542 1316110700 1248405496 727604663 -1573599408 -1718500461 -681758253 452263751 8620072 419688962 330118573 -1161787879 676518293 -1392542494 366135054 -716443744 -1977531365 279770734 -1828202038 -547093317 778112984 -1504667269 946519662 -1834505603 -1751095234 1138691260 -58033686 -912492383 641203859 1223518638 -1847273439 -100415011 638975911 182939339 -1347659672 -1170994671 1126228929 873895683 -528387453 -26212949 -628055755 -799679 601413286 436257691 916936993 -1514183938 425478831 -440461280 -1561379555 341795258

i = 11
Mang truoc khi swap: 1925826070 1812140210 1682258191 1679008245 1652515475 1586125811 1539841812 1528320431 1436288542 1316110700 1248405496 727604663 -1573599408 -1718500461 -681758253 452263751 8620072 419688962 330118573 -1161787879 676518293 -1392542494 366135054 -716443744 -1977531365 279770734 -1828202038 -547093317 778112984 -1504667269 946519662 -1834505603 -1751095234 1138691260 -58033686 -912492383 641203859 1223518638 -1847273439 -100415011 638975911 182939339 -1347659672 -1170994671 1126228929 873895683 -528387453 -26212949 -628055755 -799679 601413286 436257691 916936993 -1514183938 425478831 -440461280 -1561379555 341795258
Phan tu lon nhat trong doan [12, 57]: 1223518638
Swap 727604663 va 1223518638
Mang sau khi swap: 1925826070 1812140210 1682258191 1679008245 1652515475 1586125811 1539841812 1528320431 1436288542 1316110700 1248405496 1223518638 -1573599408 -1718500461 -681758253 452263751 8620072 419688962 330118573 -1161787879 676518293 -1392542494 366135054 -716443744 -1977531365 279770734 -1828202038 -547093317 778112984 -1504667269 946519662 -1834505603 -1751095234 1138691260 -58033686 -912492383 641203859 727604663 -1847273439 -100415011 638975911 182939339 -1347659672 -1170994671 1126228929 873895683 -528387453 -26212949 -628055755 -799679 601413286 436257691 916936993 -1514183938 425478831 -440461280 -1561379555 341795258

i = 12
Mang truoc khi swap: 1925826070 1812140210 1682258191 1679008245 1652515475 1586125811 1539841812 1528320431 1436288542 1316110700 1248405496 1223518638 -1573599408 -1718500461 -681758253 452263751 8620072 419688962 330118573 -1161787879 676518293 -1392542494 366135054 -716443744 -1977531365 279770734 -1828202038 -547093317 778112984 -1504667269 946519662 -1834505603 -1751095234 1138691260 -58033686 -912492383 641203859 727604663 -1847273439 -100415011 638975911 182939339 -1347659672 -1170994671 1126228929 873895683 -528387453 -26212949 -628055755 -799679 601413286 436257691 916936993 -1514183938 425478831 -440461280 -1561379555 341795258
Phan tu lon nhat trong doan [13, 57]: 1138691260
Swap -1573599408 va 1138691260
Mang sau khi swap: 1925826070 1812140210 1682258191 1679008245 1652515475 1586125811 1539841812 1528320431 1436288542 1316110700 1248405496 1223518638 1138691260 -1718500461 -681758253 452263751 8620072 419688962 330118573 -1161787879 676518293 -1392542494 366135054 -716443744 -1977531365 279770734 -1828202038 -547093317 778112984 -1504667269 946519662 -1834505603 -1751095234 -1573599408 -58033686 -912492383 641203859 727604663 -1847273439 -100415011 638975911 182939339 -1347659672 -1170994671 1126228929 873895683 -528387453 -26212949 -628055755 -799679 601413286 436257691 916936993 -1514183938 425478831 -440461280 -1561379555 341795258

i = 13
Mang truoc khi swap: 1925826070 1812140210 1682258191 1679008245 1652515475 1586125811 1539841812 1528320431 1436288542 1316110700 1248405496 1223518638 1138691260 -1718500461 -681758253 452263751 8620072 419688962 330118573 -1161787879 676518293 -1392542494 366135054 -716443744 -1977531365 279770734 -1828202038 -547093317 778112984 -1504667269 946519662 -1834505603 -1751095234 -1573599408 -58033686 -912492383 641203859 727604663 -1847273439 -100415011 638975911 182939339 -1347659672 -1170994671 1126228929 873895683 -528387453 -26212949 -628055755 -799679 601413286 436257691 916936993 -1514183938 425478831 -440461280 -1561379555 341795258
Phan tu lon nhat trong doan [14, 57]: 1126228929
Swap -1718500461 va 1126228929
Mang sau khi swap: 1925826070 1812140210 1682258191 1679008245 1652515475 1586125811 1539841812 1528320431 1436288542 1316110700 1248405496 1223518638 1138691260 1126228929 -681758253 452263751 8620072 419688962 330118573 -1161787879 676518293 -1392542494 366135054 -716443744 -1977531365 279770734 -1828202038 -547093317 778112984 -1504667269 946519662 -1834505603 -1751095234 -1573599408 -58033686 -912492383 641203859 727604663 -1847273439 -100415011 638975911 182939339 -1347659672 -1170994671 -1718500461 873895683 -528387453 -26212949 -628055755 -799679 601413286 436257691 916936993 -1514183938 425478831 -440461280 -1561379555 341795258

i = 14
Mang truoc khi swap: 1925826070 1812140210 1682258191 1679008245 1652515475 1586125811 1539841812 1528320431 1436288542 1316110700 1248405496 1223518638 1138691260 1126228929 -681758253 452263751 8620072 419688962 330118573 -1161787879 676518293 -1392542494 366135054 -716443744 -1977531365 279770734 -1828202038 -547093317 778112984 -1504667269 946519662 -1834505603 -1751095234 -1573599408 -58033686 -912492383 641203859 727604663 -1847273439 -100415011 638975911 182939339 -1347659672 -1170994671 -1718500461 873895683 -528387453 -26212949 -628055755 -799679 601413286 436257691 916936993 -1514183938 425478831 -440461280 -1561379555 341795258
Phan tu lon nhat trong doan [15, 57]: 946519662
Swap -681758253 va 946519662
Mang sau khi swap: 1925826070 1812140210 1682258191 1679008245 1652515475 1586125811 1539841812 1528320431 1436288542 1316110700 1248405496 1223518638 1138691260 1126228929 946519662 452263751 8620072 419688962 330118573 -1161787879 676518293 -1392542494 366135054 -716443744 -1977531365 279770734 -1828202038 -547093317 778112984 -1504667269 -681758253 -1834505603 -1751095234 -1573599408 -58033686 -912492383 641203859 727604663 -1847273439 -100415011 638975911 182939339 -1347659672 -1170994671 -1718500461 873895683 -528387453 -26212949 -628055755 -799679 601413286 436257691 916936993 -1514183938 425478831 -440461280 -1561379555 341795258

i = 15
Mang truoc khi swap: 1925826070 1812140210 1682258191 1679008245 1652515475 1586125811 1539841812 1528320431 1436288542 1316110700 1248405496 1223518638 1138691260 1126228929 946519662 452263751 8620072 419688962 330118573 -1161787879 676518293 -1392542494 366135054 -716443744 -1977531365 279770734 -1828202038 -547093317 778112984 -1504667269 -681758253 -1834505603 -1751095234 -1573599408 -58033686 -912492383 641203859 727604663 -1847273439 -100415011 638975911 182939339 -1347659672 -1170994671 -1718500461 873895683 -528387453 -26212949 -628055755 -799679 601413286 436257691 916936993 -1514183938 425478831 -440461280 -1561379555 341795258
Phan tu lon nhat trong doan [16, 57]: 916936993
Swap 452263751 va 916936993
Mang sau khi swap: 1925826070 1812140210 1682258191 1679008245 1652515475 1586125811 1539841812 1528320431 1436288542 1316110700 1248405496 1223518638 1138691260 1126228929 946519662 916936993 8620072 419688962 330118573 -1161787879 676518293 -1392542494 366135054 -716443744 -1977531365 279770734 -1828202038 -547093317 778112984 -1504667269 -681758253 -1834505603 -1751095234 -1573599408 -58033686 -912492383 641203859 727604663 -1847273439 -100415011 638975911 182939339 -1347659672 -1170994671 -1718500461 873895683 -528387453 -26212949 -628055755 -799679 601413286 436257691 452263751 -1514183938 425478831 -440461280 -1561379555 341795258

i = 16
Mang truoc khi swap: 1925826070 1812140210 1682258191 1679008245 1652515475 1586125811 1539841812 1528320431 1436288542 1316110700 1248405496 1223518638 1138691260 1126228929 946519662 916936993 8620072 419688962 330118573 -1161787879 676518293 -1392542494 366135054 -716443744 -1977531365 279770734 -1828202038 -547093317 778112984 -1504667269 -681758253 -1834505603 -1751095234 -1573599408 -58033686 -912492383 641203859 727604663 -1847273439 -100415011 638975911 182939339 -1347659672 -1170994671 -1718500461 873895683 -528387453 -26212949 -628055755 -799679 601413286 436257691 452263751 -1514183938 425478831 -440461280 -1561379555 341795258
Phan tu lon nhat trong doan [17, 57]: 873895683
Swap 8620072 va 873895683
Mang sau khi swap: 1925826070 1812140210 1682258191 1679008245 1652515475 1586125811 1539841812 1528320431 1436288542 1316110700 1248405496 1223518638 1138691260 1126228929 946519662 916936993 873895683 419688962 330118573 -1161787879 676518293 -1392542494 366135054 -716443744 -1977531365 279770734 -1828202038 -547093317 778112984 -1504667269 -681758253 -1834505603 -1751095234 -1573599408 -58033686 -912492383 641203859 727604663 -1847273439 -100415011 638975911 182939339 -1347659672 -1170994671 -1718500461 8620072 -528387453 -26212949 -628055755 -799679 601413286 436257691 452263751 -1514183938 425478831 -440461280 -1561379555 341795258

i = 17
Mang truoc khi swap: 1925826070 1812140210 1682258191 1679008245 1652515475 1586125811 1539841812 1528320431 1436288542 1316110700 1248405496 1223518638 1138691260 1126228929 946519662 916936993 873895683 419688962 330118573 -1161787879 676518293 -1392542494 366135054 -716443744 -1977531365 279770734 -1828202038 -547093317 778112984 -1504667269 -681758253 -1834505603 -1751095234 -1573599408 -58033686 -912492383 641203859 727604663 -1847273439 -100415011 638975911 182939339 -1347659672 -1170994671 -1718500461 8620072 -528387453 -26212949 -628055755 -799679 601413286 436257691 452263751 -1514183938 425478831 -440461280 -1561379555 341795258
Phan tu lon nhat trong doan [18, 57]: 778112984
Swap 419688962 va 778112984
Mang sau khi swap: 1925826070 1812140210 1682258191 1679008245 1652515475 1586125811 1539841812 1528320431 1436288542 1316110700 1248405496 1223518638 1138691260 1126228929 946519662 916936993 873895683 778112984 330118573 -1161787879 676518293 -1392542494 366135054 -716443744 -1977531365 279770734 -1828202038 -547093317 419688962 -1504667269 -681758253 -1834505603 -1751095234 -1573599408 -58033686 -912492383 641203859 727604663 -1847273439 -100415011 638975911 182939339 -1347659672 -1170994671 -1718500461 8620072 -528387453 -26212949 -628055755 -799679 601413286 436257691 452263751 -1514183938 425478831 -440461280 -1561379555 341795258

i = 18
Mang truoc khi swap: 1925826070 1812140210 1682258191 1679008245 1652515475 1586125811 1539841812 1528320431 1436288542 1316110700 1248405496 1223518638 1138691260 1126228929 946519662 916936993 873895683 778112984 330118573 -1161787879 676518293 -1392542494 366135054 -716443744 -1977531365 279770734 -1828202038 -547093317 419688962 -1504667269 -681758253 -1834505603 -1751095234 -1573599408 -58033686 -912492383 641203859 727604663 -1847273439 -100415011 638975911 182939339 -1347659672 -1170994671 -1718500461 8620072 -528387453 -26212949 -628055755 -799679 601413286 436257691 452263751 -1514183938 425478831 -440461280 -1561379555 341795258
Phan tu lon nhat trong doan [19, 57]: 727604663
Swap 330118573 va 727604663
Mang sau khi swap: 1925826070 1812140210 1682258191 1679008245 1652515475 1586125811 1539841812 1528320431 1436288542 1316110700 1248405496 1223518638 1138691260 1126228929 946519662 916936993 873895683 778112984 727604663 -1161787879 676518293 -1392542494 366135054 -716443744 -1977531365 279770734 -1828202038 -547093317 419688962 -1504667269 -681758253 -1834505603 -1751095234 -1573599408 -58033686 -912492383 641203859 330118573 -1847273439 -100415011 638975911 182939339 -1347659672 -1170994671 -1718500461 8620072 -528387453 -26212949 -628055755 -799679 601413286 436257691 452263751 -1514183938 425478831 -440461280 -1561379555 341795258

i = 19
Mang truoc khi swap: 1925826070 1812140210 1682258191 1679008245 1652515475 1586125811 1539841812 1528320431 1436288542 1316110700 1248405496 1223518638 1138691260 1126228929 946519662 916936993 873895683 778112984 727604663 -1161787879 676518293 -1392542494 366135054 -716443744 -1977531365 279770734 -1828202038 -547093317 419688962 -1504667269 -681758253 -1834505603 -1751095234 -1573599408 -58033686 -912492383 641203859 330118573 -1847273439 -100415011 638975911 182939339 -1347659672 -1170994671 -1718500461 8620072 -528387453 -26212949 -628055755 -799679 601413286 436257691 452263751 -1514183938 425478831 -440461280 -1561379555 341795258
Phan tu lon nhat trong doan [20, 57]: 676518293
Swap -1161787879 va 676518293
Mang sau khi swap: 1925826070 1812140210 1682258191 1679008245 1652515475 1586125811 1539841812 1528320431 1436288542 1316110700 1248405496 1223518638 1138691260 1126228929 946519662 916936993 873895683 778112984 727604663 676518293 -1161787879 -1392542494 366135054 -716443744 -1977531365 279770734 -1828202038 -547093317 419688962 -1504667269 -681758253 -1834505603 -1751095234 -1573599408 -58033686 -912492383 641203859 330118573 -1847273439 -100415011 638975911 182939339 -1347659672 -1170994671 -1718500461 8620072 -528387453 -26212949 -628055755 -799679 601413286 436257691 452263751 -1514183938 425478831 -440461280 -1561379555 341795258

i = 20
Mang truoc khi swap: 1925826070 1812140210 1682258191 1679008245 1652515475 1586125811 1539841812 1528320431 1436288542 1316110700 1248405496 1223518638 1138691260 1126228929 946519662 916936993 873895683 778112984 727604663 676518293 -1161787879 -1392542494 366135054 -716443744 -1977531365 279770734 -1828202038 -547093317 419688962 -1504667269 -681758253 -1834505603 -1751095234 -1573599408 -58033686 -912492383 641203859 330118573 -1847273439 -100415011 638975911 182939339 -1347659672 -1170994671 -1718500461 8620072 -528387453 -26212949 -628055755 -799679 601413286 436257691 452263751 -1514183938 425478831 -440461280 -1561379555 341795258
Phan tu lon nhat trong doan [21, 57]: 641203859
Swap -1161787879 va 641203859
Mang sau khi swap: 1925826070 1812140210 1682258191 1679008245 1652515475 1586125811 1539841812 1528320431 1436288542 1316110700 1248405496 1223518638 1138691260 1126228929 946519662 916936993 873895683 778112984 727604663 676518293 641203859 -1392542494 366135054 -716443744 -1977531365 279770734 -1828202038 -547093317 419688962 -1504667269 -681758253 -1834505603 -1751095234 -1573599408 -58033686 -912492383 -1161787879 330118573 -1847273439 -100415011 638975911 182939339 -1347659672 -1170994671 -1718500461 8620072 -528387453 -26212949 -628055755 -799679 601413286 436257691 452263751 -1514183938 425478831 -440461280 -1561379555 341795258

i = 21
Mang truoc khi swap: 1925826070 1812140210 1682258191 1679008245 1652515475 1586125811 1539841812 1528320431 1436288542 1316110700 1248405496 1223518638 1138691260 1126228929 946519662 916936993 873895683 778112984 727604663 676518293 641203859 -1392542494 366135054 -716443744 -1977531365 279770734 -1828202038 -547093317 419688962 -1504667269 -681758253 -1834505603 -1751095234 -1573599408 -58033686 -912492383 -1161787879 330118573 -1847273439 -100415011 638975911 182939339 -1347659672 -1170994671 -1718500461 8620072 -528387453 -26212949 -628055755 -799679 601413286 436257691 452263751 -1514183938 425478831 -440461280 -1561379555 341795258
Phan tu lon nhat trong doan [22, 57]: 638975911
Swap -1392542494 va 638975911
Mang sau khi swap: 1925826070 1812140210 1682258191 1679008245 1652515475 1586125811 1539841812 1528320431 1436288542 1316110700 1248405496 1223518638 1138691260 1126228929 946519662 916936993 873895683 778112984 727604663 676518293 641203859 638975911 366135054 -716443744 -1977531365 279770734 -1828202038 -547093317 419688962 -1504667269 -681758253 -1834505603 -1751095234 -1573599408 -58033686 -912492383 -1161787879 330118573 -1847273439 -100415011 -1392542494 182939339 -1347659672 -1170994671 -1718500461 8620072 -528387453 -26212949 -628055755 -799679 601413286 436257691 452263751 -1514183938 425478831 -440461280 -1561379555 341795258

i = 22
Mang truoc khi swap: 1925826070 1812140210 1682258191 1679008245 1652515475 1586125811 1539841812 1528320431 1436288542 1316110700 1248405496 1223518638 1138691260 1126228929 946519662 916936993 873895683 778112984 727604663 676518293 641203859 638975911 366135054 -716443744 -1977531365 279770734 -1828202038 -547093317 419688962 -1504667269 -681758253 -1834505603 -1751095234 -1573599408 -58033686 -912492383 -1161787879 330118573 -1847273439 -100415011 -1392542494 182939339 -1347659672 -1170994671 -1718500461 8620072 -528387453 -26212949 -628055755 -799679 601413286 436257691 452263751 -1514183938 425478831 -440461280 -1561379555 341795258
Phan tu lon nhat trong doan [23, 57]: 601413286
Swap 366135054 va 601413286
Mang sau khi swap: 1925826070 1812140210 1682258191 1679008245 1652515475 1586125811 1539841812 1528320431 1436288542 1316110700 1248405496 1223518638 1138691260 1126228929 946519662 916936993 873895683 778112984 727604663 676518293 641203859 638975911 601413286 -716443744 -1977531365 279770734 -1828202038 -547093317 419688962 -1504667269 -681758253 -1834505603 -1751095234 -1573599408 -58033686 -912492383 -1161787879 330118573 -1847273439 -100415011 -1392542494 182939339 -1347659672 -1170994671 -1718500461 8620072 -528387453 -26212949 -628055755 -799679 366135054 436257691 452263751 -1514183938 425478831 -440461280 -1561379555 341795258

i = 23
Mang truoc khi swap: 1925826070 1812140210 1682258191 1679008245 1652515475 1586125811 1539841812 1528320431 1436288542 1316110700 1248405496 1223518638 1138691260 1126228929 946519662 916936993 873895683 778112984 727604663 676518293 641203859 638975911 601413286 -716443744 -1977531365 279770734 -1828202038 -547093317 419688962 -1504667269 -681758253 -1834505603 -1751095234 -1573599408 -58033686 -912492383 -1161787879 330118573 -1847273439 -100415011 -1392542494 182939339 -1347659672 -1170994671 -1718500461 8620072 -528387453 -26212949 -628055755 -799679 366135054 436257691 452263751 -1514183938 425478831 -440461280 -1561379555 341795258
Phan tu lon nhat trong doan [24, 57]: 452263751
Swap -716443744 va 452263751
Mang sau khi swap: 1925826070 1812140210 1682258191 1679008245 1652515475 1586125811 1539841812 1528320431 1436288542 1316110700 1248405496 1223518638 1138691260 1126228929 946519662 916936993 873895683 778112984 727604663 676518293 641203859 638975911 601413286 452263751 -1977531365 279770734 -1828202038 -547093317 419688962 -1504667269 -681758253 -1834505603 -1751095234 -1573599408 -58033686 -912492383 -1161787879 330118573 -1847273439 -100415011 -1392542494 182939339 -1347659672 -1170994671 -1718500461 8620072 -528387453 -26212949 -628055755 -799679 366135054 436257691 -716443744 -1514183938 425478831 -440461280 -1561379555 341795258

i = 24
Mang truoc khi swap: 1925826070 1812140210 1682258191 1679008245 1652515475 1586125811 1539841812 1528320431 1436288542 1316110700 1248405496 1223518638 1138691260 1126228929 946519662 916936993 873895683 778112984 727604663 676518293 641203859 638975911 601413286 452263751 -1977531365 279770734 -1828202038 -547093317 419688962 -1504667269 -681758253 -1834505603 -1751095234 -1573599408 -58033686 -912492383 -1161787879 330118573 -1847273439 -100415011 -1392542494 182939339 -1347659672 -1170994671 -1718500461 8620072 -528387453 -26212949 -628055755 -799679 366135054 436257691 -716443744 -1514183938 425478831 -440461280 -1561379555 341795258
Phan tu lon nhat trong doan [25, 57]: 436257691
Swap -1977531365 va 436257691
Mang sau khi swap: 1925826070 1812140210 1682258191 1679008245 1652515475 1586125811 1539841812 1528320431 1436288542 1316110700 1248405496 1223518638 1138691260 1126228929 946519662 916936993 873895683 778112984 727604663 676518293 641203859 638975911 601413286 452263751 436257691 279770734 -1828202038 -547093317 419688962 -1504667269 -681758253 -1834505603 -1751095234 -1573599408 -58033686 -912492383 -1161787879 330118573 -1847273439 -100415011 -1392542494 182939339 -1347659672 -1170994671 -1718500461 8620072 -528387453 -26212949 -628055755 -799679 366135054 -1977531365 -716443744 -1514183938 425478831 -440461280 -1561379555 341795258

i = 25
Mang truoc khi swap: 1925826070 1812140210 1682258191 1679008245 1652515475 1586125811 1539841812 1528320431 1436288542 1316110700 1248405496 1223518638 1138691260 1126228929 946519662 916936993 873895683 778112984 727604663 676518293 641203859 638975911 601413286 452263751 436257691 279770734 -1828202038 -547093317 419688962 -1504667269 -681758253 -1834505603 -1751095234 -1573599408 -58033686 -912492383 -1161787879 330118573 -1847273439 -100415011 -1392542494 182939339 -1347659672 -1170994671 -1718500461 8620072 -528387453 -26212949 -628055755 -799679 366135054 -1977531365 -716443744 -1514183938 425478831 -440461280 -1561379555 341795258
Phan tu lon nhat trong doan [26, 57]: 425478831
Swap 279770734 va 425478831
Mang sau khi swap: 1925826070 1812140210 1682258191 1679008245 1652515475 1586125811 1539841812 1528320431 1436288542 1316110700 1248405496 1223518638 1138691260 1126228929 946519662 916936993 873895683 778112984 727604663 676518293 641203859 638975911 601413286 452263751 436257691 425478831 -1828202038 -547093317 419688962 -1504667269 -681758253 -1834505603 -1751095234 -1573599408 -58033686 -912492383 -1161787879 330118573 -1847273439 -100415011 -1392542494 182939339 -1347659672 -1170994671 -1718500461 8620072 -528387453 -26212949 -628055755 -799679 366135054 -1977531365 -716443744 -1514183938 279770734 -440461280 -1561379555 341795258

i = 26
Mang truoc khi swap: 1925826070 1812140210 1682258191 1679008245 1652515475 1586125811 1539841812 1528320431 1436288542 1316110700 1248405496 1223518638 1138691260 1126228929 946519662 916936993 873895683 778112984 727604663 676518293 641203859 638975911 601413286 452263751 436257691 425478831 -1828202038 -547093317 419688962 -1504667269 -681758253 -1834505603 -1751095234 -1573599408 -58033686 -912492383 -1161787879 330118573 -1847273439 -100415011 -1392542494 182939339 -1347659672 -1170994671 -1718500461 8620072 -528387453 -26212949 -628055755 -799679 366135054 -1977531365 -716443744 -1514183938 279770734 -440461280 -1561379555 341795258
Phan tu lon nhat trong doan [27, 57]: 419688962
Swap -1828202038 va 419688962
Mang sau khi swap: 1925826070 1812140210 1682258191 1679008245 1652515475 1586125811 1539841812 1528320431 1436288542 1316110700 1248405496 1223518638 1138691260 1126228929 946519662 916936993 873895683 778112984 727604663 676518293 641203859 638975911 601413286 452263751 436257691 425478831 419688962 -547093317 -1828202038 -1504667269 -681758253 -1834505603 -1751095234 -1573599408 -58033686 -912492383 -1161787879 330118573 -1847273439 -100415011 -1392542494 182939339 -1347659672 -1170994671 -1718500461 8620072 -528387453 -26212949 -628055755 -799679 366135054 -1977531365 -716443744 -1514183938 279770734 -440461280 -1561379555 341795258

i = 27
Mang truoc khi swap: 1925826070 1812140210 1682258191 1679008245 1652515475 1586125811 1539841812 1528320431 1436288542 1316110700 1248405496 1223518638 1138691260 1126228929 946519662 916936993 873895683 778112984 727604663 676518293 641203859 638975911 601413286 452263751 436257691 425478831 419688962 -547093317 -1828202038 -1504667269 -681758253 -1834505603 -1751095234 -1573599408 -58033686 -912492383 -1161787879 330118573 -1847273439 -100415011 -1392542494 182939339 -1347659672 -1170994671 -1718500461 8620072 -528387453 -26212949 -628055755 -799679 366135054 -1977531365 -716443744 -1514183938 279770734 -440461280 -1561379555 341795258
Phan tu lon nhat trong doan [28, 57]: 366135054
Swap -547093317 va 366135054
Mang sau khi swap: 1925826070 1812140210 1682258191 1679008245 1652515475 1586125811 1539841812 1528320431 1436288542 1316110700 1248405496 1223518638 1138691260 1126228929 946519662 916936993 873895683 778112984 727604663 676518293 641203859 638975911 601413286 452263751 436257691 425478831 419688962 366135054 -1828202038 -1504667269 -681758253 -1834505603 -1751095234 -1573599408 -58033686 -912492383 -1161787879 330118573 -1847273439 -100415011 -1392542494 182939339 -1347659672 -1170994671 -1718500461 8620072 -528387453 -26212949 -628055755 -799679 -547093317 -1977531365 -716443744 -1514183938 279770734 -440461280 -1561379555 341795258

i = 28
Mang truoc khi swap: 1925826070 1812140210 1682258191 1679008245 1652515475 1586125811 1539841812 1528320431 1436288542 1316110700 1248405496 1223518638 1138691260 1126228929 946519662 916936993 873895683 778112984 727604663 676518293 641203859 638975911 601413286 452263751 436257691 425478831 419688962 366135054 -1828202038 -1504667269 -681758253 -1834505603 -1751095234 -1573599408 -58033686 -912492383 -1161787879 330118573 -1847273439 -100415011 -1392542494 182939339 -1347659672 -1170994671 -1718500461 8620072 -528387453 -26212949 -628055755 -799679 -547093317 -1977531365 -716443744 -1514183938 279770734 -440461280 -1561379555 341795258
Phan tu lon nhat trong doan [29, 57]: 341795258
Swap -1828202038 va 341795258
Mang sau khi swap: 1925826070 1812140210 1682258191 1679008245 1652515475 1586125811 1539841812 1528320431 1436288542 1316110700 1248405496 1223518638 1138691260 1126228929 946519662 916936993 873895683 778112984 727604663 676518293 641203859 638975911 601413286 452263751 436257691 425478831 419688962 366135054 341795258 -1504667269 -681758253 -1834505603 -1751095234 -1573599408 -58033686 -912492383 -1161787879 330118573 -1847273439 -100415011 -1392542494 182939339 -1347659672 -1170994671 -1718500461 8620072 -528387453 -26212949 -628055755 -799679 -547093317 -1977531365 -716443744 -1514183938 279770734 -440461280 -1561379555 -1828202038

i = 29
Mang truoc khi swap: 1925826070 1812140210 1682258191 1679008245 1652515475 1586125811 1539841812 1528320431 1436288542 1316110700 1248405496 1223518638 1138691260 1126228929 946519662 916936993 873895683 778112984 727604663 676518293 641203859 638975911 601413286 452263751 436257691 425478831 419688962 366135054 341795258 -1504667269 -681758253 -1834505603 -1751095234 -1573599408 -58033686 -912492383 -1161787879 330118573 -1847273439 -100415011 -1392542494 182939339 -1347659672 -1170994671 -1718500461 8620072 -528387453 -26212949 -628055755 -799679 -547093317 -1977531365 -716443744 -1514183938 279770734 -440461280 -1561379555 -1828202038
Phan tu lon nhat trong doan [30, 57]: 330118573
Swap -1504667269 va 330118573
Mang sau khi swap: 1925826070 1812140210 1682258191 1679008245 1652515475 1586125811 1539841812 1528320431 1436288542 1316110700 1248405496 1223518638 1138691260 1126228929 946519662 916936993 873895683 778112984 727604663 676518293 641203859 638975911 601413286 452263751 436257691 425478831 419688962 366135054 341795258 330118573 -681758253 -1834505603 -1751095234 -1573599408 -58033686 -912492383 -1161787879 -1504667269 -1847273439 -100415011 -1392542494 182939339 -1347659672 -1170994671 -1718500461 8620072 -528387453 -26212949 -628055755 -799679 -547093317 -1977531365 -716443744 -1514183938 279770734 -440461280 -1561379555 -1828202038

i = 30
Mang truoc khi swap: 1925826070 1812140210 1682258191 1679008245 1652515475 1586125811 1539841812 1528320431 1436288542 1316110700 1248405496 1223518638 1138691260 1126228929 946519662 916936993 873895683 778112984 727604663 676518293 641203859 638975911 601413286 452263751 436257691 425478831 419688962 366135054 341795258 330118573 -681758253 -1834505603 -1751095234 -1573599408 -58033686 -912492383 -1161787879 -1504667269 -1847273439 -100415011 -1392542494 182939339 -1347659672 -1170994671 -1718500461 8620072 -528387453 -26212949 -628055755 -799679 -547093317 -1977531365 -716443744 -1514183938 279770734 -440461280 -1561379555 -1828202038
Phan tu lon nhat trong doan [31, 57]: 279770734
Swap -681758253 va 279770734
Mang sau khi swap: 1925826070 1812140210 1682258191 1679008245 1652515475 1586125811 1539841812 1528320431 1436288542 1316110700 1248405496 1223518638 1138691260 1126228929 946519662 916936993 873895683 778112984 727604663 676518293 641203859 638975911 601413286 452263751 436257691 425478831 419688962 366135054 341795258 330118573 279770734 -1834505603 -1751095234 -1573599408 -58033686 -912492383 -1161787879 -1504667269 -1847273439 -100415011 -1392542494 182939339 -1347659672 -1170994671 -1718500461 8620072 -528387453 -26212949 -628055755 -799679 -547093317 -1977531365 -716443744 -1514183938 -681758253 -440461280 -1561379555 -1828202038

i = 31
Mang truoc khi swap: 1925826070 1812140210 1682258191 1679008245 1652515475 1586125811 1539841812 1528320431 1436288542 1316110700 1248405496 1223518638 1138691260 1126228929 946519662 916936993 873895683 778112984 727604663 676518293 641203859 638975911 601413286 452263751 436257691 425478831 419688962 366135054 341795258 330118573 279770734 -1834505603 -1751095234 -1573599408 -58033686 -912492383 -1161787879 -1504667269 -1847273439 -100415011 -1392542494 182939339 -1347659672 -1170994671 -1718500461 8620072 -528387453 -26212949 -628055755 -799679 -547093317 -1977531365 -716443744 -1514183938 -681758253 -440461280 -1561379555 -1828202038
Phan tu lon nhat trong doan [32, 57]: 182939339
Swap -1834505603 va 182939339
Mang sau khi swap: 1925826070 1812140210 1682258191 1679008245 1652515475 1586125811 1539841812 1528320431 1436288542 1316110700 1248405496 1223518638 1138691260 1126228929 946519662 916936993 873895683 778112984 727604663 676518293 641203859 638975911 601413286 452263751 436257691 425478831 419688962 366135054 341795258 330118573 279770734 182939339 -1751095234 -1573599408 -58033686 -912492383 -1161787879 -1504667269 -1847273439 -100415011 -1392542494 -1834505603 -1347659672 -1170994671 -1718500461 8620072 -528387453 -26212949 -628055755 -799679 -547093317 -1977531365 -716443744 -1514183938 -681758253 -440461280 -1561379555 -1828202038

i = 32
Mang truoc khi swap: 1925826070 1812140210 1682258191 1679008245 1652515475 1586125811 1539841812 1528320431 1436288542 1316110700 1248405496 1223518638 1138691260 1126228929 946519662 916936993 873895683 778112984 727604663 676518293 641203859 638975911 601413286 452263751 436257691 425478831 419688962 366135054 341795258 330118573 279770734 182939339 -1751095234 -1573599408 -58033686 -912492383 -1161787879 -1504667269 -1847273439 -100415011 -1392542494 -1834505603 -1347659672 -1170994671 -1718500461 8620072 -528387453 -26212949 -628055755 -799679 -547093317 -1977531365 -716443744 -1514183938 -681758253 -440461280 -1561379555 -1828202038
Phan tu lon nhat trong doan [33, 57]: 8620072
Swap -1751095234 va 8620072
Mang sau khi swap: 1925826070 1812140210 1682258191 1679008245 1652515475 1586125811 1539841812 1528320431 1436288542 1316110700 1248405496 1223518638 1138691260 1126228929 946519662 916936993 873895683 778112984 727604663 676518293 641203859 638975911 601413286 452263751 436257691 425478831 419688962 366135054 341795258 330118573 279770734 182939339 8620072 -1573599408 -58033686 -912492383 -1161787879 -1504667269 -1847273439 -100415011 -1392542494 -1834505603 -1347659672 -1170994671 -1718500461 -1751095234 -528387453 -26212949 -628055755 -799679 -547093317 -1977531365 -716443744 -1514183938 -681758253 -440461280 -1561379555 -1828202038

i = 33
Mang truoc khi swap: 1925826070 1812140210 1682258191 1679008245 1652515475 1586125811 1539841812 1528320431 1436288542 1316110700 1248405496 1223518638 1138691260 1126228929 946519662 916936993 873895683 778112984 727604663 676518293 641203859 638975911 601413286 452263751 436257691 425478831 419688962 366135054 341795258 330118573 279770734 182939339 8620072 -1573599408 -58033686 -912492383 -1161787879 -1504667269 -1847273439 -100415011 -1392542494 -1834505603 -1347659672 -1170994671 -1718500461 -1751095234 -528387453 -26212949 -628055755 -799679 -547093317 -1977531365 -716443744 -1514183938 -681758253 -440461280 -1561379555 -1828202038
Phan tu lon nhat trong doan [34, 57]: -799679
Swap -1573599408 va -799679
Mang sau khi swap: 1925826070 1812140210 1682258191 1679008245 1652515475 1586125811 1539841812 1528320431 1436288542 1316110700 1248405496 1223518638 1138691260 1126228929 946519662 916936993 873895683 778112984 727604663 676518293 641203859 638975911 601413286 452263751 436257691 425478831 419688962 366135054 341795258 330118573 279770734 182939339 8620072 -799679 -58033686 -912492383 -1161787879 -1504667269 -1847273439 -100415011 -1392542494 -1834505603 -1347659672 -1170994671 -1718500461 -1751095234 -528387453 -26212949 -628055755 -1573599408 -547093317 -1977531365 -716443744 -1514183938 -681758253 -440461280 -1561379555 -1828202038

i = 34
Mang truoc khi swap: 1925826070 1812140210 1682258191 1679008245 1652515475 1586125811 1539841812 1528320431 1436288542 1316110700 1248405496 1223518638 1138691260 1126228929 946519662 916936993 873895683 778112984 727604663 676518293 641203859 638975911 601413286 452263751 436257691 425478831 419688962 366135054 341795258 330118573 279770734 182939339 8620072 -799679 -58033686 -912492383 -1161787879 -1504667269 -1847273439 -100415011 -1392542494 -1834505603 -1347659672 -1170994671 -1718500461 -1751095234 -528387453 -26212949 -628055755 -1573599408 -547093317 -1977531365 -716443744 -1514183938 -681758253 -440461280 -1561379555 -1828202038
Phan tu lon nhat trong doan [35, 57]: -26212949
Swap -58033686 va -26212949
Mang sau khi swap: 1925826070 1812140210 1682258191 1679008245 1652515475 1586125811 1539841812 1528320431 1436288542 1316110700 1248405496 1223518638 1138691260 1126228929 946519662 916936993 873895683 778112984 727604663 676518293 641203859 638975911 601413286 452263751 436257691 425478831 419688962 366135054 341795258 330118573 279770734 182939339 8620072 -799679 -26212949 -912492383 -1161787879 -1504667269 -1847273439 -100415011 -1392542494 -1834505603 -1347659672 -1170994671 -1718500461 -1751095234 -528387453 -58033686 -628055755 -1573599408 -547093317 -1977531365 -716443744 -1514183938 -681758253 -440461280 -1561379555 -1828202038

i = 35
Mang truoc khi swap: 1925826070 1812140210 1682258191 1679008245 1652515475 1586125811 1539841812 1528320431 1436288542 1316110700 1248405496 1223518638 1138691260 1126228929 946519662 916936993 873895683 778112984 727604663 676518293 641203859 638975911 601413286 452263751 436257691 425478831 419688962 366135054 341795258 330118573 279770734 182939339 8620072 -799679 -26212949 -912492383 -1161787879 -1504667269 -1847273439 -100415011 -1392542494 -1834505603 -1347659672 -1170994671 -1718500461 -1751095234 -528387453 -58033686 -628055755 -1573599408 -547093317 -1977531365 -716443744 -1514183938 -681758253 -440461280 -1561379555 -1828202038
Phan tu lon nhat trong doan [36, 57]: -58033686
Swap -912492383 va -58033686
Mang sau khi swap: 1925826070 1812140210 1682258191 1679008245 1652515475 1586125811 1539841812 1528320431 1436288542 1316110700 1248405496 1223518638 1138691260 1126228929 946519662 916936993 873895683 778112984 727604663 676518293 641203859 638975911 601413286 452263751 436257691 425478831 419688962 366135054 341795258 330118573 279770734 182939339 8620072 -799679 -26212949 -58033686 -1161787879 -1504667269 -1847273439 -100415011 -1392542494 -1834505603 -1347659672 -1170994671 -1718500461 -1751095234 -528387453 -912492383 -628055755 -1573599408 -547093317 -1977531365 -716443744 -1514183938 -681758253 -440461280 -1561379555 -1828202038

i = 36
Mang truoc khi swap: 1925826070 1812140210 1682258191 1679008245 1652515475 1586125811 1539841812 1528320431 1436288542 1316110700 1248405496 1223518638 1138691260 1126228929 946519662 916936993 873895683 778112984 727604663 676518293 641203859 638975911 601413286 452263751 436257691 425478831 419688962 366135054 341795258 330118573 279770734 182939339 8620072 -799679 -26212949 -58033686 -1161787879 -1504667269 -1847273439 -100415011 -1392542494 -1834505603 -1347659672 -1170994671 -1718500461 -1751095234 -528387453 -912492383 -628055755 -1573599408 -547093317 -1977531365 -716443744 -1514183938 -681758253 -440461280 -1561379555 -1828202038
Phan tu lon nhat trong doan [37, 57]: -100415011
Swap -1161787879 va -100415011
Mang sau khi swap: 1925826070 1812140210 1682258191 1679008245 1652515475 1586125811 1539841812 1528320431 1436288542 1316110700 1248405496 1223518638 1138691260 1126228929 946519662 916936993 873895683 778112984 727604663 676518293 641203859 638975911 601413286 452263751 436257691 425478831 419688962 366135054 341795258 330118573 279770734 182939339 8620072 -799679 -26212949 -58033686 -100415011 -1504667269 -1847273439 -1161787879 -1392542494 -1834505603 -1347659672 -1170994671 -1718500461 -1751095234 -528387453 -912492383 -628055755 -1573599408 -547093317 -1977531365 -716443744 -1514183938 -681758253 -440461280 -1561379555 -1828202038

i = 37
Mang truoc khi swap: 1925826070 1812140210 1682258191 1679008245 1652515475 1586125811 1539841812 1528320431 1436288542 1316110700 1248405496 1223518638 1138691260 1126228929 946519662 916936993 873895683 778112984 727604663 676518293 641203859 638975911 601413286 452263751 436257691 425478831 419688962 366135054 341795258 330118573 279770734 182939339 8620072 -799679 -26212949 -58033686 -100415011 -1504667269 -1847273439 -1161787879 -1392542494 -1834505603 -1347659672 -1170994671 -1718500461 -1751095234 -528387453 -912492383 -628055755 -1573599408 -547093317 -1977531365 -716443744 -1514183938 -681758253 -440461280 -1561379555 -1828202038
Phan tu lon nhat trong doan [38, 57]: -440461280
Swap -1504667269 va -440461280
Mang sau khi swap: 1925826070 1812140210 1682258191 1679008245 1652515475 1586125811 1539841812 1528320431 1436288542 1316110700 1248405496 1223518638 1138691260 1126228929 946519662 916936993 873895683 778112984 727604663 676518293 641203859 638975911 601413286 452263751 436257691 425478831 419688962 366135054 341795258 330118573 279770734 182939339 8620072 -799679 -26212949 -58033686 -100415011 -440461280 -1847273439 -1161787879 -1392542494 -1834505603 -1347659672 -1170994671 -1718500461 -1751095234 -528387453 -912492383 -628055755 -1573599408 -547093317 -1977531365 -716443744 -1514183938 -681758253 -1504667269 -1561379555 -1828202038

i = 38
Mang truoc khi swap: 1925826070 1812140210 1682258191 1679008245 1652515475 1586125811 1539841812 1528320431 1436288542 1316110700 1248405496 1223518638 1138691260 1126228929 946519662 916936993 873895683 778112984 727604663 676518293 641203859 638975911 601413286 452263751 436257691 425478831 419688962 366135054 341795258 330118573 279770734 182939339 8620072 -799679 -26212949 -58033686 -100415011 -440461280 -1847273439 -1161787879 -1392542494 -1834505603 -1347659672 -1170994671 -1718500461 -1751095234 -528387453 -912492383 -628055755 -1573599408 -547093317 -1977531365 -716443744 -1514183938 -681758253 -1504667269 -1561379555 -1828202038
Phan tu lon nhat trong doan [39, 57]: -528387453
Swap -1847273439 va -528387453
Mang sau khi swap: 1925826070 1812140210 1682258191 1679008245 1652515475 1586125811 1539841812 1528320431 1436288542 1316110700 1248405496 1223518638 1138691260 1126228929 946519662 916936993 873895683 778112984 727604663 676518293 641203859 638975911 601413286 452263751 436257691 425478831 419688962 366135054 341795258 330118573 279770734 182939339 8620072 -799679 -26212949 -58033686 -100415011 -440461280 -528387453 -1161787879 -1392542494 -1834505603 -1347659672 -1170994671 -1718500461 -1751095234 -1847273439 -912492383 -628055755 -1573599408 -547093317 -1977531365 -716443744 -1514183938 -681758253 -1504667269 -1561379555 -1828202038

i = 39
Mang truoc khi swap: 1925826070 1812140210 1682258191 1679008245 1652515475 1586125811 1539841812 1528320431 1436288542 1316110700 1248405496 1223518638 1138691260 1126228929 946519662 916936993 873895683 778112984 727604663 676518293 641203859 638975911 601413286 452263751 436257691 425478831 419688962 366135054 341795258 330118573 279770734 182939339 8620072 -799679 -26212949 -58033686 -100415011 -440461280 -528387453 -1161787879 -1392542494 -1834505603 -1347659672 -1170994671 -1718500461 -1751095234 -1847273439 -912492383 -628055755 -1573599408 -547093317 -1977531365 -716443744 -1514183938 -681758253 -1504667269 -1561379555 -1828202038
Phan tu lon nhat trong doan [40, 57]: -547093317
Swap -1161787879 va -547093317
Mang sau khi swap: 1925826070 1812140210 1682258191 1679008245 1652515475 1586125811 1539841812 1528320431 1436288542 1316110700 1248405496 1223518638 1138691260 1126228929 946519662 916936993 873895683 778112984 727604663 676518293 641203859 638975911 601413286 452263751 436257691 425478831 419688962 366135054 341795258 330118573 279770734 182939339 8620072 -799679 -26212949 -58033686 -100415011 -440461280 -528387453 -547093317 -1392542494 -1834505603 -1347659672 -1170994671 -1718500461 -1751095234 -1847273439 -912492383 -628055755 -1573599408 -1161787879 -1977531365 -716443744 -1514183938 -681758253 -1504667269 -1561379555 -1828202038

i = 40
Mang truoc khi swap: 1925826070 1812140210 1682258191 1679008245 1652515475 1586125811 1539841812 1528320431 1436288542 1316110700 1248405496 1223518638 1138691260 1126228929 946519662 916936993 873895683 778112984 727604663 676518293 641203859 638975911 601413286 452263751 436257691 425478831 419688962 366135054 341795258 330118573 279770734 182939339 8620072 -799679 -26212949 -58033686 -100415011 -440461280 -528387453 -547093317 -1392542494 -1834505603 -1347659672 -1170994671 -1718500461 -1751095234 -1847273439 -912492383 -628055755 -1573599408 -1161787879 -1977531365 -716443744 -1514183938 -681758253 -1504667269 -1561379555 -1828202038
Phan tu lon nhat trong doan [41, 57]: -628055755
Swap -1392542494 va -628055755
Mang sau khi swap: 1925826070 1812140210 1682258191 1679008245 1652515475 1586125811 1539841812 1528320431 1436288542 1316110700 1248405496 1223518638 1138691260 1126228929 946519662 916936993 873895683 778112984 727604663 676518293 641203859 638975911 601413286 452263751 436257691 425478831 419688962 366135054 341795258 330118573 279770734 182939339 8620072 -799679 -26212949 -58033686 -100415011 -440461280 -528387453 -547093317 -628055755 -1834505603 -1347659672 -1170994671 -1718500461 -1751095234 -1847273439 -912492383 -1392542494 -1573599408 -1161787879 -1977531365 -716443744 -1514183938 -681758253 -1504667269 -1561379555 -1828202038

i = 41
Mang truoc khi swap: 1925826070 1812140210 1682258191 1679008245 1652515475 1586125811 1539841812 1528320431 1436288542 1316110700 1248405496 1223518638 1138691260 1126228929 946519662 916936993 873895683 778112984 727604663 676518293 641203859 638975911 601413286 452263751 436257691 425478831 419688962 366135054 341795258 330118573 279770734 182939339 8620072 -799679 -26212949 -58033686 -100415011 -440461280 -528387453 -547093317 -628055755 -1834505603 -1347659672 -1170994671 -1718500461 -1751095234 -1847273439 -912492383 -1392542494 -1573599408 -1161787879 -1977531365 -716443744 -1514183938 -681758253 -1504667269 -1561379555 -1828202038
Phan tu lon nhat trong doan [42, 57]: -681758253
Swap -1834505603 va -681758253
Mang sau khi swap: 1925826070 1812140210 1682258191 1679008245 1652515475 1586125811 1539841812 1528320431 1436288542 1316110700 1248405496 1223518638 1138691260 1126228929 946519662 916936993 873895683 778112984 727604663 676518293 641203859 638975911 601413286 452263751 436257691 425478831 419688962 366135054 341795258 330118573 279770734 182939339 8620072 -799679 -26212949 -58033686 -100415011 -440461280 -528387453 -547093317 -628055755 -681758253 -1347659672 -1170994671 -1718500461 -1751095234 -1847273439 -912492383 -1392542494 -1573599408 -1161787879 -1977531365 -716443744 -1514183938 -1834505603 -1504667269 -1561379555 -1828202038

i = 42
Mang truoc khi swap: 1925826070 1812140210 1682258191 1679008245 1652515475 1586125811 1539841812 1528320431 1436288542 1316110700 1248405496 1223518638 1138691260 1126228929 946519662 916936993 873895683 778112984 727604663 676518293 641203859 638975911 601413286 452263751 436257691 425478831 419688962 366135054 341795258 330118573 279770734 182939339 8620072 -799679 -26212949 -58033686 -100415011 -440461280 -528387453 -547093317 -628055755 -681758253 -1347659672 -1170994671 -1718500461 -1751095234 -1847273439 -912492383 -1392542494 -1573599408 -1161787879 -1977531365 -716443744 -1514183938 -1834505603 -1504667269 -1561379555 -1828202038
Phan tu lon nhat trong doan [43, 57]: -716443744
Swap -1347659672 va -716443744
Mang sau khi swap: 1925826070 1812140210 1682258191 1679008245 1652515475 1586125811 1539841812 1528320431 1436288542 1316110700 1248405496 1223518638 1138691260 1126228929 946519662 916936993 873895683 778112984 727604663 676518293 641203859 638975911 601413286 452263751 436257691 425478831 419688962 366135054 341795258 330118573 279770734 182939339 8620072 -799679 -26212949 -58033686 -100415011 -440461280 -528387453 -547093317 -628055755 -681758253 -716443744 -1170994671 -1718500461 -1751095234 -1847273439 -912492383 -1392542494 -1573599408 -1161787879 -1977531365 -1347659672 -1514183938 -1834505603 -1504667269 -1561379555 -1828202038

i = 43
Mang truoc khi swap: 1925826070 1812140210 1682258191 1679008245 1652515475 1586125811 1539841812 1528320431 1436288542 1316110700 1248405496 1223518638 1138691260 1126228929 946519662 916936993 873895683 778112984 727604663 676518293 641203859 638975911 601413286 452263751 436257691 425478831 419688962 366135054 341795258 330118573 279770734 182939339 8620072 -799679 -26212949 -58033686 -100415011 -440461280 -528387453 -547093317 -628055755 -681758253 -716443744 -1170994671 -1718500461 -1751095234 -1847273439 -912492383 -1392542494 -1573599408 -1161787879 -1977531365 -1347659672 -1514183938 -1834505603 -1504667269 -1561379555 -1828202038
Phan tu lon nhat trong doan [44, 57]: -912492383
Swap -1170994671 va -912492383
Mang sau khi swap: 1925826070 1812140210 1682258191 1679008245 1652515475 1586125811 1539841812 1528320431 1436288542 1316110700 1248405496 1223518638 1138691260 1126228929 946519662 916936993 873895683 778112984 727604663 676518293 641203859 638975911 601413286 452263751 436257691 425478831 419688962 366135054 341795258 330118573 279770734 182939339 8620072 -799679 -26212949 -58033686 -100415011 -440461280 -528387453 -547093317 -628055755 -681758253 -716443744 -912492383 -1718500461 -1751095234 -1847273439 -1170994671 -1392542494 -1573599408 -1161787879 -1977531365 -1347659672 -1514183938 -1834505603 -1504667269 -1561379555 -1828202038

i = 44
Mang truoc khi swap: 1925826070 1812140210 1682258191 1679008245 1652515475 1586125811 1539841812 1528320431 1436288542 1316110700 1248405496 1223518638 1138691260 1126228929 946519662 916936993 873895683 778112984 727604663 676518293 641203859 638975911 601413286 452263751 436257691 425478831 419688962 366135054 341795258 330118573 279770734 182939339 8620072 -799679 -26212949 -58033686 -100415011 -440461280 -528387453 -547093317 -628055755 -681758253 -716443744 -912492383 -1718500461 -1751095234 -1847273439 -1170994671 -1392542494 -1573599408 -1161787879 -1977531365 -1347659672 -1514183938 -1834505603 -1504667269 -1561379555 -1828202038
Phan tu lon nhat trong doan [45, 57]: -1161787879
Swap -1718500461 va -1161787879
Mang sau khi swap: 1925826070 1812140210 1682258191 1679008245 1652515475 1586125811 1539841812 1528320431 1436288542 1316110700 1248405496 1223518638 1138691260 1126228929 946519662 916936993 873895683 778112984 727604663 676518293 641203859 638975911 601413286 452263751 436257691 425478831 419688962 366135054 341795258 330118573 279770734 182939339 8620072 -799679 -26212949 -58033686 -100415011 -440461280 -528387453 -547093317 -628055755 -681758253 -716443744 -912492383 -1161787879 -1751095234 -1847273439 -1170994671 -1392542494 -1573599408 -1718500461 -1977531365 -1347659672 -1514183938 -1834505603 -1504667269 -1561379555 -1828202038

i = 45
Mang truoc khi swap: 1925826070 1812140210 1682258191 1679008245 1652515475 1586125811 1539841812 1528320431 1436288542 1316110700 1248405496 1223518638 1138691260 1126228929 946519662 916936993 873895683 778112984 727604663 676518293 641203859 638975911 601413286 452263751 436257691 425478831 419688962 366135054 341795258 330118573 279770734 182939339 8620072 -799679 -26212949 -58033686 -100415011 -440461280 -528387453 -547093317 -628055755 -681758253 -716443744 -912492383 -1161787879 -1751095234 -1847273439 -1170994671 -1392542494 -1573599408 -1718500461 -1977531365 -1347659672 -1514183938 -1834505603 -1504667269 -1561379555 -1828202038
Phan tu lon nhat trong doan [46, 57]: -1170994671
Swap -1751095234 va -1170994671
Mang sau khi swap: 1925826070 1812140210 1682258191 1679008245 1652515475 1586125811 1539841812 1528320431 1436288542 1316110700 1248405496 1223518638 1138691260 1126228929 946519662 916936993 873895683 778112984 727604663 676518293 641203859 638975911 601413286 452263751 436257691 425478831 419688962 366135054 341795258 330118573 279770734 182939339 8620072 -799679 -26212949 -58033686 -100415011 -440461280 -528387453 -547093317 -628055755 -681758253 -716443744 -912492383 -1161787879 -1170994671 -1847273439 -1751095234 -1392542494 -1573599408 -1718500461 -1977531365 -1347659672 -1514183938 -1834505603 -1504667269 -1561379555 -1828202038

i = 46
Mang truoc khi swap: 1925826070 1812140210 1682258191 1679008245 1652515475 1586125811 1539841812 1528320431 1436288542 1316110700 1248405496 1223518638 1138691260 1126228929 946519662 916936993 873895683 778112984 727604663 676518293 641203859 638975911 601413286 452263751 436257691 425478831 419688962 366135054 341795258 330118573 279770734 182939339 8620072 -799679 -26212949 -58033686 -100415011 -440461280 -528387453 -547093317 -628055755 -681758253 -716443744 -912492383 -1161787879 -1170994671 -1847273439 -1751095234 -1392542494 -1573599408 -1718500461 -1977531365 -1347659672 -1514183938 -1834505603 -1504667269 -1561379555 -1828202038
Phan tu lon nhat trong doan [47, 57]: -1347659672
Swap -1847273439 va -1347659672
Mang sau khi swap: 1925826070 1812140210 1682258191 1679008245 1652515475 1586125811 1539841812 1528320431 1436288542 1316110700 1248405496 1223518638 1138691260 1126228929 946519662 916936993 873895683 778112984 727604663 676518293 641203859 638975911 601413286 452263751 436257691 425478831 419688962 366135054 341795258 330118573 279770734 182939339 8620072 -799679 -26212949 -58033686 -100415011 -440461280 -528387453 -547093317 -628055755 -681758253 -716443744 -912492383 -1161787879 -1170994671 -1347659672 -1751095234 -1392542494 -1573599408 -1718500461 -1977531365 -1847273439 -1514183938 -1834505603 -1504667269 -1561379555 -1828202038

i = 47
Mang truoc khi swap: 1925826070 1812140210 1682258191 1679008245 1652515475 1586125811 1539841812 1528320431 1436288542 1316110700 1248405496 1223518638 1138691260 1126228929 946519662 916936993 873895683 778112984 727604663 676518293 641203859 638975911 601413286 452263751 436257691 425478831 419688962 366135054 341795258 330118573 279770734 182939339 8620072 -799679 -26212949 -58033686 -100415011 -440461280 -528387453 -547093317 -628055755 -681758253 -716443744 -912492383 -1161787879 -1170994671 -1347659672 -1751095234 -1392542494 -1573599408 -1718500461 -1977531365 -1847273439 -1514183938 -1834505603 -1504667269 -1561379555 -1828202038
Phan tu lon nhat trong doan [48, 57]: -1392542494
Swap -1751095234 va -1392542494
Mang sau khi swap: 1925826070 1812140210 1682258191 1679008245 1652515475 1586125811 1539841812 1528320431 1436288542 1316110700 1248405496 1223518638 1138691260 1126228929 946519662 916936993 873895683 778112984 727604663 676518293 641203859 638975911 601413286 452263751 436257691 425478831 419688962 366135054 341795258 330118573 279770734 182939339 8620072 -799679 -26212949 -58033686 -100415011 -440461280 -528387453 -547093317 -628055755 -681758253 -716443744 -912492383 -1161787879 -1170994671 -1347659672 -1392542494 -1751095234 -1573599408 -1718500461 -1977531365 -1847273439 -1514183938 -1834505603 -1504667269 -1561379555 -1828202038

i = 48
Mang truoc khi swap: 1925826070 1812140210 1682258191 1679008245 1652515475 1586125811 1539841812 1528320431 1436288542 1316110700 1248405496 1223518638 1138691260 1126228929 946519662 916936993 873895683 778112984 727604663 676518293 641203859 638975911 601413286 452263751 436257691 425478831 419688962 366135054 341795258 330118573 279770734 182939339 8620072 -799679 -26212949 -58033686 -100415011 -440461280 -528387453 -547093317 -628055755 -681758253 -716443744 -912492383 -1161787879 -1170994671 -1347659672 -1392542494 -1751095234 -1573599408 -1718500461 -1977531365 -1847273439 -1514183938 -1834505603 -1504667269 -1561379555 -1828202038
Phan tu lon nhat trong doan [49, 57]: -1504667269
Swap -1751095234 va -1504667269
Mang sau khi swap: 1925826070 1812140210 1682258191 1679008245 1652515475 1586125811 1539841812 1528320431 1436288542 1316110700 1248405496 1223518638 1138691260 1126228929 946519662 916936993 873895683 778112984 727604663 676518293 641203859 638975911 601413286 452263751 436257691 425478831 419688962 366135054 341795258 330118573 279770734 182939339 8620072 -799679 -26212949 -58033686 -100415011 -440461280 -528387453 -547093317 -628055755 -681758253 -716443744 -912492383 -1161787879 -1170994671 -1347659672 -1392542494 -1504667269 -1573599408 -1718500461 -1977531365 -1847273439 -1514183938 -1834505603 -1751095234 -1561379555 -1828202038

i = 49
Mang truoc khi swap: 1925826070 1812140210 1682258191 1679008245 1652515475 1586125811 1539841812 1528320431 1436288542 1316110700 1248405496 1223518638 1138691260 1126228929 946519662 916936993 873895683 778112984 727604663 676518293 641203859 638975911 601413286 452263751 436257691 425478831 419688962 366135054 341795258 330118573 279770734 182939339 8620072 -799679 -26212949 -58033686 -100415011 -440461280 -528387453 -547093317 -628055755 -681758253 -716443744 -912492383 -1161787879 -1170994671 -1347659672 -1392542494 -1504667269 -1573599408 -1718500461 -1977531365 -1847273439 -1514183938 -1834505603 -1751095234 -1561379555 -1828202038
Phan tu lon nhat trong doan [50, 57]: -1514183938
Swap -1573599408 va -1514183938
Mang sau khi swap: 1925826070 1812140210 1682258191 1679008245 1652515475 1586125811 1539841812 1528320431 1436288542 1316110700 1248405496 1223518638 1138691260 1126228929 946519662 916936993 873895683 778112984 727604663 676518293 641203859 638975911 601413286 452263751 436257691 425478831 419688962 366135054 341795258 330118573 279770734 182939339 8620072 -799679 -26212949 -58033686 -100415011 -440461280 -528387453 -547093317 -628055755 -681758253 -716443744 -912492383 -1161787879 -1170994671 -1347659672 -1392542494 -1504667269 -1514183938 -1718500461 -1977531365 -1847273439 -1573599408 -1834505603 -1751095234 -1561379555 -1828202038

i = 50
Mang truoc khi swap: 1925826070 1812140210 1682258191 1679008245 1652515475 1586125811 1539841812 1528320431 1436288542 1316110700 1248405496 1223518638 1138691260 1126228929 946519662 916936993 873895683 778112984 727604663 676518293 641203859 638975911 601413286 452263751 436257691 425478831 419688962 366135054 341795258 330118573 279770734 182939339 8620072 -799679 -26212949 -58033686 -100415011 -440461280 -528387453 -547093317 -628055755 -681758253 -716443744 -912492383 -1161787879 -1170994671 -1347659672 -1392542494 -1504667269 -1514183938 -1718500461 -1977531365 -1847273439 -1573599408 -1834505603 -1751095234 -1561379555 -1828202038
Phan tu lon nhat trong doan [51, 57]: -1561379555
Swap -1718500461 va -1561379555
Mang sau khi swap: 1925826070 1812140210 1682258191 1679008245 1652515475 1586125811 1539841812 1528320431 1436288542 1316110700 1248405496 1223518638 1138691260 1126228929 946519662 916936993 873895683 778112984 727604663 676518293 641203859 638975911 601413286 452263751 436257691 425478831 419688962 366135054 341795258 330118573 279770734 182939339 8620072 -799679 -26212949 -58033686 -100415011 -440461280 -528387453 -547093317 -628055755 -681758253 -716443744 -912492383 -1161787879 -1170994671 -1347659672 -1392542494 -1504667269 -1514183938 -1561379555 -1977531365 -1847273439 -1573599408 -1834505603 -1751095234 -1718500461 -1828202038

i = 51
Mang truoc khi swap: 1925826070 1812140210 1682258191 1679008245 1652515475 1586125811 1539841812 1528320431 1436288542 1316110700 1248405496 1223518638 1138691260 1126228929 946519662 916936993 873895683 778112984 727604663 676518293 641203859 638975911 601413286 452263751 436257691 425478831 419688962 366135054 341795258 330118573 279770734 182939339 8620072 -799679 -26212949 -58033686 -100415011 -440461280 -528387453 -547093317 -628055755 -681758253 -716443744 -912492383 -1161787879 -1170994671 -1347659672 -1392542494 -1504667269 -1514183938 -1561379555 -1977531365 -1847273439 -1573599408 -1834505603 -1751095234 -1718500461 -1828202038
Phan tu lon nhat trong doan [52, 57]: -1573599408
Swap -1977531365 va -1573599408
Mang sau khi swap: 1925826070 1812140210 1682258191 1679008245 1652515475 1586125811 1539841812 1528320431 1436288542 1316110700 1248405496 1223518638 1138691260 1126228929 946519662 916936993 873895683 778112984 727604663 676518293 641203859 638975911 601413286 452263751 436257691 425478831 419688962 366135054 341795258 330118573 279770734 182939339 8620072 -799679 -26212949 -58033686 -100415011 -440461280 -528387453 -547093317 -628055755 -681758253 -716443744 -912492383 -1161787879 -1170994671 -1347659672 -1392542494 -1504667269 -1514183938 -1561379555 -1573599408 -1847273439 -1977531365 -1834505603 -1751095234 -1718500461 -1828202038

i = 52
Mang truoc khi swap: 1925826070 1812140210 1682258191 1679008245 1652515475 1586125811 1539841812 1528320431 1436288542 1316110700 1248405496 1223518638 1138691260 1126228929 946519662 916936993 873895683 778112984 727604663 676518293 641203859 638975911 601413286 452263751 436257691 425478831 419688962 366135054 341795258 330118573 279770734 182939339 8620072 -799679 -26212949 -58033686 -100415011 -440461280 -528387453 -547093317 -628055755 -681758253 -716443744 -912492383 -1161787879 -1170994671 -1347659672 -1392542494 -1504667269 -1514183938 -1561379555 -1573599408 -1847273439 -1977531365 -1834505603 -1751095234 -1718500461 -1828202038
Phan tu lon nhat trong doan [53, 57]: -1718500461
Swap -1847273439 va -1718500461
Mang sau khi swap: 1925826070 1812140210 1682258191 1679008245 1652515475 1586125811 1539841812 1528320431 1436288542 1316110700 1248405496 1223518638 1138691260 1126228929 946519662 916936993 873895683 778112984 727604663 676518293 641203859 638975911 601413286 452263751 436257691 425478831 419688962 366135054 341795258 330118573 279770734 182939339 8620072 -799679 -26212949 -58033686 -100415011 -440461280 -528387453 -547093317 -628055755 -681758253 -716443744 -912492383 -1161787879 -1170994671 -1347659672 -1392542494 -1504667269 -1514183938 -1561379555 -1573599408 -1718500461 -1977531365 -1834505603 -1751095234 -1847273439 -1828202038

i = 53
Mang truoc khi swap: 1925826070 1812140210 1682258191 1679008245 1652515475 1586125811 1539841812 1528320431 1436288542 1316110700 1248405496 1223518638 1138691260 1126228929 946519662 916936993 873895683 778112984 727604663 676518293 641203859 638975911 601413286 452263751 436257691 425478831 419688962 366135054 341795258 330118573 279770734 182939339 8620072 -799679 -26212949 -58033686 -100415011 -440461280 -528387453 -547093317 -628055755 -681758253 -716443744 -912492383 -1161787879 -1170994671 -1347659672 -1392542494 -1504667269 -1514183938 -1561379555 -1573599408 -1718500461 -1977531365 -1834505603 -1751095234 -1847273439 -1828202038
Phan tu lon nhat trong doan [54, 57]: -1751095234
Swap -1977531365 va -1751095234
Mang sau khi swap: 1925826070 1812140210 1682258191 1679008245 1652515475 1586125811 1539841812 1528320431 1436288542 1316110700 1248405496 1223518638 1138691260 1126228929 946519662 916936993 873895683 778112984 727604663 676518293 641203859 638975911 601413286 452263751 436257691 425478831 419688962 366135054 341795258 330118573 279770734 182939339 8620072 -799679 -26212949 -58033686 -100415011 -440461280 -528387453 -547093317 -628055755 -681758253 -716443744 -912492383 -1161787879 -1170994671 -1347659672 -1392542494 -1504667269 -1514183938 -1561379555 -1573599408 -1718500461 -1751095234 -1834505603 -1977531365 -1847273439 -1828202038

i = 54
Mang truoc khi swap: 1925826070 1812140210 1682258191 1679008245 1652515475 1586125811 1539841812 1528320431 1436288542 1316110700 1248405496 1223518638 1138691260 1126228929 946519662 916936993 873895683 778112984 727604663 676518293 641203859 638975911 601413286 452263751 436257691 425478831 419688962 366135054 341795258 330118573 279770734 182939339 8620072 -799679 -26212949 -58033686 -100415011 -440461280 -528387453 -547093317 -628055755 -681758253 -716443744 -912492383 -1161787879 -1170994671 -1347659672 -1392542494 -1504667269 -1514183938 -1561379555 -1573599408 -1718500461 -1751095234 -1834505603 -1977531365 -1847273439 -1828202038
Phan tu lon nhat trong doan [55, 57]: -1828202038
Swap -1834505603 va -1828202038
Mang sau khi swap: 1925826070 1812140210 1682258191 1679008245 1652515475 1586125811 1539841812 1528320431 1436288542 1316110700 1248405496 1223518638 1138691260 1126228929 946519662 916936993 873895683 778112984 727604663 676518293 641203859 638975911 601413286 452263751 436257691 425478831 419688962 366135054 341795258 330118573 279770734 182939339 8620072 -799679 -26212949 -58033686 -100415011 -440461280 -528387453 -547093317 -628055755 -681758253 -716443744 -912492383 -1161787879 -1170994671 -1347659672 -1392542494 -1504667269 -1514183938 -1561379555 -1573599408 -1718500461 -1751095234 -1828202038 -1977531365 -1847273439 -1834505603

i = 55
Mang truoc khi swap: 1925826070 1812140210 1682258191 1679008245 1652515475 1586125811 1539841812 1528320431 1436288542 1316110700 1248405496 1223518638 1138691260 1126228929 946519662 916936993 873895683 778112984 727604663 676518293 641203859 638975911 601413286 452263751 436257691 425478831 419688962 366135054 341795258 330118573 279770734 182939339 8620072 -799679 -26212949 -58033686 -100415011 -440461280 -528387453 -547093317 -628055755 -681758253 -716443744 -912492383 -1161787879 -1170994671 -1347659672 -1392542494 -1504667269 -1514183938 -1561379555 -1573599408 -1718500461 -1751095234 -1828202038 -1977531365 -1847273439 -1834505603
Phan tu lon nhat trong doan [56, 57]: -1834505603
Swap -1977531365 va -1834505603
Mang sau khi swap: 1925826070 1812140210 1682258191 1679008245 1652515475 1586125811 1539841812 1528320431 1436288542 1316110700 1248405496 1223518638 1138691260 1126228929 946519662 916936993 873895683 778112984 727604663 676518293 641203859 638975911 601413286 452263751 436257691 425478831 419688962 366135054 341795258 330118573 279770734 182939339 8620072 -799679 -26212949 -58033686 -100415011 -440461280 -528387453 -547093317 -628055755 -681758253 -716443744 -912492383 -1161787879 -1170994671 -1347659672 -1392542494 -1504667269 -1514183938 -1561379555 -1573599408 -1718500461 -1751095234 -1828202038 -1834505603 -1847273439 -1977531365

i = 56
Mang truoc khi swap: 1925826070 1812140210 1682258191 1679008245 1652515475 1586125811 1539841812 1528320431 1436288542 1316110700 1248405496 1223518638 1138691260 1126228929 946519662 916936993 873895683 778112984 727604663 676518293 641203859 638975911 601413286 452263751 436257691 425478831 419688962 366135054 341795258 330118573 279770734 182939339 8620072 -799679 -26212949 -58033686 -100415011 -440461280 -528387453 -547093317 -628055755 -681758253 -716443744 -912492383 -1161787879 -1170994671 -1347659672 -1392542494 -1504667269 -1514183938 -1561379555 -1573599408 -1718500461 -1751095234 -1828202038 -1834505603 -1847273439 -1977531365
Phan tu lon nhat trong doan [57, 57]: -1847273439
Swap -1847273439 va -1847273439
Mang sau khi swap: 1925826070 1812140210 1682258191 1679008245 1652515475 1586125811 1539841812 1528320431 1436288542 1316110700 1248405496 1223518638 1138691260 1126228929 946519662 916936993 873895683 778112984 727604663 676518293 641203859 638975911 601413286 452263751 436257691 425478831 419688962 366135054 341795258 330118573 279770734 182939339 8620072 -799679 -26212949 -58033686 -100415011 -440461280 -528387453 -547093317 -628055755 -681758253 -716443744 -912492383 -1161787879 -1170994671 -1347659672 -1392542494 -1504667269 -1514183938 -1561379555 -1573599408 -1718500461 -1751095234 -1828202038 -1834505603 -1847273439 -1977531365

Mang sau khi sap xep:
1925826070 1812140210 1682258191 1679008245 1652515475 1586125811 1539841812 1528320431 1436288542 1316110700 1248405496 1223518638 1138691260 1126228929 946519662 916936993 873895683 778112984 727604663 676518293 641203859 638975911 601413286 452263751 436257691 425478831 419688962 366135054 341795258 330118573 279770734 182939339 8620072 -799679 -26212949 -58033686 -100415011 -440461280 -528387453 -547093317 -628055755 -681758253 -716443744 -912492383 -1161787879 -1170994671 -1347659672 -1392542494 -1504667269 -1514183938 -1561379555 -1573599408 -1718500461 -1751095234 -1828202038 -1834505603 -1847273439 -1977531365
