Mang truoc khi sap xep:
-153496805 -818648967 -1083048481 -409213832 -34073715 1130189781 828597817 -1432478874 1265042558 -1380806702 -384851240 1785843196 -67295230 -1830927986 1549504341 -1655755598 490194776 -1597680043 -1342041801 568823282 1116819636 421340485 306429132 -1979407262 -733916412 -882049640 1973553709 857470975 -1739136365 -1890601524 -1148372585 -1928554330 930715946 -1891788677 -1398597413 -1859377958 558787065 1086627307 999156587 1762600323 1935523572 -870100464 -707372727 1666688266 458892962 570482190 -1914606943 28668399 -591482759 1649661416

Sap xep:
i = 0
Mang truoc khi swap: -153496805 -818648967 -1083048481 -409213832 -34073715 1130189781 828597817 -1432478874 1265042558 -1380806702 -384851240 1785843196 -67295230 -1830927986 1549504341 -1655755598 490194776 -1597680043 -1342041801 568823282 1116819636 421340485 306429132 -1979407262 -733916412 -882049640 1973553709 857470975 -1739136365 -1890601524 -1148372585 -1928554330 930715946 -1891788677 -1398597413 -1859377958 558787065 1086627307 999156587 1762600323 1935523572 -870100464 -707372727 1666688266 458892962 570482190 -1914606943 28668399 -591482759 1649661416
Phan tu lon nhat trong doan [1, 49]: 1973553709
Swap -153496805 va 1973553709
Mang sau khi swap: 1973553709 -818648967 -1083048481 -409213832 -34073715 1130189781 828597817 -1432478874 1265042558 -1380806702 -384851240 1785843196 -67295230 -1830927986 1549504341 -1655755598 490194776 -1597680043 -1342041801 568823282 1116819636 421340485 306429132 -1979407262 -733916412 -882049640 -153496805 857470975 -1739136365 -1890601524 -1148372585 -1928554330 930715946 -1891788677 -1398597413 -1859377958 558787065 1086627307 999156587 1762600323 1935523572 -870100464 -707372727 1666688266 458892962 570482190 -1914606943 28668399 -591482759 1649661416

i = 1
Mang truoc khi swap: 1973553709 -818648967 -1083048481 -409213832 -34073715 1130189781 828597817 -1432478874 1265042558 -1380806702 -384851240 1785843196 -67295230 -1830927986 1549504341 -1655755598 490194776 -1597680043 -1342041801 568823282 1116819636 421340485 306429132 -1979407262 -733916412 -882049640 -153496805 857470975 -1739136365 -1890601524 -1148372585 -1928554330 930715946 -1891788677 -1398597413 -1859377958 558787065 1086627307 999156587 1762600323 1935523572 -870100464 -707372727 1666688266 458892962 570482190 -1914606943 28668399 -591482759 1649661416
Phan tu lon nhat trong doan [2, 49]: 1935523572
Swap -818648967 va 1935523572
Mang sau khi swap: 1973553709 1935523572 -1083048481 -409213832 -34073715 1130189781 828597817 -1432478874 1265042558 -1380806702 -384851240 1785843196 -67295230 -1830927986 1549504341 -1655755598 490194776 -1597680043 -1342041801 568823282 1116819636 421340485 306429132 -1979407262 -733916412 -882049640 -153496805 857470975 -1739136365 -1890601524 -1148372585 -1928554330 930715946 -1891788677 -1398597413 -1859377958 558787065 1086627307 999156587 1762600323 -818648967 -870100464 -707372727 1666688266 458892962 570482190 -1914606943 28668399 -591482759 1649661416

i = 2
Mang truoc khi swap: 1973553709 1935523572 -1083048481 -409213832 -34073715 1130189781 828597817 -1432478874 1265042558 -1380806702 -384851240 1785843196 -67295230 -1830927986 1549504341 -1655755598 490194776 -1597680043 -1342041801 568823282 1116819636 421340485 306429132 -1979407262 -733916412 -882049640 -153496805 857470975 -1739136365 -1890601524 -1148372585 -1928554330 930715946 -1891788677 -1398597413 -1859377958 558787065 1086627307 999156587 1762600323 -818648967 -870100464 -707372727 1666688266 458892962 570482190 -1914606943 28668399 -591482759 1649661416
Phan tu lon nhat trong doan [3, 49]: 1785843196
Swap -1083048481 va 1785843196
Mang sau khi swap: 1973553709 1935523572 1785843196 -409213832 -34073715 1130189781 828597817 -1432478874 1265042558 -1380806702 -384851240 -1083048481 -67295230 -1830927986 1549504341 -1655755598 490194776 -1597680043 -1342041801 568823282 1116819636 421340485 306429132 -1979407262 -733916412 -882049640 -153496805 857470975 -1739136365 -1890601524 -1148372585 -1928554330 930715946 -1891788677 -1398597413 -1859377958 558787065 1086627307 999156587 1762600323 -818648967 -870100464 -707372727 1666688266 458892962 570482190 -1914606943 28668399 -591482759 1649661416

i = 3
Mang truoc khi swap: 1973553709 1935523572 1785843196 -409213832 -34073715 1130189781 828597817 -1432478874 1265042558 -1380806702 -384851240 -1083048481 -67295230 -1830927986 1549504341 -1655755598 490194776 -1597680043 -1342041801 568823282 1116819636 421340485 306429132 -1979407262 -733916412 -882049640 -153496805 857470975 -1739136365 -1890601524 -1148372585 -1928554330 930715946 -1891788677 -1398597413 -1859377958 558787065 1086627307 999156587 1762600323 -818648967 -870100464 -707372727 1666688266 458892962 570482190 -1914606943 28668399 -591482759 1649661416
Phan tu lon nhat trong doan [4, 49]: 1762600323
Swap -409213832 va 1762600323
Mang sau khi swap: 1973553709 1935523572 1785843196 1762600323 -34073715 1130189781 828597817 -1432478874 1265042558 -1380806702 -384851240 -1083048481 -67295230 -1830927986 1549504341 -1655755598 490194776 -1597680043 -1342041801 568823282 1116819636 421340485 306429132 -1979407262 -733916412 -882049640 -153496805 857470975 -1739136365 -1890601524 -1148372585 -1928554330 930715946 -1891788677 -1398597413 -1859377958 558787065 1086627307 999156587 -409213832 -818648967 -870100464 -707372727 1666688266 458892962 570482190 -1914606943 28668399 -591482759 1649661416

i = 4
Mang truoc khi swap: 1973553709 1935523572 1785843196 1762600323 -34073715 1130189781 828597817 -1432478874 1265042558 -1380806702 -384851240 -1083048481 -67295230 -1830927986 1549504341 -1655755598 490194776 -1597680043 -1342041801 568823282 1116819636 421340485 306429132 -1979407262 -733916412 -882049640 -153496805 857470975 -1739136365 -1890601524 -1148372585 -1928554330 930715946 -1891788677 -1398597413 -1859377958 558787065 1086627307 999156587 -409213832 -818648967 -870100464 -707372727 1666688266 458892962 570482190 -1914606943 28668399 -591482759 1649661416
Phan tu lon nhat trong doan [5, 49]: 1666688266
Swap -34073715 va 1666688266
Mang sau khi swap: 1973553709 1935523572 1785843196 1762600323 1666688266 1130189781 828597817 -1432478874 1265042558 -1380806702 -384851240 -1083048481 -67295230 -1830927986 1549504341 -1655755598 490194776 -1597680043 -1342041801 568823282 1116819636 421340485 306429132 -1979407262 -733916412 -882049640 -153496805 857470975 -1739136365 -1890601524 -1148372585 -1928554330 930715946 -1891788677 -1398597413 -1859377958 558787065 1086627307 999156587 -409213832 -818648967 -870100464 -707372727 -34073715 458892962 570482190 -1914606943 28668399 -591482759 1649661416

i = 5
Mang truoc khi swap: 1973553709 1935523572 1785843196 1762600323 1666688266 1130189781 828597817 -1432478874 1265042558 -1380806702 -384851240 -1083048481 -67295230 -1830927986 1549504341 -1655755598 490194776 -1597680043 -1342041801 568823282 1116819636 421340485 306429132 -1979407262 -733916412 -882049640 -153496805 857470975 -1739136365 -1890601524 -1148372585 -1928554330 930715946 -1891788677 -1398597413 -1859377958 558787065 1086627307 999156587 -409213832 -818648967 -870100464 -707372727 -34073715 458892962 570482190 -1914606943 28668399 -591482759 1649661416
Phan tu lon nhat trong doan [6, 49]: 1649661416
Swap 1130189781 va 1649661416
Mang sau khi swap: 1973553709 1935523572 1785843196 1762600323 1666688266 1649661416 828597817 -1432478874 1265042558 -1380806702 -384851240 -1083048481 -67295230 -1830927986 1549504341 -1655755598 490194776 -1597680043 -1342041801 568823282 1116819636 421340485 306429132 -1979407262 -733916412 -882049640 -153496805 857470975 -1739136365 -1890601524 -1148372585 -1928554330 930715946 -1891788677 -1398597413 -1859377958 558787065 1086627307 999156587 -409213832 -818648967 -870100464 -707372727 -34073715 458892962 570482190 -1914606943 28668399 -591482759 1130189781

i = 6
Mang truoc khi swap: 1973553709 1935523572 1785843196 1762600323 1666688266 1649661416 828597817 -1432478874 1265042558 -1380806702 -384851240 -1083048481 -67295230 -1830927986 1549504341 -1655755598 490194776 -1597680043 -1342041801 568823282 1116819636 421340485 306429132 -1979407262 -733916412 -882049640 -153496805 857470975 -1739136365 -1890601524 -1148372585 -1928554330 930715946 -1891788677 -1398597413 -1859377958 558787065 1086627307 999156587 -409213832 -818648967 -870100464 -707372727 -34073715 458892962 570482190 -1914606943 28668399 -591482759 1130189781
Phan tu lon nhat trong doan [7, 49]: 1549504341
Swap 828597817 va 1549504341
Mang sau khi swap: 1973553709 1935523572 1785843196 1762600323 1666688266 1649661416 1549504341 -1432478874 1265042558 -1380806702 -384851240 -1083048481 -67295230 -1830927986 828597817 -1655755598 490194776 -1597680043 -1342041801 568823282 1116819636 421340485 306429132 -1979407262 -733916412 -882049640 -153496805 857470975 -1739136365 -1890601524 -1148372585 -1928554330 930715946 -1891788677 -1398597413 -1859377958 558787065 1086627307 999156587 -409213832 -818648967 -870100464 -707372727 -34073715 458892962 570482190 -1914606943 28668399 -591482759 1130189781

i = 7
Mang truoc khi swap: 1973553709 1935523572 1785843196 1762600323 1666688266 1649661416 1549504341 -1432478874 1265042558 -1380806702 -384851240 -1083048481 -67295230 -1830927986 828597817 -1655755598 490194776 -1597680043 -1342041801 568823282 1116819636 421340485 306429132 -1979407262 -733916412 -882049640 -153496805 857470975 -1739136365 -1890601524 -1148372585 -1928554330 930715946 -1891788677 -1398597413 -1859377958 558787065 1086627307 999156587 -409213832 -818648967 -870100464 -707372727 -34073715 458892962 570482190 -1914606943 28668399 -591482759 1130189781
Phan tu lon nhat trong doan [8, 49]: 1265042558
Swap -1432478874 va 1265042558
Mang sau khi swap: 1973553709 1935523572 1785843196 1762600323 1666688266 1649661416 1549504341 1265042558 -1432478874 -1380806702 -384851240 -1083048481 -67295230 -1830927986 828597817 -1655755598 490194776 -1597680043 -1342041801 568823282 1116819636 421340485 306429132 -1979407262 -733916412 -882049640 -153496805 857470975 -1739136365 -1890601524 -1148372585 -1928554330 930715946 -1891788677 -1398597413 -1859377958 558787065 1086627307 999156587 -409213832 -818648967 -870100464 -707372727 -34073715 458892962 570482190 -1914606943 28668399 -591482759 1130189781

i = 8
Mang truoc khi swap: 1973553709 1935523572 1785843196 1762600323 1666688266 1649661416 1549504341 1265042558 -1432478874 -1380806702 -384851240 -1083048481 -67295230 -1830927986 828597817 -1655755598 490194776 -1597680043 -1342041801 568823282 1116819636 421340485 306429132 -1979407262 -733916412 -882049640 -153496805 857470975 -1739136365 -1890601524 -1148372585 -1928554330 930715946 -1891788677 -1398597413 -1859377958 558787065 1086627307 999156587 -409213832 -818648967 -870100464 -707372727 -34073715 458892962 570482190 -1914606943 28668399 -591482759 1130189781
Phan tu lon nhat trong doan [9, 49]: 1130189781
Swap -1432478874 va 1130189781
Mang sau khi swap: 1973553709 1935523572 1785843196 1762600323 1666688266 1649661416 1549504341 1265042558 1130189781 -1380806702 -384851240 -1083048481 -67295230 -1830927986 828597817 -1655755598 490194776 -1597680043 -1342041801 568823282 1116819636 421340485 306429132 -1979407262 -733916412 -882049640 -153496805 857470975 -1739136365 -1890601524 -1148372585 -1928554330 930715946 -1891788677 -1398597413 -1859377958 558787065 1086627307 999156587 -409213832 -818648967 -870100464 -707372727 -34073715 458892962 570482190 -1914606943 28668399 -591482759 -1432478874

i = 9
Mang truoc khi swap: 1973553709 1935523572 1785843196 1762600323 1666688266 1649661416 1549504341 1265042558 1130189781 -1380806702 -384851240 -1083048481 -67295230 -1830927986 828597817 -1655755598 490194776 -1597680043 -1342041801 568823282 1116819636 421340485 306429132 -1979407262 -733916412 -882049640 -153496805 857470975 -1739136365 -1890601524 -1148372585 -1928554330 930715946 -1891788677 -1398597413 -1859377958 558787065 1086627307 999156587 -409213832 -818648967 -870100464 -707372727 -34073715 458892962 570482190 -1914606943 28668399 -591482759 -1432478874
Phan tu lon nhat trong doan [10, 49]: 1116819636
Swap -1380806702 va 1116819636
Mang sau khi swap: 1973553709 1935523572 1785843196 1762600323 1666688266 1649661416 1549504341 1265042558 1130189781 1116819636 -384851240 -1083048481 -67295230 -1830927986 828597817 -1655755598 490194776 -1597680043 -1342041801 568823282 -1380806702 421340485 306429132 -1979407262 -733916412 -882049640 -153496805 857470975 -1739136365 -1890601524 -1148372585 -1928554330 930715946 -1891788677 -1398597413 -1859377958 558787065 1086627307 999156587 -409213832 -818648967 -870100464 -707372727 -34073715 458892962 570482190 -1914606943 28668399 -591482759 -1432478874

i = 10
Mang truoc khi swap: 1973553709 1935523572 1785843196 1762600323 1666688266 1649661416 1549504341 1265042558 1130189781 1116819636 -384851240 -1083048481 -67295230 -1830927986 828597817 -1655755598 490194776 -1597680043 -1342041801 568823282 -1380806702 421340485 306429132 -1979407262 -733916412 -882049640 -153496805 857470975 -1739136365 -1890601524 -1148372585 -1928554330 930715946 -1891788677 -1398597413 -1859377958 558787065 1086627307 999156587 -409213832 -818648967 -870100464 -707372727 -34073715 458892962 570482190 -1914606943 28668399 -591482759 -1432478874
Phan tu lon nhat trong doan [11, 49]: 1086627307
Swap -384851240 va 1086627307
Mang sau khi swap: 1973553709 1935523572 1785843196 1762600323 1666688266 1649661416 1549504341 1265042558 1130189781 1116819636 1086627307 -1083048481 -67295230 -1830927986 828597817 -1655755598 490194776 -1597680043 -1342041801 568823282 -1380806702 421340485 306429132 -1979407262 -733916412 -882049640 -153496805 857470975 -1739136365 -1890601524 -1148372585 -1928554330 930715946 -1891788677 -1398597413 -1859377958 558787065 -384851240 999156587 -409213832 -818648967 -870100464 -707372727 -34073715 458892962 570482190 -1914606943 28668399 -591482759 -1432478874

i = 11
Mang truoc khi swap: 1973553709 1935523572 1785843196 1762600323 1666688266 1649661416 1549504341 1265042558 1130189781 1116819636 1086627307 -1083048481 -67295230 -1830927986 828597817 -1655755598 490194776 -1597680043 -1342041801 568823282 -1380806702 421340485 306429132 -1979407262 -733916412 -882049640 -153496805 857470975 -1739136365 -1890601524 -1148372585 -1928554330 930715946 -1891788677 -1398597413 -1859377958 558787065 -384851240 999156587 -409213832 -818648967 -870100464 -707372727 -34073715 458892962 570482190 -1914606943 28668399 -591482759 -1432478874
Phan tu lon nhat trong doan [12, 49]: 999156587
Swap -1083048481 va 999156587
Mang sau khi swap: 1973553709 1935523572 1785843196 1762600323 1666688266 1649661416 1549504341 1265042558 1130189781 1116819636 1086627307 999156587 -67295230 -1830927986 828597817 -1655755598 490194776 -1597680043 -1342041801 568823282 -1380806702 421340485 306429132 -1979407262 -733916412 -882049640 -153496805 857470975 -1739136365 -1890601524 -1148372585 -1928554330 930715946 -1891788677 -1398597413 -1859377958 558787065 -384851240 -1083048481 -409213832 -818648967 -870100464 -707372727 -34073715 458892962 570482190 -1914606943 28668399 -591482759 -1432478874

i = 12
Mang truoc khi swap: 1973553709 1935523572 1785843196 1762600323 1666688266 1649661416 1549504341 1265042558 1130189781 1116819636 1086627307 999156587 -67295230 -1830927986 828597817 -1655755598 490194776 -1597680043 -1342041801 568823282 -1380806702 421340485 306429132 -1979407262 -733916412 -882049640 -153496805 857470975 -1739136365 -1890601524 -1148372585 -1928554330 930715946 -1891788677 -1398597413 -1859377958 558787065 -384851240 -1083048481 -409213832 -818648967 -870100464 -707372727 -34073715 458892962 570482190 -1914606943 28668399 -591482759 -1432478874
Phan tu lon nhat trong doan [13, 49]: 930715946
Swap -67295230 va 930715946
Mang sau khi swap: 1973553709 1935523572 1785843196 1762600323 1666688266 1649661416 1549504341 1265042558 1130189781 1116819636 1086627307 999156587 930715946 -1830927986 828597817 -1655755598 490194776 -1597680043 -1342041801 568823282 -1380806702 421340485 306429132 -1979407262 -733916412 -882049640 -153496805 857470975 -1739136365 -1890601524 -1148372585 -1928554330 -67295230 -1891788677 -1398597413 -1859377958 558787065 -384851240 -1083048481 -409213832 -818648967 -870100464 -707372727 -34073715 458892962 570482190 -1914606943 28668399 -591482759 -1432478874

i = 13
Mang truoc khi swap: 1973553709 1935523572 1785843196 1762600323 1666688266 1649661416 1549504341 1265042558 1130189781 1116819636 1086627307 999156587 930715946 -1830927986 828597817 -1655755598 490194776 -1597680043 -1342041801 568823282 -1380806702 421340485 306429132 -1979407262 -733916412 -882049640 -153496805 857470975 -1739136365 -1890601524 -1148372585 -1928554330 -67295230 -1891788677 -1398597413 -1859377958 558787065 -384851240 -1083048481 -409213832 -818648967 -870100464 -707372727 -34073715 458892962 570482190 -1914606943 28668399 -591482759 -1432478874
Phan tu lon nhat trong doan [14, 49]: 857470975
Swap -1830927986 va 857470975
Mang sau khi swap: 1973553709 1935523572 1785843196 1762600323 1666688266 1649661416 1549504341 1265042558 1130189781 1116819636 1086627307 999156587 930715946 857470975 828597817 -1655755598 490194776 -1597680043 -1342041801 568823282 -1380806702 421340485 306429132 -1979407262 -733916412 -882049640 -153496805 -1830927986 -1739136365 -1890601524 -1148372585 -1928554330 -67295230 -1891788677 -1398597413 -1859377958 558787065 -384851240 -1083048481 -409213832 -818648967 -870100464 -707372727 -34073715 458892962 570482190 -1914606943 28668399 -591482759 -1432478874

i = 14
Mang truoc khi swap: 1973553709 1935523572 1785843196 1762600323 1666688266 1649661416 1549504341 1265042558 1130189781 1116819636 1086627307 999156587 930715946 857470975 828597817 -1655755598 490194776 -1597680043 -1342041801 568823282 -1380806702 421340485 306429132 -1979407262 -733916412 -882049640 -153496805 -1830927986 -1739136365 -1890601524 -1148372585 -1928554330 -67295230 -1891788677 -1398597413 -1859377958 558787065 -384851240 -1083048481 -409213832 -818648967 -870100464 -707372727 -34073715 458892962 570482190 -1914606943 28668399 -591482759 -1432478874
Phan tu lon nhat trong doan [15, 49]: 828597817
Swap 828597817 va 828597817
Mang sau khi swap: 1973553709 1935523572 1785843196 1762600323 1666688266 1649661416 1549504341 1265042558 1130189781 1116819636 1086627307 999156587 930715946 857470975 828597817 -1655755598 490194776 -1597680043 -1342041801 568823282 -1380806702 421340485 306429132 -1979407262 -733916412 -882049640 -153496805 -1830927986 -1739136365 -1890601524 -1148372585 -1928554330 -67295230 -1891788677 -1398597413 -1859377958 558787065 -384851240 -1083048481 -409213832 -818648967 -870100464 -707372727 -34073715 458892962 570482190 -1914606943 28668399 -591482759 -1432478874

i = 15
Mang truoc khi swap: 1973553709 1935523572 1785843196 1762600323 1666688266 1649661416 1549504341 1265042558 1130189781 1116819636 1086627307 999156587 930715946 857470975 828597817 -1655755598 490194776 -1597680043 -1342041801 568823282 -1380806702 421340485 306429132 -1979407262 -733916412 -882049640 -153496805 -1830927986 -1739136365 -1890601524 -1148372585 -1928554330 -67295230 -1891788677 -1398597413 -1859377958 558787065 -384851240 -1083048481 -409213832 -818648967 -870100464 -707372727 -34073715 458892962 570482190 -1914606943 28668399 -591482759 -1432478874
Phan tu lon nhat trong doan [16, 49]: 570482190
Swap -1655755598 va 570482190
Mang sau khi swap: 1973553709 1935523572 1785843196 1762600323 1666688266 1649661416 1549504341 1265042558 1130189781 1116819636 1086627307 999156587 930715946 857470975 828597817 570482190 490194776 -1597680043 -1342041801 568823282 -1380806702 421340485 306429132 -1979407262 -733916412 -882049640 -153496805 -1830927986 -1739136365 -1890601524 -1148372585 -1928554330 -67295230 -1891788677 -1398597413 -1859377958 558787065 -384851240 -1083048481 -409213832 -818648967 -870100464 -707372727 -34073715 458892962 -1655755598 -1914606943 28668399 -591482759 -1432478874

i = 16
Mang truoc khi swap: 1973553709 1935523572 1785843196 1762600323 1666688266 1649661416 1549504341 1265042558 1130189781 1116819636 1086627307 999156587 930715946 857470975 828597817 570482190 490194776 -1597680043 -1342041801 568823282 -1380806702 421340485 306429132 -1979407262 -733916412 -882049640 -153496805 -1830927986 -1739136365 -1890601524 -1148372585 -1928554330 -67295230 -1891788677 -1398597413 -1859377958 558787065 -384851240 -1083048481 -409213832 -818648967 -870100464 -707372727 -34073715 458892962 -1655755598 -1914606943 28668399 -591482759 -1432478874
Phan tu lon nhat trong doan [17, 49]: 568823282
Swap 490194776 va 568823282
Mang sau khi swap: 1973553709 1935523572 1785843196 1762600323 1666688266 1649661416 1549504341 1265042558 1130189781 1116819636 1086627307 999156587 930715946 857470975 828597817 570482190 568823282 -1597680043 -1342041801 490194776 -1380806702 421340485 306429132 -1979407262 -733916412 -882049640 -153496805 -1830927986 -1739136365 -1890601524 -1148372585 -1928554330 -67295230 -1891788677 -1398597413 -1859377958 558787065 -384851240 -1083048481 -409213832 -818648967 -870100464 -707372727 -34073715 458892962 -1655755598 -1914606943 28668399 -591482759 -1432478874

i = 17
Mang truoc khi swap: 1973553709 1935523572 1785843196 1762600323 1666688266 1649661416 1549504341 1265042558 1130189781 1116819636 1086627307 999156587 930715946 857470975 828597817 570482190 568823282 -1597680043 -1342041801 490194776 -1380806702 421340485 306429132 -1979407262 -733916412 -882049640 -153496805 -1830927986 -1739136365 -1890601524 -1148372585 -1928554330 -67295230 -1891788677 -1398597413 -1859377958 558787065 -384851240 -1083048481 -409213832 -818648967 -870100464 -707372727 -34073715 458892962 -1655755598 -1914606943 28668399 -591482759 -1432478874
Phan tu lon nhat trong doan [18, 49]: 558787065
Swap -1597680043 va 558787065
Mang sau khi swap: 1973553709 1935523572 1785843196 1762600323 1666688266 1649661416 1549504341 1265042558 1130189781 1116819636 1086627307 999156587 930715946 857470975 828597817 570482190 568823282 558787065 -1342041801 490194776 -1380806702 421340485 306429132 -1979407262 -733916412 -882049640 -153496805 -1830927986 -1739136365 -1890601524 -1148372585 -1928554330 -67295230 -1891788677 -1398597413 -1859377958 -1597680043 -384851240 -1083048481 -409213832 -818648967 -870100464 -707372727 -34073715 458892962 -1655755598 -1914606943 28668399 -591482759 -1432478874

i = 18
Mang truoc khi swap: 1973553709 1935523572 1785843196 1762600323 1666688266 1649661416 1549504341 1265042558 1130189781 1116819636 1086627307 999156587 930715946 857470975 828597817 570482190 568823282 558787065 -1342041801 490194776 -1380806702 421340485 306429132 -1979407262 -733916412 -882049640 -153496805 -1830927986 -1739136365 -1890601524 -1148372585 -1928554330 -67295230 -1891788677 -1398597413 -1859377958 -1597680043 -384851240 -1083048481 -409213832 -818648967 -870100464 -707372727 -34073715 458892962 -1655755598 -1914606943 28668399 -591482759 -1432478874
Phan tu lon nhat trong doan [19, 49]: 490194776
Swap -1342041801 va 490194776
Mang sau khi swap: 1973553709 1935523572 1785843196 1762600323 1666688266 1649661416 1549504341 1265042558 1130189781 1116819636 1086627307 999156587 930715946 857470975 828597817 570482190 568823282 558787065 490194776 -1342041801 -1380806702 421340485 306429132 -1979407262 -733916412 -882049640 -153496805 -1830927986 -1739136365 -1890601524 -1148372585 -1928554330 -67295230 -1891788677 -1398597413 -1859377958 -1597680043 -384851240 -1083048481 -409213832 -818648967 -870100464 -707372727 -34073715 458892962 -1655755598 -1914606943 28668399 -591482759 -1432478874

i = 19
Mang truoc khi swap: 1973553709 1935523572 1785843196 1762600323 1666688266 1649661416 1549504341 1265042558 1130189781 1116819636 1086627307 999156587 930715946 857470975 828597817 570482190 568823282 558787065 490194776 -1342041801 -1380806702 421340485 306429132 -1979407262 -733916412 -882049640 -153496805 -1830927986 -1739136365 -1890601524 -1148372585 -1928554330 -67295230 -1891788677 -1398597413 -1859377958 -1597680043 -384851240 -1083048481 -409213832 -818648967 -870100464 -707372727 -34073715 458892962 -1655755598 -1914606943 28668399 -591482759 -1432478874
Phan tu lon nhat trong doan [20, 49]: 458892962
Swap -1342041801 va 458892962
Mang sau khi swap: 1973553709 1935523572 1785843196 1762600323 1666688266 1649661416 1549504341 1265042558 1130189781 1116819636 1086627307 999156587 930715946 857470975 828597817 570482190 568823282 558787065 490194776 458892962 -1380806702 421340485 306429132 -1979407262 -733916412 -882049640 -153496805 -1830927986 -1739136365 -1890601524 -1148372585 -1928554330 -67295230 -1891788677 -1398597413 -1859377958 -1597680043 -384851240 -1083048481 -409213832 -818648967 -870100464 -707372727 -34073715 -1342041801 -1655755598 -1914606943 28668399 -591482759 -1432478874

i = 20
Mang truoc khi swap: 1973553709 1935523572 1785843196 1762600323 1666688266 1649661416 1549504341 1265042558 1130189781 1116819636 1086627307 999156587 930715946 857470975 828597817 570482190 568823282 558787065 490194776 458892962 -1380806702 421340485 306429132 -1979407262 -733916412 -882049640 -153496805 -1830927986 -1739136365 -1890601524 -1148372585 -1928554330 -67295230 -1891788677 -1398597413 -1859377958 -1597680043 -384851240 -1083048481 -409213832 -818648967 -870100464 -707372727 -34073715 -1342041801 -1655755598 -1914606943 28668399 -591482759 -1432478874
Phan tu lon nhat trong doan [21, 49]: 421340485
Swap -1380806702 va 421340485
Mang sau khi swap: 1973553709 1935523572 1785843196 1762600323 1666688266 1649661416 1549504341 1265042558 1130189781 1116819636 1086627307 999156587 930715946 857470975 828597817 570482190 568823282 558787065 490194776 458892962 421340485 -1380806702 306429132 -1979407262 -733916412 -882049640 -153496805 -1830927986 -1739136365 -1890601524 -1148372585 -1928554330 -67295230 -1891788677 -1398597413 -1859377958 -1597680043 -384851240 -1083048481 -409213832 -818648967 -870100464 -707372727 -34073715 -1342041801 -1655755598 -1914606943 28668399 -591482759 -1432478874

i = 21
Mang truoc khi swap: 1973553709 1935523572 1785843196 1762600323 1666688266 1649661416 1549504341 1265042558 1130189781 1116819636 1086627307 999156587 930715946 857470975 828597817 570482190 568823282 558787065 490194776 458892962 421340485 -1380806702 306429132 -1979407262 -733916412 -882049640 -153496805 -1830927986 -1739136365 -1890601524 -1148372585 -1928554330 -67295230 -1891788677 -1398597413 -1859377958 -1597680043 -384851240 -1083048481 -409213832 -818648967 -870100464 -707372727 -34073715 -1342041801 -1655755598 -1914606943 28668399 -591482759 -1432478874
Phan tu lon nhat trong doan [22, 49]: 306429132
Swap -1380806702 va 306429132
Mang sau khi swap: 1973553709 1935523572 1785843196 1762600323 1666688266 1649661416 1549504341 1265042558 1130189781 1116819636 1086627307 999156587 930715946 857470975 828597817 570482190 568823282 558787065 490194776 458892962 421340485 306429132 -1380806702 -1979407262 -733916412 -882049640 -153496805 -1830927986 -1739136365 -1890601524 -1148372585 -1928554330 -67295230 -1891788677 -1398597413 -1859377958 -1597680043 -384851240 -1083048481 -409213832 -818648967 -870100464 -707372727 -34073715 -1342041801 -1655755598 -1914606943 28668399 -591482759 -1432478874

i = 22
Mang truoc khi swap: 1973553709 1935523572 1785843196 1762600323 1666688266 1649661416 1549504341 1265042558 1130189781 1116819636 1086627307 999156587 930715946 857470975 828597817 570482190 568823282 558787065 490194776 458892962 421340485 306429132 -1380806702 -1979407262 -733916412 -882049640 -153496805 -1830927986 -1739136365 -1890601524 -1148372585 -1928554330 -67295230 -1891788677 -1398597413 -1859377958 -1597680043 -384851240 -1083048481 -409213832 -818648967 -870100464 -707372727 -34073715 -1342041801 -1655755598 -1914606943 28668399 -591482759 -1432478874
Phan tu lon nhat trong doan [23, 49]: 28668399
Swap -1380806702 va 28668399
Mang sau khi swap: 1973553709 1935523572 1785843196 1762600323 1666688266 1649661416 1549504341 1265042558 1130189781 1116819636 1086627307 999156587 930715946 857470975 828597817 570482190 568823282 558787065 490194776 458892962 421340485 306429132 28668399 -1979407262 -733916412 -882049640 -153496805 -1830927986 -1739136365 -1890601524 -1148372585 -1928554330 -67295230 -1891788677 -1398597413 -1859377958 -1597680043 -384851240 -1083048481 -409213832 -818648967 -870100464 -707372727 -34073715 -1342041801 -1655755598 -1914606943 -1380806702 -591482759 -1432478874

i = 23
Mang truoc khi swap: 1973553709 1935523572 1785843196 1762600323 1666688266 1649661416 1549504341 1265042558 1130189781 1116819636 1086627307 999156587 930715946 857470975 828597817 570482190 568823282 558787065 490194776 458892962 421340485 306429132 28668399 -1979407262 -733916412 -882049640 -153496805 -1830927986 -1739136365 -1890601524 -1148372585 -1928554330 -67295230 -1891788677 -1398597413 -1859377958 -1597680043 -384851240 -1083048481 -409213832 -818648967 -870100464 -707372727 -34073715 -1342041801 -1655755598 -1914606943 -1380806702 -591482759 -1432478874
Phan tu lon nhat trong doan [24, 49]: -34073715
Swap -1979407262 va -34073715
Mang sau khi swap: 1973553709 1935523572 1785843196 1762600323 1666688266 1649661416 1549504341 1265042558 1130189781 1116819636 1086627307 999156587 930715946 857470975 828597817 570482190 568823282 558787065 490194776 458892962 421340485 306429132 28668399 -34073715 -733916412 -882049640 -153496805 -1830927986 -1739136365 -1890601524 -1148372585 -1928554330 -67295230 -1891788677 -1398597413 -1859377958 -1597680043 -384851240 -1083048481 -409213832 -818648967 -870100464 -707372727 -1979407262 -1342041801 -1655755598 -1914606943 -1380806702 -591482759 -1432478874

i = 24
Mang truoc khi swap: 1973553709 1935523572 1785843196 1762600323 1666688266 1649661416 1549504341 1265042558 1130189781 1116819636 1086627307 999156587 930715946 857470975 828597817 570482190 568823282 558787065 490194776 458892962 421340485 306429132 28668399 -34073715 -733916412 -882049640 -153496805 -1830927986 -1739136365 -1890601524 -1148372585 -1928554330 -67295230 -1891788677 -1398597413 -1859377958 -1597680043 -384851240 -1083048481 -409213832 -818648967 -870100464 -707372727 -1979407262 -1342041801 -1655755598 -1914606943 -1380806702 -591482759 -1432478874
Phan tu lon nhat trong doan [25, 49]: -67295230
Swap -733916412 va -67295230
Mang sau khi swap: 1973553709 1935523572 1785843196 1762600323 1666688266 1649661416 1549504341 1265042558 1130189781 1116819636 1086627307 999156587 930715946 857470975 828597817 570482190 568823282 558787065 490194776 458892962 421340485 306429132 28668399 -34073715 -67295230 -882049640 -153496805 -1830927986 -1739136365 -1890601524 -1148372585 -1928554330 -733916412 -1891788677 -1398597413 -1859377958 -1597680043 -384851240 -1083048481 -409213832 -818648967 -870100464 -707372727 -1979407262 -1342041801 -1655755598 -1914606943 -1380806702 -591482759 -1432478874

i = 25
Mang truoc khi swap: 1973553709 1935523572 1785843196 1762600323 1666688266 1649661416 1549504341 1265042558 1130189781 1116819636 1086627307 999156587 930715946 857470975 828597817 570482190 568823282 558787065 490194776 458892962 421340485 306429132 28668399 -34073715 -67295230 -882049640 -153496805 -1830927986 -1739136365 -1890601524 -1148372585 -1928554330 -733916412 -1891788677 -1398597413 -1859377958 -1597680043 -384851240 -1083048481 -409213832 -818648967 -870100464 -707372727 -1979407262 -1342041801 -1655755598 -1914606943 -1380806702 -591482759 -1432478874
Phan tu lon nhat trong doan [26, 49]: -153496805
Swap -882049640 va -153496805
Mang sau khi swap: 1973553709 1935523572 1785843196 1762600323 1666688266 1649661416 1549504341 1265042558 1130189781 1116819636 1086627307 999156587 930715946 857470975 828597817 570482190 568823282 558787065 490194776 458892962 421340485 306429132 28668399 -34073715 -67295230 -153496805 -882049640 -1830927986 -1739136365 -1890601524 -1148372585 -1928554330 -733916412 -1891788677 -1398597413 -1859377958 -1597680043 -384851240 -1083048481 -409213832 -818648967 -870100464 -707372727 -1979407262 -1342041801 -1655755598 -1914606943 -1380806702 -591482759 -1432478874

i = 26
Mang truoc khi swap: 1973553709 1935523572 1785843196 1762600323 1666688266 1649661416 1549504341 1265042558 1130189781 1116819636 1086627307 999156587 930715946 857470975 828597817 570482190 568823282 558787065 490194776 458892962 421340485 306429132 28668399 -34073715 -67295230 -153496805 -882049640 -1830927986 -1739136365 -1890601524 -1148372585 -1928554330 -733916412 -1891788677 -1398597413 -1859377958 -1597680043 -384851240 -1083048481 -409213832 -818648967 -870100464 -707372727 -1979407262 -1342041801 -1655755598 -1914606943 -1380806702 -591482759 -1432478874
Phan tu lon nhat trong doan [27, 49]: -384851240
Swap -882049640 va -384851240
Mang sau khi swap: 1973553709 1935523572 1785843196 1762600323 1666688266 1649661416 1549504341 1265042558 1130189781 1116819636 1086627307 999156587 930715946 857470975 828597817 570482190 568823282 558787065 490194776 458892962 421340485 306429132 28668399 -34073715 -67295230 -153496805 -384851240 -1830927986 -1739136365 -1890601524 -1148372585 -1928554330 -733916412 -1891788677 -1398597413 -1859377958 -1597680043 -882049640 -1083048481 -409213832 -818648967 -870100464 -707372727 -1979407262 -1342041801 -1655755598 -1914606943 -1380806702 -591482759 -1432478874

i = 27
Mang truoc khi swap: 1973553709 1935523572 1785843196 1762600323 1666688266 1649661416 1549504341 1265042558 1130189781 1116819636 1086627307 999156587 930715946 857470975 828597817 570482190 568823282 558787065 490194776 458892962 421340485 306429132 28668399 -34073715 -67295230 -153496805 -384851240 -1830927986 -1739136365 -1890601524 -1148372585 -1928554330 -733916412 -1891788677 -1398597413 -1859377958 -1597680043 -882049640 -1083048481 -409213832 -818648967 -870100464 -707372727 -1979407262 -1342041801 -1655755598 -1914606943 -1380806702 -591482759 -1432478874
Phan tu lon nhat trong doan [28, 49]: -409213832
Swap -1830927986 va -409213832
Mang sau khi swap: 1973553709 1935523572 1785843196 1762600323 1666688266 1649661416 1549504341 1265042558 1130189781 1116819636 1086627307 999156587 930715946 857470975 828597817 570482190 568823282 558787065 490194776 458892962 421340485 306429132 28668399 -34073715 -67295230 -153496805 -384851240 -409213832 -1739136365 -1890601524 -1148372585 -1928554330 -733916412 -1891788677 -1398597413 -1859377958 -1597680043 -882049640 -1083048481 -1830927986 -818648967 -870100464 -707372727 -1979407262 -1342041801 -1655755598 -1914606943 -1380806702 -591482759 -1432478874

i = 28
Mang truoc khi swap: 1973553709 1935523572 1785843196 1762600323 1666688266 1649661416 1549504341 1265042558 1130189781 1116819636 1086627307 999156587 930715946 857470975 828597817 570482190 568823282 558787065 490194776 458892962 421340485 306429132 28668399 -34073715 -67295230 -153496805 -384851240 -409213832 -1739136365 -1890601524 -1148372585 -1928554330 -733916412 -1891788677 -1398597413 -1859377958 -1597680043 -882049640 -1083048481 -1830927986 -818648967 -870100464 -707372727 -1979407262 -1342041801 -1655755598 -1914606943 -1380806702 -591482759 -1432478874
Phan tu lon nhat trong doan [29, 49]: -591482759
Swap -1739136365 va -591482759
Mang sau khi swap: 1973553709 1935523572 1785843196 1762600323 1666688266 1649661416 1549504341 1265042558 1130189781 1116819636 1086627307 999156587 930715946 857470975 828597817 570482190 568823282 558787065 490194776 458892962 421340485 306429132 28668399 -34073715 -67295230 -153496805 -384851240 -409213832 -591482759 -1890601524 -1148372585 -1928554330 -733916412 -1891788677 -1398597413 -1859377958 -1597680043 -882049640 -1083048481 -1830927986 -818648967 -870100464 -707372727 -1979407262 -1342041801 -1655755598 -1914606943 -1380806702 -1739136365 -1432478874

i = 29
Mang truoc khi swap: 1973553709 1935523572 1785843196 1762600323 1666688266 1649661416 1549504341 1265042558 1130189781 1116819636 1086627307 999156587 930715946 857470975 828597817 570482190 568823282 558787065 490194776 458892962 421340485 306429132 28668399 -34073715 -67295230 -153496805 -384851240 -409213832 -591482759 -1890601524 -1148372585 -1928554330 -733916412 -1891788677 -1398597413 -1859377958 -1597680043 -882049640 -1083048481 -1830927986 -818648967 -870100464 -707372727 -1979407262 -1342041801 -1655755598 -1914606943 -1380806702 -1739136365 -1432478874
Phan tu lon nhat trong doan [30, 49]: -707372727
Swap -1890601524 va -707372727
Mang sau khi swap: 1973553709 1935523572 1785843196 1762600323 1666688266 1649661416 1549504341 1265042558 1130189781 1116819636 1086627307 999156587 930715946 857470975 828597817 570482190 568823282 558787065 490194776 458892962 421340485 306429132 28668399 -34073715 -67295230 -153496805 -384851240 -409213832 -591482759 -707372727 -1148372585 -1928554330 -733916412 -1891788677 -1398597413 -1859377958 -1597680043 -882049640 -1083048481 -1830927986 -818648967 -870100464 -1890601524 -1979407262 -1342041801 -1655755598 -1914606943 -1380806702 -1739136365 -1432478874

i = 30
Mang truoc khi swap: 1973553709 1935523572 1785843196 1762600323 1666688266 1649661416 1549504341 1265042558 1130189781 1116819636 1086627307 999156587 930715946 857470975 828597817 570482190 568823282 558787065 490194776 458892962 421340485 306429132 28668399 -34073715 -67295230 -153496805 -384851240 -409213832 -591482759 -707372727 -1148372585 -1928554330 -733916412 -1891788677 -1398597413 -1859377958 -1597680043 -882049640 -1083048481 -1830927986 -818648967 -870100464 -1890601524 -1979407262 -1342041801 -1655755598 -1914606943 -1380806702 -1739136365 -1432478874
Phan tu lon nhat trong doan [31, 49]: -733916412
Swap -1148372585 va -733916412
Mang sau khi swap: 1973553709 1935523572 1785843196 1762600323 1666688266 1649661416 1549504341 1265042558 1130189781 1116819636 1086627307 999156587 930715946 857470975 828597817 570482190 568823282 558787065 490194776 458892962 421340485 306429132 28668399 -34073715 -67295230 -153496805 -384851240 -409213832 -591482759 -707372727 -733916412 -1928554330 -1148372585 -1891788677 -1398597413 -1859377958 -1597680043 -882049640 -1083048481 -1830927986 -818648967 -870100464 -1890601524 -1979407262 -1342041801 -1655755598 -1914606943 -1380806702 -1739136365 -1432478874

i = 31
Mang truoc khi swap: 1973553709 1935523572 1785843196 1762600323 1666688266 1649661416 1549504341 1265042558 1130189781 1116819636 1086627307 999156587 930715946 857470975 828597817 570482190 568823282 558787065 490194776 458892962 421340485 306429132 28668399 -34073715 -67295230 -153496805 -384851240 -409213832 -591482759 -707372727 -733916412 -1928554330 -1148372585 -1891788677 -1398597413 -1859377958 -1597680043 -882049640 -1083048481 -1830927986 -818648967 -870100464 -1890601524 -1979407262 -1342041801 -1655755598 -1914606943 -1380806702 -1739136365 -1432478874
Phan tu lon nhat trong doan [32, 49]: -818648967
Swap -1928554330 va -818648967
Mang sau khi swap: 1973553709 1935523572 1785843196 1762600323 1666688266 1649661416 1549504341 1265042558 1130189781 1116819636 1086627307 999156587 930715946 857470975 828597817 570482190 568823282 558787065 490194776 458892962 421340485 306429132 28668399 -34073715 -67295230 -153496805 -384851240 -409213832 -591482759 -707372727 -733916412 -818648967 -1148372585 -1891788677 -1398597413 -1859377958 -1597680043 -882049640 -1083048481 -1830927986 -1928554330 -870100464 -1890601524 -1979407262 -1342041801 -1655755598 -1914606943 -1380806702 -1739136365 -1432478874

i = 32
Mang truoc khi swap: 1973553709 1935523572 1785843196 1762600323 1666688266 1649661416 1549504341 1265042558 1130189781 1116819636 1086627307 999156587 930715946 857470975 828597817 570482190 568823282 558787065 490194776 458892962 421340485 306429132 28668399 -34073715 -67295230 -153496805 -384851240 -409213832 -591482759 -707372727 -733916412 -818648967 -1148372585 -1891788677 -1398597413 -1859377958 -1597680043 -882049640 -1083048481 -1830927986 -1928554330 -870100464 -1890601524 -1979407262 -1342041801 -1655755598 -1914606943 -1380806702 -1739136365 -1432478874
Phan tu lon nhat trong doan [33, 49]: -870100464
Swap -1148372585 va -870100464
Mang sau khi swap: 1973553709 1935523572 1785843196 1762600323 1666688266 1649661416 1549504341 1265042558 1130189781 1116819636 1086627307 999156587 930715946 857470975 828597817 570482190 568823282 558787065 490194776 458892962 421340485 306429132 28668399 -34073715 -67295230 -153496805 -384851240 -409213832 -591482759 -707372727 -733916412 -818648967 -870100464 -1891788677 -1398597413 -1859377958 -1597680043 -882049640 -1083048481 -1830927986 -1928554330 -1148372585 -1890601524 -1979407262 -1342041801 -1655755598 -1914606943 -1380806702 -1739136365 -1432478874

i = 33
Mang truoc khi swap: 1973553709 1935523572 1785843196 1762600323 1666688266 1649661416 1549504341 1265042558 1130189781 1116819636 1086627307 999156587 930715946 857470975 828597817 570482190 568823282 558787065 490194776 458892962 421340485 306429132 28668399 -34073715 -67295230 -153496805 -384851240 -409213832 -591482759 -707372727 -733916412 -818648967 -870100464 -1891788677 -1398597413 -1859377958 -1597680043 -882049640 -1083048481 -1830927986 -1928554330 -1148372585 -1890601524 -1979407262 -1342041801 -1655755598 -1914606943 -1380806702 -1739136365 -1432478874
Phan tu lon nhat trong doan [34, 49]: -882049640
Swap -1891788677 va -882049640
Mang sau khi swap: 1973553709 1935523572 1785843196 1762600323 1666688266 1649661416 1549504341 1265042558 1130189781 1116819636 1086627307 999156587 930715946 857470975 828597817 570482190 568823282 558787065 490194776 458892962 421340485 306429132 28668399 -34073715 -67295230 -153496805 -384851240 -409213832 -591482759 -707372727 -733916412 -818648967 -870100464 -882049640 -1398597413 -1859377958 -1597680043 -1891788677 -1083048481 -1830927986 -1928554330 -1148372585 -1890601524 -1979407262 -1342041801 -1655755598 -1914606943 -1380806702 -1739136365 -1432478874

i = 34
Mang truoc khi swap: 1973553709 1935523572 1785843196 1762600323 1666688266 1649661416 1549504341 1265042558 1130189781 1116819636 1086627307 999156587 930715946 857470975 828597817 570482190 568823282 558787065 490194776 458892962 421340485 306429132 28668399 -34073715 -67295230 -153496805 -384851240 -409213832 -591482759 -707372727 -733916412 -818648967 -870100464 -882049640 -1398597413 -1859377958 -1597680043 -1891788677 -1083048481 -1830927986 -1928554330 -1148372585 -1890601524 -1979407262 -1342041801 -1655755598 -1914606943 -1380806702 -1739136365 -1432478874
Phan tu lon nhat trong doan [35, 49]: -1083048481
Swap -1398597413 va -1083048481
Mang sau khi swap: 1973553709 1935523572 1785843196 1762600323 1666688266 1649661416 1549504341 1265042558 1130189781 1116819636 1086627307 999156587 930715946 857470975 828597817 570482190 568823282 558787065 490194776 458892962 421340485 306429132 28668399 -34073715 -67295230 -153496805 -384851240 -409213832 -591482759 -707372727 -733916412 -818648967 -870100464 -882049640 -1083048481 -1859377958 -1597680043 -1891788677 -1398597413 -1830927986 -1928554330 -1148372585 -1890601524 -1979407262 -1342041801 -1655755598 -1914606943 -1380806702 -1739136365 -1432478874

i = 35
Mang truoc khi swap: 1973553709 1935523572 1785843196 1762600323 1666688266 1649661416 1549504341 1265042558 1130189781 1116819636 1086627307 999156587 930715946 857470975 828597817 570482190 568823282 558787065 490194776 458892962 421340485 306429132 28668399 -34073715 -67295230 -153496805 -384851240 -409213832 -591482759 -707372727 -733916412 -818648967 -870100464 -882049640 -1083048481 -1859377958 -1597680043 -1891788677 -1398597413 -1830927986 -1928554330 -1148372585 -1890601524 -1979407262 -1342041801 -1655755598 -1914606943 -1380806702 -1739136365 -1432478874
Phan tu lon nhat trong doan [36, 49]: -1148372585
Swap -1859377958 va -1148372585
Mang sau khi swap: 1973553709 1935523572 1785843196 1762600323 1666688266 1649661416 1549504341 1265042558 1130189781 1116819636 1086627307 999156587 930715946 857470975 828597817 570482190 568823282 558787065 490194776 458892962 421340485 306429132 28668399 -34073715 -67295230 -153496805 -384851240 -409213832 -591482759 -707372727 -733916412 -818648967 -870100464 -882049640 -1083048481 -1148372585 -1597680043 -1891788677 -1398597413 -1830927986 -1928554330 -1859377958 -1890601524 -1979407262 -1342041801 -1655755598 -1914606943 -1380806702 -1739136365 -1432478874

i = 36
Mang truoc khi swap: 1973553709 1935523572 1785843196 1762600323 1666688266 1649661416 1549504341 1265042558 1130189781 1116819636 1086627307 999156587 930715946 857470975 828597817 570482190 568823282 558787065 490194776 458892962 421340485 306429132 28668399 -34073715 -67295230 -153496805 -384851240 -409213832 -591482759 -707372727 -733916412 -818648967 -870100464 -882049640 -1083048481 -1148372585 -1597680043 -1891788677 -1398597413 -1830927986 -1928554330 -1859377958 -1890601524 -1979407262 -1342041801 -1655755598 -1914606943 -1380806702 -1739136365 -1432478874
Phan tu lon nhat trong doan [37, 49]: -1342041801
Swap -1597680043 va -1342041801
Mang sau khi swap: 1973553709 1935523572 1785843196 1762600323 1666688266 1649661416 1549504341 1265042558 1130189781 1116819636 1086627307 999156587 930715946 857470975 828597817 570482190 568823282 558787065 490194776 458892962 421340485 306429132 28668399 -34073715 -67295230 -153496805 -384851240 -409213832 -591482759 -707372727 -733916412 -818648967 -870100464 -882049640 -1083048481 -1148372585 -1342041801 -1891788677 -1398597413 -1830927986 -1928554330 -1859377958 -1890601524 -1979407262 -1597680043 -1655755598 -1914606943 -1380806702 -1739136365 -1432478874

i = 37
Mang truoc khi swap: 1973553709 1935523572 1785843196 1762600323 1666688266 1649661416 1549504341 1265042558 1130189781 1116819636 1086627307 999156587 930715946 857470975 828597817 570482190 568823282 558787065 490194776 458892962 421340485 306429132 28668399 -34073715 -67295230 -153496805 -384851240 -409213832 -591482759 -707372727 -733916412 -818648967 -870100464 -882049640 -1083048481 -1148372585 -1342041801 -1891788677 -1398597413 -1830927986 -1928554330 -1859377958 -1890601524 -1979407262 -1597680043 -1655755598 -1914606943 -1380806702 -1739136365 -1432478874
Phan tu lon nhat trong doan [38, 49]: -1380806702
Swap -1891788677 va -1380806702
Mang sau khi swap: 1973553709 1935523572 1785843196 1762600323 1666688266 1649661416 1549504341 1265042558 1130189781 1116819636 1086627307 999156587 930715946 857470975 828597817 570482190 568823282 558787065 490194776 458892962 421340485 306429132 28668399 -34073715 -67295230 -153496805 -384851240 -409213832 -591482759 -707372727 -733916412 -818648967 -870100464 -882049640 -1083048481 -1148372585 -1342041801 -1380806702 -1398597413 -1830927986 -1928554330 -1859377958 -1890601524 -1979407262 -1597680043 -1655755598 -1914606943 -1891788677 -1739136365 -1432478874

i = 38
Mang truoc khi swap: 1973553709 1935523572 1785843196 1762600323 1666688266 1649661416 1549504341 1265042558 1130189781 1116819636 1086627307 999156587 930715946 857470975 828597817 570482190 568823282 558787065 490194776 458892962 421340485 306429132 28668399 -34073715 -67295230 -153496805 -384851240 -409213832 -591482759 -707372727 -733916412 -818648967 -870100464 -882049640 -1083048481 -1148372585 -1342041801 -1380806702 -1398597413 -1830927986 -1928554330 -1859377958 -1890601524 -1979407262 -1597680043 -1655755598 -1914606943 -1891788677 -1739136365 -1432478874
Phan tu lon nhat trong doan [39, 49]: -1398597413
Swap -1398597413 va -1398597413
Mang sau khi swap: 1973553709 1935523572 1785843196 1762600323 1666688266 1649661416 1549504341 1265042558 1130189781 1116819636 1086627307 999156587 930715946 857470975 828597817 570482190 568823282 558787065 490194776 458892962 421340485 306429132 28668399 -34073715 -67295230 -153496805 -384851240 -409213832 -591482759 -707372727 -733916412 -818648967 -870100464 -882049640 -1083048481 -1148372585 -1342041801 -1380806702 -1398597413 -1830927986 -1928554330 -1859377958 -1890601524 -1979407262 -1597680043 -1655755598 -1914606943 -1891788677 -1739136365 -1432478874

i = 39
Mang truoc khi swap: 1973553709 1935523572 1785843196 1762600323 1666688266 1649661416 1549504341 1265042558 1130189781 1116819636 1086627307 999156587 930715946 857470975 828597817 570482190 568823282 558787065 490194776 458892962 421340485 306429132 28668399 -34073715 -67295230 -153496805 -384851240 -409213832 -591482759 -707372727 -733916412 -818648967 -870100464 -882049640 -1083048481 -1148372585 -1342041801 -1380806702 -1398597413 -1830927986 -1928554330 -1859377958 -1890601524 -1979407262 -1597680043 -1655755598 -1914606943 -1891788677 -1739136365 -1432478874
Phan tu lon nhat trong doan [40, 49]: -1432478874
Swap -1830927986 va -1432478874
Mang sau khi swap: 1973553709 1935523572 1785843196 1762600323 1666688266 1649661416 1549504341 1265042558 1130189781 1116819636 1086627307 999156587 930715946 857470975 828597817 570482190 568823282 558787065 490194776 458892962 421340485 306429132 28668399 -34073715 -67295230 -153496805 -384851240 -409213832 -591482759 -707372727 -733916412 -818648967 -870100464 -882049640 -1083048481 -1148372585 -1342041801 -1380806702 -1398597413 -1432478874 -1928554330 -1859377958 -1890601524 -1979407262 -1597680043 -1655755598 -1914606943 -1891788677 -1739136365 -1830927986

i = 40
Mang truoc khi swap: 1973553709 1935523572 1785843196 1762600323 1666688266 1649661416 1549504341 1265042558 1130189781 1116819636 1086627307 999156587 930715946 857470975 828597817 570482190 568823282 558787065 490194776 458892962 421340485 306429132 28668399 -34073715 -67295230 -153496805 -384851240 -409213832 -591482759 -707372727 -733916412 -818648967 -870100464 -882049640 -1083048481 -1148372585 -1342041801 -1380806702 -1398597413 -1432478874 -1928554330 -1859377958 -1890601524 -1979407262 -1597680043 -1655755598 -1914606943 -1891788677 -1739136365 -1830927986
Phan tu lon nhat trong doan [41, 49]: -1597680043
Swap -1928554330 va -1597680043
Mang sau khi swap: 1973553709 1935523572 1785843196 1762600323 1666688266 1649661416 1549504341 1265042558 1130189781 1116819636 1086627307 999156587 930715946 857470975 828597817 570482190 568823282 558787065 490194776 458892962 421340485 306429132 28668399 -34073715 -67295230 -153496805 -384851240 -409213832 -591482759 -707372727 -733916412 -818648967 -870100464 -882049640 -1083048481 -1148372585 -1342041801 -1380806702 -1398597413 -1432478874 -1597680043 -1859377958 -1890601524 -1979407262 -1928554330 -1655755598 -1914606943 -1891788677 -1739136365 -1830927986

i = 41
Mang truoc khi swap: 1973553709 1935523572 1785843196 1762600323 1666688266 1649661416 1549504341 1265042558 1130189781 1116819636 1086627307 999156587 930715946 857470975 828597817 570482190 568823282 558787065 490194776 458892962 421340485 306429132 28668399 -34073715 -67295230 -153496805 -384851240 -409213832 -591482759 -707372727 -733916412 -818648967 -870100464 -882049640 -1083048481 -1148372585 -1342041801 -1380806702 -1398597413 -1432478874 -1597680043 -1859377958 -1890601524 -1979407262 -1928554330 -1655755598 -1914606943 -1891788677 -1739136365 -1830927986
Phan tu lon nhat trong doan [42, 49]: -1655755598
Swap -1859377958 va -1655755598
Mang sau khi swap: 1973553709 1935523572 1785843196 1762600323 1666688266 1649661416 1549504341 1265042558 1130189781 1116819636 1086627307 999156587 930715946 857470975 828597817 570482190 568823282 558787065 490194776 458892962 421340485 306429132 28668399 -34073715 -67295230 -153496805 -384851240 -409213832 -591482759 -707372727 -733916412 -818648967 -870100464 -882049640 -1083048481 -1148372585 -1342041801 -1380806702 -1398597413 -1432478874 -1597680043 -1655755598 -1890601524 -1979407262 -1928554330 -1859377958 -1914606943 -1891788677 -1739136365 -1830927986

i = 42
Mang truoc khi swap: 1973553709 1935523572 1785843196 1762600323 1666688266 1649661416 1549504341 1265042558 1130189781 1116819636 1086627307 999156587 930715946 857470975 828597817 570482190 568823282 558787065 490194776 458892962 421340485 306429132 28668399 -34073715 -67295230 -153496805 -384851240 -409213832 -591482759 -707372727 -733916412 -818648967 -870100464 -882049640 -1083048481 -1148372585 -1342041801 -1380806702 -1398597413 -1432478874 -1597680043 -1655755598 -1890601524 -1979407262 -1928554330 -1859377958 -1914606943 -1891788677 -1739136365 -1830927986
Phan tu lon nhat trong doan [43, 49]: -1739136365
Swap -1890601524 va -1739136365
Mang sau khi swap: 1973553709 1935523572 1785843196 1762600323 1666688266 1649661416 1549504341 1265042558 1130189781 1116819636 1086627307 999156587 930715946 857470975 828597817 570482190 568823282 558787065 490194776 458892962 421340485 306429132 28668399 -34073715 -67295230 -153496805 -384851240 -409213832 -591482759 -707372727 -733916412 -818648967 -870100464 -882049640 -1083048481 -1148372585 -1342041801 -1380806702 -1398597413 -1432478874 -1597680043 -1655755598 -1739136365 -1979407262 -1928554330 -1859377958 -1914606943 -1891788677 -1890601524 -1830927986

i = 43
Mang truoc khi swap: 1973553709 1935523572 1785843196 1762600323 1666688266 1649661416 1549504341 1265042558 1130189781 1116819636 1086627307 999156587 930715946 857470975 828597817 570482190 568823282 558787065 490194776 458892962 421340485 306429132 28668399 -34073715 -67295230 -153496805 -384851240 -409213832 -591482759 -707372727 -733916412 -818648967 -870100464 -882049640 -1083048481 -1148372585 -1342041801 -1380806702 -1398597413 -1432478874 -1597680043 -1655755598 -1739136365 -1979407262 -1928554330 -1859377958 -1914606943 -1891788677 -1890601524 -1830927986
Phan tu lon nhat trong doan [44, 49]: -1830927986
Swap -1979407262 va -1830927986
Mang sau khi swap: 1973553709 1935523572 1785843196 1762600323 1666688266 1649661416 1549504341 1265042558 1130189781 1116819636 1086627307 999156587 930715946 857470975 828597817 570482190 568823282 558787065 490194776 458892962 421340485 306429132 28668399 -34073715 -67295230 -153496805 -384851240 -409213832 -591482759 -707372727 -733916412 -818648967 -870100464 -882049640 -1083048481 -1148372585 -1342041801 -1380806702 -1398597413 -1432478874 -1597680043 -1655755598 -1739136365 -1830927986 -1928554330 -1859377958 -1914606943 -1891788677 -1890601524 -1979407262

i = 44
Mang truoc khi swap: 1973553709 1935523572 1785843196 1762600323 1666688266 1649661416 1549504341 1265042558 1130189781 1116819636 1086627307 999156587 930715946 857470975 828597817 570482190 568823282 558787065 490194776 458892962 421340485 306429132 28668399 -34073715 -67295230 -153496805 -384851240 -409213832 -591482759 -707372727 -733916412 -818648967 -870100464 -882049640 -1083048481 -1148372585 -1342041801 -1380806702 -1398597413 -1432478874 -1597680043 -1655755598 -1739136365 -1830927986 -1928554330 -1859377958 -1914606943 -1891788677 -1890601524 -1979407262
Phan tu lon nhat trong doan [45, 49]: -1859377958
Swap -1928554330 va -1859377958
Mang sau khi swap: 1973553709 1935523572 1785843196 1762600323 1666688266 1649661416 1549504341 1265042558 1130189781 1116819636 1086627307 999156587 930715946 857470975 828597817 570482190 568823282 558787065 490194776 458892962 421340485 306429132 28668399 -34073715 -67295230 -153496805 -384851240 -409213832 -591482759 -707372727 -733916412 -818648967 -870100464 -882049640 -1083048481 -1148372585 -1342041801 -1380806702 -1398597413 -1432478874 -1597680043 -1655755598 -1739136365 -1830927986 -1859377958 -1928554330 -1914606943 -1891788677 -1890601524 -1979407262

i = 45
Mang truoc khi swap: 1973553709 1935523572 1785843196 1762600323 1666688266 1649661416 1549504341 1265042558 1130189781 1116819636 1086627307 999156587 930715946 857470975 828597817 570482190 568823282 558787065 490194776 458892962 421340485 306429132 28668399 -34073715 -67295230 -153496805 -384851240 -409213832 -591482759 -707372727 -733916412 -818648967 -870100464 -882049640 -1083048481 -1148372585 -1342041801 -1380806702 -1398597413 -1432478874 -1597680043 -1655755598 -1739136365 -1830927986 -1859377958 -1928554330 -1914606943 -1891788677 -1890601524 -1979407262
Phan tu lon nhat trong doan [46, 49]: -1890601524
Swap -1928554330 va -1890601524
Mang sau khi swap: 1973553709 1935523572 1785843196 1762600323 1666688266 1649661416 1549504341 1265042558 1130189781 1116819636 1086627307 999156587 930715946 857470975 828597817 570482190 568823282 558787065 490194776 458892962 421340485 306429132 28668399 -34073715 -67295230 -153496805 -384851240 -409213832 -591482759 -707372727 -733916412 -818648967 -870100464 -882049640 -1083048481 -1148372585 -1342041801 -1380806702 -1398597413 -1432478874 -1597680043 -1655755598 -1739136365 -1830927986 -1859377958 -1890601524 -1914606943 -1891788677 -1928554330 -1979407262

i = 46
Mang truoc khi swap: 1973553709 1935523572 1785843196 1762600323 1666688266 1649661416 1549504341 1265042558 1130189781 1116819636 1086627307 999156587 930715946 857470975 828597817 570482190 568823282 558787065 490194776 458892962 421340485 306429132 28668399 -34073715 -67295230 -153496805 -384851240 -409213832 -591482759 -707372727 -733916412 -818648967 -870100464 -882049640 -1083048481 -1148372585 -1342041801 -1380806702 -1398597413 -1432478874 -1597680043 -1655755598 -1739136365 -1830927986 -1859377958 -1890601524 -1914606943 -1891788677 -1928554330 -1979407262
Phan tu lon nhat trong doan [47, 49]: -1891788677
Swap -1914606943 va -1891788677
Mang sau khi swap: 1973553709 1935523572 1785843196 1762600323 1666688266 1649661416 1549504341 1265042558 1130189781 1116819636 1086627307 999156587 930715946 857470975 828597817 570482190 568823282 558787065 490194776 458892962 421340485 306429132 28668399 -34073715 -67295230 -153496805 -384851240 -409213832 -591482759 -707372727 -733916412 -818648967 -870100464 -882049640 -1083048481 -1148372585 -1342041801 -1380806702 -1398597413 -1432478874 -1597680043 -1655755598 -1739136365 -1830927986 -1859377958 -1890601524 -1891788677 -1914606943 -1928554330 -1979407262

i = 47
Mang truoc khi swap: 1973553709 1935523572 1785843196 1762600323 1666688266 1649661416 1549504341 1265042558 1130189781 1116819636 1086627307 999156587 930715946 857470975 828597817 570482190 568823282 558787065 490194776 458892962 421340485 306429132 28668399 -34073715 -67295230 -153496805 -384851240 -409213832 -591482759 -707372727 -733916412 -818648967 -870100464 -882049640 -1083048481 -1148372585 -1342041801 -1380806702 -1398597413 -1432478874 -1597680043 -1655755598 -1739136365 -1830927986 -1859377958 -1890601524 -1891788677 -1914606943 -1928554330 -1979407262
Phan tu lon nhat trong doan [48, 49]: -1914606943
Swap -1914606943 va -1914606943
Mang sau khi swap: 1973553709 1935523572 1785843196 1762600323 1666688266 1649661416 1549504341 1265042558 1130189781 1116819636 1086627307 999156587 930715946 857470975 828597817 570482190 568823282 558787065 490194776 458892962 421340485 306429132 28668399 -34073715 -67295230 -153496805 -384851240 -409213832 -591482759 -707372727 -733916412 -818648967 -870100464 -882049640 -1083048481 -1148372585 -1342041801 -1380806702 -1398597413 -1432478874 -1597680043 -1655755598 -1739136365 -1830927986 -1859377958 -1890601524 -1891788677 -1914606943 -1928554330 -1979407262

i = 48
Mang truoc khi swap: 1973553709 1935523572 1785843196 1762600323 1666688266 1649661416 1549504341 1265042558 1130189781 1116819636 1086627307 999156587 930715946 857470975 828597817 570482190 568823282 558787065 490194776 458892962 421340485 306429132 28668399 -34073715 -67295230 -153496805 -384851240 -409213832 -591482759 -707372727 -733916412 -818648967 -870100464 -882049640 -1083048481 -1148372585 -1342041801 -1380806702 -1398597413 -1432478874 -1597680043 -1655755598 -1739136365 -1830927986 -1859377958 -1890601524 -1891788677 -1914606943 -1928554330 -1979407262
Phan tu lon nhat trong doan [49, 49]: -1928554330
Swap -1928554330 va -1928554330
Mang sau khi swap: 1973553709 1935523572 1785843196 1762600323 1666688266 1649661416 1549504341 1265042558 1130189781 1116819636 1086627307 999156587 930715946 857470975 828597817 570482190 568823282 558787065 490194776 458892962 421340485 306429132 28668399 -34073715 -67295230 -153496805 -384851240 -409213832 -591482759 -707372727 -733916412 -818648967 -870100464 -882049640 -1083048481 -1148372585 -1342041801 -1380806702 -1398597413 -1432478874 -1597680043 -1655755598 -1739136365 -1830927986 -1859377958 -1890601524 -1891788677 -1914606943 -1928554330 -1979407262

Mang sau khi sap xep:
1973553709 1935523572 1785843196 1762600323 1666688266 1649661416 1549504341 1265042558 1130189781 1116819636 1086627307 999156587 930715946 857470975 828597817 570482190 568823282 558787065 490194776 458892962 421340485 306429132 28668399 -34073715 -67295230 -153496805 -384851240 -409213832 -591482759 -707372727 -733916412 -818648967 -870100464 -882049640 -1083048481 -1148372585 -1342041801 -1380806702 -1398597413 -1432478874 -1597680043 -1655755598 -1739136365 -1830927986 -1859377958 -1890601524 -1891788677 -1914606943 -1928554330 -1979407262
