Mang truoc khi sap xep:
-761942031 -1111301144 1760516989 1357153700 1446553874 -885156994 939694856 -1014481874 -1493578036 -1879681980 1283470312 223650507 859183687 -479449921 -1922031473 35806175 276814680 -1364191774 -459222439 -1218288631 -1780601321 650684672 -116536718 1657022148 1921812987 445403238 1621212312 1527435317 1286407422 809043192 -1652461065 1871909111 -159191128 -1657605486 134021090 790337080 715870083 -987682626 -1802207110 -163807023 -495701090 -891781763 -1879932254 -1407016810 803732524 1596921821 510295714 -10032825 -300037506 122180929 746855720 -1122137067 1410950974 -1139850571 -1658899988 -644116884 -301657970 -773398744 -1603651398 -834270374 -1300426816 -1116318629

Sap xep:
i = 0
Mang truoc khi swap: -761942031 -1111301144 1760516989 1357153700 1446553874 -885156994 939694856 -1014481874 -1493578036 -1879681980 1283470312 223650507 859183687 -479449921 -1922031473 35806175 276814680 -1364191774 -459222439 -1218288631 -1780601321 650684672 -116536718 1657022148 1921812987 445403238 1621212312 1527435317 1286407422 809043192 -1652461065 1871909111 -159191128 -1657605486 134021090 790337080 715870083 -987682626 -1802207110 -163807023 -495701090 -891781763 -1879932254 -1407016810 803732524 1596921821 510295714 -10032825 -300037506 122180929 746855720 -1122137067 1410950974 -1139850571 -1658899988 -644116884 -301657970 -773398744 -1603651398 -834270374 -1300426816 -1116318629
Phan tu lon nhat trong doan [1, 61]: 1921812987
Swap -761942031 va 1921812987
Mang sau khi swap: 1921812987 -1111301144 1760516989 1357153700 1446553874 -885156994 939694856 -1014481874 -1493578036 -1879681980 1283470312 223650507 859183687 -479449921 -1922031473 35806175 276814680 -1364191774 -459222439 -1218288631 -1780601321 650684672 -116536718 1657022148 -761942031 445403238 1621212312 1527435317 1286407422 809043192 -1652461065 1871909111 -159191128 -1657605486 134021090 790337080 715870083 -987682626 -1802207110 -163807023 -495701090 -891781763 -1879932254 -1407016810 803732524 1596921821 510295714 -10032825 -300037506 122180929 746855720 -1122137067 1410950974 -1139850571 -1658899988 -644116884 -301657970 -773398744 -1603651398 -834270374 -1300426816 -1116318629

i = 1
Mang truoc khi swap: 1921812987 -1111301144 1760516989 1357153700 1446553874 -885156994 939694856 -1014481874 -1493578036 -1879681980 1283470312 223650507 859183687 -479449921 -1922031473 35806175 276814680 -1364191774 -459222439 -1218288631 -1780601321 650684672 -116536718 1657022148 -761942031 445403238 1621212312 1527435317 1286407422 809043192 -1652461065 1871909111 -159191128 -1657605486 134021090 790337080 715870083 -987682626 -1802207110 -163807023 -495701090 -891781763 -1879932254 -1407016810 803732524 1596921821 510295714 -10032825 -300037506 122180929 746855720 -1122137067 1410950974 -1139850571 -1658899988 -644116884 -301657970 -773398744 -1603651398 -834270374 -1300426816 -1116318629
Phan tu lon nhat trong doan [2, 61]: 1871909111
Swap -1111301144 va 1871909111
Mang sau khi swap: 1921812987 1871909111 1760516989 1357153700 1446553874 -885156994 939694856 -1014481874 -1493578036 -1879681980 1283470312 223650507 859183687 -479449921 -1922031473 35806175 276814680 -1364191774 -459222439 -1218288631 -1780601321 650684672 -116536718 1657022148 -761942031 445403238 1621212312 1527435317 1286407422 809043192 -1652461065 -1111301144 -159191128 -1657605486 134021090 790337080 715870083 -987682626 -1802207110 -163807023 -495701090 -891781763 -1879932254 -1407016810 803732524 1596921821 510295714 -10032825 -300037506 122180929 746855720 -1122137067 1410950974 -1139850571 -1658899988 -644116884 -301657970 -773398744 -1603651398 -834270374 -1300426816 -1116318629

i = 2
Mang truoc khi swap: 1921812987 1871909111 1760516989 1357153700 1446553874 -885156994 939694856 -1014481874 -1493578036 -1879681980 1283470312 223650507 859183687 -479449921 -1922031473 35806175 276814680 -1364191774 -459222439 -1218288631 -1780601321 650684672 -116536718 1657022148 -761942031 445403238 1621212312 1527435317 1286407422 809043192 -1652461065 -1111301144 -159191128 -1657605486 134021090 790337080 715870083 -987682626 -1802207110 -163807023 -495701090 -891781763 -1879932254 -1407016810 803732524 1596921821 510295714 -10032825 -300037506 122180929 746855720 -1122137067 1410950974 -1139850571 -1658899988 -644116884 -301657970 -773398744 -1603651398 -834270374 -1300426816 -1116318629
Phan tu lon nhat trong doan [3, 61]: 1760516989
Swap 1760516989 va 1760516989
Mang sau khi swap: 1921812987 1871909111 1760516989 1357153700 1446553874 -885156994 939694856 -1014481874 -1493578036 -1879681980 1283470312 223650507 859183687 -479449921 -1922031473 35806175 276814680 -1364191774 -459222439 -1218288631 -1780601321 650684672 -116536718 1657022148 -761942031 445403238 1621212312 1527435317 1286407422 809043192 -1652461065 -1111301144 -159191128 -1657605486 134021090 790337080 715870083 -987682626 -1802207110 -163807023 -495701090 -891781763 -1879932254 -1407016810 803732524 1596921821 510295714 -10032825 -300037506 122180929 746855720 -1122137067 1410950974 -1139850571 -1658899988 -644116884 -301657970 -773398744 -1603651398 -834270374 -1300426816 -1116318629

i = 3
Mang truoc khi swap: 1921812987 1871909111 1760516989 1357153700 1446553874 -885156994 939694856 -1014481874 -1493578036 -1879681980 1283470312 223650507 859183687 -479449921 -1922031473 35806175 276814680 -1364191774 -459222439 -1218288631 -1780601321 650684672 -116536718 1657022148 -761942031 445403238 1621212312 1527435317 1286407422 809043192 -1652461065 -1111301144 -159191128 -1657605486 134021090 790337080 715870083 -987682626 -1802207110 -163807023 -495701090 -891781763 -1879932254 -1407016810 803732524 1596921821 510295714 -10032825 -300037506 122180929 746855720 -1122137067 1410950974 -1139850571 -1658899988 -644116884 -301657970 -773398744 -1603651398 -834270374 -1300426816 -1116318629
Phan tu lon nhat trong doan [4, 61]: 1657022148
Swap 1357153700 va 1657022148
Mang sau khi swap: 1921812987 1871909111 1760516989 1657022148 1446553874 -885156994 939694856 -1014481874 -1493578036 -1879681980 1283470312 223650507 859183687 -479449921 -1922031473 35806175 276814680 -1364191774 -459222439 -1218288631 -1780601321 650684672 -116536718 1357153700 -761942031 445403238 1621212312 1527435317 1286407422 809043192 -1652461065 -1111301144 -159191128 -1657605486 134021090 790337080 715870083 -987682626 -1802207110 -163807023 -495701090 -891781763 -1879932254 -1407016810 803732524 1596921821 510295714 -10032825 -300037506 122180929 746855720 -1122137067 1410950974 -1139850571 -1658899988 -644116884 -301657970 -773398744 -1603651398 -834270374 -1300426816 -1116318629

i = 4
Mang truoc khi swap: 1921812987 1871909111 1760516989 1657022148 1446553874 -885156994 939694856 -1014481874 -1493578036 -1879681980 1283470312 223650507 859183687 -479449921 -1922031473 35806175 276814680 -1364191774 -459222439 -1218288631 -1780601321 650684672 -116536718 1357153700 -761942031 445403238 1621212312 1527435317 1286407422 809043192 -1652461065 -1111301144 -159191128 -1657605486 134021090 790337080 715870083 -987682626 -1802207110 -163807023 -495701090 -891781763 -1879932254 -1407016810 803732524 1596921821 510295714 -10032825 -300037506 122180929 746855720 -1122137067 1410950974 -1139850571 -1658899988 -644116884 -301657970 -773398744 -1603651398 -834270374 -1300426816 -1116318629
Phan tu lon nhat trong doan [5, 61]: 1621212312
Swap 1446553874 va 1621212312
Mang sau khi swap: 1921812987 1871909111 1760516989 1657022148 1621212312 -885156994 939694856 -1014481874 -1493578036 -1879681980 1283470312 223650507 859183687 -479449921 -1922031473 35806175 276814680 -1364191774 -459222439 -1218288631 -1780601321 650684672 -116536718 1357153700 -761942031 445403238 1446553874 1527435317 1286407422 809043192 -1652461065 -1111301144 -159191128 -1657605486 134021090 790337080 715870083 -987682626 -1802207110 -163807023 -495701090 -891781763 -1879932254 -1407016810 803732524 1596921821 510295714 -10032825 -300037506 122180929 746855720 -1122137067 1410950974 -1139850571 -1658899988 -644116884 -301657970 -773398744 -1603651398 -834270374 -1300426816 -1116318629

i = 5
Mang truoc khi swap: 1921812987 1871909111 1760516989 1657022148 1621212312 -885156994 939694856 -1014481874 -1493578036 -1879681980 1283470312 223650507 859183687 -479449921 -1922031473 35806175 276814680 -1364191774 -459222439 -1218288631 -1780601321 650684672 -116536718 1357153700 -761942031 445403238 1446553874 1527435317 1286407422 809043192 -1652461065 -1111301144 -159191128 -1657605486 134021090 790337080 715870083 -987682626 -1802207110 -163807023 -495701090 -891781763 -1879932254 -1407016810 803732524 1596921821 510295714 -10032825 -300037506 122180929 746855720 -1122137067 1410950974 -1139850571 -1658899988 -644116884 -301657970 -773398744 -1603651398 -834270374 -1300426816 -1116318629
Phan tu lon nhat trong doan [6, 61]: 1596921821
Swap -885156994 va 1596921821
Mang sau khi swap: 1921812987 1871909111 1760516989 1657022148 1621212312 1596921821 939694856 -1014481874 -1493578036 -1879681980 1283470312 223650507 859183687 -479449921 -1922031473 35806175 276814680 -1364191774 -459222439 -1218288631 -1780601321 650684672 -116536718 1357153700 -761942031 445403238 1446553874 1527435317 1286407422 809043192 -1652461065 -1111301144 -159191128 -1657605486 134021090 790337080 715870083 -987682626 -1802207110 -163807023 -495701090 -891781763 -1879932254 -1407016810 803732524 -885156994 510295714 -10032825 -300037506 122180929 746855720 -1122137067 1410950974 -1139850571 -1658899988 -644116884 -301657970 -773398744 -1603651398 -834270374 -1300426816 -1116318629

i = 6
Mang truoc khi swap: 1921812987 1871909111 1760516989 1657022148 1621212312 1596921821 939694856 -1014481874 -1493578036 -1879681980 1283470312 223650507 859183687 -479449921 -1922031473 35806175 276814680 -1364191774 -459222439 -1218288631 -1780601321 650684672 -116536718 1357153700 -761942031 445403238 1446553874 1527435317 1286407422 809043192 -1652461065 -1111301144 -159191128 -1657605486 134021090 790337080 715870083 -987682626 -1802207110 -163807023 -495701090 -891781763 -1879932254 -1407016810 803732524 -885156994 510295714 -10032825 -300037506 122180929 746855720 -1122137067 1410950974 -1139850571 -1658899988 -644116884 -301657970 -773398744 -1603651398 -834270374 -1300426816 -1116318629
Phan tu lon nhat trong doan [7, 61]: 1527435317
Swap 939694856 va 1527435317
Mang sau khi swap: 1921812987 1871909111 1760516989 1657022148 1621212312 1596921821 1527435317 -1014481874 -1493578036 -1879681980 1283470312 223650507 859183687 -479449921 -1922031473 35806175 276814680 -1364191774 -459222439 -1218288631 -1780601321 650684672 -116536718 1357153700 -761942031 445403238 1446553874 939694856 1286407422 809043192 -1652461065 -1111301144 -159191128 -1657605486 134021090 790337080 715870083 -987682626 -1802207110 -163807023 -495701090 -891781763 -1879932254 -1407016810 803732524 -885156994 510295714 -10032825 -300037506 122180929 746855720 -1122137067 1410950974 -1139850571 -1658899988 -644116884 -301657970 -773398744 -1603651398 -834270374 -1300426816 -1116318629

i = 7
Mang truoc khi swap: 1921812987 1871909111 1760516989 1657022148 1621212312 1596921821 1527435317 -1014481874 -1493578036 -1879681980 1283470312 223650507 859183687 -479449921 -1922031473 35806175 276814680 -1364191774 -459222439 -1218288631 -1780601321 650684672 -116536718 1357153700 -761942031 445403238 1446553874 939694856 1286407422 809043192 -1652461065 -1111301144 -159191128 -1657605486 134021090 790337080 715870083 -987682626 -1802207110 -163807023 -495701090 -891781763 -1879932254 -1407016810 803732524 -885156994 510295714 -10032825 -300037506 122180929 746855720 -1122137067 1410950974 -1139850571 -1658899988 -644116884 -301657970 -773398744 -1603651398 -834270374 -1300426816 -1116318629
Phan tu lon nhat trong doan [8, 61]: 1446553874
Swap -1014481874 va 1446553874
Mang sau khi swap: 1921812987 1871909111 1760516989 1657022148 1621212312 1596921821 1527435317 1446553874 -1493578036 -1879681980 1283470312 223650507 859183687 -479449921 -1922031473 35806175 276814680 -1364191774 -459222439 -1218288631 -1780601321 650684672 -116536718 1357153700 -761942031 445403238 -1014481874 939694856 1286407422 809043192 -1652461065 -1111301144 -159191128 -1657605486 134021090 790337080 715870083 -987682626 -1802207110 -163807023 -495701090 -891781763 -1879932254 -1407016810 803732524 -885156994 510295714 -10032825 -300037506 122180929 746855720 -1122137067 1410950974 -1139850571 -1658899988 -644116884 -301657970 -773398744 -1603651398 -834270374 -1300426816 -1116318629

i = 8
Mang truoc khi swap: 1921812987 1871909111 1760516989 1657022148 1621212312 1596921821 1527435317 1446553874 -1493578036 -1879681980 1283470312 223650507 859183687 -479449921 -1922031473 35806175 276814680 -1364191774 -459222439 -1218288631 -1780601321 650684672 -116536718 1357153700 -761942031 445403238 -1014481874 939694856 1286407422 809043192 -1652461065 -1111301144 -159191128 -1657605486 134021090 790337080 715870083 -987682626 -1802207110 -163807023 -495701090 -891781763 -1879932254 -1407016810 803732524 -885156994 510295714 -10032825 -300037506 122180929 746855720 -1122137067 1410950974 -1139850571 -1658899988 -644116884 -301657970 -773398744 -1603651398 -834270374 -1300426816 -1116318629
Phan tu lon nhat trong doan [9, 61]: 1410950974
Swap -1493578036 va 1410950974
Mang sau khi swap: 1921812987 1871909111 1760516989 1657022148 1621212312 1596921821 1527435317 1446553874 1410950974 -1879681980 1283470312 223650507 859183687 -479449921 -1922031473 35806175 276814680 -1364191774 -459222439 -1218288631 -1780601321 650684672 -116536718 1357153700 -761942031 445403238 -1014481874 939694856 1286407422 809043192 -1652461065 -1111301144 -159191128 -1657605486 134021090 790337080 715870083 -987682626 -1802207110 -163807023 -495701090 -891781763 -1879932254 -1407016810 803732524 -885156994 510295714 -10032825 -300037506 122180929 746855720 -1122137067 -1493578036 -1139850571 -1658899988 -644116884 -301657970 -773398744 -1603651398 -834270374 -1300426816 -1116318629

i = 9
Mang truoc khi swap: 1921812987 1871909111 1760516989 1657022148 1621212312 1596921821 1527435317 1446553874 1410950974 -1879681980 1283470312 223650507 859183687 -479449921 -1922031473 35806175 276814680 -1364191774 -459222439 -1218288631 -1780601321 650684672 -116536718 1357153700 -761942031 445403238 -1014481874 939694856 1286407422 809043192 -1652461065 -1111301144 -159191128 -1657605486 134021090 790337080 715870083 -987682626 -1802207110 -163807023 -495701090 -891781763 -1879932254 -1407016810 803732524 -885156994 510295714 -10032825 -300037506 122180929 746855720 -1122137067 -1493578036 -1139850571 -1658899988 -644116884 -301657970 -773398744 -1603651398 -834270374 -1300426816 -1116318629
Phan tu lon nhat trong doan [10, 61]: 1357153700
Swap -1879681980 va 1357153700
Mang sau khi swap: 1921812987 1871909111 1760516989 1657022148 1621212312 1596921821 1527435317 1446553874 1410950974 1357153700 1283470312 223650507 859183687 -479449921 -1922031473 35806175 276814680 -1364191774 -459222439 -1218288631 -1780601321 650684672 -116536718 -1879681980 -761942031 445403238 -1014481874 939694856 1286407422 809043192 -1652461065 -1111301144 -159191128 -1657605486 134021090 790337080 715870083 -987682626 -1802207110 -163807023 -495701090 -891781763 -1879932254 -1407016810 803732524 -885156994 510295714 -10032825 -300037506 122180929 746855720 -1122137067 -1493578036 -1139850571 -1658899988 -644116884 -301657970 -773398744 -1603651398 -834270374 -1300426816 -1116318629

i = 10
Mang truoc khi swap: 1921812987 1871909111 1760516989 1657022148 1621212312 1596921821 1527435317 1446553874 1410950974 1357153700 1283470312 223650507 859183687 -479449921 -1922031473 35806175 276814680 -1364191774 -459222439 -1218288631 -1780601321 650684672 -116536718 -1879681980 -761942031 445403238 -1014481874 939694856 1286407422 809043192 -1652461065 -1111301144 -159191128 -1657605486 134021090 790337080 715870083 -987682626 -1802207110 -163807023 -495701090 -891781763 -1879932254 -1407016810 803732524 -885156994 510295714 -10032825 -300037506 122180929 746855720 -1122137067 -1493578036 -1139850571 -1658899988 -644116884 -301657970 -773398744 -1603651398 -834270374 -1300426816 -1116318629
Phan tu lon nhat trong doan [11, 61]: 1286407422
Swap 1283470312 va 1286407422
Mang sau khi swap: 1921812987 1871909111 1760516989 1657022148 1621212312 1596921821 1527435317 1446553874 1410950974 1357153700 1286407422 223650507 859183687 -479449921 -1922031473 35806175 276814680 -1364191774 -459222439 -1218288631 -1780601321 650684672 -116536718 -1879681980 -761942031 445403238 -1014481874 939694856 1283470312 809043192 -1652461065 -1111301144 -159191128 -1657605486 134021090 790337080 715870083 -987682626 -1802207110 -163807023 -495701090 -891781763 -1879932254 -1407016810 803732524 -885156994 510295714 -10032825 -300037506 122180929 746855720 -1122137067 -1493578036 -1139850571 -1658899988 -644116884 -301657970 -773398744 -1603651398 -834270374 -1300426816 -1116318629

i = 11
Mang truoc khi swap: 1921812987 1871909111 1760516989 1657022148 1621212312 1596921821 1527435317 1446553874 1410950974 1357153700 1286407422 223650507 859183687 -479449921 -1922031473 35806175 276814680 -1364191774 -459222439 -1218288631 -1780601321 650684672 -116536718 -1879681980 -761942031 445403238 -1014481874 939694856 1283470312 809043192 -1652461065 -1111301144 -159191128 -1657605486 134021090 790337080 715870083 -987682626 -1802207110 -163807023 -495701090 -891781763 -1879932254 -1407016810 803732524 -885156994 510295714 -10032825 -300037506 122180929 746855720 -1122137067 -1493578036 -1139850571 -1658899988 -644116884 -301657970 -773398744 -1603651398 -834270374 -1300426816 -1116318629
Phan tu lon nhat trong doan [12, 61]: 1283470312
Swap 223650507 va 1283470312
Mang sau khi swap: 1921812987 1871909111 1760516989 1657022148 1621212312 1596921821 1527435317 1446553874 1410950974 1357153700 1286407422 1283470312 859183687 -479449921 -1922031473 35806175 276814680 -1364191774 -459222439 -1218288631 -1780601321 650684672 -116536718 -1879681980 -761942031 445403238 -1014481874 939694856 223650507 809043192 -1652461065 -1111301144 -159191128 -1657605486 134021090 790337080 715870083 -987682626 -1802207110 -163807023 -495701090 -891781763 -1879932254 -1407016810 803732524 -885156994 510295714 -10032825 -300037506 122180929 746855720 -1122137067 -1493578036 -1139850571 -1658899988 -644116884 -301657970 -773398744 -1603651398 -834270374 -1300426816 -1116318629

i = 12
Mang truoc khi swap: 1921812987 1871909111 1760516989 1657022148 1621212312 1596921821 1527435317 1446553874 1410950974 1357153700 1286407422 1283470312 859183687 -479449921 -1922031473 35806175 276814680 -1364191774 -459222439 -1218288631 -1780601321 650684672 -116536718 -1879681980 -761942031 445403238 -1014481874 939694856 223650507 809043192 -1652461065 -1111301144 -159191128 -1657605486 134021090 790337080 715870083 -987682626 -1802207110 -163807023 -495701090 -891781763 -1879932254 -1407016810 803732524 -885156994 510295714 -10032825 -300037506 122180929 746855720 -1122137067 -1493578036 -1139850571 -1658899988 -644116884 -301657970 -773398744 -1603651398 -834270374 -1300426816 -1116318629
Phan tu lon nhat trong doan [13, 61]: 939694856
Swap 859183687 va 939694856
Mang sau khi swap: 1921812987 1871909111 1760516989 1657022148 1621212312 1596921821 1527435317 1446553874 1410950974 1357153700 1286407422 1283470312 939694856 -479449921 -1922031473 35806175 276814680 -1364191774 -459222439 -1218288631 -1780601321 650684672 -116536718 -1879681980 -761942031 445403238 -1014481874 859183687 223650507 809043192 -1652461065 -1111301144 -159191128 -1657605486 134021090 790337080 715870083 -987682626 -1802207110 -163807023 -495701090 -891781763 -1879932254 -1407016810 803732524 -885156994 510295714 -10032825 -300037506 122180929 746855720 -1122137067 -1493578036 -1139850571 -1658899988 -644116884 -301657970 -773398744 -1603651398 -834270374 -1300426816 -1116318629

i = 13
Mang truoc khi swap: 1921812987 1871909111 1760516989 1657022148 1621212312 1596921821 1527435317 1446553874 1410950974 1357153700 1286407422 1283470312 939694856 -479449921 -1922031473 35806175 276814680 -1364191774 -459222439 -1218288631 -1780601321 650684672 -116536718 -1879681980 -761942031 445403238 -1014481874 859183687 223650507 809043192 -1652461065 -1111301144 -159191128 -1657605486 134021090 790337080 715870083 -987682626 -1802207110 -163807023 -495701090 -891781763 -1879932254 -1407016810 803732524 -885156994 510295714 -10032825 -300037506 122180929 746855720 -1122137067 -1493578036 -1139850571 -1658899988 -644116884 -301657970 -773398744 -1603651398 -834270374 -1300426816 -1116318629
Phan tu lon nhat trong doan [14, 61]: 859183687
Swap -479449921 va 859183687
Mang sau khi swap: 1921812987 1871909111 1760516989 1657022148 1621212312 1596921821 1527435317 1446553874 1410950974 1357153700 1286407422 1283470312 939694856 859183687 -1922031473 35806175 276814680 -1364191774 -459222439 -1218288631 -1780601321 650684672 -116536718 -1879681980 -761942031 445403238 -1014481874 -479449921 223650507 809043192 -1652461065 -1111301144 -159191128 -1657605486 134021090 790337080 715870083 -987682626 -1802207110 -163807023 -495701090 -891781763 -1879932254 -1407016810 803732524 -885156994 510295714 -10032825 -300037506 122180929 746855720 -1122137067 -1493578036 -1139850571 -1658899988 -644116884 -301657970 -773398744 -1603651398 -834270374 -1300426816 -1116318629

i = 14
Mang truoc khi swap: 1921812987 1871909111 1760516989 1657022148 1621212312 1596921821 1527435317 1446553874 1410950974 1357153700 1286407422 1283470312 939694856 859183687 -1922031473 35806175 276814680 -1364191774 -459222439 -1218288631 -1780601321 650684672 -116536718 -1879681980 -761942031 445403238 -1014481874 -479449921 223650507 809043192 -1652461065 -1111301144 -159191128 -1657605486 134021090 790337080 715870083 -987682626 -1802207110 -163807023 -495701090 -891781763 -1879932254 -1407016810 803732524 -885156994 510295714 -10032825 -300037506 122180929 746855720 -1122137067 -1493578036 -1139850571 -1658899988 -644116884 -301657970 -773398744 -1603651398 -834270374 -1300426816 -1116318629
Phan tu lon nhat trong doan [15, 61]: 809043192
Swap -1922031473 va 809043192
Mang sau khi swap: 1921812987 1871909111 1760516989 1657022148 1621212312 1596921821 1527435317 1446553874 1410950974 1357153700 1286407422 1283470312 939694856 859183687 809043192 35806175 276814680 -1364191774 -459222439 -1218288631 -1780601321 650684672 -116536718 -1879681980 -761942031 445403238 -1014481874 -479449921 223650507 -1922031473 -1652461065 -1111301144 -159191128 -1657605486 134021090 790337080 715870083 -987682626 -1802207110 -163807023 -495701090 -891781763 -1879932254 -1407016810 803732524 -885156994 510295714 -10032825 -300037506 122180929 746855720 -1122137067 -1493578036 -1139850571 -1658899988 -644116884 -301657970 -773398744 -1603651398 -834270374 -1300426816 -1116318629

i = 15
Mang truoc khi swap: 1921812987 1871909111 1760516989 1657022148 1621212312 1596921821 1527435317 1446553874 1410950974 1357153700 1286407422 1283470312 939694856 859183687 809043192 35806175 276814680 -1364191774 -459222439 -1218288631 -1780601321 650684672 -116536718 -1879681980 -761942031 445403238 -1014481874 -479449921 223650507 -1922031473 -1652461065 -1111301144 -159191128 -1657605486 134021090 790337080 715870083 -987682626 -1802207110 -163807023 -495701090 -891781763 -1879932254 -1407016810 803732524 -885156994 510295714 -10032825 -300037506 122180929 746855720 -1122137067 -1493578036 -1139850571 -1658899988 -644116884 -301657970 -773398744 -1603651398 -834270374 -1300426816 -1116318629
Phan tu lon nhat trong doan [16, 61]: 803732524
Swap 35806175 va 803732524
Mang sau khi swap: 1921812987 1871909111 1760516989 1657022148 1621212312 1596921821 1527435317 1446553874 1410950974 1357153700 1286407422 1283470312 939694856 859183687 809043192 803732524 276814680 -1364191774 -459222439 -1218288631 -1780601321 650684672 -116536718 -1879681980 -761942031 445403238 -1014481874 -479449921 223650507 -1922031473 -1652461065 -1111301144 -159191128 -1657605486 134021090 790337080 715870083 -987682626 -1802207110 -163807023 -495701090 -891781763 -1879932254 -1407016810 35806175 -885156994 510295714 -10032825 -300037506 122180929 746855720 -1122137067 -1493578036 -1139850571 -1658899988 -644116884 -301657970 -773398744 -1603651398 -834270374 -1300426816 -1116318629

i = 16
Mang truoc khi swap: 1921812987 1871909111 1760516989 1657022148 1621212312 1596921821 1527435317 1446553874 1410950974 1357153700 1286407422 1283470312 939694856 859183687 809043192 803732524 276814680 -1364191774 -459222439 -1218288631 -1780601321 650684672 -116536718 -1879681980 -761942031 445403238 -1014481874 -479449921 223650507 -1922031473 -1652461065 -1111301144 -159191128 -1657605486 134021090 790337080 715870083 -987682626 -1802207110 -163807023 -495701090 -891781763 -1879932254 -1407016810 35806175 -885156994 510295714 -10032825 -300037506 122180929 746855720 -1122137067 -1493578036 -1139850571 -1658899988 -644116884 -301657970 -773398744 -1603651398 -834270374 -1300426816 -1116318629
Phan tu lon nhat trong doan [17, 61]: 790337080
Swap 276814680 va 790337080
Mang sau khi swap: 1921812987 1871909111 1760516989 1657022148 1621212312 1596921821 1527435317 1446553874 1410950974 1357153700 1286407422 1283470312 939694856 859183687 809043192 803732524 790337080 -1364191774 -459222439 -1218288631 -1780601321 650684672 -116536718 -1879681980 -761942031 445403238 -1014481874 -479449921 223650507 -1922031473 -1652461065 -1111301144 -159191128 -1657605486 134021090 276814680 715870083 -987682626 -1802207110 -163807023 -495701090 -891781763 -1879932254 -1407016810 35806175 -885156994 510295714 -10032825 -300037506 122180929 746855720 -1122137067 -1493578036 -1139850571 -1658899988 -644116884 -301657970 -773398744 -1603651398 -834270374 -1300426816 -1116318629

i = 17
Mang truoc khi swap: 1921812987 1871909111 1760516989 1657022148 1621212312 1596921821 1527435317 1446553874 1410950974 1357153700 1286407422 1283470312 939694856 859183687 809043192 803732524 790337080 -1364191774 -459222439 -1218288631 -1780601321 650684672 -116536718 -1879681980 -761942031 445403238 -1014481874 -479449921 223650507 -1922031473 -1652461065 -1111301144 -159191128 -1657605486 134021090 276814680 715870083 -987682626 -1802207110 -163807023 -495701090 -891781763 -1879932254 -1407016810 35806175 -885156994 510295714 -10032825 -300037506 122180929 746855720 -1122137067 -1493578036 -1139850571 -1658899988 -644116884 -301657970 -773398744 -1603651398 -834270374 -1300426816 -1116318629
Phan tu lon nhat trong doan [18, 61]: 746855720
Swap -1364191774 va 746855720
Mang sau khi swap: 1921812987 1871909111 1760516989 1657022148 1621212312 1596921821 1527435317 1446553874 1410950974 1357153700 1286407422 1283470312 939694856 859183687 809043192 803732524 790337080 746855720 -459222439 -1218288631 -1780601321 650684672 -116536718 -1879681980 -761942031 445403238 -1014481874 -479449921 223650507 -1922031473 -1652461065 -1111301144 -159191128 -1657605486 134021090 276814680 715870083 -987682626 -1802207110 -163807023 -495701090 -891781763 -1879932254 -1407016810 35806175 -885156994 510295714 -10032825 -300037506 122180929 -1364191774 -1122137067 -1493578036 -1139850571 -1658899988 -644116884 -301657970 -773398744 -1603651398 -834270374 -1300426816 -1116318629

i = 18
Mang truoc khi swap: 1921812987 1871909111 1760516989 1657022148 1621212312 1596921821 1527435317 1446553874 1410950974 1357153700 1286407422 1283470312 939694856 859183687 809043192 803732524 790337080 746855720 -459222439 -1218288631 -1780601321 650684672 -116536718 -1879681980 -761942031 445403238 -1014481874 -479449921 223650507 -1922031473 -1652461065 -1111301144 -159191128 -1657605486 134021090 276814680 715870083 -987682626 -1802207110 -163807023 -495701090 -891781763 -1879932254 -1407016810 35806175 -885156994 510295714 -10032825 -300037506 122180929 -1364191774 -1122137067 -1493578036 -1139850571 -1658899988 -644116884 -301657970 -773398744 -1603651398 -834270374 -1300426816 -1116318629
Phan tu lon nhat trong doan [19, 61]: 715870083
Swap -459222439 va 715870083
Mang sau khi swap: 1921812987 1871909111 1760516989 1657022148 1621212312 1596921821 1527435317 1446553874 1410950974 1357153700 1286407422 1283470312 939694856 859183687 809043192 803732524 790337080 746855720 715870083 -1218288631 -1780601321 650684672 -116536718 -1879681980 -761942031 445403238 -1014481874 -479449921 223650507 -1922031473 -1652461065 -1111301144 -159191128 -1657605486 134021090 276814680 -459222439 -987682626 -1802207110 -163807023 -495701090 -891781763 -1879932254 -1407016810 35806175 -885156994 510295714 -10032825 -300037506 122180929 -1364191774 -1122137067 -1493578036 -1139850571 -1658899988 -644116884 -301657970 -773398744 -1603651398 -834270374 -1300426816 -1116318629

i = 19
Mang truoc khi swap: 1921812987 1871909111 1760516989 1657022148 1621212312 1596921821 1527435317 1446553874 1410950974 1357153700 1286407422 1283470312 939694856 859183687 809043192 803732524 790337080 746855720 715870083 -1218288631 -1780601321 650684672 -116536718 -1879681980 -761942031 445403238 -1014481874 -479449921 223650507 -1922031473 -1652461065 -1111301144 -159191128 -1657605486 134021090 276814680 -459222439 -987682626 -1802207110 -163807023 -495701090 -891781763 -1879932254 -1407016810 35806175 -885156994 510295714 -10032825 -300037506 122180929 -1364191774 -1122137067 -1493578036 -1139850571 -1658899988 -644116884 -301657970 -773398744 -1603651398 -834270374 -1300426816 -1116318629
Phan tu lon nhat trong doan [20, 61]: 650684672
Swap -1218288631 va 650684672
Mang sau khi swap: 1921812987 1871909111 1760516989 1657022148 1621212312 1596921821 1527435317 1446553874 1410950974 1357153700 1286407422 1283470312 939694856 859183687 809043192 803732524 790337080 746855720 715870083 650684672 -1780601321 -1218288631 -116536718 -1879681980 -761942031 445403238 -1014481874 -479449921 223650507 -1922031473 -1652461065 -1111301144 -159191128 -1657605486 134021090 276814680 -459222439 -987682626 -1802207110 -163807023 -495701090 -891781763 -1879932254 -1407016810 35806175 -885156994 510295714 -10032825 -300037506 122180929 -1364191774 -1122137067 -1493578036 -1139850571 -1658899988 -644116884 -301657970 -773398744 -1603651398 -834270374 -1300426816 -1116318629

i = 20
Mang truoc khi swap: 1921812987 1871909111 1760516989 1657022148 1621212312 1596921821 1527435317 1446553874 1410950974 1357153700 1286407422 1283470312 939694856 859183687 809043192 803732524 790337080 746855720 715870083 650684672 -1780601321 -1218288631 -116536718 -1879681980 -761942031 445403238 -1014481874 -479449921 223650507 -1922031473 -1652461065 -1111301144 -159191128 -1657605486 134021090 276814680 -459222439 -987682626 -1802207110 -163807023 -495701090 -891781763 -1879932254 -1407016810 35806175 -885156994 510295714 -10032825 -300037506 122180929 -1364191774 -1122137067 -1493578036 -1139850571 -1658899988 -644116884 -301657970 -773398744 -1603651398 -834270374 -1300426816 -1116318629
Phan tu lon nhat trong doan [21, 61]: 510295714
Swap -1780601321 va 510295714
Mang sau khi swap: 1921812987 1871909111 1760516989 1657022148 1621212312 1596921821 1527435317 1446553874 1410950974 1357153700 1286407422 1283470312 939694856 859183687 809043192 803732524 790337080 746855720 715870083 650684672 510295714 -1218288631 -116536718 -1879681980 -761942031 445403238 -1014481874 -479449921 223650507 -1922031473 -1652461065 -1111301144 -159191128 -1657605486 134021090 276814680 -459222439 -987682626 -1802207110 -163807023 -495701090 -891781763 -1879932254 -1407016810 35806175 -885156994 -1780601321 -10032825 -300037506 122180929 -1364191774 -1122137067 -1493578036 -1139850571 -1658899988 -644116884 -301657970 -773398744 -1603651398 -834270374 -1300426816 -1116318629

i = 21
Mang truoc khi swap: 1921812987 1871909111 1760516989 1657022148 1621212312 1596921821 1527435317 1446553874 1410950974 1357153700 1286407422 1283470312 939694856 859183687 809043192 803732524 790337080 746855720 715870083 650684672 510295714 -1218288631 -116536718 -1879681980 -761942031 445403238 -1014481874 -479449921 223650507 -1922031473 -1652461065 -1111301144 -159191128 -1657605486 134021090 276814680 -459222439 -987682626 -1802207110 -163807023 -495701090 -891781763 -1879932254 -1407016810 35806175 -885156994 -1780601321 -10032825 -300037506 122180929 -1364191774 -1122137067 -1493578036 -1139850571 -1658899988 -644116884 -301657970 -773398744 -1603651398 -834270374 -1300426816 -1116318629
Phan tu lon nhat trong doan [22, 61]: 445403238
Swap -1218288631 va 445403238
Mang sau khi swap: 1921812987 1871909111 1760516989 1657022148 1621212312 1596921821 1527435317 1446553874 1410950974 1357153700 1286407422 1283470312 939694856 859183687 809043192 803732524 790337080 746855720 715870083 650684672 510295714 445403238 -116536718 -1879681980 -761942031 -1218288631 -1014481874 -479449921 223650507 -1922031473 -1652461065 -1111301144 -159191128 -1657605486 134021090 276814680 -459222439 -987682626 -1802207110 -163807023 -495701090 -891781763 -1879932254 -1407016810 35806175 -885156994 -1780601321 -10032825 -300037506 122180929 -1364191774 -1122137067 -1493578036 -1139850571 -1658899988 -644116884 -301657970 -773398744 -1603651398 -834270374 -1300426816 -1116318629

i = 22
Mang truoc khi swap: 1921812987 1871909111 1760516989 1657022148 1621212312 1596921821 1527435317 1446553874 1410950974 1357153700 1286407422 1283470312 939694856 859183687 809043192 803732524 790337080 746855720 715870083 650684672 510295714 445403238 -116536718 -1879681980 -761942031 -1218288631 -1014481874 -479449921 223650507 -1922031473 -1652461065 -1111301144 -159191128 -1657605486 134021090 276814680 -459222439 -987682626 -1802207110 -163807023 -495701090 -891781763 -1879932254 -1407016810 35806175 -885156994 -1780601321 -10032825 -300037506 122180929 -1364191774 -1122137067 -1493578036 -1139850571 -1658899988 -644116884 -301657970 -773398744 -1603651398 -834270374 -1300426816 -1116318629
Phan tu lon nhat trong doan [23, 61]: 276814680
Swap -116536718 va 276814680
Mang sau khi swap: 1921812987 1871909111 1760516989 1657022148 1621212312 1596921821 1527435317 1446553874 1410950974 1357153700 1286407422 1283470312 939694856 859183687 809043192 803732524 790337080 746855720 715870083 650684672 510295714 445403238 276814680 -1879681980 -761942031 -1218288631 -1014481874 -479449921 223650507 -1922031473 -1652461065 -1111301144 -159191128 -1657605486 134021090 -116536718 -459222439 -987682626 -1802207110 -163807023 -495701090 -891781763 -1879932254 -1407016810 35806175 -885156994 -1780601321 -10032825 -300037506 122180929 -1364191774 -1122137067 -1493578036 -1139850571 -1658899988 -644116884 -301657970 -773398744 -1603651398 -834270374 -1300426816 -1116318629

i = 23
Mang truoc khi swap: 1921812987 1871909111 1760516989 1657022148 1621212312 1596921821 1527435317 1446553874 1410950974 1357153700 1286407422 1283470312 939694856 859183687 809043192 803732524 790337080 746855720 715870083 650684672 510295714 445403238 276814680 -1879681980 -761942031 -1218288631 -1014481874 -479449921 223650507 -1922031473 -1652461065 -1111301144 -159191128 -1657605486 134021090 -116536718 -459222439 -987682626 -1802207110 -163807023 -495701090 -891781763 -1879932254 -1407016810 35806175 -885156994 -1780601321 -10032825 -300037506 122180929 -1364191774 -1122137067 -1493578036 -1139850571 -1658899988 -644116884 -301657970 -773398744 -1603651398 -834270374 -1300426816 -1116318629
Phan tu lon nhat trong doan [24, 61]: 223650507
Swap -1879681980 va 223650507
Mang sau khi swap: 1921812987 1871909111 1760516989 1657022148 1621212312 1596921821 1527435317 1446553874 1410950974 1357153700 1286407422 1283470312 939694856 859183687 809043192 803732524 790337080 746855720 715870083 650684672 510295714 445403238 276814680 223650507 -761942031 -1218288631 -1014481874 -479449921 -1879681980 -1922031473 -1652461065 -1111301144 -159191128 -1657605486 134021090 -116536718 -459222439 -987682626 -1802207110 -163807023 -495701090 -891781763 -1879932254 -1407016810 35806175 -885156994 -1780601321 -10032825 -300037506 122180929 -1364191774 -1122137067 -1493578036 -1139850571 -1658899988 -644116884 -301657970 -773398744 -1603651398 -834270374 -1300426816 -1116318629

i = 24
Mang truoc khi swap: 1921812987 1871909111 1760516989 1657022148 1621212312 1596921821 1527435317 1446553874 1410950974 1357153700 1286407422 1283470312 939694856 859183687 809043192 803732524 790337080 746855720 715870083 650684672 510295714 445403238 276814680 223650507 -761942031 -1218288631 -1014481874 -479449921 -1879681980 -1922031473 -1652461065 -1111301144 -159191128 -1657605486 134021090 -116536718 -459222439 -987682626 -1802207110 -163807023 -495701090 -891781763 -1879932254 -1407016810 35806175 -885156994 -1780601321 -10032825 -300037506 122180929 -1364191774 -1122137067 -1493578036 -1139850571 -1658899988 -644116884 -301657970 -773398744 -1603651398 -834270374 -1300426816 -1116318629
Phan tu lon nhat trong doan [25, 61]: 134021090
Swap -761942031 va 134021090
Mang sau khi swap: 1921812987 1871909111 1760516989 1657022148 1621212312 1596921821 1527435317 1446553874 1410950974 1357153700 1286407422 1283470312 939694856 859183687 809043192 803732524 790337080 746855720 715870083 650684672 510295714 445403238 276814680 223650507 134021090 -1218288631 -1014481874 -479449921 -1879681980 -1922031473 -1652461065 -1111301144 -159191128 -1657605486 -761942031 -116536718 -459222439 -987682626 -1802207110 -163807023 -495701090 -891781763 -1879932254 -1407016810 35806175 -885156994 -1780601321 -10032825 -300037506 122180929 -1364191774 -1122137067 -1493578036 -1139850571 -1658899988 -644116884 -301657970 -773398744 -1603651398 -834270374 -1300426816 -1116318629

i = 25
Mang truoc khi swap: 1921812987 1871909111 1760516989 1657022148 1621212312 1596921821 1527435317 1446553874 1410950974 1357153700 1286407422 1283470312 939694856 859183687 809043192 803732524 790337080 746855720 715870083 650684672 510295714 445403238 276814680 223650507 134021090 -1218288631 -1014481874 -479449921 -1879681980 -1922031473 -1652461065 -1111301144 -159191128 -1657605486 -761942031 -116536718 -459222439 -987682626 -1802207110 -163807023 -495701090 -891781763 -1879932254 -1407016810 35806175 -885156994 -1780601321 -10032825 -300037506 122180929 -1364191774 -1122137067 -1493578036 -1139850571 -1658899988 -644116884 -301657970 -773398744 -1603651398 -834270374 -1300426816 -1116318629
Phan tu lon nhat trong doan [26, 61]: 122180929
Swap -1218288631 va 122180929
Mang sau khi swap: 1921812987 1871909111 1760516989 1657022148 1621212312 1596921821 1527435317 1446553874 1410950974 1357153700 1286407422 1283470312 939694856 859183687 809043192 803732524 790337080 746855720 715870083 650684672 510295714 445403238 276814680 223650507 134021090 122180929 -1014481874 -479449921 -1879681980 -1922031473 -1652461065 -1111301144 -159191128 -1657605486 -761942031 -116536718 -459222439 -987682626 -1802207110 -163807023 -495701090 -891781763 -1879932254 -1407016810 35806175 -885156994 -1780601321 -10032825 -300037506 -1218288631 -1364191774 -1122137067 -1493578036 -1139850571 -1658899988 -644116884 -301657970 -773398744 -1603651398 -834270374 -1300426816 -1116318629

i = 26
Mang truoc khi swap: 1921812987 1871909111 1760516989 1657022148 1621212312 1596921821 1527435317 1446553874 1410950974 1357153700 1286407422 1283470312 939694856 859183687 809043192 803732524 790337080 746855720 715870083 650684672 510295714 445403238 276814680 223650507 134021090 122180929 -1014481874 -479449921 -1879681980 -1922031473 -1652461065 -1111301144 -159191128 -1657605486 -761942031 -116536718 -459222439 -987682626 -1802207110 -163807023 -495701090 -891781763 -1879932254 -1407016810 35806175 -885156994 -1780601321 -10032825 -300037506 -1218288631 -1364191774 -1122137067 -1493578036 -1139850571 -1658899988 -644116884 -301657970 -773398744 -1603651398 -834270374 -1300426816 -1116318629
Phan tu lon nhat trong doan [27, 61]: 35806175
Swap -1014481874 va 35806175
Mang sau khi swap: 1921812987 1871909111 1760516989 1657022148 1621212312 1596921821 1527435317 1446553874 1410950974 1357153700 1286407422 1283470312 939694856 859183687 809043192 803732524 790337080 746855720 715870083 650684672 510295714 445403238 276814680 223650507 134021090 122180929 35806175 -479449921 -1879681980 -1922031473 -1652461065 -1111301144 -159191128 -1657605486 -761942031 -116536718 -459222439 -987682626 -1802207110 -163807023 -495701090 -891781763 -1879932254 -1407016810 -1014481874 -885156994 -1780601321 -10032825 -300037506 -1218288631 -1364191774 -1122137067 -1493578036 -1139850571 -1658899988 -644116884 -301657970 -773398744 -1603651398 -834270374 -1300426816 -1116318629

i = 27
Mang truoc khi swap: 1921812987 1871909111 1760516989 1657022148 1621212312 1596921821 1527435317 1446553874 1410950974 1357153700 1286407422 1283470312 939694856 859183687 809043192 803732524 790337080 746855720 715870083 650684672 510295714 445403238 276814680 223650507 134021090 122180929 35806175 -479449921 -1879681980 -1922031473 -1652461065 -1111301144 -159191128 -1657605486 -761942031 -116536718 -459222439 -987682626 -1802207110 -163807023 -495701090 -891781763 -1879932254 -1407016810 -1014481874 -885156994 -1780601321 -10032825 -300037506 -1218288631 -1364191774 -1122137067 -1493578036 -1139850571 -1658899988 -644116884 -301657970 -773398744 -1603651398 -834270374 -1300426816 -1116318629
Phan tu lon nhat trong doan [28, 61]: -10032825
Swap -479449921 va -10032825
Mang sau khi swap: 1921812987 1871909111 1760516989 1657022148 1621212312 1596921821 1527435317 1446553874 1410950974 1357153700 1286407422 1283470312 939694856 859183687 809043192 803732524 790337080 746855720 715870083 650684672 510295714 445403238 276814680 223650507 134021090 122180929 35806175 -10032825 -1879681980 -1922031473 -1652461065 -1111301144 -159191128 -1657605486 -761942031 -116536718 -459222439 -987682626 -1802207110 -163807023 -495701090 -891781763 -1879932254 -1407016810 -1014481874 -885156994 -1780601321 -479449921 -300037506 -1218288631 -1364191774 -1122137067 -1493578036 -1139850571 -1658899988 -644116884 -301657970 -773398744 -1603651398 -834270374 -1300426816 -1116318629

i = 28
Mang truoc khi swap: 1921812987 1871909111 1760516989 1657022148 1621212312 1596921821 1527435317 1446553874 1410950974 1357153700 1286407422 1283470312 939694856 859183687 809043192 803732524 790337080 746855720 715870083 650684672 510295714 445403238 276814680 223650507 134021090 122180929 35806175 -10032825 -1879681980 -1922031473 -1652461065 -1111301144 -159191128 -1657605486 -761942031 -116536718 -459222439 -987682626 -1802207110 -163807023 -495701090 -891781763 -1879932254 -1407016810 -1014481874 -885156994 -1780601321 -479449921 -300037506 -1218288631 -1364191774 -1122137067 -1493578036 -1139850571 -1658899988 -644116884 -301657970 -773398744 -1603651398 -834270374 -1300426816 -1116318629
Phan tu lon nhat trong doan [29, 61]: -116536718
Swap -1879681980 va -116536718
Mang sau khi swap: 1921812987 1871909111 1760516989 1657022148 1621212312 1596921821 1527435317 1446553874 1410950974 1357153700 1286407422 1283470312 939694856 859183687 809043192 803732524 790337080 746855720 715870083 650684672 510295714 445403238 276814680 223650507 134021090 122180929 35806175 -10032825 -116536718 -1922031473 -1652461065 -1111301144 -159191128 -1657605486 -761942031 -1879681980 -459222439 -987682626 -1802207110 -163807023 -495701090 -891781763 -1879932254 -1407016810 -1014481874 -885156994 -1780601321 -479449921 -300037506 -1218288631 -1364191774 -1122137067 -1493578036 -1139850571 -1658899988 -644116884 -301657970 -773398744 -1603651398 -834270374 -1300426816 -1116318629

i = 29
Mang truoc khi swap: 1921812987 1871909111 1760516989 1657022148 1621212312 1596921821 1527435317 1446553874 1410950974 1357153700 1286407422 1283470312 939694856 859183687 809043192 803732524 790337080 746855720 715870083 650684672 510295714 445403238 276814680 223650507 134021090 122180929 35806175 -10032825 -116536718 -1922031473 -1652461065 -1111301144 -159191128 -1657605486 -761942031 -1879681980 -459222439 -987682626 -1802207110 -163807023 -495701090 -891781763 -1879932254 -1407016810 -1014481874 -885156994 -1780601321 -479449921 -300037506 -1218288631 -1364191774 -1122137067 -1493578036 -1139850571 -1658899988 -644116884 -301657970 -773398744 -1603651398 -834270374 -1300426816 -1116318629
Phan tu lon nhat trong doan [30, 61]: -159191128
Swap -1922031473 va -159191128
Mang sau khi swap: 1921812987 1871909111 1760516989 1657022148 1621212312 1596921821 1527435317 1446553874 1410950974 1357153700 1286407422 1283470312 939694856 859183687 809043192 803732524 790337080 746855720 715870083 650684672 510295714 445403238 276814680 223650507 134021090 122180929 35806175 -10032825 -116536718 -159191128 -1652461065 -1111301144 -1922031473 -1657605486 -761942031 -1879681980 -459222439 -987682626 -1802207110 -163807023 -495701090 -891781763 -1879932254 -1407016810 -1014481874 -885156994 -1780601321 -479449921 -300037506 -1218288631 -1364191774 -1122137067 -1493578036 -1139850571 -1658899988 -644116884 -301657970 -773398744 -1603651398 -834270374 -1300426816 -1116318629

i = 30
Mang truoc khi swap: 1921812987 1871909111 1760516989 1657022148 1621212312 1596921821 1527435317 1446553874 1410950974 1357153700 1286407422 1283470312 939694856 859183687 809043192 803732524 790337080 746855720 715870083 650684672 510295714 445403238 276814680 223650507 134021090 122180929 35806175 -10032825 -116536718 -159191128 -1652461065 -1111301144 -1922031473 -1657605486 -761942031 -1879681980 -459222439 -987682626 -1802207110 -163807023 -495701090 -891781763 -1879932254 -1407016810 -1014481874 -885156994 -1780601321 -479449921 -300037506 -1218288631 -1364191774 -1122137067 -1493578036 -1139850571 -1658899988 -644116884 -301657970 -773398744 -1603651398 -834270374 -1300426816 -1116318629
Phan tu lon nhat trong doan [31, 61]: -163807023
Swap -1652461065 va -163807023
Mang sau khi swap: 1921812987 1871909111 1760516989 1657022148 1621212312 1596921821 1527435317 1446553874 1410950974 1357153700 1286407422 1283470312 939694856 859183687 809043192 803732524 790337080 746855720 715870083 650684672 510295714 445403238 276814680 223650507 134021090 122180929 35806175 -10032825 -116536718 -159191128 -163807023 -1111301144 -1922031473 -1657605486 -761942031 -1879681980 -459222439 -987682626 -1802207110 -1652461065 -495701090 -891781763 -1879932254 -1407016810 -1014481874 -885156994 -1780601321 -479449921 -300037506 -1218288631 -1364191774 -1122137067 -1493578036 -1139850571 -1658899988 -644116884 -301657970 -773398744 -1603651398 -834270374 -1300426816 -1116318629

i = 31
Mang truoc khi swap: 1921812987 1871909111 1760516989 1657022148 1621212312 1596921821 1527435317 1446553874 1410950974 1357153700 1286407422 1283470312 939694856 859183687 809043192 803732524 790337080 746855720 715870083 650684672 510295714 445403238 276814680 223650507 134021090 122180929 35806175 -10032825 -116536718 -159191128 -163807023 -1111301144 -1922031473 -1657605486 -761942031 -1879681980 -459222439 -987682626 -1802207110 -1652461065 -495701090 -891781763 -1879932254 -1407016810 -1014481874 -885156994 -1780601321 -479449921 -300037506 -1218288631 -1364191774 -1122137067 -1493578036 -1139850571 -1658899988 -644116884 -301657970 -773398744 -1603651398 -834270374 -1300426816 -1116318629
Phan tu lon nhat trong doan [32, 61]: -300037506
Swap -1111301144 va -300037506
Mang sau khi swap: 1921812987 1871909111 1760516989 1657022148 1621212312 1596921821 1527435317 1446553874 1410950974 1357153700 1286407422 1283470312 939694856 859183687 809043192 803732524 790337080 746855720 715870083 650684672 510295714 445403238 276814680 223650507 134021090 122180929 35806175 -10032825 -116536718 -159191128 -163807023 -300037506 -1922031473 -1657605486 -761942031 -1879681980 -459222439 -987682626 -1802207110 -1652461065 -495701090 -891781763 -1879932254 -1407016810 -1014481874 -885156994 -1780601321 -479449921 -1111301144 -1218288631 -1364191774 -1122137067 -1493578036 -1139850571 -1658899988 -644116884 -301657970 -773398744 -1603651398 -834270374 -1300426816 -1116318629

i = 32
Mang truoc khi swap: 1921812987 1871909111 1760516989 1657022148 1621212312 1596921821 1527435317 1446553874 1410950974 1357153700 1286407422 1283470312 939694856 859183687 809043192 803732524 790337080 746855720 715870083 650684672 510295714 445403238 276814680 223650507 134021090 122180929 35806175 -10032825 -116536718 -159191128 -163807023 -300037506 -1922031473 -1657605486 -761942031 -1879681980 -459222439 -987682626 -1802207110 -1652461065 -495701090 -891781763 -1879932254 -1407016810 -1014481874 -885156994 -1780601321 -479449921 -1111301144 -1218288631 -1364191774 -1122137067 -1493578036 -1139850571 -1658899988 -644116884 -301657970 -773398744 -1603651398 -834270374 -1300426816 -1116318629
Phan tu lon nhat trong doan [33, 61]: -301657970
Swap -1922031473 va -301657970
Mang sau khi swap: 1921812987 1871909111 1760516989 1657022148 1621212312 1596921821 1527435317 1446553874 1410950974 1357153700 1286407422 1283470312 939694856 859183687 809043192 803732524 790337080 746855720 715870083 650684672 510295714 445403238 276814680 223650507 134021090 122180929 35806175 -10032825 -116536718 -159191128 -163807023 -300037506 -301657970 -1657605486 -761942031 -1879681980 -459222439 -987682626 -1802207110 -1652461065 -495701090 -891781763 -1879932254 -1407016810 -1014481874 -885156994 -1780601321 -479449921 -1111301144 -1218288631 -1364191774 -1122137067 -1493578036 -1139850571 -1658899988 -644116884 -1922031473 -773398744 -1603651398 -834270374 -1300426816 -1116318629

i = 33
Mang truoc khi swap: 1921812987 1871909111 1760516989 1657022148 1621212312 1596921821 1527435317 1446553874 1410950974 1357153700 1286407422 1283470312 939694856 859183687 809043192 803732524 790337080 746855720 715870083 650684672 510295714 445403238 276814680 223650507 134021090 122180929 35806175 -10032825 -116536718 -159191128 -163807023 -300037506 -301657970 -1657605486 -761942031 -1879681980 -459222439 -987682626 -1802207110 -1652461065 -495701090 -891781763 -1879932254 -1407016810 -1014481874 -885156994 -1780601321 -479449921 -1111301144 -1218288631 -1364191774 -1122137067 -1493578036 -1139850571 -1658899988 -644116884 -1922031473 -773398744 -1603651398 -834270374 -1300426816 -1116318629
Phan tu lon nhat trong doan [34, 61]: -459222439
Swap -1657605486 va -459222439
Mang sau khi swap: 1921812987 1871909111 1760516989 1657022148 1621212312 1596921821 1527435317 1446553874 1410950974 1357153700 1286407422 1283470312 939694856 859183687 809043192 803732524 790337080 746855720 715870083 650684672 510295714 445403238 276814680 223650507 134021090 122180929 35806175 -10032825 -116536718 -159191128 -163807023 -300037506 -301657970 -459222439 -761942031 -1879681980 -1657605486 -987682626 -1802207110 -1652461065 -495701090 -891781763 -1879932254 -1407016810 -1014481874 -885156994 -1780601321 -479449921 -1111301144 -1218288631 -1364191774 -1122137067 -1493578036 -1139850571 -1658899988 -644116884 -1922031473 -773398744 -1603651398 -834270374 -1300426816 -1116318629

i = 34
Mang truoc khi swap: 1921812987 1871909111 1760516989 1657022148 1621212312 1596921821 1527435317 1446553874 1410950974 1357153700 1286407422 1283470312 939694856 859183687 809043192 803732524 790337080 746855720 715870083 650684672 510295714 445403238 276814680 223650507 134021090 122180929 35806175 -10032825 -116536718 -159191128 -163807023 -300037506 -301657970 -459222439 -761942031 -1879681980 -1657605486 -987682626 -1802207110 -1652461065 -495701090 -891781763 -1879932254 -1407016810 -1014481874 -885156994 -1780601321 -479449921 -1111301144 -1218288631 -1364191774 -1122137067 -1493578036 -1139850571 -1658899988 -644116884 -1922031473 -773398744 -1603651398 -834270374 -1300426816 -1116318629
Phan tu lon nhat trong doan [35, 61]: -479449921
Swap -761942031 va -479449921
Mang sau khi swap: 1921812987 1871909111 1760516989 1657022148 1621212312 1596921821 1527435317 1446553874 1410950974 1357153700 1286407422 1283470312 939694856 859183687 809043192 803732524 790337080 746855720 715870083 650684672 510295714 445403238 276814680 223650507 134021090 122180929 35806175 -10032825 -116536718 -159191128 -163807023 -300037506 -301657970 -459222439 -479449921 -1879681980 -1657605486 -987682626 -1802207110 -1652461065 -495701090 -891781763 -1879932254 -1407016810 -1014481874 -885156994 -1780601321 -761942031 -1111301144 -1218288631 -1364191774 -1122137067 -1493578036 -1139850571 -1658899988 -644116884 -1922031473 -773398744 -1603651398 -834270374 -1300426816 -1116318629

i = 35
Mang truoc khi swap: 1921812987 1871909111 1760516989 1657022148 1621212312 1596921821 1527435317 1446553874 1410950974 1357153700 1286407422 1283470312 939694856 859183687 809043192 803732524 790337080 746855720 715870083 650684672 510295714 445403238 276814680 223650507 134021090 122180929 35806175 -10032825 -116536718 -159191128 -163807023 -300037506 -301657970 -459222439 -479449921 -1879681980 -1657605486 -987682626 -1802207110 -1652461065 -495701090 -891781763 -1879932254 -1407016810 -1014481874 -885156994 -1780601321 -761942031 -1111301144 -1218288631 -1364191774 -1122137067 -1493578036 -1139850571 -1658899988 -644116884 -1922031473 -773398744 -1603651398 -834270374 -1300426816 -1116318629
Phan tu lon nhat trong doan [36, 61]: -495701090
Swap -1879681980 va -495701090
Mang sau khi swap: 1921812987 1871909111 1760516989 1657022148 1621212312 1596921821 1527435317 1446553874 1410950974 1357153700 1286407422 1283470312 939694856 859183687 809043192 803732524 790337080 746855720 715870083 650684672 510295714 445403238 276814680 223650507 134021090 122180929 35806175 -10032825 -116536718 -159191128 -163807023 -300037506 -301657970 -459222439 -479449921 -495701090 -1657605486 -987682626 -1802207110 -1652461065 -1879681980 -891781763 -1879932254 -1407016810 -1014481874 -885156994 -1780601321 -761942031 -1111301144 -1218288631 -1364191774 -1122137067 -1493578036 -1139850571 -1658899988 -644116884 -1922031473 -773398744 -1603651398 -834270374 -1300426816 -1116318629

i = 36
Mang truoc khi swap: 1921812987 1871909111 1760516989 1657022148 1621212312 1596921821 1527435317 1446553874 1410950974 1357153700 1286407422 1283470312 939694856 859183687 809043192 803732524 790337080 746855720 715870083 650684672 510295714 445403238 276814680 223650507 134021090 122180929 35806175 -10032825 -116536718 -159191128 -163807023 -300037506 -301657970 -459222439 -479449921 -495701090 -1657605486 -987682626 -1802207110 -1652461065 -1879681980 -891781763 -1879932254 -1407016810 -1014481874 -885156994 -1780601321 -761942031 -1111301144 -1218288631 -1364191774 -1122137067 -1493578036 -1139850571 -1658899988 -644116884 -1922031473 -773398744 -1603651398 -834270374 -1300426816 -1116318629
Phan tu lon nhat trong doan [37, 61]: -644116884
Swap -1657605486 va -644116884
Mang sau khi swap: 1921812987 1871909111 1760516989 1657022148 1621212312 1596921821 1527435317 1446553874 1410950974 1357153700 1286407422 1283470312 939694856 859183687 809043192 803732524 790337080 746855720 715870083 650684672 510295714 445403238 276814680 223650507 134021090 122180929 35806175 -10032825 -116536718 -159191128 -163807023 -300037506 -301657970 -459222439 -479449921 -495701090 -644116884 -987682626 -1802207110 -1652461065 -1879681980 -891781763 -1879932254 -1407016810 -1014481874 -885156994 -1780601321 -761942031 -1111301144 -1218288631 -1364191774 -1122137067 -1493578036 -1139850571 -1658899988 -1657605486 -1922031473 -773398744 -1603651398 -834270374 -1300426816 -1116318629

i = 37
Mang truoc khi swap: 1921812987 1871909111 1760516989 1657022148 1621212312 1596921821 1527435317 1446553874 1410950974 1357153700 1286407422 1283470312 939694856 859183687 809043192 803732524 790337080 746855720 715870083 650684672 510295714 445403238 276814680 223650507 134021090 122180929 35806175 -10032825 -116536718 -159191128 -163807023 -300037506 -301657970 -459222439 -479449921 -495701090 -644116884 -987682626 -1802207110 -1652461065 -1879681980 -891781763 -1879932254 -1407016810 -1014481874 -885156994 -1780601321 -761942031 -1111301144 -1218288631 -1364191774 -1122137067 -1493578036 -1139850571 -1658899988 -1657605486 -1922031473 -773398744 -1603651398 -834270374 -1300426816 -1116318629
Phan tu lon nhat trong doan [38, 61]: -761942031
Swap -987682626 va -761942031
Mang sau khi swap: 1921812987 1871909111 1760516989 1657022148 1621212312 1596921821 1527435317 1446553874 1410950974 1357153700 1286407422 1283470312 939694856 859183687 809043192 803732524 790337080 746855720 715870083 650684672 510295714 445403238 276814680 223650507 134021090 122180929 35806175 -10032825 -116536718 -159191128 -163807023 -300037506 -301657970 -459222439 -479449921 -495701090 -644116884 -761942031 -1802207110 -1652461065 -1879681980 -891781763 -1879932254 -1407016810 -1014481874 -885156994 -1780601321 -987682626 -1111301144 -1218288631 -1364191774 -1122137067 -1493578036 -1139850571 -1658899988 -1657605486 -1922031473 -773398744 -1603651398 -834270374 -1300426816 -1116318629

i = 38
Mang truoc khi swap: 1921812987 1871909111 1760516989 1657022148 1621212312 1596921821 1527435317 1446553874 1410950974 1357153700 1286407422 1283470312 939694856 859183687 809043192 803732524 790337080 746855720 715870083 650684672 510295714 445403238 276814680 223650507 134021090 122180929 35806175 -10032825 -116536718 -159191128 -163807023 -300037506 -301657970 -459222439 -479449921 -495701090 -644116884 -761942031 -1802207110 -1652461065 -1879681980 -891781763 -1879932254 -1407016810 -1014481874 -885156994 -1780601321 -987682626 -1111301144 -1218288631 -1364191774 -1122137067 -1493578036 -1139850571 -1658899988 -1657605486 -1922031473 -773398744 -1603651398 -834270374 -1300426816 -1116318629
Phan tu lon nhat trong doan [39, 61]: -773398744
Swap -1802207110 va -773398744
Mang sau khi swap: 1921812987 1871909111 1760516989 1657022148 1621212312 1596921821 1527435317 1446553874 1410950974 1357153700 1286407422 1283470312 939694856 859183687 809043192 803732524 790337080 746855720 715870083 650684672 510295714 445403238 276814680 223650507 134021090 122180929 35806175 -10032825 -116536718 -159191128 -163807023 -300037506 -301657970 -459222439 -479449921 -495701090 -644116884 -761942031 -773398744 -1652461065 -1879681980 -891781763 -1879932254 -1407016810 -1014481874 -885156994 -1780601321 -987682626 -1111301144 -1218288631 -1364191774 -1122137067 -1493578036 -1139850571 -1658899988 -1657605486 -1922031473 -1802207110 -1603651398 -834270374 -1300426816 -1116318629

i = 39
Mang truoc khi swap: 1921812987 1871909111 1760516989 1657022148 1621212312 1596921821 1527435317 1446553874 1410950974 1357153700 1286407422 1283470312 939694856 859183687 809043192 803732524 790337080 746855720 715870083 650684672 510295714 445403238 276814680 223650507 134021090 122180929 35806175 -10032825 -116536718 -159191128 -163807023 -300037506 -301657970 -459222439 -479449921 -495701090 -644116884 -761942031 -773398744 -1652461065 -1879681980 -891781763 -1879932254 -1407016810 -1014481874 -885156994 -1780601321 -987682626 -1111301144 -1218288631 -1364191774 -1122137067 -1493578036 -1139850571 -1658899988 -1657605486 -1922031473 -1802207110 -1603651398 -834270374 -1300426816 -1116318629
Phan tu lon nhat trong doan [40, 61]: -834270374
Swap -1652461065 va -834270374
Mang sau khi swap: 1921812987 1871909111 1760516989 1657022148 1621212312 1596921821 1527435317 1446553874 1410950974 1357153700 1286407422 1283470312 939694856 859183687 809043192 803732524 790337080 746855720 715870083 650684672 510295714 445403238 276814680 223650507 134021090 122180929 35806175 -10032825 -116536718 -159191128 -163807023 -300037506 -301657970 -459222439 -479449921 -495701090 -644116884 -761942031 -773398744 -834270374 -1879681980 -891781763 -1879932254 -1407016810 -1014481874 -885156994 -1780601321 -987682626 -1111301144 -1218288631 -1364191774 -1122137067 -1493578036 -1139850571 -1658899988 -1657605486 -1922031473 -1802207110 -1603651398 -1652461065 -1300426816 -1116318629

i = 40
Mang truoc khi swap: 1921812987 1871909111 1760516989 1657022148 1621212312 1596921821 1527435317 1446553874 1410950974 1357153700 1286407422 1283470312 939694856 859183687 809043192 803732524 790337080 746855720 715870083 650684672 510295714 445403238 276814680 223650507 134021090 122180929 35806175 -10032825 -116536718 -159191128 -163807023 -300037506 -301657970 -459222439 -479449921 -495701090 -644116884 -761942031 -773398744 -834270374 -1879681980 -891781763 -1879932254 -1407016810 -1014481874 -885156994 -1780601321 -987682626 -1111301144 -1218288631 -1364191774 -1122137067 -1493578036 -1139850571 -1658899988 -1657605486 -1922031473 -1802207110 -1603651398 -1652461065 -1300426816 -1116318629
Phan tu lon nhat trong doan [41, 61]: -885156994
Swap -1879681980 va -885156994
Mang sau khi swap: 1921812987 1871909111 1760516989 1657022148 1621212312 1596921821 1527435317 1446553874 1410950974 1357153700 1286407422 1283470312 939694856 859183687 809043192 803732524 790337080 746855720 715870083 650684672 510295714 445403238 276814680 223650507 134021090 122180929 35806175 -10032825 -116536718 -159191128 -163807023 -300037506 -301657970 -459222439 -479449921 -495701090 -644116884 -761942031 -773398744 -834270374 -885156994 -891781763 -1879932254 -1407016810 -1014481874 -1879681980 -1780601321 -987682626 -1111301144 -1218288631 -1364191774 -1122137067 -1493578036 -1139850571 -1658899988 -1657605486 -1922031473 -1802207110 -1603651398 -1652461065 -1300426816 -1116318629

i = 41
Mang truoc khi swap: 1921812987 1871909111 1760516989 1657022148 1621212312 1596921821 1527435317 1446553874 1410950974 1357153700 1286407422 1283470312 939694856 859183687 809043192 803732524 790337080 746855720 715870083 650684672 510295714 445403238 276814680 223650507 134021090 122180929 35806175 -10032825 -116536718 -159191128 -163807023 -300037506 -301657970 -459222439 -479449921 -495701090 -644116884 -761942031 -773398744 -834270374 -885156994 -891781763 -1879932254 -1407016810 -1014481874 -1879681980 -1780601321 -987682626 -1111301144 -1218288631 -1364191774 -1122137067 -1493578036 -1139850571 -1658899988 -1657605486 -1922031473 -1802207110 -1603651398 -1652461065 -1300426816 -1116318629
Phan tu lon nhat trong doan [42, 61]: -891781763
Swap -891781763 va -891781763
Mang sau khi swap: 1921812987 1871909111 1760516989 1657022148 1621212312 1596921821 1527435317 1446553874 1410950974 1357153700 1286407422 1283470312 939694856 859183687 809043192 803732524 790337080 746855720 715870083 650684672 510295714 445403238 276814680 223650507 134021090 122180929 35806175 -10032825 -116536718 -159191128 -163807023 -300037506 -301657970 -459222439 -479449921 -495701090 -644116884 -761942031 -773398744 -834270374 -885156994 -891781763 -1879932254 -1407016810 -1014481874 -1879681980 -1780601321 -987682626 -1111301144 -1218288631 -1364191774 -1122137067 -1493578036 -1139850571 -1658899988 -1657605486 -1922031473 -1802207110 -1603651398 -1652461065 -1300426816 -1116318629

i = 42
Mang truoc khi swap: 1921812987 1871909111 1760516989 1657022148 1621212312 1596921821 1527435317 1446553874 1410950974 1357153700 1286407422 1283470312 939694856 859183687 809043192 803732524 790337080 746855720 715870083 650684672 510295714 445403238 276814680 223650507 134021090 122180929 35806175 -10032825 -116536718 -159191128 -163807023 -300037506 -301657970 -459222439 -479449921 -495701090 -644116884 -761942031 -773398744 -834270374 -885156994 -891781763 -1879932254 -1407016810 -1014481874 -1879681980 -1780601321 -987682626 -1111301144 -1218288631 -1364191774 -1122137067 -1493578036 -1139850571 -1658899988 -1657605486 -1922031473 -1802207110 -1603651398 -1652461065 -1300426816 -1116318629
Phan tu lon nhat trong doan [43, 61]: -987682626
Swap -1879932254 va -987682626
Mang sau khi swap: 1921812987 1871909111 1760516989 1657022148 1621212312 1596921821 1527435317 1446553874 1410950974 1357153700 1286407422 1283470312 939694856 859183687 809043192 803732524 790337080 746855720 715870083 650684672 510295714 445403238 276814680 223650507 134021090 122180929 35806175 -10032825 -116536718 -159191128 -163807023 -300037506 -301657970 -459222439 -479449921 -495701090 -644116884 -761942031 -773398744 -834270374 -885156994 -891781763 -987682626 -1407016810 -1014481874 -1879681980 -1780601321 -1879932254 -1111301144 -1218288631 -1364191774 -1122137067 -1493578036 -1139850571 -1658899988 -1657605486 -1922031473 -1802207110 -1603651398 -1652461065 -1300426816 -1116318629

i = 43
Mang truoc khi swap: 1921812987 1871909111 1760516989 1657022148 1621212312 1596921821 1527435317 1446553874 1410950974 1357153700 1286407422 1283470312 939694856 859183687 809043192 803732524 790337080 746855720 715870083 650684672 510295714 445403238 276814680 223650507 134021090 122180929 35806175 -10032825 -116536718 -159191128 -163807023 -300037506 -301657970 -459222439 -479449921 -495701090 -644116884 -761942031 -773398744 -834270374 -885156994 -891781763 -987682626 -1407016810 -1014481874 -1879681980 -1780601321 -1879932254 -1111301144 -1218288631 -1364191774 -1122137067 -1493578036 -1139850571 -1658899988 -1657605486 -1922031473 -1802207110 -1603651398 -1652461065 -1300426816 -1116318629
Phan tu lon nhat trong doan [44, 61]: -1014481874
Swap -1407016810 va -1014481874
Mang sau khi swap: 1921812987 1871909111 1760516989 1657022148 1621212312 1596921821 1527435317 1446553874 1410950974 1357153700 1286407422 1283470312 939694856 859183687 809043192 803732524 790337080 746855720 715870083 650684672 510295714 445403238 276814680 223650507 134021090 122180929 35806175 -10032825 -116536718 -159191128 -163807023 -300037506 -301657970 -459222439 -479449921 -495701090 -644116884 -761942031 -773398744 -834270374 -885156994 -891781763 -987682626 -1014481874 -1407016810 -1879681980 -1780601321 -1879932254 -1111301144 -1218288631 -1364191774 -1122137067 -1493578036 -1139850571 -1658899988 -1657605486 -1922031473 -1802207110 -1603651398 -1652461065 -1300426816 -1116318629

i = 44
Mang truoc khi swap: 1921812987 1871909111 1760516989 1657022148 1621212312 1596921821 1527435317 1446553874 1410950974 1357153700 1286407422 1283470312 939694856 859183687 809043192 803732524 790337080 746855720 715870083 650684672 510295714 445403238 276814680 223650507 134021090 122180929 35806175 -10032825 -116536718 -159191128 -163807023 -300037506 -301657970 -459222439 -479449921 -495701090 -644116884 -761942031 -773398744 -834270374 -885156994 -891781763 -987682626 -1014481874 -1407016810 -1879681980 -1780601321 -1879932254 -1111301144 -1218288631 -1364191774 -1122137067 -1493578036 -1139850571 -1658899988 -1657605486 -1922031473 -1802207110 -1603651398 -1652461065 -1300426816 -1116318629
Phan tu lon nhat trong doan [45, 61]: -1111301144
Swap -1407016810 va -1111301144
Mang sau khi swap: 1921812987 1871909111 1760516989 1657022148 1621212312 1596921821 1527435317 1446553874 1410950974 1357153700 1286407422 1283470312 939694856 859183687 809043192 803732524 790337080 746855720 715870083 650684672 510295714 445403238 276814680 223650507 134021090 122180929 35806175 -10032825 -116536718 -159191128 -163807023 -300037506 -301657970 -459222439 -479449921 -495701090 -644116884 -761942031 -773398744 -834270374 -885156994 -891781763 -987682626 -1014481874 -1111301144 -1879681980 -1780601321 -1879932254 -1407016810 -1218288631 -1364191774 -1122137067 -1493578036 -1139850571 -1658899988 -1657605486 -1922031473 -1802207110 -1603651398 -1652461065 -1300426816 -1116318629

i = 45
Mang truoc khi swap: 1921812987 1871909111 1760516989 1657022148 1621212312 1596921821 1527435317 1446553874 1410950974 1357153700 1286407422 1283470312 939694856 859183687 809043192 803732524 790337080 746855720 715870083 650684672 510295714 445403238 276814680 223650507 134021090 122180929 35806175 -10032825 -116536718 -159191128 -163807023 -300037506 -301657970 -459222439 -479449921 -495701090 -644116884 -761942031 -773398744 -834270374 -885156994 -891781763 -987682626 -1014481874 -1111301144 -1879681980 -1780601321 -1879932254 -1407016810 -1218288631 -1364191774 -1122137067 -1493578036 -1139850571 -1658899988 -1657605486 -1922031473 -1802207110 -1603651398 -1652461065 -1300426816 -1116318629
Phan tu lon nhat trong doan [46, 61]: -1116318629
Swap -1879681980 va -1116318629
Mang sau khi swap: 1921812987 1871909111 1760516989 1657022148 1621212312 1596921821 1527435317 1446553874 1410950974 1357153700 1286407422 1283470312 939694856 859183687 809043192 803732524 790337080 746855720 715870083 650684672 510295714 445403238 276814680 223650507 134021090 122180929 35806175 -10032825 -116536718 -159191128 -163807023 -300037506 -301657970 -459222439 -479449921 -495701090 -644116884 -761942031 -773398744 -834270374 -885156994 -891781763 -987682626 -1014481874 -1111301144 -1116318629 -1780601321 -1879932254 -1407016810 -1218288631 -1364191774 -1122137067 -1493578036 -1139850571 -1658899988 -1657605486 -1922031473 -1802207110 -1603651398 -1652461065 -1300426816 -1879681980

i = 46
Mang truoc khi swap: 1921812987 1871909111 1760516989 1657022148 1621212312 1596921821 1527435317 1446553874 1410950974 1357153700 1286407422 1283470312 939694856 859183687 809043192 803732524 790337080 746855720 715870083 650684672 510295714 445403238 276814680 223650507 134021090 122180929 35806175 -10032825 -116536718 -159191128 -163807023 -300037506 -301657970 -459222439 -479449921 -495701090 -644116884 -761942031 -773398744 -834270374 -885156994 -891781763 -987682626 -1014481874 -1111301144 -1116318629 -1780601321 -1879932254 -1407016810 -1218288631 -1364191774 -1122137067 -1493578036 -1139850571 -1658899988 -1657605486 -1922031473 -1802207110 -1603651398 -1652461065 -1300426816 -1879681980
Phan tu lon nhat trong doan [47, 61]: -1122137067
Swap -1780601321 va -1122137067
Mang sau khi swap: 1921812987 1871909111 1760516989 1657022148 1621212312 1596921821 1527435317 1446553874 1410950974 1357153700 1286407422 1283470312 939694856 859183687 809043192 803732524 790337080 746855720 715870083 650684672 510295714 445403238 276814680 223650507 134021090 122180929 35806175 -10032825 -116536718 -159191128 -163807023 -300037506 -301657970 -459222439 -479449921 -495701090 -644116884 -761942031 -773398744 -834270374 -885156994 -891781763 -987682626 -1014481874 -1111301144 -1116318629 -1122137067 -1879932254 -1407016810 -1218288631 -1364191774 -1780601321 -1493578036 -1139850571 -1658899988 -1657605486 -1922031473 -1802207110 -1603651398 -1652461065 -1300426816 -1879681980

i = 47
Mang truoc khi swap: 1921812987 1871909111 1760516989 1657022148 1621212312 1596921821 1527435317 1446553874 1410950974 1357153700 1286407422 1283470312 939694856 859183687 809043192 803732524 790337080 746855720 715870083 650684672 510295714 445403238 276814680 223650507 134021090 122180929 35806175 -10032825 -116536718 -159191128 -163807023 -300037506 -301657970 -459222439 -479449921 -495701090 -644116884 -761942031 -773398744 -834270374 -885156994 -891781763 -987682626 -1014481874 -1111301144 -1116318629 -1122137067 -1879932254 -1407016810 -1218288631 -1364191774 -1780601321 -1493578036 -1139850571 -1658899988 -1657605486 -1922031473 -1802207110 -1603651398 -1652461065 -1300426816 -1879681980
Phan tu lon nhat trong doan [48, 61]: -1139850571
Swap -1879932254 va -1139850571
Mang sau khi swap: 1921812987 1871909111 1760516989 1657022148 1621212312 1596921821 1527435317 1446553874 1410950974 1357153700 1286407422 1283470312 939694856 859183687 809043192 803732524 790337080 746855720 715870083 650684672 510295714 445403238 276814680 223650507 134021090 122180929 35806175 -10032825 -116536718 -159191128 -163807023 -300037506 -301657970 -459222439 -479449921 -495701090 -644116884 -761942031 -773398744 -834270374 -885156994 -891781763 -987682626 -1014481874 -1111301144 -1116318629 -1122137067 -1139850571 -1407016810 -1218288631 -1364191774 -1780601321 -1493578036 -1879932254 -1658899988 -1657605486 -1922031473 -1802207110 -1603651398 -1652461065 -1300426816 -1879681980

i = 48
Mang truoc khi swap: 1921812987 1871909111 1760516989 1657022148 1621212312 1596921821 1527435317 1446553874 1410950974 1357153700 1286407422 1283470312 939694856 859183687 809043192 803732524 790337080 746855720 715870083 650684672 510295714 445403238 276814680 223650507 134021090 122180929 35806175 -10032825 -116536718 -159191128 -163807023 -300037506 -301657970 -459222439 -479449921 -495701090 -644116884 -761942031 -773398744 -834270374 -885156994 -891781763 -987682626 -1014481874 -1111301144 -1116318629 -1122137067 -1139850571 -1407016810 -1218288631 -1364191774 -1780601321 -1493578036 -1879932254 -1658899988 -1657605486 -1922031473 -1802207110 -1603651398 -1652461065 -1300426816 -1879681980
Phan tu lon nhat trong doan [49, 61]: -1218288631
Swap -1407016810 va -1218288631
Mang sau khi swap: 1921812987 1871909111 1760516989 1657022148 1621212312 1596921821 1527435317 1446553874 1410950974 1357153700 1286407422 1283470312 939694856 859183687 809043192 803732524 790337080 746855720 715870083 650684672 510295714 445403238 276814680 223650507 134021090 122180929 35806175 -10032825 -116536718 -159191128 -163807023 -300037506 -301657970 -459222439 -479449921 -495701090 -644116884 -761942031 -773398744 -834270374 -885156994 -891781763 -987682626 -1014481874 -1111301144 -1116318629 -1122137067 -1139850571 -1218288631 -1407016810 -1364191774 -1780601321 -1493578036 -1879932254 -1658899988 -1657605486 -1922031473 -1802207110 -1603651398 -1652461065 -1300426816 -1879681980

i = 49
Mang truoc khi swap: 1921812987 1871909111 1760516989 1657022148 1621212312 1596921821 1527435317 1446553874 1410950974 1357153700 1286407422 1283470312 939694856 859183687 809043192 803732524 790337080 746855720 715870083 650684672 510295714 445403238 276814680 223650507 134021090 122180929 35806175 -10032825 -116536718 -159191128 -163807023 -300037506 -301657970 -459222439 -479449921 -495701090 -644116884 -761942031 -773398744 -834270374 -885156994 -891781763 -987682626 -1014481874 -1111301144 -1116318629 -1122137067 -1139850571 -1218288631 -1407016810 -1364191774 -1780601321 -1493578036 -1879932254 -1658899988 -1657605486 -1922031473 -1802207110 -1603651398 -1652461065 -1300426816 -1879681980
Phan tu lon nhat trong doan [50, 61]: -1300426816
Swap -1407016810 va -1300426816
Mang sau khi swap: 1921812987 1871909111 1760516989 1657022148 1621212312 1596921821 1527435317 1446553874 1410950974 1357153700 1286407422 1283470312 939694856 859183687 809043192 803732524 790337080 746855720 715870083 650684672 510295714 445403238 276814680 223650507 134021090 122180929 35806175 -10032825 -116536718 -159191128 -163807023 -300037506 -301657970 -459222439 -479449921 -495701090 -644116884 -761942031 -773398744 -834270374 -885156994 -891781763 -987682626 -1014481874 -1111301144 -1116318629 -1122137067 -1139850571 -1218288631 -1300426816 -1364191774 -1780601321 -1493578036 -1879932254 -1658899988 -1657605486 -1922031473 -1802207110 -1603651398 -1652461065 -1407016810 -1879681980

i = 50
Mang truoc khi swap: 1921812987 1871909111 1760516989 1657022148 1621212312 1596921821 1527435317 1446553874 1410950974 1357153700 1286407422 1283470312 939694856 859183687 809043192 803732524 790337080 746855720 715870083 650684672 510295714 445403238 276814680 223650507 134021090 122180929 35806175 -10032825 -116536718 -159191128 -163807023 -300037506 -301657970 -459222439 -479449921 -495701090 -644116884 -761942031 -773398744 -834270374 -885156994 -891781763 -987682626 -1014481874 -1111301144 -1116318629 -1122137067 -1139850571 -1218288631 -1300426816 -1364191774 -1780601321 -1493578036 -1879932254 -1658899988 -1657605486 -1922031473 -1802207110 -1603651398 -1652461065 -1407016810 -1879681980
Phan tu lon nhat trong doan [51, 61]: -1364191774
Swap -1364191774 va -1364191774
Mang sau khi swap: 1921812987 1871909111 1760516989 1657022148 1621212312 1596921821 1527435317 1446553874 1410950974 1357153700 1286407422 1283470312 939694856 859183687 809043192 803732524 790337080 746855720 715870083 650684672 510295714 445403238 276814680 223650507 134021090 122180929 35806175 -10032825 -116536718 -159191128 -163807023 -300037506 -301657970 -459222439 -479449921 -495701090 -644116884 -761942031 -773398744 -834270374 -885156994 -891781763 -987682626 -1014481874 -1111301144 -1116318629 -1122137067 -1139850571 -1218288631 -1300426816 -1364191774 -1780601321 -1493578036 -1879932254 -1658899988 -1657605486 -1922031473 -1802207110 -1603651398 -1652461065 -1407016810 -1879681980

i = 51
Mang truoc khi swap: 1921812987 1871909111 1760516989 1657022148 1621212312 1596921821 1527435317 1446553874 1410950974 1357153700 1286407422 1283470312 939694856 859183687 809043192 803732524 790337080 746855720 715870083 650684672 510295714 445403238 276814680 223650507 134021090 122180929 35806175 -10032825 -116536718 -159191128 -163807023 -300037506 -301657970 -459222439 -479449921 -495701090 -644116884 -761942031 -773398744 -834270374 -885156994 -891781763 -987682626 -1014481874 -1111301144 -1116318629 -1122137067 -1139850571 -1218288631 -1300426816 -1364191774 -1780601321 -1493578036 -1879932254 -1658899988 -1657605486 -1922031473 -1802207110 -1603651398 -1652461065 -1407016810 -1879681980
Phan tu lon nhat trong doan [52, 61]: -1407016810
Swap -1780601321 va -1407016810
Mang sau khi swap: 1921812987 1871909111 1760516989 1657022148 1621212312 1596921821 1527435317 1446553874 1410950974 1357153700 1286407422 1283470312 939694856 859183687 809043192 803732524 790337080 746855720 715870083 650684672 510295714 445403238 276814680 223650507 134021090 122180929 35806175 -10032825 -116536718 -159191128 -163807023 -300037506 -301657970 -459222439 -479449921 -495701090 -644116884 -761942031 -773398744 -834270374 -885156994 -891781763 -987682626 -1014481874 -1111301144 -1116318629 -1122137067 -1139850571 -1218288631 -1300426816 -1364191774 -1407016810 -1493578036 -1879932254 -1658899988 -1657605486 -1922031473 -1802207110 -1603651398 -1652461065 -1780601321 -1879681980

i = 52
Mang truoc khi swap: 1921812987 1871909111 1760516989 1657022148 1621212312 1596921821 1527435317 1446553874 1410950974 1357153700 1286407422 1283470312 939694856 859183687 809043192 803732524 790337080 746855720 715870083 650684672 510295714 445403238 276814680 223650507 134021090 122180929 35806175 -10032825 -116536718 -159191128 -163807023 -300037506 -301657970 -459222439 -479449921 -495701090 -644116884 -761942031 -773398744 -834270374 -885156994 -891781763 -987682626 -1014481874 -1111301144 -1116318629 -1122137067 -1139850571 -1218288631 -1300426816 -1364191774 -1407016810 -1493578036 -1879932254 -1658899988 -1657605486 -1922031473 -1802207110 -1603651398 -1652461065 -1780601321 -1879681980
Phan tu lon nhat trong doan [53, 61]: -1493578036
Swap -1493578036 va -1493578036
Mang sau khi swap: 1921812987 1871909111 1760516989 1657022148 1621212312 1596921821 1527435317 1446553874 1410950974 1357153700 1286407422 1283470312 939694856 859183687 809043192 803732524 790337080 746855720 715870083 650684672 510295714 445403238 276814680 223650507 134021090 122180929 35806175 -10032825 -116536718 -159191128 -163807023 -300037506 -301657970 -459222439 -479449921 -495701090 -644116884 -761942031 -773398744 -834270374 -885156994 -891781763 -987682626 -1014481874 -1111301144 -1116318629 -1122137067 -1139850571 -1218288631 -1300426816 -1364191774 -1407016810 -1493578036 -1879932254 -1658899988 -1657605486 -1922031473 -1802207110 -1603651398 -1652461065 -1780601321 -1879681980

i = 53
Mang truoc khi swap: 1921812987 1871909111 1760516989 1657022148 1621212312 1596921821 1527435317 1446553874 1410950974 1357153700 1286407422 1283470312 939694856 859183687 809043192 803732524 790337080 746855720 715870083 650684672 510295714 445403238 276814680 223650507 134021090 122180929 35806175 -10032825 -116536718 -159191128 -163807023 -300037506 -301657970 -459222439 -479449921 -495701090 -644116884 -761942031 -773398744 -834270374 -885156994 -891781763 -987682626 -1014481874 -1111301144 -1116318629 -1122137067 -1139850571 -1218288631 -1300426816 -1364191774 -1407016810 -1493578036 -1879932254 -1658899988 -1657605486 -1922031473 -1802207110 -1603651398 -1652461065 -1780601321 -1879681980
Phan tu lon nhat trong doan [54, 61]: -1603651398
Swap -1879932254 va -1603651398
Mang sau khi swap: 1921812987 1871909111 1760516989 1657022148 1621212312 1596921821 1527435317 1446553874 1410950974 1357153700 1286407422 1283470312 939694856 859183687 809043192 803732524 790337080 746855720 715870083 650684672 510295714 445403238 276814680 223650507 134021090 122180929 35806175 -10032825 -116536718 -159191128 -163807023 -300037506 -301657970 -459222439 -479449921 -495701090 -644116884 -761942031 -773398744 -834270374 -885156994 -891781763 -987682626 -1014481874 -1111301144 -1116318629 -1122137067 -1139850571 -1218288631 -1300426816 -1364191774 -1407016810 -1493578036 -1603651398 -1658899988 -1657605486 -1922031473 -1802207110 -1879932254 -1652461065 -1780601321 -1879681980

i = 54
Mang truoc khi swap: 1921812987 1871909111 1760516989 1657022148 1621212312 1596921821 1527435317 1446553874 1410950974 1357153700 1286407422 1283470312 939694856 859183687 809043192 803732524 790337080 746855720 715870083 650684672 510295714 445403238 276814680 223650507 134021090 122180929 35806175 -10032825 -116536718 -159191128 -163807023 -300037506 -301657970 -459222439 -479449921 -495701090 -644116884 -761942031 -773398744 -834270374 -885156994 -891781763 -987682626 -1014481874 -1111301144 -1116318629 -1122137067 -1139850571 -1218288631 -1300426816 -1364191774 -1407016810 -1493578036 -1603651398 -1658899988 -1657605486 -1922031473 -1802207110 -1879932254 -1652461065 -1780601321 -1879681980
Phan tu lon nhat trong doan [55, 61]: -1652461065
Swap -1658899988 va -1652461065
Mang sau khi swap: 1921812987 1871909111 1760516989 1657022148 1621212312 1596921821 1527435317 1446553874 1410950974 1357153700 1286407422 1283470312 939694856 859183687 809043192 803732524 790337080 746855720 715870083 650684672 510295714 445403238 276814680 223650507 134021090 122180929 35806175 -10032825 -116536718 -159191128 -163807023 -300037506 -301657970 -459222439 -479449921 -495701090 -644116884 -761942031 -773398744 -834270374 -885156994 -891781763 -987682626 -1014481874 -1111301144 -1116318629 -1122137067 -1139850571 -1218288631 -1300426816 -1364191774 -1407016810 -1493578036 -1603651398 -1652461065 -1657605486 -1922031473 -1802207110 -1879932254 -1658899988 -1780601321 -1879681980

i = 55
Mang truoc khi swap: 1921812987 1871909111 1760516989 1657022148 1621212312 1596921821 1527435317 1446553874 1410950974 1357153700 1286407422 1283470312 939694856 859183687 809043192 803732524 790337080 746855720 715870083 650684672 510295714 445403238 276814680 223650507 134021090 122180929 35806175 -10032825 -116536718 -159191128 -163807023 -300037506 -301657970 -459222439 -479449921 -495701090 -644116884 -761942031 -773398744 -834270374 -885156994 -891781763 -987682626 -1014481874 -1111301144 -1116318629 -1122137067 -1139850571 -1218288631 -1300426816 -1364191774 -1407016810 -1493578036 -1603651398 -1652461065 -1657605486 -1922031473 -1802207110 -1879932254 -1658899988 -1780601321 -1879681980
Phan tu lon nhat trong doan [56, 61]: -1657605486
Swap -1657605486 va -1657605486
Mang sau khi swap: 1921812987 1871909111 1760516989 1657022148 1621212312 1596921821 1527435317 1446553874 1410950974 1357153700 1286407422 1283470312 939694856 859183687 809043192 803732524 790337080 746855720 715870083 650684672 510295714 445403238 276814680 223650507 134021090 122180929 35806175 -10032825 -116536718 -159191128 -163807023 -300037506 -301657970 -459222439 -479449921 -495701090 -644116884 -761942031 -773398744 -834270374 -885156994 -891781763 -987682626 -1014481874 -1111301144 -1116318629 -1122137067 -1139850571 -1218288631 -1300426816 -1364191774 -1407016810 -1493578036 -1603651398 -1652461065 -1657605486 -1922031473 -1802207110 -1879932254 -1658899988 -1780601321 -1879681980

i = 56
Mang truoc khi swap: 1921812987 1871909111 1760516989 1657022148 1621212312 1596921821 1527435317 1446553874 1410950974 1357153700 1286407422 1283470312 939694856 859183687 809043192 803732524 790337080 746855720 715870083 650684672 510295714 445403238 276814680 223650507 134021090 122180929 35806175 -10032825 -116536718 -159191128 -163807023 -300037506 -301657970 -459222439 -479449921 -495701090 -644116884 -761942031 -773398744 -834270374 -885156994 -891781763 -987682626 -1014481874 -1111301144 -1116318629 -1122137067 -1139850571 -1218288631 -1300426816 -1364191774 -1407016810 -1493578036 -1603651398 -1652461065 -1657605486 -1922031473 -1802207110 -1879932254 -1658899988 -1780601321 -1879681980
Phan tu lon nhat trong doan [57, 61]: -1658899988
Swap -1922031473 va -1658899988
Mang sau khi swap: 1921812987 1871909111 1760516989 1657022148 1621212312 1596921821 1527435317 1446553874 1410950974 1357153700 1286407422 1283470312 939694856 859183687 809043192 803732524 790337080 746855720 715870083 650684672 510295714 445403238 276814680 223650507 134021090 122180929 35806175 -10032825 -116536718 -159191128 -163807023 -300037506 -301657970 -459222439 -479449921 -495701090 -644116884 -761942031 -773398744 -834270374 -885156994 -891781763 -987682626 -1014481874 -1111301144 -1116318629 -1122137067 -1139850571 -1218288631 -1300426816 -1364191774 -1407016810 -1493578036 -1603651398 -1652461065 -1657605486 -1658899988 -1802207110 -1879932254 -1922031473 -1780601321 -1879681980

i = 57
Mang truoc khi swap: 1921812987 1871909111 1760516989 1657022148 1621212312 1596921821 1527435317 1446553874 1410950974 1357153700 1286407422 1283470312 939694856 859183687 809043192 803732524 790337080 746855720 715870083 650684672 510295714 445403238 276814680 223650507 134021090 122180929 35806175 -10032825 -116536718 -159191128 -163807023 -300037506 -301657970 -459222439 -479449921 -495701090 -644116884 -761942031 -773398744 -834270374 -885156994 -891781763 -987682626 -1014481874 -1111301144 -1116318629 -1122137067 -1139850571 -1218288631 -1300426816 -1364191774 -1407016810 -1493578036 -1603651398 -1652461065 -1657605486 -1658899988 -1802207110 -1879932254 -1922031473 -1780601321 -1879681980
Phan tu lon nhat trong doan [58, 61]: -1780601321
Swap -1802207110 va -1780601321
Mang sau khi swap: 1921812987 1871909111 1760516989 1657022148 1621212312 1596921821 1527435317 1446553874 1410950974 1357153700 1286407422 1283470312 939694856 859183687 809043192 803732524 790337080 746855720 715870083 650684672 510295714 445403238 276814680 223650507 134021090 122180929 35806175 -10032825 -116536718 -159191128 -163807023 -300037506 -301657970 -459222439 -479449921 -495701090 -644116884 -761942031 -773398744 -834270374 -885156994 -891781763 -987682626 -1014481874 -1111301144 -1116318629 -1122137067 -1139850571 -1218288631 -1300426816 -1364191774 -1407016810 -1493578036 -1603651398 -1652461065 -1657605486 -1658899988 -1780601321 -1879932254 -1922031473 -1802207110 -1879681980

i = 58
Mang truoc khi swap: 1921812987 1871909111 1760516989 1657022148 1621212312 1596921821 1527435317 1446553874 1410950974 1357153700 1286407422 1283470312 939694856 859183687 809043192 803732524 790337080 746855720 715870083 650684672 510295714 445403238 276814680 223650507 134021090 122180929 35806175 -10032825 -116536718 -159191128 -163807023 -300037506 -301657970 -459222439 -479449921 -495701090 -644116884 -761942031 -773398744 -834270374 -885156994 -891781763 -987682626 -1014481874 -1111301144 -1116318629 -1122137067 -1139850571 -1218288631 -1300426816 -1364191774 -1407016810 -1493578036 -1603651398 -1652461065 -1657605486 -1658899988 -1780601321 -1879932254 -1922031473 -1802207110 -1879681980
Phan tu lon nhat trong doan [59, 61]: -1802207110
Swap -1879932254 va -1802207110
Mang sau khi swap: 1921812987 1871909111 1760516989 1657022148 1621212312 1596921821 1527435317 1446553874 1410950974 1357153700 1286407422 1283470312 939694856 859183687 809043192 803732524 790337080 746855720 715870083 650684672 510295714 445403238 276814680 223650507 134021090 122180929 35806175 -10032825 -116536718 -159191128 -163807023 -300037506 -301657970 -459222439 -479449921 -495701090 -644116884 -761942031 -773398744 -834270374 -885156994 -891781763 -987682626 -1014481874 -1111301144 -1116318629 -1122137067 -1139850571 -1218288631 -1300426816 -1364191774 -1407016810 -1493578036 -1603651398 -1652461065 -1657605486 -1658899988 -1780601321 -1802207110 -1922031473 -1879932254 -1879681980

i = 59
Mang truoc khi swap: 1921812987 1871909111 1760516989 1657022148 1621212312 1596921821 1527435317 1446553874 1410950974 1357153700 1286407422 1283470312 939694856 859183687 809043192 803732524 790337080 746855720 715870083 650684672 510295714 445403238 276814680 223650507 134021090 122180929 35806175 -10032825 -116536718 -159191128 -163807023 -300037506 -301657970 -459222439 -479449921 -495701090 -644116884 -761942031 -773398744 -834270374 -885156994 -891781763 -987682626 -1014481874 -1111301144 -1116318629 -1122137067 -1139850571 -1218288631 -1300426816 -1364191774 -1407016810 -1493578036 -1603651398 -1652461065 -1657605486 -1658899988 -1780601321 -1802207110 -1922031473 -1879932254 -1879681980
Phan tu lon nhat trong doan [60, 61]: -1879681980
Swap -1922031473 va -1879681980
Mang sau khi swap: 1921812987 1871909111 1760516989 1657022148 1621212312 1596921821 1527435317 1446553874 1410950974 1357153700 1286407422 1283470312 939694856 859183687 809043192 803732524 790337080 746855720 715870083 650684672 510295714 445403238 276814680 223650507 134021090 122180929 35806175 -10032825 -116536718 -159191128 -163807023 -300037506 -301657970 -459222439 -479449921 -495701090 -644116884 -761942031 -773398744 -834270374 -885156994 -891781763 -987682626 -1014481874 -1111301144 -1116318629 -1122137067 -1139850571 -1218288631 -1300426816 -1364191774 -1407016810 -1493578036 -1603651398 -1652461065 -1657605486 -1658899988 -1780601321 -1802207110 -1879681980 -1879932254 -1922031473

i = 60
Mang truoc khi swap: 1921812987 1871909111 1760516989 1657022148 1621212312 1596921821 1527435317 1446553874 1410950974 1357153700 1286407422 1283470312 939694856 859183687 809043192 803732524 790337080 746855720 715870083 650684672 510295714 445403238 276814680 223650507 134021090 122180929 35806175 -10032825 -116536718 -159191128 -163807023 -300037506 -301657970 -459222439 -479449921 -495701090 -644116884 -761942031 -773398744 -834270374 -885156994 -891781763 -987682626 -1014481874 -1111301144 -1116318629 -1122137067 -1139850571 -1218288631 -1300426816 -1364191774 -1407016810 -1493578036 -1603651398 -1652461065 -1657605486 -1658899988 -1780601321 -1802207110 -1879681980 -1879932254 -1922031473
Phan tu lon nhat trong doan [61, 61]: -1879932254
Swap -1879932254 va -1879932254
Mang sau khi swap: 1921812987 1871909111 1760516989 1657022148 1621212312 1596921821 1527435317 1446553874 1410950974 1357153700 1286407422 1283470312 939694856 859183687 809043192 803732524 790337080 746855720 715870083 650684672 510295714 445403238 276814680 223650507 134021090 122180929 35806175 -10032825 -116536718 -159191128 -163807023 -300037506 -301657970 -459222439 -479449921 -495701090 -644116884 -761942031 -773398744 -834270374 -885156994 -891781763 -987682626 -1014481874 -1111301144 -1116318629 -1122137067 -1139850571 -1218288631 -1300426816 -1364191774 -1407016810 -1493578036 -1603651398 -1652461065 -1657605486 -1658899988 -1780601321 -1802207110 -1879681980 -1879932254 -1922031473

Mang sau khi sap xep:
1921812987 1871909111 1760516989 1657022148 1621212312 1596921821 1527435317 1446553874 1410950974 1357153700 1286407422 1283470312 939694856 859183687 809043192 803732524 790337080 746855720 715870083 650684672 510295714 445403238 276814680 223650507 134021090 122180929 35806175 -10032825 -116536718 -159191128 -163807023 -300037506 -301657970 -459222439 -479449921 -495701090 -644116884 -761942031 -773398744 -834270374 -885156994 -891781763 -987682626 -1014481874 -1111301144 -1116318629 -1122137067 -1139850571 -1218288631 -1300426816 -1364191774 -1407016810 -1493578036 -1603651398 -1652461065 -1657605486 -1658899988 -1780601321 -1802207110 -1879681980 -1879932254 -1922031473
