Mang truoc khi sap xep:
-602717636 11332571 457418608 1195239519 1635881516 503451000 809119277 -110373442 -854187809 558462667 1662834717 1613132143 -1880001210 798281817 -1271768103 1214726056 -1718150230 258871740 -1131801278 1852460150 317937204 1859021717 -207833587 134726853 -995066816 -986679256 292653092 1594882478 -258766995 -1373460748 1076059294 -1002473967 -279616183 -206962281 -1058151283 -1115738688 1162263799 -855860825 -1179441423 -281509248 1874937653 82386645 723933784 1284630050 335333022 643862133 -1948315063 1531149542 873542863 1958192285 -1136587778 -45357847 802691182

Sap xep:
i = 0
Mang truoc khi swap: -602717636 11332571 457418608 1195239519 1635881516 503451000 809119277 -110373442 -854187809 558462667 1662834717 1613132143 -1880001210 798281817 -1271768103 1214726056 -1718150230 258871740 -1131801278 1852460150 317937204 1859021717 -207833587 134726853 -995066816 -986679256 292653092 1594882478 -258766995 -1373460748 1076059294 -1002473967 -279616183 -206962281 -1058151283 -1115738688 1162263799 -855860825 -1179441423 -281509248 1874937653 82386645 723933784 1284630050 335333022 643862133 -1948315063 1531149542 873542863 1958192285 -1136587778 -45357847 802691182
Phan tu lon nhat trong doan [1, 52]: 1958192285
Swap -602717636 va 1958192285
Mang sau khi swap: 1958192285 11332571 457418608 1195239519 1635881516 503451000 809119277 -110373442 -854187809 558462667 1662834717 1613132143 -1880001210 798281817 -1271768103 1214726056 -1718150230 258871740 -1131801278 1852460150 317937204 1859021717 -207833587 134726853 -995066816 -986679256 292653092 1594882478 -258766995 -1373460748 1076059294 -1002473967 -279616183 -206962281 -1058151283 -1115738688 1162263799 -855860825 -1179441423 -281509248 1874937653 82386645 723933784 1284630050 335333022 643862133 -1948315063 1531149542 873542863 -602717636 -1136587778 -45357847 802691182

i = 1
Mang truoc khi swap: 1958192285 11332571 457418608 1195239519 1635881516 503451000 809119277 -110373442 -854187809 558462667 1662834717 1613132143 -1880001210 798281817 -1271768103 1214726056 -1718150230 258871740 -1131801278 1852460150 317937204 1859021717 -207833587 134726853 -995066816 -986679256 292653092 1594882478 -258766995 -1373460748 1076059294 -1002473967 -279616183 -206962281 -1058151283 -1115738688 1162263799 -855860825 -1179441423 -281509248 1874937653 82386645 723933784 1284630050 335333022 643862133 -1948315063 1531149542 873542863 -602717636 -1136587778 -45357847 802691182
Phan tu lon nhat trong doan [2, 52]: 1874937653
Swap 11332571 va 1874937653
Mang sau khi swap: 1958192285 1874937653 457418608 1195239519 1635881516 503451000 809119277 -110373442 -854187809 558462667 1662834717 1613132143 -1880001210 798281817 -1271768103 1214726056 -1718150230 258871740 -1131801278 1852460150 317937204 1859021717 -207833587 134726853 -995066816 -986679256 292653092 1594882478 -258766995 -1373460748 1076059294 -1002473967 -279616183 -206962281 -1058151283 -1115738688 1162263799 -855860825 -1179441423 -281509248 11332571 82386645 723933784 1284630050 335333022 643862133 -1948315063 1531149542 873542863 -602717636 -1136587778 -45357847 802691182

i = 2
Mang truoc khi swap: 1958192285 1874937653 457418608 1195239519 1635881516 503451000 809119277 -110373442 -854187809 558462667 1662834717 1613132143 -1880001210 798281817 -1271768103 1214726056 -1718150230 258871740 -1131801278 1852460150 317937204 1859021717 -207833587 134726853 -995066816 -986679256 292653092 1594882478 -258766995 -1373460748 1076059294 -1002473967 -279616183 -206962281 -1058151283 -1115738688 1162263799 -855860825 -1179441423 -281509248 11332571 82386645 723933784 1284630050 335333022 643862133 -1948315063 1531149542 873542863 -602717636 -1136587778 -45357847 802691182
Phan tu lon nhat trong doan [3, 52]: 1859021717
Swap 457418608 va 1859021717
Mang sau khi swap: 1958192285 1874937653 1859021717 1195239519 1635881516 503451000 809119277 -110373442 -854187809 558462667 1662834717 1613132143 -1880001210 798281817 -1271768103 1214726056 -1718150230 258871740 -1131801278 1852460150 317937204 457418608 -207833587 134726853 -995066816 -986679256 292653092 1594882478 -258766995 -1373460748 1076059294 -1002473967 -279616183 -206962281 -1058151283 -1115738688 1162263799 -855860825 -1179441423 -281509248 11332571 82386645 723933784 1284630050 335333022 643862133 -1948315063 1531149542 873542863 -602717636 -1136587778 -45357847 802691182

i = 3
Mang truoc khi swap: 1958192285 1874937653 1859021717 1195239519 1635881516 503451000 809119277 -110373442 -854187809 558462667 1662834717 1613132143 -1880001210 798281817 -1271768103 1214726056 -1718150230 258871740 -1131801278 1852460150 317937204 457418608 -207833587 134726853 -995066816 -986679256 292653092 1594882478 -258766995 -1373460748 1076059294 -1002473967 -279616183 -206962281 -1058151283 -1115738688 1162263799 -855860825 -1179441423 -281509248 11332571 82386645 723933784 1284630050 335333022 643862133 -1948315063 1531149542 873542863 -602717636 -1136587778 -45357847 802691182
Phan tu lon nhat trong doan [4, 52]: 1852460150
Swap 1195239519 va 1852460150
Mang sau khi swap: 1958192285 1874937653 1859021717 1852460150 1635881516 503451000 809119277 -110373442 -854187809 558462667 1662834717 1613132143 -1880001210 798281817 -1271768103 1214726056 -1718150230 258871740 -1131801278 1195239519 317937204 457418608 -207833587 134726853 -995066816 -986679256 292653092 1594882478 -258766995 -1373460748 1076059294 -1002473967 -279616183 -206962281 -1058151283 -1115738688 1162263799 -855860825 -1179441423 -281509248 11332571 82386645 723933784 1284630050 335333022 643862133 -1948315063 1531149542 873542863 -602717636 -1136587778 -45357847 802691182

i = 4
Mang truoc khi swap: 1958192285 1874937653 1859021717 1852460150 1635881516 503451000 809119277 -110373442 -854187809 558462667 1662834717 1613132143 -1880001210 798281817 -1271768103 1214726056 -1718150230 258871740 -1131801278 1195239519 317937204 457418608 -207833587 134726853 -995066816 -986679256 292653092 1594882478 -258766995 -1373460748 1076059294 -1002473967 -279616183 -206962281 -1058151283 -1115738688 1162263799 -855860825 -1179441423 -281509248 11332571 82386645 723933784 1284630050 335333022 643862133 -1948315063 1531149542 873542863 -602717636 -1136587778 -45357847 802691182
Phan tu lon nhat trong doan [5, 52]: 1662834717
Swap 1635881516 va 1662834717
Mang sau khi swap: 1958192285 1874937653 1859021717 1852460150 1662834717 503451000 809119277 -110373442 -854187809 558462667 1635881516 1613132143 -1880001210 798281817 -1271768103 1214726056 -1718150230 258871740 -1131801278 1195239519 317937204 457418608 -207833587 134726853 -995066816 -986679256 292653092 1594882478 -258766995 -1373460748 1076059294 -1002473967 -279616183 -206962281 -1058151283 -1115738688 1162263799 -855860825 -1179441423 -281509248 11332571 82386645 723933784 1284630050 335333022 643862133 -1948315063 1531149542 873542863 -602717636 -1136587778 -45357847 802691182

i = 5
Mang truoc khi swap: 1958192285 1874937653 1859021717 1852460150 1662834717 503451000 809119277 -110373442 -854187809 558462667 1635881516 1613132143 -1880001210 798281817 -1271768103 1214726056 -1718150230 258871740 -1131801278 1195239519 317937204 457418608 -207833587 134726853 -995066816 -986679256 292653092 1594882478 -258766995 -1373460748 1076059294 -1002473967 -279616183 -206962281 -1058151283 -1115738688 1162263799 -855860825 -1179441423 -281509248 11332571 82386645 723933784 1284630050 335333022 643862133 -1948315063 1531149542 873542863 -602717636 -1136587778 -45357847 802691182
Phan tu lon nhat trong doan [6, 52]: 1635881516
Swap 503451000 va 1635881516
Mang sau khi swap: 1958192285 1874937653 1859021717 1852460150 1662834717 1635881516 809119277 -110373442 -854187809 558462667 503451000 1613132143 -1880001210 798281817 -1271768103 1214726056 -1718150230 258871740 -1131801278 1195239519 317937204 457418608 -207833587 134726853 -995066816 -986679256 292653092 1594882478 -258766995 -1373460748 1076059294 -1002473967 -279616183 -206962281 -1058151283 -1115738688 1162263799 -855860825 -1179441423 -281509248 11332571 82386645 723933784 1284630050 335333022 643862133 -1948315063 1531149542 873542863 -602717636 -1136587778 -45357847 802691182

i = 6
Mang truoc khi swap: 1958192285 1874937653 1859021717 1852460150 1662834717 1635881516 809119277 -110373442 -854187809 558462667 503451000 1613132143 -1880001210 798281817 -1271768103 1214726056 -1718150230 258871740 -1131801278 1195239519 317937204 457418608 -207833587 134726853 -995066816 -986679256 292653092 1594882478 -258766995 -1373460748 1076059294 -1002473967 -279616183 -206962281 -1058151283 -1115738688 1162263799 -855860825 -1179441423 -281509248 11332571 82386645 723933784 1284630050 335333022 643862133 -1948315063 1531149542 873542863 -602717636 -1136587778 -45357847 802691182
Phan tu lon nhat trong doan [7, 52]: 1613132143
Swap 809119277 va 1613132143
Mang sau khi swap: 1958192285 1874937653 1859021717 1852460150 1662834717 1635881516 1613132143 -110373442 -854187809 558462667 503451000 809119277 -1880001210 798281817 -1271768103 1214726056 -1718150230 258871740 -1131801278 1195239519 317937204 457418608 -207833587 134726853 -995066816 -986679256 292653092 1594882478 -258766995 -1373460748 1076059294 -1002473967 -279616183 -206962281 -1058151283 -1115738688 1162263799 -855860825 -1179441423 -281509248 11332571 82386645 723933784 1284630050 335333022 643862133 -1948315063 1531149542 873542863 -602717636 -1136587778 -45357847 802691182

i = 7
Mang truoc khi swap: 1958192285 1874937653 1859021717 1852460150 1662834717 1635881516 1613132143 -110373442 -854187809 558462667 503451000 809119277 -1880001210 798281817 -1271768103 1214726056 -1718150230 258871740 -1131801278 1195239519 317937204 457418608 -207833587 134726853 -995066816 -986679256 292653092 1594882478 -258766995 -1373460748 1076059294 -1002473967 -279616183 -206962281 -1058151283 -1115738688 1162263799 -855860825 -1179441423 -281509248 11332571 82386645 723933784 1284630050 335333022 643862133 -1948315063 1531149542 873542863 -602717636 -1136587778 -45357847 802691182
Phan tu lon nhat trong doan [8, 52]: 1594882478
Swap -110373442 va 1594882478
Mang sau khi swap: 1958192285 1874937653 1859021717 1852460150 1662834717 1635881516 1613132143 1594882478 -854187809 558462667 503451000 809119277 -1880001210 798281817 -1271768103 1214726056 -1718150230 258871740 -1131801278 1195239519 317937204 457418608 -207833587 134726853 -995066816 -986679256 292653092 -110373442 -258766995 -1373460748 1076059294 -1002473967 -279616183 -206962281 -1058151283 -1115738688 1162263799 -855860825 -1179441423 -281509248 11332571 82386645 723933784 1284630050 335333022 643862133 -1948315063 1531149542 873542863 -602717636 -1136587778 -45357847 802691182

i = 8
Mang truoc khi swap: 1958192285 1874937653 1859021717 1852460150 1662834717 1635881516 1613132143 1594882478 -854187809 558462667 503451000 809119277 -1880001210 798281817 -1271768103 1214726056 -1718150230 258871740 -1131801278 1195239519 317937204 457418608 -207833587 134726853 -995066816 -986679256 292653092 -110373442 -258766995 -1373460748 1076059294 -1002473967 -279616183 -206962281 -1058151283 -1115738688 1162263799 -855860825 -1179441423 -281509248 11332571 82386645 723933784 1284630050 335333022 643862133 -1948315063 1531149542 873542863 -602717636 -1136587778 -45357847 802691182
Phan tu lon nhat trong doan [9, 52]: 1531149542
Swap -854187809 va 1531149542
Mang sau khi swap: 1958192285 1874937653 1859021717 1852460150 1662834717 1635881516 1613132143 1594882478 1531149542 558462667 503451000 809119277 -1880001210 798281817 -1271768103 1214726056 -1718150230 258871740 -1131801278 1195239519 317937204 457418608 -207833587 134726853 -995066816 -986679256 292653092 -110373442 -258766995 -1373460748 1076059294 -1002473967 -279616183 -206962281 -1058151283 -1115738688 1162263799 -855860825 -1179441423 -281509248 11332571 82386645 723933784 1284630050 335333022 643862133 -1948315063 -854187809 873542863 -602717636 -1136587778 -45357847 802691182

i = 9
Mang truoc khi swap: 1958192285 1874937653 1859021717 1852460150 1662834717 1635881516 1613132143 1594882478 1531149542 558462667 503451000 809119277 -1880001210 798281817 -1271768103 1214726056 -1718150230 258871740 -1131801278 1195239519 317937204 457418608 -207833587 134726853 -995066816 -986679256 292653092 -110373442 -258766995 -1373460748 1076059294 -1002473967 -279616183 -206962281 -1058151283 -1115738688 1162263799 -855860825 -1179441423 -281509248 11332571 82386645 723933784 1284630050 335333022 643862133 -1948315063 -854187809 873542863 -602717636 -1136587778 -45357847 802691182
Phan tu lon nhat trong doan [10, 52]: 1284630050
Swap 558462667 va 1284630050
Mang sau khi swap: 1958192285 1874937653 1859021717 1852460150 1662834717 1635881516 1613132143 1594882478 1531149542 1284630050 503451000 809119277 -1880001210 798281817 -1271768103 1214726056 -1718150230 258871740 -1131801278 1195239519 317937204 457418608 -207833587 134726853 -995066816 -986679256 292653092 -110373442 -258766995 -1373460748 1076059294 -1002473967 -279616183 -206962281 -1058151283 -1115738688 1162263799 -855860825 -1179441423 -281509248 11332571 82386645 723933784 558462667 335333022 643862133 -1948315063 -854187809 873542863 -602717636 -1136587778 -45357847 802691182

i = 10
Mang truoc khi swap: 1958192285 1874937653 1859021717 1852460150 1662834717 1635881516 1613132143 1594882478 1531149542 1284630050 503451000 809119277 -1880001210 798281817 -1271768103 1214726056 -1718150230 258871740 -1131801278 1195239519 317937204 457418608 -207833587 134726853 -995066816 -986679256 292653092 -110373442 -258766995 -1373460748 1076059294 -1002473967 -279616183 -206962281 -1058151283 -1115738688 1162263799 -855860825 -1179441423 -281509248 11332571 82386645 723933784 558462667 335333022 643862133 -1948315063 -854187809 873542863 -602717636 -1136587778 -45357847 802691182
Phan tu lon nhat trong doan [11, 52]: 1214726056
Swap 503451000 va 1214726056
Mang sau khi swap: 1958192285 1874937653 1859021717 1852460150 1662834717 1635881516 1613132143 1594882478 1531149542 1284630050 1214726056 809119277 -1880001210 798281817 -1271768103 503451000 -1718150230 258871740 -1131801278 1195239519 317937204 457418608 -207833587 134726853 -995066816 -986679256 292653092 -110373442 -258766995 -1373460748 1076059294 -1002473967 -279616183 -206962281 -1058151283 -1115738688 1162263799 -855860825 -1179441423 -281509248 11332571 82386645 723933784 558462667 335333022 643862133 -1948315063 -854187809 873542863 -602717636 -1136587778 -45357847 802691182

i = 11
Mang truoc khi swap: 1958192285 1874937653 1859021717 1852460150 1662834717 1635881516 1613132143 1594882478 1531149542 1284630050 1214726056 809119277 -1880001210 798281817 -1271768103 503451000 -1718150230 258871740 -1131801278 1195239519 317937204 457418608 -207833587 134726853 -995066816 -986679256 292653092 -110373442 -258766995 -1373460748 1076059294 -1002473967 -279616183 -206962281 -1058151283 -1115738688 1162263799 -855860825 -1179441423 -281509248 11332571 82386645 723933784 558462667 335333022 643862133 -1948315063 -854187809 873542863 -602717636 -1136587778 -45357847 802691182
Phan tu lon nhat trong doan [12, 52]: 1195239519
Swap 809119277 va 1195239519
Mang sau khi swap: 1958192285 1874937653 1859021717 1852460150 1662834717 1635881516 1613132143 1594882478 1531149542 1284630050 1214726056 1195239519 -1880001210 798281817 -1271768103 503451000 -1718150230 258871740 -1131801278 809119277 317937204 457418608 -207833587 134726853 -995066816 -986679256 292653092 -110373442 -258766995 -1373460748 1076059294 -1002473967 -279616183 -206962281 -1058151283 -1115738688 1162263799 -855860825 -1179441423 -281509248 11332571 82386645 723933784 558462667 335333022 643862133 -1948315063 -854187809 873542863 -602717636 -1136587778 -45357847 802691182

i = 12
Mang truoc khi swap: 1958192285 1874937653 1859021717 1852460150 1662834717 1635881516 1613132143 1594882478 1531149542 1284630050 1214726056 1195239519 -1880001210 798281817 -1271768103 503451000 -1718150230 258871740 -1131801278 809119277 317937204 457418608 -207833587 134726853 -995066816 -986679256 292653092 -110373442 -258766995 -1373460748 1076059294 -1002473967 -279616183 -206962281 -1058151283 -1115738688 1162263799 -855860825 -1179441423 -281509248 11332571 82386645 723933784 558462667 335333022 643862133 -1948315063 -854187809 873542863 -602717636 -1136587778 -45357847 802691182
Phan tu lon nhat trong doan [13, 52]: 1162263799
Swap -1880001210 va 1162263799
Mang sau khi swap: 1958192285 1874937653 1859021717 1852460150 1662834717 1635881516 1613132143 1594882478 1531149542 1284630050 1214726056 1195239519 1162263799 798281817 -1271768103 503451000 -1718150230 258871740 -1131801278 809119277 317937204 457418608 -207833587 134726853 -995066816 -986679256 292653092 -110373442 -258766995 -1373460748 1076059294 -1002473967 -279616183 -206962281 -1058151283 -1115738688 -1880001210 -855860825 -1179441423 -281509248 11332571 82386645 723933784 558462667 335333022 643862133 -1948315063 -854187809 873542863 -602717636 -1136587778 -45357847 802691182

i = 13
Mang truoc khi swap: 1958192285 1874937653 1859021717 1852460150 1662834717 1635881516 1613132143 1594882478 1531149542 1284630050 1214726056 1195239519 1162263799 798281817 -1271768103 503451000 -1718150230 258871740 -1131801278 809119277 317937204 457418608 -207833587 134726853 -995066816 -986679256 292653092 -110373442 -258766995 -1373460748 1076059294 -1002473967 -279616183 -206962281 -1058151283 -1115738688 -1880001210 -855860825 -1179441423 -281509248 11332571 82386645 723933784 558462667 335333022 643862133 -1948315063 -854187809 873542863 -602717636 -1136587778 -45357847 802691182
Phan tu lon nhat trong doan [14, 52]: 1076059294
Swap 798281817 va 1076059294
Mang sau khi swap: 1958192285 1874937653 1859021717 1852460150 1662834717 1635881516 1613132143 1594882478 1531149542 1284630050 1214726056 1195239519 1162263799 1076059294 -1271768103 503451000 -1718150230 258871740 -1131801278 809119277 317937204 457418608 -207833587 134726853 -995066816 -986679256 292653092 -110373442 -258766995 -1373460748 798281817 -1002473967 -279616183 -206962281 -1058151283 -1115738688 -1880001210 -855860825 -1179441423 -281509248 11332571 82386645 723933784 558462667 335333022 643862133 -1948315063 -854187809 873542863 -602717636 -1136587778 -45357847 802691182

i = 14
Mang truoc khi swap: 1958192285 1874937653 1859021717 1852460150 1662834717 1635881516 1613132143 1594882478 1531149542 1284630050 1214726056 1195239519 1162263799 1076059294 -1271768103 503451000 -1718150230 258871740 -1131801278 809119277 317937204 457418608 -207833587 134726853 -995066816 -986679256 292653092 -110373442 -258766995 -1373460748 798281817 -1002473967 -279616183 -206962281 -1058151283 -1115738688 -1880001210 -855860825 -1179441423 -281509248 11332571 82386645 723933784 558462667 335333022 643862133 -1948315063 -854187809 873542863 -602717636 -1136587778 -45357847 802691182
Phan tu lon nhat trong doan [15, 52]: 873542863
Swap -1271768103 va 873542863
Mang sau khi swap: 1958192285 1874937653 1859021717 1852460150 1662834717 1635881516 1613132143 1594882478 1531149542 1284630050 1214726056 1195239519 1162263799 1076059294 873542863 503451000 -1718150230 258871740 -1131801278 809119277 317937204 457418608 -207833587 134726853 -995066816 -986679256 292653092 -110373442 -258766995 -1373460748 798281817 -1002473967 -279616183 -206962281 -1058151283 -1115738688 -1880001210 -855860825 -1179441423 -281509248 11332571 82386645 723933784 558462667 335333022 643862133 -1948315063 -854187809 -1271768103 -602717636 -1136587778 -45357847 802691182

i = 15
Mang truoc khi swap: 1958192285 1874937653 1859021717 1852460150 1662834717 1635881516 1613132143 1594882478 1531149542 1284630050 1214726056 1195239519 1162263799 1076059294 873542863 503451000 -1718150230 258871740 -1131801278 809119277 317937204 457418608 -207833587 134726853 -995066816 -986679256 292653092 -110373442 -258766995 -1373460748 798281817 -1002473967 -279616183 -206962281 -1058151283 -1115738688 -1880001210 -855860825 -1179441423 -281509248 11332571 82386645 723933784 558462667 335333022 643862133 -1948315063 -854187809 -1271768103 -602717636 -1136587778 -45357847 802691182
Phan tu lon nhat trong doan [16, 52]: 809119277
Swap 503451000 va 809119277
Mang sau khi swap: 1958192285 1874937653 1859021717 1852460150 1662834717 1635881516 1613132143 1594882478 1531149542 1284630050 1214726056 1195239519 1162263799 1076059294 873542863 809119277 -1718150230 258871740 -1131801278 503451000 317937204 457418608 -207833587 134726853 -995066816 -986679256 292653092 -110373442 -258766995 -1373460748 798281817 -1002473967 -279616183 -206962281 -1058151283 -1115738688 -1880001210 -855860825 -1179441423 -281509248 11332571 82386645 723933784 558462667 335333022 643862133 -1948315063 -854187809 -1271768103 -602717636 -1136587778 -45357847 802691182

i = 16
Mang truoc khi swap: 1958192285 1874937653 1859021717 1852460150 1662834717 1635881516 1613132143 1594882478 1531149542 1284630050 1214726056 1195239519 1162263799 1076059294 873542863 809119277 -1718150230 258871740 -1131801278 503451000 317937204 457418608 -207833587 134726853 -995066816 -986679256 292653092 -110373442 -258766995 -1373460748 798281817 -1002473967 -279616183 -206962281 -1058151283 -1115738688 -1880001210 -855860825 -1179441423 -281509248 11332571 82386645 723933784 558462667 335333022 643862133 -1948315063 -854187809 -1271768103 -602717636 -1136587778 -45357847 802691182
Phan tu lon nhat trong doan [17, 52]: 802691182
Swap -1718150230 va 802691182
Mang sau khi swap: 1958192285 1874937653 1859021717 1852460150 1662834717 1635881516 1613132143 1594882478 1531149542 1284630050 1214726056 1195239519 1162263799 1076059294 873542863 809119277 802691182 258871740 -1131801278 503451000 317937204 457418608 -207833587 134726853 -995066816 -986679256 292653092 -110373442 -258766995 -1373460748 798281817 -1002473967 -279616183 -206962281 -1058151283 -1115738688 -1880001210 -855860825 -1179441423 -281509248 11332571 82386645 723933784 558462667 335333022 643862133 -1948315063 -854187809 -1271768103 -602717636 -1136587778 -45357847 -1718150230

i = 17
Mang truoc khi swap: 1958192285 1874937653 1859021717 1852460150 1662834717 1635881516 1613132143 1594882478 1531149542 1284630050 1214726056 1195239519 1162263799 1076059294 873542863 809119277 802691182 258871740 -1131801278 503451000 317937204 457418608 -207833587 134726853 -995066816 -986679256 292653092 -110373442 -258766995 -1373460748 798281817 -1002473967 -279616183 -206962281 -1058151283 -1115738688 -1880001210 -855860825 -1179441423 -281509248 11332571 82386645 723933784 558462667 335333022 643862133 -1948315063 -854187809 -1271768103 -602717636 -1136587778 -45357847 -1718150230
Phan tu lon nhat trong doan [18, 52]: 798281817
Swap 258871740 va 798281817
Mang sau khi swap: 1958192285 1874937653 1859021717 1852460150 1662834717 1635881516 1613132143 1594882478 1531149542 1284630050 1214726056 1195239519 1162263799 1076059294 873542863 809119277 802691182 798281817 -1131801278 503451000 317937204 457418608 -207833587 134726853 -995066816 -986679256 292653092 -110373442 -258766995 -1373460748 258871740 -1002473967 -279616183 -206962281 -1058151283 -1115738688 -1880001210 -855860825 -1179441423 -281509248 11332571 82386645 723933784 558462667 335333022 643862133 -1948315063 -854187809 -1271768103 -602717636 -1136587778 -45357847 -1718150230

i = 18
Mang truoc khi swap: 1958192285 1874937653 1859021717 1852460150 1662834717 1635881516 1613132143 1594882478 1531149542 1284630050 1214726056 1195239519 1162263799 1076059294 873542863 809119277 802691182 798281817 -1131801278 503451000 317937204 457418608 -207833587 134726853 -995066816 -986679256 292653092 -110373442 -258766995 -1373460748 258871740 -1002473967 -279616183 -206962281 -1058151283 -1115738688 -1880001210 -855860825 -1179441423 -281509248 11332571 82386645 723933784 558462667 335333022 643862133 -1948315063 -854187809 -1271768103 -602717636 -1136587778 -45357847 -1718150230
Phan tu lon nhat trong doan [19, 52]: 723933784
Swap -1131801278 va 723933784
Mang sau khi swap: 1958192285 1874937653 1859021717 1852460150 1662834717 1635881516 1613132143 1594882478 1531149542 1284630050 1214726056 1195239519 1162263799 1076059294 873542863 809119277 802691182 798281817 723933784 503451000 317937204 457418608 -207833587 134726853 -995066816 -986679256 292653092 -110373442 -258766995 -1373460748 258871740 -1002473967 -279616183 -206962281 -1058151283 -1115738688 -1880001210 -855860825 -1179441423 -281509248 11332571 82386645 -1131801278 558462667 335333022 643862133 -1948315063 -854187809 -1271768103 -602717636 -1136587778 -45357847 -1718150230

i = 19
Mang truoc khi swap: 1958192285 1874937653 1859021717 1852460150 1662834717 1635881516 1613132143 1594882478 1531149542 1284630050 1214726056 1195239519 1162263799 1076059294 873542863 809119277 802691182 798281817 723933784 503451000 317937204 457418608 -207833587 134726853 -995066816 -986679256 292653092 -110373442 -258766995 -1373460748 258871740 -1002473967 -279616183 -206962281 -1058151283 -1115738688 -1880001210 -855860825 -1179441423 -281509248 11332571 82386645 -1131801278 558462667 335333022 643862133 -1948315063 -854187809 -1271768103 -602717636 -1136587778 -45357847 -1718150230
Phan tu lon nhat trong doan [20, 52]: 643862133
Swap 503451000 va 643862133
Mang sau khi swap: 1958192285 1874937653 1859021717 1852460150 1662834717 1635881516 1613132143 1594882478 1531149542 1284630050 1214726056 1195239519 1162263799 1076059294 873542863 809119277 802691182 798281817 723933784 643862133 317937204 457418608 -207833587 134726853 -995066816 -986679256 292653092 -110373442 -258766995 -1373460748 258871740 -1002473967 -279616183 -206962281 -1058151283 -1115738688 -1880001210 -855860825 -1179441423 -281509248 11332571 82386645 -1131801278 558462667 335333022 503451000 -1948315063 -854187809 -1271768103 -602717636 -1136587778 -45357847 -1718150230

i = 20
Mang truoc khi swap: 1958192285 1874937653 1859021717 1852460150 1662834717 1635881516 1613132143 1594882478 1531149542 1284630050 1214726056 1195239519 1162263799 1076059294 873542863 809119277 802691182 798281817 723933784 643862133 317937204 457418608 -207833587 134726853 -995066816 -986679256 292653092 -110373442 -258766995 -1373460748 258871740 -1002473967 -279616183 -206962281 -1058151283 -1115738688 -1880001210 -855860825 -1179441423 -281509248 11332571 82386645 -1131801278 558462667 335333022 503451000 -1948315063 -854187809 -1271768103 -602717636 -1136587778 -45357847 -1718150230
Phan tu lon nhat trong doan [21, 52]: 558462667
Swap 317937204 va 558462667
Mang sau khi swap: 1958192285 1874937653 1859021717 1852460150 1662834717 1635881516 1613132143 1594882478 1531149542 1284630050 1214726056 1195239519 1162263799 1076059294 873542863 809119277 802691182 798281817 723933784 643862133 558462667 457418608 -207833587 134726853 -995066816 -986679256 292653092 -110373442 -258766995 -1373460748 258871740 -1002473967 -279616183 -206962281 -1058151283 -1115738688 -1880001210 -855860825 -1179441423 -281509248 11332571 82386645 -1131801278 317937204 335333022 503451000 -1948315063 -854187809 -1271768103 -602717636 -1136587778 -45357847 -1718150230

i = 21
Mang truoc khi swap: 1958192285 1874937653 1859021717 1852460150 1662834717 1635881516 1613132143 1594882478 1531149542 1284630050 1214726056 1195239519 1162263799 1076059294 873542863 809119277 802691182 798281817 723933784 643862133 558462667 457418608 -207833587 134726853 -995066816 -986679256 292653092 -110373442 -258766995 -1373460748 258871740 -1002473967 -279616183 -206962281 -1058151283 -1115738688 -1880001210 -855860825 -1179441423 -281509248 11332571 82386645 -1131801278 317937204 335333022 503451000 -1948315063 -854187809 -1271768103 -602717636 -1136587778 -45357847 -1718150230
Phan tu lon nhat trong doan [22, 52]: 503451000
Swap 457418608 va 503451000
Mang sau khi swap: 1958192285 1874937653 1859021717 1852460150 1662834717 1635881516 1613132143 1594882478 1531149542 1284630050 1214726056 1195239519 1162263799 1076059294 873542863 809119277 802691182 798281817 723933784 643862133 558462667 503451000 -207833587 134726853 -995066816 -986679256 292653092 -110373442 -258766995 -1373460748 258871740 -1002473967 -279616183 -206962281 -1058151283 -1115738688 -1880001210 -855860825 -1179441423 -281509248 11332571 82386645 -1131801278 317937204 335333022 457418608 -1948315063 -854187809 -1271768103 -602717636 -1136587778 -45357847 -1718150230

i = 22
Mang truoc khi swap: 1958192285 1874937653 1859021717 1852460150 1662834717 1635881516 1613132143 1594882478 1531149542 1284630050 1214726056 1195239519 1162263799 1076059294 873542863 809119277 802691182 798281817 723933784 643862133 558462667 503451000 -207833587 134726853 -995066816 -986679256 292653092 -110373442 -258766995 -1373460748 258871740 -1002473967 -279616183 -206962281 -1058151283 -1115738688 -1880001210 -855860825 -1179441423 -281509248 11332571 82386645 -1131801278 317937204 335333022 457418608 -1948315063 -854187809 -1271768103 -602717636 -1136587778 -45357847 -1718150230
Phan tu lon nhat trong doan [23, 52]: 457418608
Swap -207833587 va 457418608
Mang sau khi swap: 1958192285 1874937653 1859021717 1852460150 1662834717 1635881516 1613132143 1594882478 1531149542 1284630050 1214726056 1195239519 1162263799 1076059294 873542863 809119277 802691182 798281817 723933784 643862133 558462667 503451000 457418608 134726853 -995066816 -986679256 292653092 -110373442 -258766995 -1373460748 258871740 -1002473967 -279616183 -206962281 -1058151283 -1115738688 -1880001210 -855860825 -1179441423 -281509248 11332571 82386645 -1131801278 317937204 335333022 -207833587 -1948315063 -854187809 -1271768103 -602717636 -1136587778 -45357847 -1718150230

i = 23
Mang truoc khi swap: 1958192285 1874937653 1859021717 1852460150 1662834717 1635881516 1613132143 1594882478 1531149542 1284630050 1214726056 1195239519 1162263799 1076059294 873542863 809119277 802691182 798281817 723933784 643862133 558462667 503451000 457418608 134726853 -995066816 -986679256 292653092 -110373442 -258766995 -1373460748 258871740 -1002473967 -279616183 -206962281 -1058151283 -1115738688 -1880001210 -855860825 -1179441423 -281509248 11332571 82386645 -1131801278 317937204 335333022 -207833587 -1948315063 -854187809 -1271768103 -602717636 -1136587778 -45357847 -1718150230
Phan tu lon nhat trong doan [24, 52]: 335333022
Swap 134726853 va 335333022
Mang sau khi swap: 1958192285 1874937653 1859021717 1852460150 1662834717 1635881516 1613132143 1594882478 1531149542 1284630050 1214726056 1195239519 1162263799 1076059294 873542863 809119277 802691182 798281817 723933784 643862133 558462667 503451000 457418608 335333022 -995066816 -986679256 292653092 -110373442 -258766995 -1373460748 258871740 -1002473967 -279616183 -206962281 -1058151283 -1115738688 -1880001210 -855860825 -1179441423 -281509248 11332571 82386645 -1131801278 317937204 134726853 -207833587 -1948315063 -854187809 -1271768103 -602717636 -1136587778 -45357847 -1718150230

i = 24
Mang truoc khi swap: 1958192285 1874937653 1859021717 1852460150 1662834717 1635881516 1613132143 1594882478 1531149542 1284630050 1214726056 1195239519 1162263799 1076059294 873542863 809119277 802691182 798281817 723933784 643862133 558462667 503451000 457418608 335333022 -995066816 -986679256 292653092 -110373442 -258766995 -1373460748 258871740 -1002473967 -279616183 -206962281 -1058151283 -1115738688 -1880001210 -855860825 -1179441423 -281509248 11332571 82386645 -1131801278 317937204 134726853 -207833587 -1948315063 -854187809 -1271768103 -602717636 -1136587778 -45357847 -1718150230
Phan tu lon nhat trong doan [25, 52]: 317937204
Swap -995066816 va 317937204
Mang sau khi swap: 1958192285 1874937653 1859021717 1852460150 1662834717 1635881516 1613132143 1594882478 1531149542 1284630050 1214726056 1195239519 1162263799 1076059294 873542863 809119277 802691182 798281817 723933784 643862133 558462667 503451000 457418608 335333022 317937204 -986679256 292653092 -110373442 -258766995 -1373460748 258871740 -1002473967 -279616183 -206962281 -1058151283 -1115738688 -1880001210 -855860825 -1179441423 -281509248 11332571 82386645 -1131801278 -995066816 134726853 -207833587 -1948315063 -854187809 -1271768103 -602717636 -1136587778 -45357847 -1718150230

i = 25
Mang truoc khi swap: 1958192285 1874937653 1859021717 1852460150 1662834717 1635881516 1613132143 1594882478 1531149542 1284630050 1214726056 1195239519 1162263799 1076059294 873542863 809119277 802691182 798281817 723933784 643862133 558462667 503451000 457418608 335333022 317937204 -986679256 292653092 -110373442 -258766995 -1373460748 258871740 -1002473967 -279616183 -206962281 -1058151283 -1115738688 -1880001210 -855860825 -1179441423 -281509248 11332571 82386645 -1131801278 -995066816 134726853 -207833587 -1948315063 -854187809 -1271768103 -602717636 -1136587778 -45357847 -1718150230
Phan tu lon nhat trong doan [26, 52]: 292653092
Swap -986679256 va 292653092
Mang sau khi swap: 1958192285 1874937653 1859021717 1852460150 1662834717 1635881516 1613132143 1594882478 1531149542 1284630050 1214726056 1195239519 1162263799 1076059294 873542863 809119277 802691182 798281817 723933784 643862133 558462667 503451000 457418608 335333022 317937204 292653092 -986679256 -110373442 -258766995 -1373460748 258871740 -1002473967 -279616183 -206962281 -1058151283 -1115738688 -1880001210 -855860825 -1179441423 -281509248 11332571 82386645 -1131801278 -995066816 134726853 -207833587 -1948315063 -854187809 -1271768103 -602717636 -1136587778 -45357847 -1718150230

i = 26
Mang truoc khi swap: 1958192285 1874937653 1859021717 1852460150 1662834717 1635881516 1613132143 1594882478 1531149542 1284630050 1214726056 1195239519 1162263799 1076059294 873542863 809119277 802691182 798281817 723933784 643862133 558462667 503451000 457418608 335333022 317937204 292653092 -986679256 -110373442 -258766995 -1373460748 258871740 -1002473967 -279616183 -206962281 -1058151283 -1115738688 -1880001210 -855860825 -1179441423 -281509248 11332571 82386645 -1131801278 -995066816 134726853 -207833587 -1948315063 -854187809 -1271768103 -602717636 -1136587778 -45357847 -1718150230
Phan tu lon nhat trong doan [27, 52]: 258871740
Swap -986679256 va 258871740
Mang sau khi swap: 1958192285 1874937653 1859021717 1852460150 1662834717 1635881516 1613132143 1594882478 1531149542 1284630050 1214726056 1195239519 1162263799 1076059294 873542863 809119277 802691182 798281817 723933784 643862133 558462667 503451000 457418608 335333022 317937204 292653092 258871740 -110373442 -258766995 -1373460748 -986679256 -1002473967 -279616183 -206962281 -1058151283 -1115738688 -1880001210 -855860825 -1179441423 -281509248 11332571 82386645 -1131801278 -995066816 134726853 -207833587 -1948315063 -854187809 -1271768103 -602717636 -1136587778 -45357847 -1718150230

i = 27
Mang truoc khi swap: 1958192285 1874937653 1859021717 1852460150 1662834717 1635881516 1613132143 1594882478 1531149542 1284630050 1214726056 1195239519 1162263799 1076059294 873542863 809119277 802691182 798281817 723933784 643862133 558462667 503451000 457418608 335333022 317937204 292653092 258871740 -110373442 -258766995 -1373460748 -986679256 -1002473967 -279616183 -206962281 -1058151283 -1115738688 -1880001210 -855860825 -1179441423 -281509248 11332571 82386645 -1131801278 -995066816 134726853 -207833587 -1948315063 -854187809 -1271768103 -602717636 -1136587778 -45357847 -1718150230
Phan tu lon nhat trong doan [28, 52]: 134726853
Swap -110373442 va 134726853
Mang sau khi swap: 1958192285 1874937653 1859021717 1852460150 1662834717 1635881516 1613132143 1594882478 1531149542 1284630050 1214726056 1195239519 1162263799 1076059294 873542863 809119277 802691182 798281817 723933784 643862133 558462667 503451000 457418608 335333022 317937204 292653092 258871740 134726853 -258766995 -1373460748 -986679256 -1002473967 -279616183 -206962281 -1058151283 -1115738688 -1880001210 -855860825 -1179441423 -281509248 11332571 82386645 -1131801278 -995066816 -110373442 -207833587 -1948315063 -854187809 -1271768103 -602717636 -1136587778 -45357847 -1718150230

i = 28
Mang truoc khi swap: 1958192285 1874937653 1859021717 1852460150 1662834717 1635881516 1613132143 1594882478 1531149542 1284630050 1214726056 1195239519 1162263799 1076059294 873542863 809119277 802691182 798281817 723933784 643862133 558462667 503451000 457418608 335333022 317937204 292653092 258871740 134726853 -258766995 -1373460748 -986679256 -1002473967 -279616183 -206962281 -1058151283 -1115738688 -1880001210 -855860825 -1179441423 -281509248 11332571 82386645 -1131801278 -995066816 -110373442 -207833587 -1948315063 -854187809 -1271768103 -602717636 -1136587778 -45357847 -1718150230
Phan tu lon nhat trong doan [29, 52]: 82386645
Swap -258766995 va 82386645
Mang sau khi swap: 1958192285 1874937653 1859021717 1852460150 1662834717 1635881516 1613132143 1594882478 1531149542 1284630050 1214726056 1195239519 1162263799 1076059294 873542863 809119277 802691182 798281817 723933784 643862133 558462667 503451000 457418608 335333022 317937204 292653092 258871740 134726853 82386645 -1373460748 -986679256 -1002473967 -279616183 -206962281 -1058151283 -1115738688 -1880001210 -855860825 -1179441423 -281509248 11332571 -258766995 -1131801278 -995066816 -110373442 -207833587 -1948315063 -854187809 -1271768103 -602717636 -1136587778 -45357847 -1718150230

i = 29
Mang truoc khi swap: 1958192285 1874937653 1859021717 1852460150 1662834717 1635881516 1613132143 1594882478 1531149542 1284630050 1214726056 1195239519 1162263799 1076059294 873542863 809119277 802691182 798281817 723933784 643862133 558462667 503451000 457418608 335333022 317937204 292653092 258871740 134726853 82386645 -1373460748 -986679256 -1002473967 -279616183 -206962281 -1058151283 -1115738688 -1880001210 -855860825 -1179441423 -281509248 11332571 -258766995 -1131801278 -995066816 -110373442 -207833587 -1948315063 -854187809 -1271768103 -602717636 -1136587778 -45357847 -1718150230
Phan tu lon nhat trong doan [30, 52]: 11332571
Swap -1373460748 va 11332571
Mang sau khi swap: 1958192285 1874937653 1859021717 1852460150 1662834717 1635881516 1613132143 1594882478 1531149542 1284630050 1214726056 1195239519 1162263799 1076059294 873542863 809119277 802691182 798281817 723933784 643862133 558462667 503451000 457418608 335333022 317937204 292653092 258871740 134726853 82386645 11332571 -986679256 -1002473967 -279616183 -206962281 -1058151283 -1115738688 -1880001210 -855860825 -1179441423 -281509248 -1373460748 -258766995 -1131801278 -995066816 -110373442 -207833587 -1948315063 -854187809 -1271768103 -602717636 -1136587778 -45357847 -1718150230

i = 30
Mang truoc khi swap: 1958192285 1874937653 1859021717 1852460150 1662834717 1635881516 1613132143 1594882478 1531149542 1284630050 1214726056 1195239519 1162263799 1076059294 873542863 809119277 802691182 798281817 723933784 643862133 558462667 503451000 457418608 335333022 317937204 292653092 258871740 134726853 82386645 11332571 -986679256 -1002473967 -279616183 -206962281 -1058151283 -1115738688 -1880001210 -855860825 -1179441423 -281509248 -1373460748 -258766995 -1131801278 -995066816 -110373442 -207833587 -1948315063 -854187809 -1271768103 -602717636 -1136587778 -45357847 -1718150230
Phan tu lon nhat trong doan [31, 52]: -45357847
Swap -986679256 va -45357847
Mang sau khi swap: 1958192285 1874937653 1859021717 1852460150 1662834717 1635881516 1613132143 1594882478 1531149542 1284630050 1214726056 1195239519 1162263799 1076059294 873542863 809119277 802691182 798281817 723933784 643862133 558462667 503451000 457418608 335333022 317937204 292653092 258871740 134726853 82386645 11332571 -45357847 -1002473967 -279616183 -206962281 -1058151283 -1115738688 -1880001210 -855860825 -1179441423 -281509248 -1373460748 -258766995 -1131801278 -995066816 -110373442 -207833587 -1948315063 -854187809 -1271768103 -602717636 -1136587778 -986679256 -1718150230

i = 31
Mang truoc khi swap: 1958192285 1874937653 1859021717 1852460150 1662834717 1635881516 1613132143 1594882478 1531149542 1284630050 1214726056 1195239519 1162263799 1076059294 873542863 809119277 802691182 798281817 723933784 643862133 558462667 503451000 457418608 335333022 317937204 292653092 258871740 134726853 82386645 11332571 -45357847 -1002473967 -279616183 -206962281 -1058151283 -1115738688 -1880001210 -855860825 -1179441423 -281509248 -1373460748 -258766995 -1131801278 -995066816 -110373442 -207833587 -1948315063 -854187809 -1271768103 -602717636 -1136587778 -986679256 -1718150230
Phan tu lon nhat trong doan [32, 52]: -110373442
Swap -1002473967 va -110373442
Mang sau khi swap: 1958192285 1874937653 1859021717 1852460150 1662834717 1635881516 1613132143 1594882478 1531149542 1284630050 1214726056 1195239519 1162263799 1076059294 873542863 809119277 802691182 798281817 723933784 643862133 558462667 503451000 457418608 335333022 317937204 292653092 258871740 134726853 82386645 11332571 -45357847 -110373442 -279616183 -206962281 -1058151283 -1115738688 -1880001210 -855860825 -1179441423 -281509248 -1373460748 -258766995 -1131801278 -995066816 -1002473967 -207833587 -1948315063 -854187809 -1271768103 -602717636 -1136587778 -986679256 -1718150230

i = 32
Mang truoc khi swap: 1958192285 1874937653 1859021717 1852460150 1662834717 1635881516 1613132143 1594882478 1531149542 1284630050 1214726056 1195239519 1162263799 1076059294 873542863 809119277 802691182 798281817 723933784 643862133 558462667 503451000 457418608 335333022 317937204 292653092 258871740 134726853 82386645 11332571 -45357847 -110373442 -279616183 -206962281 -1058151283 -1115738688 -1880001210 -855860825 -1179441423 -281509248 -1373460748 -258766995 -1131801278 -995066816 -1002473967 -207833587 -1948315063 -854187809 -1271768103 -602717636 -1136587778 -986679256 -1718150230
Phan tu lon nhat trong doan [33, 52]: -206962281
Swap -279616183 va -206962281
Mang sau khi swap: 1958192285 1874937653 1859021717 1852460150 1662834717 1635881516 1613132143 1594882478 1531149542 1284630050 1214726056 1195239519 1162263799 1076059294 873542863 809119277 802691182 798281817 723933784 643862133 558462667 503451000 457418608 335333022 317937204 292653092 258871740 134726853 82386645 11332571 -45357847 -110373442 -206962281 -279616183 -1058151283 -1115738688 -1880001210 -855860825 -1179441423 -281509248 -1373460748 -258766995 -1131801278 -995066816 -1002473967 -207833587 -1948315063 -854187809 -1271768103 -602717636 -1136587778 -986679256 -1718150230

i = 33
Mang truoc khi swap: 1958192285 1874937653 1859021717 1852460150 1662834717 1635881516 1613132143 1594882478 1531149542 1284630050 1214726056 1195239519 1162263799 1076059294 873542863 809119277 802691182 798281817 723933784 643862133 558462667 503451000 457418608 335333022 317937204 292653092 258871740 134726853 82386645 11332571 -45357847 -110373442 -206962281 -279616183 -1058151283 -1115738688 -1880001210 -855860825 -1179441423 -281509248 -1373460748 -258766995 -1131801278 -995066816 -1002473967 -207833587 -1948315063 -854187809 -1271768103 -602717636 -1136587778 -986679256 -1718150230
Phan tu lon nhat trong doan [34, 52]: -207833587
Swap -279616183 va -207833587
Mang sau khi swap: 1958192285 1874937653 1859021717 1852460150 1662834717 1635881516 1613132143 1594882478 1531149542 1284630050 1214726056 1195239519 1162263799 1076059294 873542863 809119277 802691182 798281817 723933784 643862133 558462667 503451000 457418608 335333022 317937204 292653092 258871740 134726853 82386645 11332571 -45357847 -110373442 -206962281 -207833587 -1058151283 -1115738688 -1880001210 -855860825 -1179441423 -281509248 -1373460748 -258766995 -1131801278 -995066816 -1002473967 -279616183 -1948315063 -854187809 -1271768103 -602717636 -1136587778 -986679256 -1718150230

i = 34
Mang truoc khi swap: 1958192285 1874937653 1859021717 1852460150 1662834717 1635881516 1613132143 1594882478 1531149542 1284630050 1214726056 1195239519 1162263799 1076059294 873542863 809119277 802691182 798281817 723933784 643862133 558462667 503451000 457418608 335333022 317937204 292653092 258871740 134726853 82386645 11332571 -45357847 -110373442 -206962281 -207833587 -1058151283 -1115738688 -1880001210 -855860825 -1179441423 -281509248 -1373460748 -258766995 -1131801278 -995066816 -1002473967 -279616183 -1948315063 -854187809 -1271768103 -602717636 -1136587778 -986679256 -1718150230
Phan tu lon nhat trong doan [35, 52]: -258766995
Swap -1058151283 va -258766995
Mang sau khi swap: 1958192285 1874937653 1859021717 1852460150 1662834717 1635881516 1613132143 1594882478 1531149542 1284630050 1214726056 1195239519 1162263799 1076059294 873542863 809119277 802691182 798281817 723933784 643862133 558462667 503451000 457418608 335333022 317937204 292653092 258871740 134726853 82386645 11332571 -45357847 -110373442 -206962281 -207833587 -258766995 -1115738688 -1880001210 -855860825 -1179441423 -281509248 -1373460748 -1058151283 -1131801278 -995066816 -1002473967 -279616183 -1948315063 -854187809 -1271768103 -602717636 -1136587778 -986679256 -1718150230

i = 35
Mang truoc khi swap: 1958192285 1874937653 1859021717 1852460150 1662834717 1635881516 1613132143 1594882478 1531149542 1284630050 1214726056 1195239519 1162263799 1076059294 873542863 809119277 802691182 798281817 723933784 643862133 558462667 503451000 457418608 335333022 317937204 292653092 258871740 134726853 82386645 11332571 -45357847 -110373442 -206962281 -207833587 -258766995 -1115738688 -1880001210 -855860825 -1179441423 -281509248 -1373460748 -1058151283 -1131801278 -995066816 -1002473967 -279616183 -1948315063 -854187809 -1271768103 -602717636 -1136587778 -986679256 -1718150230
Phan tu lon nhat trong doan [36, 52]: -279616183
Swap -1115738688 va -279616183
Mang sau khi swap: 1958192285 1874937653 1859021717 1852460150 1662834717 1635881516 1613132143 1594882478 1531149542 1284630050 1214726056 1195239519 1162263799 1076059294 873542863 809119277 802691182 798281817 723933784 643862133 558462667 503451000 457418608 335333022 317937204 292653092 258871740 134726853 82386645 11332571 -45357847 -110373442 -206962281 -207833587 -258766995 -279616183 -1880001210 -855860825 -1179441423 -281509248 -1373460748 -1058151283 -1131801278 -995066816 -1002473967 -1115738688 -1948315063 -854187809 -1271768103 -602717636 -1136587778 -986679256 -1718150230

i = 36
Mang truoc khi swap: 1958192285 1874937653 1859021717 1852460150 1662834717 1635881516 1613132143 1594882478 1531149542 1284630050 1214726056 1195239519 1162263799 1076059294 873542863 809119277 802691182 798281817 723933784 643862133 558462667 503451000 457418608 335333022 317937204 292653092 258871740 134726853 82386645 11332571 -45357847 -110373442 -206962281 -207833587 -258766995 -279616183 -1880001210 -855860825 -1179441423 -281509248 -1373460748 -1058151283 -1131801278 -995066816 -1002473967 -1115738688 -1948315063 -854187809 -1271768103 -602717636 -1136587778 -986679256 -1718150230
Phan tu lon nhat trong doan [37, 52]: -281509248
Swap -1880001210 va -281509248
Mang sau khi swap: 1958192285 1874937653 1859021717 1852460150 1662834717 1635881516 1613132143 1594882478 1531149542 1284630050 1214726056 1195239519 1162263799 1076059294 873542863 809119277 802691182 798281817 723933784 643862133 558462667 503451000 457418608 335333022 317937204 292653092 258871740 134726853 82386645 11332571 -45357847 -110373442 -206962281 -207833587 -258766995 -279616183 -281509248 -855860825 -1179441423 -1880001210 -1373460748 -1058151283 -1131801278 -995066816 -1002473967 -1115738688 -1948315063 -854187809 -1271768103 -602717636 -1136587778 -986679256 -1718150230

i = 37
Mang truoc khi swap: 1958192285 1874937653 1859021717 1852460150 1662834717 1635881516 1613132143 1594882478 1531149542 1284630050 1214726056 1195239519 1162263799 1076059294 873542863 809119277 802691182 798281817 723933784 643862133 558462667 503451000 457418608 335333022 317937204 292653092 258871740 134726853 82386645 11332571 -45357847 -110373442 -206962281 -207833587 -258766995 -279616183 -281509248 -855860825 -1179441423 -1880001210 -1373460748 -1058151283 -1131801278 -995066816 -1002473967 -1115738688 -1948315063 -854187809 -1271768103 -602717636 -1136587778 -986679256 -1718150230
Phan tu lon nhat trong doan [38, 52]: -602717636
Swap -855860825 va -602717636
Mang sau khi swap: 1958192285 1874937653 1859021717 1852460150 1662834717 1635881516 1613132143 1594882478 1531149542 1284630050 1214726056 1195239519 1162263799 1076059294 873542863 809119277 802691182 798281817 723933784 643862133 558462667 503451000 457418608 335333022 317937204 292653092 258871740 134726853 82386645 11332571 -45357847 -110373442 -206962281 -207833587 -258766995 -279616183 -281509248 -602717636 -1179441423 -1880001210 -1373460748 -1058151283 -1131801278 -995066816 -1002473967 -1115738688 -1948315063 -854187809 -1271768103 -855860825 -1136587778 -986679256 -1718150230

i = 38
Mang truoc khi swap: 1958192285 1874937653 1859021717 1852460150 1662834717 1635881516 1613132143 1594882478 1531149542 1284630050 1214726056 1195239519 1162263799 1076059294 873542863 809119277 802691182 798281817 723933784 643862133 558462667 503451000 457418608 335333022 317937204 292653092 258871740 134726853 82386645 11332571 -45357847 -110373442 -206962281 -207833587 -258766995 -279616183 -281509248 -602717636 -1179441423 -1880001210 -1373460748 -1058151283 -1131801278 -995066816 -1002473967 -1115738688 -1948315063 -854187809 -1271768103 -855860825 -1136587778 -986679256 -1718150230
Phan tu lon nhat trong doan [39, 52]: -854187809
Swap -1179441423 va -854187809
Mang sau khi swap: 1958192285 1874937653 1859021717 1852460150 1662834717 1635881516 1613132143 1594882478 1531149542 1284630050 1214726056 1195239519 1162263799 1076059294 873542863 809119277 802691182 798281817 723933784 643862133 558462667 503451000 457418608 335333022 317937204 292653092 258871740 134726853 82386645 11332571 -45357847 -110373442 -206962281 -207833587 -258766995 -279616183 -281509248 -602717636 -854187809 -1880001210 -1373460748 -1058151283 -1131801278 -995066816 -1002473967 -1115738688 -1948315063 -1179441423 -1271768103 -855860825 -1136587778 -986679256 -1718150230

i = 39
Mang truoc khi swap: 1958192285 1874937653 1859021717 1852460150 1662834717 1635881516 1613132143 1594882478 1531149542 1284630050 1214726056 1195239519 1162263799 1076059294 873542863 809119277 802691182 798281817 723933784 643862133 558462667 503451000 457418608 335333022 317937204 292653092 258871740 134726853 82386645 11332571 -45357847 -110373442 -206962281 -207833587 -258766995 -279616183 -281509248 -602717636 -854187809 -1880001210 -1373460748 -1058151283 -1131801278 -995066816 -1002473967 -1115738688 -1948315063 -1179441423 -1271768103 -855860825 -1136587778 -986679256 -1718150230
Phan tu lon nhat trong doan [40, 52]: -855860825
Swap -1880001210 va -855860825
Mang sau khi swap: 1958192285 1874937653 1859021717 1852460150 1662834717 1635881516 1613132143 1594882478 1531149542 1284630050 1214726056 1195239519 1162263799 1076059294 873542863 809119277 802691182 798281817 723933784 643862133 558462667 503451000 457418608 335333022 317937204 292653092 258871740 134726853 82386645 11332571 -45357847 -110373442 -206962281 -207833587 -258766995 -279616183 -281509248 -602717636 -854187809 -855860825 -1373460748 -1058151283 -1131801278 -995066816 -1002473967 -1115738688 -1948315063 -1179441423 -1271768103 -1880001210 -1136587778 -986679256 -1718150230

i = 40
Mang truoc khi swap: 1958192285 1874937653 1859021717 1852460150 1662834717 1635881516 1613132143 1594882478 1531149542 1284630050 1214726056 1195239519 1162263799 1076059294 873542863 809119277 802691182 798281817 723933784 643862133 558462667 503451000 457418608 335333022 317937204 292653092 258871740 134726853 82386645 11332571 -45357847 -110373442 -206962281 -207833587 -258766995 -279616183 -281509248 -602717636 -854187809 -855860825 -1373460748 -1058151283 -1131801278 -995066816 -1002473967 -1115738688 -1948315063 -1179441423 -1271768103 -1880001210 -1136587778 -986679256 -1718150230
Phan tu lon nhat trong doan [41, 52]: -986679256
Swap -1373460748 va -986679256
Mang sau khi swap: 1958192285 1874937653 1859021717 1852460150 1662834717 1635881516 1613132143 1594882478 1531149542 1284630050 1214726056 1195239519 1162263799 1076059294 873542863 809119277 802691182 798281817 723933784 643862133 558462667 503451000 457418608 335333022 317937204 292653092 258871740 134726853 82386645 11332571 -45357847 -110373442 -206962281 -207833587 -258766995 -279616183 -281509248 -602717636 -854187809 -855860825 -986679256 -1058151283 -1131801278 -995066816 -1002473967 -1115738688 -1948315063 -1179441423 -1271768103 -1880001210 -1136587778 -1373460748 -1718150230

i = 41
Mang truoc khi swap: 1958192285 1874937653 1859021717 1852460150 1662834717 1635881516 1613132143 1594882478 1531149542 1284630050 1214726056 1195239519 1162263799 1076059294 873542863 809119277 802691182 798281817 723933784 643862133 558462667 503451000 457418608 335333022 317937204 292653092 258871740 134726853 82386645 11332571 -45357847 -110373442 -206962281 -207833587 -258766995 -279616183 -281509248 -602717636 -854187809 -855860825 -986679256 -1058151283 -1131801278 -995066816 -1002473967 -1115738688 -1948315063 -1179441423 -1271768103 -1880001210 -1136587778 -1373460748 -1718150230
Phan tu lon nhat trong doan [42, 52]: -995066816
Swap -1058151283 va -995066816
Mang sau khi swap: 1958192285 1874937653 1859021717 1852460150 1662834717 1635881516 1613132143 1594882478 1531149542 1284630050 1214726056 1195239519 1162263799 1076059294 873542863 809119277 802691182 798281817 723933784 643862133 558462667 503451000 457418608 335333022 317937204 292653092 258871740 134726853 82386645 11332571 -45357847 -110373442 -206962281 -207833587 -258766995 -279616183 -281509248 -602717636 -854187809 -855860825 -986679256 -995066816 -1131801278 -1058151283 -1002473967 -1115738688 -1948315063 -1179441423 -1271768103 -1880001210 -1136587778 -1373460748 -1718150230

i = 42
Mang truoc khi swap: 1958192285 1874937653 1859021717 1852460150 1662834717 1635881516 1613132143 1594882478 1531149542 1284630050 1214726056 1195239519 1162263799 1076059294 873542863 809119277 802691182 798281817 723933784 643862133 558462667 503451000 457418608 335333022 317937204 292653092 258871740 134726853 82386645 11332571 -45357847 -110373442 -206962281 -207833587 -258766995 -279616183 -281509248 -602717636 -854187809 -855860825 -986679256 -995066816 -1131801278 -1058151283 -1002473967 -1115738688 -1948315063 -1179441423 -1271768103 -1880001210 -1136587778 -1373460748 -1718150230
Phan tu lon nhat trong doan [43, 52]: -1002473967
Swap -1131801278 va -1002473967
Mang sau khi swap: 1958192285 1874937653 1859021717 1852460150 1662834717 1635881516 1613132143 1594882478 1531149542 1284630050 1214726056 1195239519 1162263799 1076059294 873542863 809119277 802691182 798281817 723933784 643862133 558462667 503451000 457418608 335333022 317937204 292653092 258871740 134726853 82386645 11332571 -45357847 -110373442 -206962281 -207833587 -258766995 -279616183 -281509248 -602717636 -854187809 -855860825 -986679256 -995066816 -1002473967 -1058151283 -1131801278 -1115738688 -1948315063 -1179441423 -1271768103 -1880001210 -1136587778 -1373460748 -1718150230

i = 43
Mang truoc khi swap: 1958192285 1874937653 1859021717 1852460150 1662834717 1635881516 1613132143 1594882478 1531149542 1284630050 1214726056 1195239519 1162263799 1076059294 873542863 809119277 802691182 798281817 723933784 643862133 558462667 503451000 457418608 335333022 317937204 292653092 258871740 134726853 82386645 11332571 -45357847 -110373442 -206962281 -207833587 -258766995 -279616183 -281509248 -602717636 -854187809 -855860825 -986679256 -995066816 -1002473967 -1058151283 -1131801278 -1115738688 -1948315063 -1179441423 -1271768103 -1880001210 -1136587778 -1373460748 -1718150230
Phan tu lon nhat trong doan [44, 52]: -1058151283
Swap -1058151283 va -1058151283
Mang sau khi swap: 1958192285 1874937653 1859021717 1852460150 1662834717 1635881516 1613132143 1594882478 1531149542 1284630050 1214726056 1195239519 1162263799 1076059294 873542863 809119277 802691182 798281817 723933784 643862133 558462667 503451000 457418608 335333022 317937204 292653092 258871740 134726853 82386645 11332571 -45357847 -110373442 -206962281 -207833587 -258766995 -279616183 -281509248 -602717636 -854187809 -855860825 -986679256 -995066816 -1002473967 -1058151283 -1131801278 -1115738688 -1948315063 -1179441423 -1271768103 -1880001210 -1136587778 -1373460748 -1718150230

i = 44
Mang truoc khi swap: 1958192285 1874937653 1859021717 1852460150 1662834717 1635881516 1613132143 1594882478 1531149542 1284630050 1214726056 1195239519 1162263799 1076059294 873542863 809119277 802691182 798281817 723933784 643862133 558462667 503451000 457418608 335333022 317937204 292653092 258871740 134726853 82386645 11332571 -45357847 -110373442 -206962281 -207833587 -258766995 -279616183 -281509248 -602717636 -854187809 -855860825 -986679256 -995066816 -1002473967 -1058151283 -1131801278 -1115738688 -1948315063 -1179441423 -1271768103 -1880001210 -1136587778 -1373460748 -1718150230
Phan tu lon nhat trong doan [45, 52]: -1115738688
Swap -1131801278 va -1115738688
Mang sau khi swap: 1958192285 1874937653 1859021717 1852460150 1662834717 1635881516 1613132143 1594882478 1531149542 1284630050 1214726056 1195239519 1162263799 1076059294 873542863 809119277 802691182 798281817 723933784 643862133 558462667 503451000 457418608 335333022 317937204 292653092 258871740 134726853 82386645 11332571 -45357847 -110373442 -206962281 -207833587 -258766995 -279616183 -281509248 -602717636 -854187809 -855860825 -986679256 -995066816 -1002473967 -1058151283 -1115738688 -1131801278 -1948315063 -1179441423 -1271768103 -1880001210 -1136587778 -1373460748 -1718150230

i = 45
Mang truoc khi swap: 1958192285 1874937653 1859021717 1852460150 1662834717 1635881516 1613132143 1594882478 1531149542 1284630050 1214726056 1195239519 1162263799 1076059294 873542863 809119277 802691182 798281817 723933784 643862133 558462667 503451000 457418608 335333022 317937204 292653092 258871740 134726853 82386645 11332571 -45357847 -110373442 -206962281 -207833587 -258766995 -279616183 -281509248 -602717636 -854187809 -855860825 -986679256 -995066816 -1002473967 -1058151283 -1115738688 -1131801278 -1948315063 -1179441423 -1271768103 -1880001210 -1136587778 -1373460748 -1718150230
Phan tu lon nhat trong doan [46, 52]: -1131801278
Swap -1131801278 va -1131801278
Mang sau khi swap: 1958192285 1874937653 1859021717 1852460150 1662834717 1635881516 1613132143 1594882478 1531149542 1284630050 1214726056 1195239519 1162263799 1076059294 873542863 809119277 802691182 798281817 723933784 643862133 558462667 503451000 457418608 335333022 317937204 292653092 258871740 134726853 82386645 11332571 -45357847 -110373442 -206962281 -207833587 -258766995 -279616183 -281509248 -602717636 -854187809 -855860825 -986679256 -995066816 -1002473967 -1058151283 -1115738688 -1131801278 -1948315063 -1179441423 -1271768103 -1880001210 -1136587778 -1373460748 -1718150230

i = 46
Mang truoc khi swap: 1958192285 1874937653 1859021717 1852460150 1662834717 1635881516 1613132143 1594882478 1531149542 1284630050 1214726056 1195239519 1162263799 1076059294 873542863 809119277 802691182 798281817 723933784 643862133 558462667 503451000 457418608 335333022 317937204 292653092 258871740 134726853 82386645 11332571 -45357847 -110373442 -206962281 -207833587 -258766995 -279616183 -281509248 -602717636 -854187809 -855860825 -986679256 -995066816 -1002473967 -1058151283 -1115738688 -1131801278 -1948315063 -1179441423 -1271768103 -1880001210 -1136587778 -1373460748 -1718150230
Phan tu lon nhat trong doan [47, 52]: -1136587778
Swap -1948315063 va -1136587778
Mang sau khi swap: 1958192285 1874937653 1859021717 1852460150 1662834717 1635881516 1613132143 1594882478 1531149542 1284630050 1214726056 1195239519 1162263799 1076059294 873542863 809119277 802691182 798281817 723933784 643862133 558462667 503451000 457418608 335333022 317937204 292653092 258871740 134726853 82386645 11332571 -45357847 -110373442 -206962281 -207833587 -258766995 -279616183 -281509248 -602717636 -854187809 -855860825 -986679256 -995066816 -1002473967 -1058151283 -1115738688 -1131801278 -1136587778 -1179441423 -1271768103 -1880001210 -1948315063 -1373460748 -1718150230

i = 47
Mang truoc khi swap: 1958192285 1874937653 1859021717 1852460150 1662834717 1635881516 1613132143 1594882478 1531149542 1284630050 1214726056 1195239519 1162263799 1076059294 873542863 809119277 802691182 798281817 723933784 643862133 558462667 503451000 457418608 335333022 317937204 292653092 258871740 134726853 82386645 11332571 -45357847 -110373442 -206962281 -207833587 -258766995 -279616183 -281509248 -602717636 -854187809 -855860825 -986679256 -995066816 -1002473967 -1058151283 -1115738688 -1131801278 -1136587778 -1179441423 -1271768103 -1880001210 -1948315063 -1373460748 -1718150230
Phan tu lon nhat trong doan [48, 52]: -1179441423
Swap -1179441423 va -1179441423
Mang sau khi swap: 1958192285 1874937653 1859021717 1852460150 1662834717 1635881516 1613132143 1594882478 1531149542 1284630050 1214726056 1195239519 1162263799 1076059294 873542863 809119277 802691182 798281817 723933784 643862133 558462667 503451000 457418608 335333022 317937204 292653092 258871740 134726853 82386645 11332571 -45357847 -110373442 -206962281 -207833587 -258766995 -279616183 -281509248 -602717636 -854187809 -855860825 -986679256 -995066816 -1002473967 -1058151283 -1115738688 -1131801278 -1136587778 -1179441423 -1271768103 -1880001210 -1948315063 -1373460748 -1718150230

i = 48
Mang truoc khi swap: 1958192285 1874937653 1859021717 1852460150 1662834717 1635881516 1613132143 1594882478 1531149542 1284630050 1214726056 1195239519 1162263799 1076059294 873542863 809119277 802691182 798281817 723933784 643862133 558462667 503451000 457418608 335333022 317937204 292653092 258871740 134726853 82386645 11332571 -45357847 -110373442 -206962281 -207833587 -258766995 -279616183 -281509248 -602717636 -854187809 -855860825 -986679256 -995066816 -1002473967 -1058151283 -1115738688 -1131801278 -1136587778 -1179441423 -1271768103 -1880001210 -1948315063 -1373460748 -1718150230
Phan tu lon nhat trong doan [49, 52]: -1271768103
Swap -1271768103 va -1271768103
Mang sau khi swap: 1958192285 1874937653 1859021717 1852460150 1662834717 1635881516 1613132143 1594882478 1531149542 1284630050 1214726056 1195239519 1162263799 1076059294 873542863 809119277 802691182 798281817 723933784 643862133 558462667 503451000 457418608 335333022 317937204 292653092 258871740 134726853 82386645 11332571 -45357847 -110373442 -206962281 -207833587 -258766995 -279616183 -281509248 -602717636 -854187809 -855860825 -986679256 -995066816 -1002473967 -1058151283 -1115738688 -1131801278 -1136587778 -1179441423 -1271768103 -1880001210 -1948315063 -1373460748 -1718150230

i = 49
Mang truoc khi swap: 1958192285 1874937653 1859021717 1852460150 1662834717 1635881516 1613132143 1594882478 1531149542 1284630050 1214726056 1195239519 1162263799 1076059294 873542863 809119277 802691182 798281817 723933784 643862133 558462667 503451000 457418608 335333022 317937204 292653092 258871740 134726853 82386645 11332571 -45357847 -110373442 -206962281 -207833587 -258766995 -279616183 -281509248 -602717636 -854187809 -855860825 -986679256 -995066816 -1002473967 -1058151283 -1115738688 -1131801278 -1136587778 -1179441423 -1271768103 -1880001210 -1948315063 -1373460748 -1718150230
Phan tu lon nhat trong doan [50, 52]: -1373460748
Swap -1880001210 va -1373460748
Mang sau khi swap: 1958192285 1874937653 1859021717 1852460150 1662834717 1635881516 1613132143 1594882478 1531149542 1284630050 1214726056 1195239519 1162263799 1076059294 873542863 809119277 802691182 798281817 723933784 643862133 558462667 503451000 457418608 335333022 317937204 292653092 258871740 134726853 82386645 11332571 -45357847 -110373442 -206962281 -207833587 -258766995 -279616183 -281509248 -602717636 -854187809 -855860825 -986679256 -995066816 -1002473967 -1058151283 -1115738688 -1131801278 -1136587778 -1179441423 -1271768103 -1373460748 -1948315063 -1880001210 -1718150230

i = 50
Mang truoc khi swap: 1958192285 1874937653 1859021717 1852460150 1662834717 1635881516 1613132143 1594882478 1531149542 1284630050 1214726056 1195239519 1162263799 1076059294 873542863 809119277 802691182 798281817 723933784 643862133 558462667 503451000 457418608 335333022 317937204 292653092 258871740 134726853 82386645 11332571 -45357847 -110373442 -206962281 -207833587 -258766995 -279616183 -281509248 -602717636 -854187809 -855860825 -986679256 -995066816 -1002473967 -1058151283 -1115738688 -1131801278 -1136587778 -1179441423 -1271768103 -1373460748 -1948315063 -1880001210 -1718150230
Phan tu lon nhat trong doan [51, 52]: -1718150230
Swap -1948315063 va -1718150230
Mang sau khi swap: 1958192285 1874937653 1859021717 1852460150 1662834717 1635881516 1613132143 1594882478 1531149542 1284630050 1214726056 1195239519 1162263799 1076059294 873542863 809119277 802691182 798281817 723933784 643862133 558462667 503451000 457418608 335333022 317937204 292653092 258871740 134726853 82386645 11332571 -45357847 -110373442 -206962281 -207833587 -258766995 -279616183 -281509248 -602717636 -854187809 -855860825 -986679256 -995066816 -1002473967 -1058151283 -1115738688 -1131801278 -1136587778 -1179441423 -1271768103 -1373460748 -1718150230 -1880001210 -1948315063

i = 51
Mang truoc khi swap: 1958192285 1874937653 1859021717 1852460150 1662834717 1635881516 1613132143 1594882478 1531149542 1284630050 1214726056 1195239519 1162263799 1076059294 873542863 809119277 802691182 798281817 723933784 643862133 558462667 503451000 457418608 335333022 317937204 292653092 258871740 134726853 82386645 11332571 -45357847 -110373442 -206962281 -207833587 -258766995 -279616183 -281509248 -602717636 -854187809 -855860825 -986679256 -995066816 -1002473967 -1058151283 -1115738688 -1131801278 -1136587778 -1179441423 -1271768103 -1373460748 -1718150230 -1880001210 -1948315063
Phan tu lon nhat trong doan [52, 52]: -1880001210
Swap -1880001210 va -1880001210
Mang sau khi swap: 1958192285 1874937653 1859021717 1852460150 1662834717 1635881516 1613132143 1594882478 1531149542 1284630050 1214726056 1195239519 1162263799 1076059294 873542863 809119277 802691182 798281817 723933784 643862133 558462667 503451000 457418608 335333022 317937204 292653092 258871740 134726853 82386645 11332571 -45357847 -110373442 -206962281 -207833587 -258766995 -279616183 -281509248 -602717636 -854187809 -855860825 -986679256 -995066816 -1002473967 -1058151283 -1115738688 -1131801278 -1136587778 -1179441423 -1271768103 -1373460748 -1718150230 -1880001210 -1948315063

Mang sau khi sap xep:
1958192285 1874937653 1859021717 1852460150 1662834717 1635881516 1613132143 1594882478 1531149542 1284630050 1214726056 1195239519 1162263799 1076059294 873542863 809119277 802691182 798281817 723933784 643862133 558462667 503451000 457418608 335333022 317937204 292653092 258871740 134726853 82386645 11332571 -45357847 -110373442 -206962281 -207833587 -258766995 -279616183 -281509248 -602717636 -854187809 -855860825 -986679256 -995066816 -1002473967 -1058151283 -1115738688 -1131801278 -1136587778 -1179441423 -1271768103 -1373460748 -1718150230 -1880001210 -1948315063
