482274822
-771839145
967969648
-131307087
961596009
-929077600
-165236106
-975339747
493986022
532600495
799636711
306182782
-887540100
-141498135
-624666019
142367413
885091759
906404102
602963119
503962919
-672530615
951835646
-800540663
41536615
680264858
376101951
561523644
503481642
707526909
-897858213
907611140
-128797301
-742930335
-237929751
440708128
-50726107
973836249
683242129
-490046740
906307778
-728296293
-163218630
528525539
-374848712
-193920227
270140248
-471831566
833663691
-115787929
191240219
288094112
-431907432
-580333898
575034726
-796793123
486190350
-732330225
-320299190
879472569
562228814
132881255
205790648
-401248098
298022604
810595820
445781320
215282065
-796291815
952748766
-184025942
-579258304
366677408
249974699
860029558
-155154336
729101606
155308278
-360530812
704864712
-920978618
202742053
-519243870
-6855285
-837006038
-725206721
250593162
391290947
-98004607
-917651499
-642343109
-217156575
468476412
-83321075
-652362746
-837782925
-274350752
-169924435
-979588797
-453761995
503293217
-335480350
900335801
316784407
550376942
-470557992
-737792925
-970296676
71867264
-441219818
-201682776
-546476488
-864543065
632327180
3592069
-921473971
976054806
570661091
-141652886
-895216757
254326863
329960822
456662024
376890874
-87539338
-139508210
-721783527
-560897957
-317705744
853408632
-188191819
113454726
-459961834
75114305
501468537
66110785
211225862
-884178187
-577344823
-302524896
951256925
-837831209
938164002
740092346
252315013
-332393718
-277443637
-961441226
894611093
152462154
985593848
-670173344
133702576
-293798778
-702655995
-888387767
-930141205
846976843
-40015229
412945280
-11612864
675526673
538275160
553627784
-948416916
-699699099
723926672
139967205
619710031
36011761
861673479
-635137337
180631578
57974004
668997313
259070024
-448036450
681807982
392625221
310615644
-667587511
777339097
260498127
-678090796
-14426992
-999448852
-968151370
-548059700
-849456011
334817871
-644056801
472378343
725554000
993161422
412230621
-754279146
3897924
-72789680
-223762314
-950797393
-341712161
858979784
-973492446
-186584195
-591347523
-387105481
50567071
79113561
-681971477
774067381
953529206
960714797
479989944
477590177
856291762
978466399
-675516531
-328688242
-992176136
596319455
116068175
-927588535
-523326651
516334695
910141189
-236474810
7566997
803537510
-893525402
-235762192
-441326461
468224479
521009016
-298089154
-662406763
735925724
-130204257
-74389383
750371635
59733285
-835279974
-90679965
331537922
275301477
468028335
-142939195
-1564394
-998402092
-697408753
-638060796
-878758492
541163191
56961711
-900064785
-999228228
-928619233
-174642613
329099713
-409043986
-980415924
-940827952
353438528
452077512
-315956421
-845536436
362262980
951939214
216268266
-524990933
561425747
-764262716
742432092
691346475
-999916584
-57214714
-325287011
-854481263
-879233076
635950733
-77427842
-983567144
-944307998
-682074994
-363579201
-827227812
-903527743
338710441
-708561690
755150464
-37046476
822550102
707332041
882861230
-75010152
832125421
-890652971
-50281618
591145117
-245766705
-794834905
-372651556
-174436389
-648178239
-966985142
-619345185
523031109
-268175397
-61026935
571230263
381636324
589366484
-957655165
18253624
-68037815
566078585
503784369
-220096311
532910276
447902283
139559655
796543992
-334779353
6714072
-745595580
388393623
431678366
717464507
-950080169
-186254100
875874139
-416241666
-774653693
-305620736
-192003553
815333958
836385370
-630955448
-163395981
-342997567
720211608
303962059
-94378496
-383311312
28955775
343511329
704123957
65050213
203610305
-830703877
328409108
618309105
-674583582
194028868
-274372953
976873450
-212629239
-980997768
428789251
-985298672
-632616388
-268798471
543124262
-705056721
-679895683
461468055
-428132413
-462441869
-335665039
761493265
442282028
-702156860
704655507
-368339416
191805636
979372257
719463925
-454056100
449036808
-476386629
23231759
-976313475
245443625
523119480
18964607
-548220897
-571281654
-737283052
252210229
-726286542
433256301
-835903103
215646081
785143634
-565801901
-459196534
780174762
740778554
-364914035
-760676768
913567503
707896244
534995382
970299061
-627010862
-57513351
-121433302
-849252645
-448427328
562736666
674964524
-598491444
-544895936
-435492009
-497733140
133309852
758436800
971379043
143826679
718542155
392790853
-67379316
-627480146
541090056
-900337502
836830739
-586105930
-682161697
445973793
-761985544
324624484
655386747
-618729664
-72818332
-995303279
-794754241
251303942
-926150235
-247717514
869491890
530613074
-750568419
-46872604
-863004719
-25575859
-177764562
952083968
-438330441
189716161
14842901
570018664
-492725157
-346859404
219117389
-328977535
-847243185
-758132344
-824370472
672156520
-809444899
-357583058
-392786958
109835050
25515785
-47438391
622003493
169831529
560629568
-222952777
82259956
-728043688
-492159328
608523468
-422824219
-637304573
-538388230
746609489
498549339
-712050332
-744857587
726884796
-250195142
-319074462
529068335
-712625807
-764459798
645637526
351992701
-819647615
999072850
758071205
-327925479
-663665140
211225862
-568001212
353154169
-830847543
-914182126
443559932
-3907683
-444758012
653727136
-679910968
118462116
-495497286
412732562
550945453
-653737168
-217864094
529346438
753451543
-268459022
-596449331
411585500
-363651887
575905699
38460780
-524049839
95589075
432003126
67654780
-139288695
-990460134
407484520
232685740
-425855478
891682121
-690632151
853771960
433206257
-173735518
969062459
-972593501
-744294263
-919462853
-652254188
-23088584
-996917840
-820527766
-465055252
127427870
-428436290
-887845415
-982008104
-163218630
596728357
-585028970
-505458497
793249072
-22357028
-115112524
829015618
297053623
155902089
6234477
-789743494
795478028
596195817
360646172
775970982
289482733
805710623
-234442593
781713376
187683735
947048465
386139619
-716628782
-552605008
119525249
-836156175
-1902474
-545286443
-992264922
-243225951
664356105
-827457182
-156070470
875304928
702917782
548710046
926650936
890559960
-254293526
409094468
-970028301
-300941004
562736666
936471268
781523372
-905394740
875012672
390205273
275612615
-371107098
-340209688
454615352
185941721
140592884
805340524
-103544355
557998776
-944968488
512444201
-98468485
-222485882
-803705529
29518461
-533793199
-369268378
-205661429
941691148
-827957445
-698378758
636130884
-657182246
667675664
-995395557
-175264446
811817550
85771473
987912751
-396603271
909755604
-937458514
289438209
-934454089
-252795994
-842887473
158819312
189263600
232990097
-676428365
-715580111
989119966
-518459774
579560262
-550679292
432840220
-360623522
-435728848
1815715
247022727
-608908198
479276545
-193179601
-677297317
775828381
458981399
902971341
379086178
-746536327
882722122
-206037977
394915813
908859358
291249302
-16757614
-595382096
607483777
730529296
948982996
103039857
-886832978
702774440
-357297234
180332562
972633239
481433784
-796492889
924452714
716296375
455451249
815848970
602264268
-715167805
45127713
171663984
246957800
-663150816
-57578256
-321809398
-40096652
568007050
625714514
538598507
934394503
-120749260
-796793123
-950062683
261379475
-372609611
312576730
705705198
349261894
-797369296
566578708
-693645700
634014589
-979224459
310007878
-89823910
-899210873
-532472946
-900607082
-419278598
182094330
-814740653
817672497
732307010
756360185
-79482279
811699615
466864559
701049446
981549950
-26598499
433947084
-546460919
599828346
522875748
-796492889
-228121172
-163973966
-508087789
-17526220
987882038
-819013423
-382482875
-92519085
171369588
-11683996
161753574
-396742479
-187098718
-786518334
436974611
-574469841
383177271
793572274
-699433433
-688764714
735994988
350597870
-515672053
528153801
541043448
660076778
430994195
-531923111
270994034
123349461
102233759
-486361388
245923873
-33962545
-323031234
-40036209
191226731
-242507589
-298823534
825698948
-487849522
200094595
-107435907
719514302
937206161
-523860109
13618420
-803580449
-724278475
19902500
816289197
-495195158
-59468856
765968791
-341788028
-983949787
-60230066
603897542
704584275
707651532
233022615
-677593858
-871392405
135922759
-35236859
720211608
-473795423
485944759
509285892
-57053385
-803924432
920284552
-358730145
413986229
-404368258
-896118935
702722706
-289192188
-681971477
411888411
-22257057
-598858583
-950193537
528106625
-985561883
-845536436
-540480920
-646000224
-67496842
-655030586
-884020889
-435218349
539061824
-748472896
-828379262
-577217347
800028311
470047387
-12523698
-60049039
-650841644
803158409
887250193
-216895559
-835394616
148050640
35946859
-429470144
793876633
-591166229
-288466600
-486022032
-512567436
870105525
-382375865
883151923
501797851
-175989458
530014044
623226575
-825950573
-847473034
157210712
507689612
-662929200
131798549
-633475926
-803580449
354787209
340246743
-130534430
-562166580
143553198
714961156
666664950
-599323611
-507932721
160082153
964983659
-800683310
442863338
556150015
-220522619
-854860533
847237983
919320493
-193433919
967264406
-131307087
230838658
-310758319
828326814
-222485882
700840694
610346653
-2133535
146808259
-608427969
-525118633
125210324
-355097684
461990075
-125623634
997906107
-828653653
461468055
175715141
491521259
65604213
-48407273
-710748084
-166375184
752370202
-867792545
931589776
-423247454
494325376
-370887533
114583840
514107623
-66238359
114989605
661757134
-364387868
761602771
929312487
-129190345
-22825897
244058124
740577767
-75517291
-818373078
448094340
-813031739
415504113
453391670
-808886751
437257048
67614790
688340781
843569135
647944928
602838225
-644534971
-452367129
-141004444
919728346
-501950573
-569502748
766561344
-650684776
-655278663
-38994106
-691362652
520826668
-97137228
758211937
-864224372
-848466718
-726533908
-282938033
645578656
937180575
460234751
-812990286
373121062
186687752
-548812723
-187028912
-933574798
-892284213
-542926578
-505827558
221818632
-168554212
-496012507
34391174
-911579417
-889331434
706078406
273350944
557113836
-620103680
936287499
-41799999
-854481263
-296037993
851109938
217139449
801590948
613824425
40358581
175775743
384821359
237723080
782313199
528641934
-825209821
-866110236
199151018
-104335879
-409412634
821395970
-550585063
-609558695
-765922946
-309350462
529346438
393144185
198221406
7343927
-22295238
-209558760
311796670
49667717
934772537
310521173
953080040
-579675741
162420528
-532942607
411230783
49857106
630788669
-195541393
-991013300
-602078502
326515648
-618358387
266513679
542617615
-16112706
-994713098
427302988
-495399687
-828077763
76710978
545950695
639349019
-945910116
614643516
149897825
-962326687
952869552
-537512467
92899805
-927333032
614269127
-701329143
-839429369
-31051199
302574583
-542070717
36082510
724974539
-662558087
-743344082
-594012325
-352456535
42220554
819783757
919792818
-128578592
-23815442
640154900
886469600
481433784
-26936546
-262835967
-242557721
-732935637
-244914366
86319411
-480632639
56859748
318845789
-43385474
-694473797
-892326173
-129889107
223750484
-538809705
63867428
392388626
-823497559
-418230665
326756077
-83302816
312310943
-494554102
-638644189
-969588385
967488991
329826418
-833031478
307183741
210421111
-610835778
846483139
858673758
-19000369
-534183744
-436729510
39784110
739241569
-704475492
911264850
-125691711
-850522958
-299634470
-689259759
486650566
840626706
965525135
752560206
418035599
-244303966
-480985911
115207032
347414212
982757080
-434215448
-666138180
-400907283
-151408877
-624435690
-999448852
-183601464
185094369
152242876
630116879
621005601
-904059430
673599704
-309465370
529041017
867934258
-496222360
-295951896
-477789671
701814438
752011087
-83634721
683271319
-694775413
109157340
-586913135
73870056
628974091
-334328018
705552764
-254033739
781069175
272592358
-623671181
574113505
-769437667
886812938
116851045
436602143
961903756
-362157496
-279677418
933246848
-25833242
624147757
189154892
-94058260
-152269504
-533562342
-700372442
15222217
-372019469
442129879
-73532518
-358159796
146039450
185096186
-136231324
781129300
311329000
-348498960
688920275
31319777
927686590
232570776
-220050144
881807519
775897538
865519353
-100517515
-702399788
323815842
-612915876
15966790
709724954
-353979670
-835539550
508207499
-805556439
-160319851
-231807767
601290583
968873238
-318004110
225413195
-306382252
75732371
-5283156
-372925310
548382359
-366037351
-707574214
588068009
-131091290
-466402928
-369211783
-909844906
-992482271
819924459
-711601947
543586297
-461810081
-975930277
947267711
-532608152
176138190
839923517
588463719
-270640032
208263011
-549944498
389126056
570962443
-125063129
704950457
-733635615
-1725025
917245167
640570543
-821706830
-986911236
507383466
161255742
628909081
-631584089
674995771
903738406
539944502
-771658741
-533311293
225254359
-270862933
195429401
-663957711
-304296196
-581673853
-337748929
-465890645
-288176913
882071597
-910769770
47634723
106343303
-752128319
131091053
744467098
121562557
-440051263
-149226481
-965225374
490691913
-899666439
-71367444
35376302
-916639316
-363857871
901568177
-841018278
297679161
930498141
847915858
-207712821
-719709396
536162134
775471943
-634498818
797445084
-84456142
935706507
-718278035
769809552
831147741
-514296868
-113009735
742528768
776646150
393299608
-877829875
719934423
158121018
829776515
-674262372
843667065
-602105656
-430279020
-44530280
-793809384
-538388230
232494268
161416339
-940198979
952748766
-53184740
-593191348
-607920996
-306778290
634543960
599384592
-520743700
-876995302
-343596466
-498347127
-798865663
-728296293
-936311816
-898784120
-211889331
-290971424
-489281756
211030606
-664531747
-718748462
-276412068
-861560483
6638149
-708616580
-145718631
367393597
370855512
-146817700
-961868443
753199835
-106554425
469889468
-778199766
264512222
-813437294
728754302
277854122
-146392519
-838978154
-42189700
-904059430
434267767
597642724
-840120420
-923771068
-941676630
942085112
-376195971
-50613807
653480856
816462757
-952392234
-501561283
-362873920
-340936880
-624190749
969926805
943335374
723174157
444924096
-305167446
-832614217
87227284
-875410521
-598143228
189907449
-177752694
-414302391
747989351
371566926
-328166005
-80641621
706927405
-197092980
-809773880
870827104
-409522185
876490986
-924842328
538063407
94175822
-725503639
823157229
-243748639
-843358503
770467853
-854826249
-251098920
642117178
-812039281
188390238
585138834
274351574
-422007189
-752682684
35584107
-351579698
615618597
-998885118
-520708532
-197785690
-822866049
684229888
-145412373
55126638
370311374
500681303
984265354
301111377
731376163
846194043
822414007
565873493
-81300502
-250396773
-360323404
658377068
-16385381
158917461
51841994
18149952
-994763697
725821180
56803765
255889212
63763112
207960091
693545463
-887993678
58947770
837437616
780535794
570240291
846906993
827939997
813866954
857885897
-762639237
-509049793
-909098762
-71316454
571789959
858143592
344197014
261539153
932953305
468829891
-216234804
-896392392
431678366
393993193
-618729664
-455166336
-526051317
546608912
-755931162
-829309722
562924729
976064591
-998433916
450423174
-986873254
-854481263
-374848712
-719836648
-579110879
-37776175
-992264922
-509944893
915051577
-414540620
411374862
-629921353
-291469550
583911087
-825050951
152462154
-365894140
-363387991
466474554
-419730300
530014044
-570709870
-786693270
119872068
497282019
-677623003
497480586
493426644
99952648
762841674
349351710
886469600
303287534
879594334
618362398
159771111
238798961
275711079
957748605
912970253
615030725
67973192
292730996
-19297056
603617413
-223903919
590615083
590016794
-845796940
971644665
-201491506
780174762
-574177561
-944020786
-695963646
-846903259
-940246401
681166727
836342855
906953355
609147219
488435857
211281077
-349251749
-494770222
760336322
4689085
117562863
-994647847
-246492111
-986623300
931939102
-400483300
-139974831
-116746223
-62714551
-900337502
579069291
787494007
-922111025
-440997686
-284159915
883097001
897914205
697075738
-808201896
956774244
196005058
-574961955
336136663
317921951
400363697
948193035
-801550708
183702997
555793164
-838874939
126443387
320425760
-70016108
-671115606
-786828936
362144340
-429195739
-120515906
-455451437
687611483
-117735976
889082753
327769864
944539790
561425747
-219969781
-324690426
504931345
794476044
304853524
-628892682
-271949661
106118251
322070151
581985345
714869760
-476309325
663388237
-87809852
529756734
-14013985
-979826354
-231233772
-70291043
-281817954
-238872230
-807908617
-490359738
270191951
163453377
710211149
465812213
640702792
886594696
-117502710
483538519
-740029210
-934740014
787188770
299245844
79775214
-527543129
991818069
234758411
140004547
-610835778
311712637
920936754
787534465
-959160439
-826750264
-251335424
-766736563
323369144
606169836
615030725
606828244
164730219
932110467
-753699543
-834377118
641740563
559450559
76249218
134549204
398646769
-670858734
-515318249
-30264571
894082998
398876567
71404417
624147757
552413481
-159157581
60882053
-619374218
2814335
-152768674
-596833347
-877216255
769093065
912593796
459130798
-296101452
997783851
374779725
333463670
676147318
-821212871
-752744894
-60230066
603279226
580191170
-61091170
-926674703
424702542
-739281895
-235332120
964759821
-470859238
-521472199
831191305
302799204
255876086
-724963221
-800064677
-80641621
-440549809
381421418
-136518529
-788724738
98095884
460495151
71532816
892581904
12201803
-325767633
-436748895
-394973855
-306778290
-946775621
-376986229
-422158724
558685667
-550400045
-599961398
194431248
-305771316
161627082
-19351090
325937607
-456546881
-102384934
-903527743
-236857571
34722025
-468787774
648229089
852112074
-579969484
-698246628
-400267147
-942468527
306641828
-543431193
676944831
-905235372
-523813411
809904702
-273381613
-179374682
-538902647
234261770
134590642
228780991
-421123477
949775319
214648246
497197753
741560545
-936514934
132338736
553032994
587632398
253695115
-866512155
624339386
956685652
536505666
156860046
75776595
624030940
134395600
111827979
622615548
444357378
698508432
-606905315
995118745
52152017
-916909436
-317088535
966054705
-851623144
-44837466
430739637
-426949323
217139449
-324499333
389051578
-661068403
42682351
281067462
-866832320
-830814915
-176568682
542988994
461288318
323172129
322508362
-609210172
-296448792
663608048
-737367534
-78248414
397898577
-455914496
-534802273
31208254
-258022882
-266778937
-769923933
400580199
835399670
-876712487
-777070469
-796180161
361898271
-856415333
70321322
-45979235
554595402
-222705056
528525539
161953577
-968377325
144629198
506088131
117050776
-516254208
-229922610
-961267961
506389223
-223412991
-838681230
27777597
-387987662
-139726054
445502148
-292252017
607084569
-525397642
-90307509
-53107663
-638134687
-399906254
165482807
194608725
-409210486
-736909904
653480856
-719758181
-249037501
-567192422
907893093
-415903122
-942566331
-35868930
-59967647
-112263534
26689479
-263095328
372940302
174970688
976798709
-141855227
13618420
-77881389
-981548314
-928386169
674910944
-399020325
-597118825
-704933562
-373739801
-844196498
146518560
-924401455
-426257861
422892438
705875198
-790872903
176837154
-594235031
-270164885
40750896
199681514
517294009
-813585227
11420142
-195324678
779091810
-787823127
812154421
-518179810
-682257913
-246512141
-251981410
-818023572
-257514702
919779752
-336460077
-875025046
-515672053
-50281618
-7420739
841132111
-407025088
-425897029
-28619217
759125909
-878979364
874200349
654320375
-102091109
-366172125
-424803598
-931597120
757429824
932859639
-177347357
833049030
-983567144
-633396558
228267758
850889212
-707719609
790348563
448348945
-570004806
720745763
-705031451
758934718
-28541845
-60553386
800832213
276118550
-814851417
-951546943
665984169
199657733
317536964
854748408
-468892321
-791955025
-12432752
-238650308
188928747
42220554
-803858649
-895326839
225458382
-461907777
92298330
149275123
275301477
-299163848
-787170453
-975167062
622184382
-850654040
689856789
238435539
-266175687
-768361693
-994879100
58911661
-514325742
513607497
46334755
892183938
-638644189
96872111
-654204390
315847895
-773500659
-420705715
-35269302
-12797063
-971219001
-244303966
166570244
-831846149
-945046920
-150005547
-443199916
785213044
-897547767
544126009
76710978
610012855
577781773
295389383
-850986274
-455196286
-786273310
-925514411
394209459
264119464
931290691
764316653
-421976207
-578612251
-141119458
904763743
401077660
775860967
-844485784
761098304
434349997
381195657
-914666172
578459833
-642897497
634342887
840331242
-930296589
-983628424
-258477126
23398535
347363902
333152100
153475570
-959003921
116525023
175356160
-291894496
143405548
919004430
-198152718
-543532020
120691036
-711437775
-869450454
601224627
-233076689
-718050160
980013095
316901684
-207950492
-607710468
-597175412
-542568516
688485294
750589635
287962304
973329326
-861909493
-881306181
-603330358
835705972
999453867
869685054
464252531
-978120584
-291238617
-294525904
44609991
995815018
762584163
109244574
-349807553
-683507938
-313664172
141409086
375605904
975455279
-131548333
406513429
699824782
17512534
-19652309
-588893463
-209250807
-553256409
-365562427
153529761
999823407
-312368023
-742474611
-623597922
-53827416
-50459892
-191763917
221987921
264505028
886828963
-514825300
-623696098
-405437051
-851772196
309235149
-606132537
-458510323
196123562
935177863
54532163
-742281289
980293934
-544084318
47418019
-870764242
-504020246
-911165471
-424981949
-734367632
-108527585
-982959810
740226411
-765189894
-23833565
-484748081
794842874
-328869876
-304603582
-781657123
367248618
-508728247
-626061140
429235827
555606404
-922719356
-699510418
431532424
-842763593
-90544330
-13043595
350114405
-460807086
683795011
596241591
270589781
544541483
881261144
74646227
-680552263
774749923
356939133
210236269
975662298
-210680144
454304904
582454392
-741794744
-980816230
326515648
98934246
-396307378
692284907
915357591
824129120
996964558
278440686
183630316
772826841
942611477
551984261
-8580242
-126041882
754900120
274380413
-130284966
139527776
-160592294
-362644294
-718538266
604129487
-271007902
-107975217
-793767207
-594647772
4314868
-43293314
860191208
411168145
-894182026
556129517
519171700
-403892469
573512778
-70093568
651666426
691116779
-310987392
219535760
733323674
-68671491
203149928
-376195971
964053638
856658195
942447647
-396436844
-980786584
-8499659
-831181882
-871015634
-176321395
74848442
118758007
643176512
452948691
741443808
92315832
97248428
931017608
445087019
-99212182
94111057
838662167
584024265
899585238
434084372
443838894
-985286579
-278040674
-201434837
-450506694
-547927627
228890009
-237536060
605927490
365816178
917767960
328212732
448325146
-826163005
-674942029
968553119
-701188786
139735719
248186881
-617611714
342365648
-345643939
460101141
-191872101
556337691
-385471430
914552710
765705438
-71936247
987045802
-691149073
989512506
-45839305
-459363969
201255648
-283556911
-591604718
-853875317
-852412707
60209880
837181720
933207737
411956180
-54206935
445371165
-772781764
-705996904
136866640
-123332910
106549404
994344970
-402993054
491875626
519033863
444121211
-555758403
-486914894
983632885
-562397265
238271866
-284792271
743332693
682603195
-760676768
462450248
-40195070
-991802560
-968526827
-39899061
-472033194
-296507786
514899484
210236269
-363516057
935890557
897374489
-530435942
513029390
720641511
-727577520
-626900422
681108513
182924990
699358793
324624484
-505269024
299303538
531011823
-939446177
37784532
298847255
991132071
611180514
-964422691
-717054424
752330671
956685652
645826823
8555172
72611646
-627606160
621284576
-353618596
656266606
-528789062
-283641904
-532759190
532428875
145313467
-648228923
712885769
-641003685
442129879
844809652
822966420
818656060
-675348659
475363645
155978748
-134645742
495866816
747989351
764497414
-725206721
462117973
835705972
629739014
-761416135
-894182026
-223059841
452520991
578876106
248893937
-983001450
-122542941
564364449
979603317
938532015
-664111780
-572218146
-69977369
229513765
-356874516
-659043270
412909449
-803789272
-871478951
-519415348
459815488
311712637
-607268783
677864425
-626578547
280845585
579560262
644802481
46881011
-304572618
-852266301
-191273858
16626769
821839391
-593039143
566211887
626323325
684841059
546111770
-414200866
-318004110
-875436752
722534056
-938907374
-798337957
871688863
49974979
-876955918
-933574798
788898153
-695884840
230810683
292730996
355631808
-722576512
-942208444
684700526
-93074577
102093565
418566969
-649044068
-213028458
828068001
89801577
842312287
-754126007
701353149
286656481
856972609
341686219
-622131962
171663984
575557168
-795281382
973836249
476109526
840476513
788413419
-490084619
-756704499
421294996
-263720068
-537010005
748748714
873955159
-71927412
-749303282
23491575
-998090208
55069823
-98843806
192984089
-838474810
337580898
-33953419
-2585553
-145198038
-306765921
-852882108
39435252
495711511
-789789234
-567894896
-444761592
915692938
231476311
485944759
-4836829
315662300
519652208
108378690
380999245
-894990298
661382530
131454573
897071989
394117623
-811252076
220943335
-553080966
-366177167
410870507
-829647883
-87718992
-660159244
-294563964
-202169931
954135874
596595386
987328438
-272432719
-961927733
-356751939
-946534171
-525118633
87310035
496694305
17410528
-871798885
562846225
460362862
406192316
558436524
-122653977
-116097073
276547039
907373549
720055321
580808716
-9090562
-353542048
922838741
-932898387
996197794
882231650
-872637655
264698625
663048659
-418562794
-156070470
225612342
419360572
-526897351
756046143
221268869
435354714
-665141603
-451571803
783142434
-262403316
499721230
-199500590
549084577
-574623364
-926920271
-364116941
4689085
646957887
-287344715
229298745
752560206
648429740
-811826990
-680206381
409689228
528608011
753717869
-424082149
949526214
517864336
116053669
571384401
144806568
639678500
-867572078
-471826417
-487491772
324989145
-270480353
-702949414
87027780
934473329
400183590
-605612426
-256333502
881261144
-207169145
-772781764
754300374
528404002
-584840655
-130284966
-138431605
750106666
723458650
690488947
-33891911
436091644
403001397
683721111
-824220154
-799795386
260681450
776405011
-738623037
-163734594
161403094
483603454
-830281686
-115437363
-737479011
-944424457
580118928
71952059
495769015
-194490757
168445127
808041296
606418824
-209380323
847276129
-177292038
264937034
-59184377
713050039
-642528807
504616530
263902510
696657563
706980098
-988888140
-461108781
561794189
347809733
-794440207
-595794888
633150532
885353355
3728460
-219861477
-319463975
95098085
-867287212
162676668
-746239784
380436432
-126382435
953080040
622615548
665789035
891367472
296877470
-269283512
993701809
-770611804
-693082985
437443612
913729582
352124264
-282085659
-486858053
-609525862
-796065700
-528789062
802615823
-763329959
545141298
576942129
-299486215
706096741
497404459
-138297758
-218071534
-68225357
187420656
355963021
-775467584
822720041
-207669982
-675022292
-285615252
742731655
-554150500
-726286542
-586607627
871330543
-140040613
749046327
53663293
-177968629
862626580
-90818292
11439183
786304119
540802925
-377483918
641491077
-454955899
-881454521
-110564688
-861560483
609008776
-410458524
-988343929
623792703
-498066871
-565970044
488120408
-289264708
-801688045
-233430364
-97049875
861796371
-487025294
-569106891
-940399459
-473204621
-230049471
479688312
723099433
438213862
234831382
-974776062
449678073
-118735743
562363398
-414580722
431400227
381456696
-763681661
-164380394
34162402
-236551401
558137281
351561559
181081716
-290480788
-48661850
787528421
-249156567
-45573687
-950307930
-872127819
23707553
-536660704
459198931
-741343654
144252128
-595234441
591746825
-301508939
-70652373
-540269087
-148051244
-942809661
165082833
-206503782
513607497
847005768
-300373955
641664375
8929006
290321298
329204237
128948826
567125762
-646129895
-232505435
323380961
-111365537
47634723
839313016
578831696
-440651025
-161679619
-455967249
-251956958
819815735
-574469841
-837428977
758034570
-874029333
-558366810
651354309
-207994869
-188585363
739285553
946207697
93591870
932039817
-38776939
-389723494
927013532
-656567714
-919945620
763188545
-541876715
458373415
293225384
-790591654
286038655
-96456909
471924363
413741563
-490007812
199539858
-267727886
870254887
607884979
627768237
-49090925
173045009
969295216
-297650331
-584018578
-342205169
291802010
-927788760
-387020976
340408173
-393704676
-458446926
-214605774
-862002241
754620451
456624847
252838040
-813151875
327120992
498779413
-913656924
-886510616
-174277554
111642122
-987835088
550243200
-828158627
275612615
138997053
124431418
783885516
-127304873
19827296
80025891
-671457710
614890668
598874126
-702764033
-654543908
160001157
-197785690
502359889
-698982251
-197214546
400873910
-450822101
-78630098
-865416682
973720555
-587458086
-500916657
-822844420
-913553139
-470859238
-610379940
778394570
635214776
372585324
59733285
-770965975
-183287585
854145060
62262588
127211542
-215199179
-6483084
911526070
-713223583
-766461672
897914205
-956495731
-510723980
-974269906
-139064715
-97501562
-561454290
-71936247
429044046
185765221
667412162
709959900
-901884674
945736491
-361517873
-683652041
883903372
-756511810
-120239638
814071812
-262117128
-982266407
646175188
668070379
855268769
-133086641
194294286
783984279
-925736262
-141266993
207447952
-371278247
698369476
-956305649
168875721
346764478
-914753899
239371209
-506397292
-354332042
-672414775
-661669366
379389918
-186928681
-411800957
200862844
547884875
451366719
-200231695
921516139
-933441440
-946597700
616721374
-701194203
411168145
-169737606
978200014
581325991
-876168103
251772099
609046456
-7330565
-968339541
874976929
205096412
-53173427
62615894
418244817
-761176346
-127453211
-380422394
372940302
754720741
-211249901
418455842
-849003358
-222044505
-55397349
-915524790
-188321569
-151231887
296233709
603657374
978558348
242649591
-69977369
114478299
-826434201
-156855297
628935679
-729323454
-754401307
736842542
-201682776
264785089
424273638
-529461341
-784794277
755734012
61891731
176670532
406661961
-907898870
195900014
-262500604
-137057507
532708193
85860931
429468446
-352096032
-923151306
-23088584
-383087070
-42042264
263673702
486911504
-270862933
63057551
-432744074
-671115606
-120749260
135066186
305423854
-148051244
-222969287
163838915
-408561787
-514088069
-309793490
-237193473
356110875
368271421
237369314
101849424
76339671
232494268
416080890
-407025088
-742048615
315153095
587365707
723541101
-114472041
-906034062
-342899613
-766491142
-58053199
-53584936
55913879
-800991605
33747060
-859250344
132145086
832097281
226021376
-872767116
806576181
355278032
-156926184
531839587
-15617988
715048417
-895982694
512277858
-793109516
117980014
-523138867
394117623
725340450
448487055
-67496842
266909071
-377541613
885353355
290932444
55000892
-162985934
-357458064
610730175
-825763861
564769203
-649406589
-120953180
-744294263
943862774
496067191
-301078900
156135398
501289862
606689584
-715424735
-518261024
520294418
-367382785
-643235879
-7717275
-653291834
255876086
937271014
175734780
587234333
-408488102
370972347
-371482716
386467375
685283639
-98567620
870254887
863973410
755269492
818732867
-807265187
427063202
824484408
-862151801
300037646
-393039063
-776446214
-593349068
-888859500
314708930
-215060437
821030657
-614738373
-229597333
-642167582
466631516
597511361
37374236
-954660226
178405002
-869631883
597344187
-954831650
-553809155
573135099
449098952
748428016
-367912736
-409310819
-993299633
-433069291
180286075
-372282008
-645597097
654320375
-449299051
227401508
-974269906
-118398011
-486905494
85089393
787375523
-35951050
-181065136
-280297597
66402975
-850522958
288452515
414807376
-718556712
33227015
-601073087
-247750347
-614907961
422734149
536162134
763267444
-245198743
421654461
991936730
989198416
801349692
-413480289
-396247366
962172920
-28112558
-593572476
224843783
550077146
-631815556
-868837036
-772349830
813650756
-489426126
956356315
476962948
839601999
234437204
-375994110
-588036978
-433958942
427549374
-343279291
-120724205
205413309
351992701
-49779993
235757781
677916646
-840809702
-693779694
-570587524
570962443
-202521490
315592131
-246397168
-87539338
-376891746
-743716272
-464796953
262588729
-781128352
-797466008
518887502
572930187
370941882
-70868
-977849292
-192273549
752066818
864110422
908205207
-21829577
432316000
-616202583
-747853692
-134050974
-961441226
984326649
242766137
-812239809
414023293
371410141
947646397
-912423546
-853267540
21986841
985195600
37890438
764245701
-522276564
429835819
100405771
-528968646
-479580622
718309121
-965532715
534424520
-537108962
939093339
410296104
-421244699
311204721
-811151695
87429205
72390147
593672069
274453036
492617259
-835048787
-924822200
-118436060
587663581
587262572
158496851
-94737461
149275123
-637582704
364107516
-17462947
112693041
-299010632
837548997
-84626583
-737964488
-15084097
-794029018
-361474411
331475992
-959056530
-549652927
-718050160
-134353902
741174104
10909085
-248749207
453271215
-796674586
-250226622
336417662
734530934
-987739308
476342274
-102091109
-615973602
639847378
-424154722
489451273
-211469272
11258216
337739868
61023477
835057134
334305183
885603684
-722576512
118564492
121659497
536194014
-642528807
-967390730
85343196
848542729
-68076452
917245167
30158231
980946935
196362165
494893176
-710616116
-746482596
-156715258
901068445
-85549380
789305465
608523468
-716706552
530795414
-599761243
-154788525
-885652570
-808512219
-203971507
804324284
-330211686
915357591
-467997050
763617872
488073099
374154979
162163101
190381497
340491576
750212772
-633186335
-475264506
-807395934
986490648
614031367
-3383284
874428912
952304313
333422960
-501115771
-965178187
-798813726
347635907
-837399806
479392585
391109334
736736780
-343651263
-533918722
911190721
-34897511
202225025
-929775392
783844588
-437088949
-123587856
-899594386
-998168900
264020942
-803025822
-670090519
504995891
212975664
-884885018
-699396236
908302377
-266684566
-718950837
-664905511
94573900
-63952081
119582317
-691108024
-185442644
-94107975
-591604718
973017236
119317356
-441095840
-345792338
-427808874
-30854273
754802748
494206743
-143154676
756554900
836857998
700157092
-89333339
-972495169
113362844
271997322
-670142940
-235799642
596667408
183882093
527945317
-889482975
-773273647
738379465
527008404
-179984716
-586197162
545950695
-279677418
-705754447
-849003358
-48877135
-732396533
827079269
18091487
-506221324
880629073
-194311875
745911683
-591422256
849543219
604952426
-267932015
-675891852
-831411066
-194145548
-168916650
440522892
-739364182
-291884574
-428049927
-812701562
425533396
-96244750
-40603596
-276624636
-59688927
-943217005
982826907
-970543278
441108919
-712426846
239614969
-45979235
-497916801
-191564072
-527654991
946742595
-224800203
-176321395
-815523209
586219636
323815842
288982389
-335788038
-978603270
814342716
-349425653
-495256059
-707468141
989519025
-775334673
-113713577
-491583029
770078867
119797382
-37495724
-510151666
837103054
-171519688
727970406
855531199
-514172496
470123230
-675891852
49170434
45883932
-285487413
-243329388
120210343
69055635
-868600145
-269988750
-55934086
674154160
100718914
959924903
657795623
-756925341
644363893
688231420
295340570
-830847543
-16961885
502001622
567234860
694882178
-23355254
583299405
-812039281
190751880
-733786253
745197136
179974270
-177016094
-314292012
-274275221
886884660
746119101
954889923
94399430
554264266
56024871
329854673
-154129467
327989931
906665803
724974539
830262273
297053623
-312743875
-822105392
698304449
602240788
-771535598
854702609
422090350
621754268
-85033661
-744598016
39199944
279163311
763411549
35196274
-389683133
-85071514
992616250
-159228361
341788637
-27250568
193628270
-776552478
92899805
-155387036
579846754
-779012339
497404459
-926416681
-205922933
24787454
-106498618
-712939438
49857106
878983692
-772764393
-379083550
-227705523
-398909423
768881320
-789033480
955742722
167756803
487124990
-999935859
-377483918
313468839
517159944
-589198241
43905968
-714503558
758510622
762701452
240112112
-860810846
-579812536
303554630
-715555479
-156174339
303663423
-227277101
602751243
929572588
228081088
-9221581
73661079
428457797
-215478954
441625624
-120094365
-567371923
-97076109
746010668
-421851233
853140027
-407851323
757755748
243561969
674333717
979119262
823392153
186201286
-352613483
-823396457
931162210
-25575859
17638661
631926844
774986640
-200646000
881489365
203336036
-343651263
-921112478
528357613
639120436
256765020
518217005
-582908422
279570240
759172894
-838912250
597958856
935177863
534035968
552310472
922678
-574754819
-407360835
314671671
-64152483
114936270
624948929
598246904
-749426221
-818524080
834622660
-729449807
-698711129
127469747
261379475
-648518659
848728081
385102458
-965780033
-740158127
-289027244
-74456001
984973293
602963119
183937210
4148394
-255972462
-927186656
-716877115
-104249487
723664668
852568048
-537364389
-880643474
932459310
286529323
-596668423
597321745
106009339
-196666533
-313664172
-524362309
-29455370
-620928319
-831909626
-877313797
-159847967
248186881
521481969
-832393849
310735074
685722924
191098194
-178681630
347414212
-556736170
879728778
-33471190
879472569
525161260
640319296
-488981705
-497531773
-840578103
-281133033
-799396795
568784191
-272387759
-363785263
-137518478
-861845197
70321322
180332562
286201658
-68750248
909079088
308916518
772259063
-558594888
-972593501
763091585
219535760
-172108593
367446548
-284550524
402366424
482843291
-526029921
-812135068
895000035
101146831
495380300
147765713
849684676
678376641
-793406663
374424888
330918915
944434142
304746600
-9858655
-895699871
177651077
-706918597
264698625
572564672
-144959631
592297919
345946178
-409469303
836906276
-307534745
-314894677
-589145268
-912526406
-570374355
189552884
-833080430
-203804918
-394401280
139989205
89066965
42063859
97478362
805210187
275400157
-275728779
-141438122
201011232
337398331
-208256496
363529178
-775406323
-419353237
563400638
686985919
-121695288
901323300
81945688
-180341949
200159791
-44689806
44498463
-501900189
-507319370
-245522457
451972366
-796201768
-446774482
774067381
-753422944
-809518734
92196084
23231759
-247814529
-893525402
-311216423
-260832433
534931144
-551404515
642881021
699111471
160706400
818376007
938839832
807146946
-46576049
974760944
738516382
900773274
-326921492
632518931
262992190
447151139
-48673180
-454416617
256321493
-88269510
-698378758
213749380
817082151
152998915
-834328897
146250920
405998040
493818948
741320108
-249305019
-531644008
-868120079
-932454522
-507096788
433180254
964087545
-810241788
-130930810
835705972
421294996
760400750
-768255484
-969138490
-332795803
898479267
-372480336
-157830285
700654723
75252886
-64698416
430238681
-259542142
-756799260
349657180
454064370
-768126278
-329706116
-392242657
-196560758
-775095564
57316229
549084577
614545266
-416570901
517584056
-855772672
-797980688
-294882869
-969452743
-939826232
-963211813
-464078845
812415115
-656821990
-721081850
-740912702
82735739
-868628839
440938153
-456959782
-624909240
-717796797
752143085
273350944
-182407179
386139619
545533276
-206791132
-734241786
178466351
-501950573
-621124363
-766914980
855946678
-754279146
948613085
-534234652
739443282
-846335836
-967183474
756360185
110933862
-525118633
-412148084
-143740562
-912921568
308434552
127506089
780071534
567360018
261803266
-793950138
-302920853
589576574
193679642
868617657
64907954
172087453
-211661791
52475026
-29897387
-3250361
-766663397
323590154
-974001764
-405373255
161792146
698711640
-355663300
-886227743
125604481
-90622006
534355424
-837738226
-242389999
-433484222
775063081
-321942068
-607710468
560115756
402880777
351221343
-575549627
650408182
825133127
361606062
698304449
-819383787
-212468433
-178547804
-294310659
876507551
-905740976
-267376743
823915576
-902627968
488435857
489094175
-820655237
220059338
923724614
-43698914
270857350
-483178617
-409069468
161374871
-765189894
780847150
-592209635
579069291
-79813651
-373240368
-819080702
349932251
-112280454
-442551164
-300496569
982826907
123672002
514107623
26861864
773502334
-714661593
336613228
373180988
-678548867
-787446414
483714284
732639750
832548606
-486161366
-523270380
19993238
961831465
18027262
225234246
-151940834
-938849306
-814348925
-680206381
304291980
-813811665
827995383
-723183941
323923379
-84799957
-426067433
917482803
-356000141
-972047467
335154442
381843362
102303639
-230992329
341640211
-772603854
-787901068
-55332775
347714888
-846212378
466864559
528080360
-412544163
328737935
541839790
796116569
382460414
-697988413
696870174
707115934
-479350677
450200905
-355663300
-230350502
878920465
948193035
-925075385
69477194
-452717730
458373415
-345151422
-342997567
974048920
-97770555
-14915349
94207400
83009290
-451643064
367337541
269426003
946207697
-190037848
-940710651
-860429060
-869876309
-530124471
864478781
-769000033
799014038
371291912
-212248160
193358465
470759986
-199930155
297053623
993668258
-415094768
-308300499
28780674
-578355650
568784191
495553962
977788395
-663739521
-213762250
-893775405
-20626655
759125909
-59096660
-695148171
-124141908
418166379
895494682
-152242069
-115876877
-264875660
795399053
-917912314
733435445
-39721181
107616007
-173969653
-298724272
985033810
307066232
991750895
-450638994
562487468
101511868
-338353408
747989351
-581673853
-643128119
-79748659
-798645594
-133994992
305128091
99679419
632373790
-469573146
378033992
766322222
-920898279
615191325
442282028
-115948897
-308762262
-445246423
-730592618
915536705
-988063226
31153149
-822447071
233819469
-465968777
-53252912
436408620
130067902
123672002
-929191785
583911087
-73414852
393122659
-351467275
-564810005
660644929
-177676063
167794720
-277923459
-815836983
-261875928
246113311
393229447
-531382811
-913741159
589996828
804418017
853557354
-98753880
-367073758
863929378
-697988413
223750484
775014168
847005768
265688875
540389918
-962243766
885353355
-694813362
696699361
-935332479
645054639
568923663
803158409
-656238845
-386182935
529153193
-550948067
185647517
-928770907
-171472688
-972066891
-551919706
-395268060
-635428619
-695190105
-856627400
790767952
211887159
-509944893
-89850526
-341599848
674662675
501026804
59265388
844954907
-338172024
729381718
796218831
-144195375
93642604
-514689184
-961350193
360371252
574057028
-216126825
431335197
-111473011
-343568857
121714457
-428274424
647739483
99083337
333182763
-627257672
733032989
-503388471
651801868
-903028308
-559105291
509285892
-564173251
-98976890
-190560210
-674082190
-988590309
858179212
-305975548
554185744
-105400144
971644665
317969731
-212005381
-718932701
44498463
415295317
812154421
702114706
161374871
-653448741
-870566694
133583247
579399297
-182950133
-497813957
-635783776
211427727
181684311
-192944459
-225459117
795603624
769093065
-543038889
-957655165
972923696
677722093
-961680091
152462154
569358668
-350243922
354900431
328565286
-138771912
-924732038
-927020275
-50205158
-298417668
-78174330
-717529652
324111676
-218125041
-691416547
-568690362
879339753
-913896030
313467922
-465731663
57161775
-10127627
-909201111
-650161057
758934718
-142487012
-807832238
927013532
-818640800
884658740
761911925
800597455
835150545
-498666908
-201368002
83345701
6340757
691320603
740897485
677020037
-94627186
628703268
-708670959
480339582
84760583
747710851
39066553
193457444
-827029
901568177
-429778
356539909
294658499
-125063129
877462236
-641857881
-132448010
-231807767
-730383050
269694010
-859537401
939622606
-912082471
-297024673
-664788374
305831325
-685320145
-72222632
-855017252
185924548
-931041120
991395501
402105812
866519717
-484800161
-311544820
-616922196
379771802
-819601222
136327950
414056966
-508087789
743617388
529199965
682799432
-202693260
820156504
306641828
-921559465
382027035
187997982
213050822
-228255887
-129637056
400957572
82774828
90775651
-908429753
-379250109
392138796
-979457222
697613290
-582428406
526362843
252210229
345248952
98271800
-849456011
-861967735
-373805348
-995653921
-272265305
894755168
-854040265
116289215
520270713
-924842328
-928526049
-581673853
-204267583
-81300502
46550542
725414073
-1633240
367337541
-77824970
-797911688
240501539
-856627400
-318532497
-688828219
-491404608
595082578
-470491750
891507838
-768361693
546178666
77486914
210674420
849927308
-951380978
561523644
-503365048
-113178647
480107823
-171072855
738107035
-43720312
-862028873
258587538
-295821284
-202169931
439975130
-504163562
604821642
-12797063
-517872007
-170458588
417847262
-758463158
973293868
-765107305
632593509
-524699701
80656145
641215141
-735840781
103050679
-877673490
-488542938
397115752
-962577056
-101445759
-79633395
-792907600
321028908
629653706
251625338
775265990
110362477
-88665657
922509447
-535410797
-648021741
117010631
430084169
-232562838
-324876320
-277191380
-632585113
-6988717
659924677
324624484
542202057
737909743
-336916447
-768799220
-961927733
-742410758
-480810697
14618019
515517272
76164839
659696261
-451571803
575388682
-212720160
-24720995
531496328
-569893579
-348392087
877045609
-72325740
-136357529
-174414913
-993904271
-612304142
-175651810
-545286443
268622666
168778923
-335904648
444924096
-865416682
58337695
274075348
688945288
-645510105
-232658808
-465425335
-140922471
-44512461
499369397
594087897
-282791074
-355062428
-414920946
639120436
-955630049
-778416025
-816683417
8256595
233248573
851326164
-668162010
636757971
775759643
-741007449
356866355
-971256088
434267767
-967596536
455348611
-696142581
392052985
687920892
-96931639
-805379532
293455814
-696199990
510858346
230241195
-7746206
-381844148
671230091
237538943
212782473
513750658
477915121
431313630
-493866175
-215994195
408398432
-134067500
475685035
-858155265
615030725
808840366
-586560106
-925736262
-760258847
322804181
898023004
246094827
-574631228
-38162068
-623786553
155830263
-363651887
690842320
109003561
734119844
-451030597
822154933
-631306498
248451413
688920275
148221490
537423436
712459471
616661784
625855920
681108513
-391026256
32004854
-95294620
240861101
981895404
-586781153
414489351
-525784016
-176522282
-540722963
623568946
-160499451
872650674
-847866913
270589781
-649591065
145272606
538110025
341460157
81907899
671769344
561917018
587923706
-518179810
-576052766
288731781
448781304
-791429470
-623556173
477360209
-914947032
-670135048
-955667705
840802476
201369489
-537600997
75995189
-528131798
975259368
490546817
186945579
781103217
-919518812
329960822
-349906053
524653006
-696696543
613143229
44534998
440315532
-833169928
-604249950
-759000665
989023368
91668747
-224469566
-694197989
-747853692
859807496
421654461
-250688046
-301125289
975053915
-233603076
-490794747
594952655
-77501349
86319411
543612763
-465055252
-691000907
879129504
-977662653
363503437
25675899
-643321578
619640606
-95651437
-496898151
289044510
-93994926
189602920
922185839
78012212
-710972032
-671392058
439944274
-976886974
-982709661
537099554
-7572485
-172329540
-717529652
812746152
-748782193
-891781886
-78437901
581594164
460666029
-160819362
-812896171
-670694243
223898823
640570543
960914336
676584694
-692897356
-674759784
-665240597
342961504
130515291
698178524
985523936
-879956751
670793915
772816426
646892092
-842553979
-422621786
417660085
-334266322
65450840
-256611894
-784758244
-494036825
683060380
-548220897
-798097427
555147362
-673337101
-644803857
798796014
683242129
-887949634
761672443
-567583921
-509288803
322715303
-835076720
409589316
-28264599
97248428
-361695430
167467235
-480924609
-770547581
543340514
262992190
-519550561
-523376179
935177863
-929590307
-392652791
717464507
483957148
734709507
-360530812
-450419112
679621893
-545651377
348716577
-138121567
-960024014
-993904271
911918348
769228218
723396914
347635907
-519457035
548318547
105308846
-74496878
-880786889
-415094768
-534802273
-378630372
916336220
11602357
143755065
-994624246
-48673180
-252289356
-881190097
-824713518
104812096
44220608
-435295927
-621739016
268110358
-222410111
-443246772
-878810552
-33471190
-946636855
621005601
758050643
549148706
-209858100
-298951671
-42189700
-309604114
98775047
745595308
-589610574
709845960
263333576
521009016
-457821707
-730871639
-760215058
-569859148
-992668328
672241371
673439602
-524641532
79654787
602641561
-542883784
-155291859
-644483159
999991397
-118678424
-157143261
783568781
378671291
182250721
963956669
-712308862
488963028
843324470
-613251728
-883334053
-700678585
310680390
-312709851
98934246
486875442
-646103058
-771839145
816462757
498688466
867721386
910501088
54700703
506708642
755734012
-352934839
123196258
139527776
935077750
-607610583
-924785337
-580333898
478141270
995501559
147641165
963417554
-985572391
-121777079
949658060
-861501857
-737821444
-441289695
394117623
-917076344
484834057
-692504760
-365607661
123822119
617739115
663388237
-513119269
-24297898
44888653
-57781198
-812039281
-153341234
-396436844
-686558039
-985078696
-747731083
-641503229
334379360
-771029860
909665054
-420432926
-157834677
-422669445
337520439
496262728
976054806
-927230183
-720928418
-836482694
-924842328
-310314353
394372945
-451311502
973746279
532730068
396324095
-445038603
901496235
334084501
364922656
257117648
980879596
410522448
-405782254
189552884
-949761791
531690884
854831465
-750777538
885353355
-503122087
-597300444
586326532
-91977497
178958704
72374854
-983423029
135473888
580011667
-272161267
291152413
-165683294
-61910600
-315873773
952392287
-620994526
-571647018
-766663397
826640841
572000543
-48802248
-775869741
956685652
582591994
278833148
406790160
-51831184
352820815
69098519
593440071
-973853966
-164671597
457306416
744303448
851772633
-403502478
941872529
122308005
50369217
84487020
842739970
663517315
-160861312
524887117
-889331434
659172048
-563790234
330438873
-175700895
493203430
950332713
844868240
-847580708
316054083
681773356
-733927470
-541504287
-911415194
929604178
-910346677
-194025709
-594535817
265971040
-421671666
-363516057
-609156619
625061809
-608635630
-53610701
-957258256
871835390
-706153792
353870156
-919462853
-490900854
123349461
-167903494
985742358
-662810474
45917811
-423419227
-393820114
688546469
-41491719
-44530280
-168916650
509986613
178729943
-101006786
211642742
64487672
-509440812
-100337103
-547408761
-435218349
-779320810
-631049808
66269868
-196328134
-718806323
-465163935
949448522
-205661429
-804197977
-425597022
-822790466
941884826
-429063537
371077731
-338353408
-524080674
-625392793
403037705
199839119
-784200042
-10155929
10659474
687197038
-865587690
-406861566
-838798850
808105235
-70311541
113806034
912593796
988113784
-107222665
509285892
-542130134
-883457132
851721710
-832365661
829931459
430081994
-994624246
-783619683
-680190296
263701735
151775118
151775118
20066395
-449299051
-992711930
90002610
244917807
491986715
-543795338
-505571993
797047755
389051578
-873155859
-552172910
279341412
-149086304
479771524
-464980213
-342540736
799359203
-299486215
-494346704
444121211
-674022664
-291213483
773502334
950422977
-11877169
-407398047
-457148482
38142117
426825546
-637260880
498725175
-487764063
156860046
142242138
566657621
-857759611
365131374
362360176
-275743793
-720595601
956022912
926150947
914685587
14810069
962126441
-79113557
-962758488
-480924609
92790092
-850654040
-15300871
523147450
-648645977
37561732
-32058814
374721211
-401873909
938815233
-56032773
801372570
733999144
561523644
-108326973
351285514
466134274
-287765869
615707136
-124496678
799014038
-886093180
362986325
631088153
884658740
-376765779
843569135
37890438
-138645870
655862157
766429049
50369217
-285487413
-198334356
634126992
-204547713
-475116632
970330280
-685728205
183544709
-80292469
808386878
-918987544
-589708687
-546598908
164068488
-297820196
-93310090
809894509
-530695843
890559960
-293740555
-701846238
-41746534
93421226
815585263
-987314833
-642186053
329354474
-565067469
648208413
-345932896
-440598970
-388830985
-730108163
-297578633
-759989473
-724886789
-667872229
-290407441
-564042833
931934748
568510900
108768828
167374557
560928412
-428658889
96803297
-153582259
-67259458
66402975
959240145
-731768362
616411186
-652602648
-336210773
-535825823
-963542398
-219529999
295889586
296064886
705182135
-743363516
579560262
-751234772
-907203759
-34761213
615191325
-735509114
767831315
-507635931
-429575162
-768514754
215599706
-666615770
878516034
-568815859
578186202
429338950
-329256082
-160319851
-352096032
-826370395
868258134
911436544
-7626776
-22651106
958236151
-534183744
-343965914
968553119
-254701131
498751514
907344775
-476386629
985057273
701049446
432840220
787454836
610115476
114830981
595246345
276387126
262816287
858512299
-605537187
935385361
-404019563
238988611
981155120
-708175937
-763613648
-531102427
-370087962
266735604
849781581
713860487
881306901
651616844
-345742750
-287825475
596595386
-374795921
-755931162
-973565324
-695409315
493079387
745588976
204274207
162924708
343227087
-480696701
-704475492
-835394616
-670173344
-283428060
-967805034
751961921
-979763323
23297106
202824463
-32360726
-437694212
799014038
577638534
176138190
736989685
-801422839
-803025822
-434268087
-318221899
319098898
-108772945
114583840
-621820425
620671118
927277980
-452960295
869491890
-250842394
484615198
833330582
372276859
-172845220
-842696649
-511968599
-224012239
396958686
775556793
255551422
51527836
21633063
835705972
-205487408
62988266
38894725
502475273
333307883
102093565
-153527553
631479
-657337671
866830786
-972761495
-301198335
973293868
-620776293
917245167
-541313262
-786445285
-865870658
877907576
148313920
-664694202
-263720068
-502697528
529615108
667099111
-396603271
570661091
-124496678
538665845
720641511
-27028352
791597591
-39692215
407710798
341618741
22507794
-233964113
274974035
-941854870
-796858672
-519828749
-185975874
-930202877
918228270
544344831
-581510166
362923208
-880197284
-760409986
-668313377
-71514327
831370912
-140859219
727648968
-62982482
-686664057
-233577451
-451699713
-459075862
155015217
854702609
-492286290
-95562864
-870334004
-570982974
378033992
167998298
454951995
-172531685
-383789987
-927429301
969414439
382342462
460418781
-209704337
920794057
-129581335
599384592
510338941
-174892478
981342492
479924743
673120862
-118567407
-102146865
305746649
-947195209
796284393
304718613
-399441836
851678308
437993541
-96411939
71479772
-345168689
-412236553
986867728
192708976
519511050
729405314
-108369577
-537432220
535477965
-777362522
4148394
660702726
323369144
49505191
-772435573
-322762299
-695190105
791871984
148579696
-76068591
894082998
-162738752
611606417
468003204
427302988
590292643
-526861527
522215121
-635267258
-384442880
434997064
-713180702
428074143
-96204410
-151688646
-215690201
-420952026
-413741784
188240430
-905904413
-952918444
893028241
443838894
-191938863
626798154
923871633
669448632
-659295383
437723185
390289363
-52302181
-772982098
909063478
274174120
804270295
805710623
323668799
-747151915
402880777
809436631
470284844
-92394938
489382526
-713603269
-203804918
766925545
30040534
-482025793
-144660103
-684082192
-490794747
-754192684
814108693
-461829305
-116769256
-383422524
271093608
983365510
-587951212
-650841644
521584136
410322697
-883564820
-872833981
733296549
-293335577
-895823593
653480856
831147741
111969465
-963335830
454812384
-299738968
-150117864
-777362522
-163734594
367079163
-720224769
21916557
-759086847
235841108
-354259387
-489439138
24787454
-488232170
844131634
514410139
-857262061
-201919234
837488347
393796551
-1881465
-72901893
124271713
-459595666
-679469823
327859530
282153081
900773274
953795824
703077258
-483497042
885603684
-76068591
-360838062
654277269
81545049
947986413
992943466
727360426
355803718
-740158127
-987429711
902549489
-632585113
408231403
595834958
328165985
623152679
118698827
-754602596
-426667166
469835163
166670511
-882717000
-457490873
-695773092
108768828
-511556108
117704425
568626239
-949038139
-126439169
-342997567
995650533
798812482
7343927
-710748084
448781304
-311666756
822526525
442661054
740404955
987998512
-933870311
-273680934
-798369738
794721024
114215597
-709083499
-261043760
94476015
-772982098
69554894
777940319
451434671
-586913135
-643516520
-600491494
343359388
166831338
203665582
203149928
-134975220
-389797604
-8108276
-848258589
-948835417
-796622021
725891212
-158459633
947357634
214813098
-270580738
-164332454
62988266
-197639959
921127173
461726879
189650345
967912565
-32169962
450804945
658421653
458113097
647713536
410215894
-739014815
-437142927
143658613
-539021510
-391719345
-752606893
629125265
-508303958
-700505795
82577055
442203449
-854944163
25384418
575445353
813340112
-381602060
-697471534
313139548
-169646488
-495410611
-882705255
196944246
-953968945
918864755
-606660256
-119374015
-721289499
866348679
402347375
-570802618
678142552
964951311
-32360726
-295331617
466885269
-510556768
-963861502
-56710071
931057749
-726911654
618187423
-502094032
957415921
-348778932
-795122933
375845224
-557007282
8857612
496157466
296677060
-662406763
600472890
649703840
460148287
-657727529
-481222526
-224998199
987250123
154418565
-292724353
575734940
84842955
89348891
982856874
-442082017
-187842593
-710839838
320025598
709673784
618538580
-330874999
339719989
-790177364
223446877
-444941627
-2147195
-509944893
527236120
485788816
59532429
-933135644
132518283
-311337277
446489613
-250935144
728087945
-578355650
801133195
-184502547
819326325
468032664
-417802713
-897677465
801916454
-559768277
595670932
-743981568
621676212
-68990281
628703268
-568840470
537508389
-158146288
-193192665
-25070597
-695580907
-218334156
-573028949
-782982474
432355322
-384418860
-968242534
-969926089
561850476
-496012507
551069221
-12971162
-694562730
260424748
-933031728
30325974
933136209
-344785163
243474953
399837157
-284492929
707115934
55737912
605826351
59881296
-856253341
394706159
413347271
878126493
-272683955
-490046740
-914024842
752804769
321289851
94722990
-555720895
-638948635
-910346677
-234855117
305128091
485860755
-505571993
-843479975
-595532821
95423341
-684862101
656475421
-955024039
-988153061
-834967734
414642089
-506009144
-795886385
662757371
246664897
-307060294
-753591199
7085264
-901030727
850757826
486692734
645195834
251527338
536644237
-637679901
636972548
-836392796
278364782
-256816474
-211633483
-542208624
58216672
598999424
-665454087
-548220897
621005601
623096220
-755344082
-402730295
-351091274
-590461381
-347368294
926150947
-152269504
-375365318
979119262
682304364
349261894
-823113997
840651812
86319411
-790811422
-450907757
320553665
45127713
-478163465
470908635
496067191
178275370
570661091
-31541365
615950332
974889226
496816549
673599704
485326232
-197773186
-787060404
-48673180
-455770845
511131455
577142077
-114472041
-390473285
-269791814
-452717730
753914504
784855734
5481661
-738698470
441625624
425742917
-290876390
630337804
65233857
588679318
634305716
-160861312
-364540590
241293542
-608658831
-674713154
17076061
-835973888
-34397409
-145781219
368300454
941691148
243881337
-231341904
-325965572
593178001
679716259
-443289166
-763125820
-517903344
187466187
24240157
537204166
-265969282
-619973831
-526238278
249974699
310578280
-983839162
503896156
241596401
547332447
758211937
-863565412
-764961901
-801739989
-689823533
923999457
-855565662
-306778290
-67379316
-180928698
610547257
-342471111
-837993094
575246621
265167514
-498043585
356300582
120790149
-81424043
-484187748
-29094724
-254730390
-77627585
-34217785
685626917
304220319
-332785856
720104275
-671829792
660270900
-925183553
582549308
412546136
-476712967
550136282
841698372
-100337103
-548702605
-119818119
39884919
-370087962
-115437363
742021299
794721024
384895996
411230783
628909081
851283745
26804035
846194043
-205376773
-682920716
-667587511
390690097
66897264
280583119
940678087
844846509
266235569
232914824
-114353178
-377949260
-951232030
-634287104
148127721
-388516509
259309427
914759380
404161664
-88388771
-373495244
-665596304
819301880
-45008961
433270062
860965225
-126323288
866709445
31029203
-346313096
-746451979
221190164
449036808
-664788374
217223674
222273300
-893775405
-601533243
7976408
173160925
751808604
-890211226
-106498618
626753908
431447827
-752682684
-94058260
-700945450
-977026344
-624645372
267778028
578627293
-888501373
449036808
111969465
293290490
321130337
-127329689
-507533257
-681661674
-97770555
964936031
-923496329
-849345898
-603330358
47394368
232990097
-134828094
289002920
369595103
-991955371
176276902
411756564
-219433090
-442082017
-194145548
-119066097
781616564
471182353
-327309344
758580442
949258651
-201368002
-13371360
503025145
-202348125
-888140161
-822015867
111956097
-742410758
-212005381
-518179810
265167514
-531336149
-149086304
621284576
-916972597
-805104545
-923552015
-17880656
647818310
-842080516
-567371923
5412608
-254630083
150392942
-922486313
653619944
-955949300
492157954
-798566957
-490986260
983365510
-659171450
-55720850
617446176
-886980345
483990765
55796667
-676877598
-669467784
-1193506
-602937929
310379032
155590816
-189637407
983415600
-569051376
-652537944
-817231221
521183956
-951082357
-874646260
398646769
917420076
-822958500
-160319851
731634547
-349622600
-817231221
457407084
270140248
-19351090
-69185959
28824772
921490203
418186682
734530934
-157700930
936195615
749436769
645941853
42599782
-738108872
-80641621
-19249374
-830063161
2489461
-435137001
960513455
946806736
-317579196
536424576
-519726716
-431697290
195028069
141657238
-495404117
833330582
8929006
207884374
-946181655
507077695
-33745595
18309858
901931244
-760153582
896485344
-15122164
106445715
-56582253
194431248
-450822101
-548935375
-753112610
-724362399
-652886050
-835076720
-516398695
-368443940
-932221796
-699151563
652434232
-555336567
-880170976
-844485784
837121653
512525159
870901713
-589145268
-941146329
962126441
-577234803
-171072855
922058652
277772935
245443625
-275623682
-674082190
-529590417
-866935220
-839637047
-446949641
331488952
-627845336
-937929261
563439474
-473926363
66269868
-191273858
-451479377
909602523
299558589
487979528
-716451106
-296596020
-353008632
-291423192
-518585096
22405136
-498481005
545999332
-472177965
716605496
-554150500
832634048
-813765199
564671845
753680140
56079062
-963559876
-791518962
821520392
-248552869
-333857535
649445652
660144626
-301078900
453518501
72068717
-415182706
-361850171
630596844
-219360567
-837653954
-562166580
779368247
-592676959
48109386
-75435147
830788144
179803845
147905075
345114280
826640841
431780650
397720520
776827309
187466187
-813981968
577734151
-422684132
962611682
908915659
-55332775
33841940
-73297371
-9673833
-449699692
549843509
-732387957
-832169180
570240291
249460648
-382825004
789250183
-79914556
123455925
-921979259
938978004
670724161
-663920813
-607710468
194988705
-855179426
75037181
676074444
246113311
-891751131
331868447
592134678
-761416135
114358550
369688240
452318481
-64993027
-143010946
52942772
-383964798
468122054
-736724169
-115744680
-430730318
-404211452
-91139925
-867792545
-159862259
-22599684
687611483
-685109820
537132935
-467766406
734848092
-315486710
-534433980
-297763768
-725678034
904470708
-449903169
-869904710
403512647
-511997999
-227932793
138634502
44742654
-592355542
377005995
-411339379
833083880
-909570096
-632585113
577435659
-226808922
-515188241
86076988
-665112214
132680653
630451561
432626230
-288317674
-236466480
768881320
659056702
660667670
-910549490
332414412
451366719
-262960772
321855650
440127403
369548212
386163323
-704440772
886104872
95727269
-740610838
-594682508
550673407
-783102624
911624713
488963028
-175419004
-263583690
-310314353
255261840
857722994
333567958
953249815
-354379738
984649577
612051
-695220354
-878979364
407710798
524974419
-98004607
-65686211
-281817954
893333456
-719470950
-880287080
-64361304
-790891757
-977372800
644632561
-168380572
22655782
737685227
-644534971
181468673
563023611
-208914104
892034508
599177989
-398393537
885771097
656475421
-60662996
877300470
-782916955
-81662725
144108070
-661167088
456260205
941085778
-938346397
154103359
555029150
-744744405
35623394
-580787365
-822447071
-809246326
-125063129
466994219
-374494778
-337181299
619902944
515940666
901199712
803916070
543780456
260757028
416913581
-386223992
602124664
726085727
681245280
484880477
-581510166
757972214
668561263
798385559
-955049881
-770110316
-924424211
189552884
-665884160
-350878320
-906383736
-392801851
283430301
-73065207
759522707
286754911
-418440023
-226527345
-573933288
-199457675
-844930613
969513345
931162210
-438966854
273286820
-352640643
-907793118
477509680
467509802
-920388677
903238679
927097830
607727299
-688937772
595670932
423170320
-352640643
-915814313
940960316
601290583
-959501299
-563538561
683987677
-855677138
333152100
778558993
710979503
226856789
-848133747
300425725
-310506339
-824747420
-596449331
539379011
278675134
-677542982
767831315
-507285504
-17823309
-568031198
-846751116
-116097073
888975943
884788192
504369101
-700495464
377360892
317787377
727786705
879111029
-518091169
-829250792
-405408192
-79585073
-43720312
818014893
661720576
841698372
-185442644
458232440
765076181
907547331
-807976029
-892999910
-387837164
99346764
-661711330
915731139
385063159
632593509
-654192151
-653286042
