-318660472
-449890719
-976572090
603672511
-899722244
12638527
-964566952
646630576
748694306
700423759
738127612
-967263109
-398578714
950597233
-81531923
3298983
924013778
574366667
-469744362
332737031
-330361778
-627686546
-866663998
-776332509
-485453705
-727087868
594563570
-69666624
986877640
430618917
-7513561
177085206
-264273284
-542512578
717489465
929535371
201295402
-66267666
222391873
-383883916
-664214794
-978889767
-981914869
-812301266
-778631838
-105612738
-690742877
-337302113
486949950
822801472
668961109
-243073712
799509830
362806519
697828238
-283436858
422024104
807414429
292439938
495290250
-248074154
618024342
413755088
-173616593
-341198834
-357879570
182075363
-650171816
888321571
48479485
49085729
831945469
103410309
13200032
404038258
27389635
-402770220
-440206656
201132687
-770442199
331451886
-540906285
-108934072
656528027
129471541
197759042
764956252
-258829399
-93418091
-635717162
-12318699
998067408
-628838966
-379334514
-747166604
-367713981
592492421
-734051525
-463584161
745443882
-351766944
264623474
179498860
264414781
588495520
-147784559
-557455030
-171162840
-553067972
847154383
408242141
626153355
-417218916
881411833
-125412524
534722832
-655510515
-597612789
-404758436
170043923
-107606715
596834206
-506952416
842097957
-798137102
457676914
-250621162
-868832301
886492315
932550971
-44665359
779322540
887267158
-451182597
-693835900
316290174
536063385
280164374
-170284774
402589745
342958694
942344952
135917019
626087192
115720256
-596483595
283576570
125553316
-203619438
935266326
-303682886
-883493250
178299463
468093668
590174480
-449798852
-780193559
272024673
131684442
-262879255
-252277308
744440821
-228569847
-980717844
825938750
-2762105
-482175454
-831138057
804380895
173962312
705507318
624004775
-424944334
-38128690
274820088
13657568
-749135086
922486639
569781358
551202749
719822766
220118938
-845782272
894123756
668833297
-156984329
-521958625
-949584688
-769415766
-799545448
88605675
-312669228
-83392061
-475722300
886646315
-452003516
-339587336
815646588
-284703062
-145704004
514867097
-326490323
367737624
-332293448
-692125779
-656196907
841533546
-239581282
412201036
-173286871
341473864
-931094432
-743776052
163524501
183076606
-211605611
879999510
380393392
973596460
759955960
340503633
-110045977
744440821
-866285268
810249523
750731684
-618339910
351841193
-726812225
-643557123
673072151
877204330
-118022424
898366707
-811356731
-505042803
408969528
-398154314
735208709
-677604353
801262010
145711815
226917610
545206572
164761262
-321165864
868981379
370996237
-629856288
763159386
895358379
808817186
-106852055
-784675891
-626940382
370359894
-861064885
-214997520
899839668
471144612
677674215
921162386
-183567918
-732064880
-727743886
330195554
-978416735
-688976171
-921107538
30196074
-927936951
729389129
686714819
456102154
29771043
-320853327
576446918
-899498710
319407761
-868800751
316795867
-119210249
-929077193
-889781032
959114462
156217859
-214597307
176100220
-15091532
-204036069
412166402
-739623013
326041157
157354410
-104107273
-852509465
429666543
-710479147
-301452168
547078207
-790112772
-264666460
-188114772
125244623
3173310
-461467114
396916688
526015668
-628495599
-355183538
-148738819
-421701980
-531287643
746450326
-910715683
136955876
74032032
184302759
-371521677
-913566319
-690237129
655333964
-377787970
490429381
-954706868
-570503875
-596508267
837969027
-497257649
25410655
-654200671
-37585608
-481758275
210985207
786633296
-983622622
-840601612
-801938155
-377565185
525669426
-451479779
292809479
-255748073
568236057
-553840515
171250791
-862208962
-752919926
463785066
-982308140
-49557545
50443853
563881287
-876678423
270922862
832776537
883773551
201586699
-174305691
-853531171
-701910173
-975956730
315799873
-863443882
-115163539
-464498276
-876165914
138013951
991389196
-916382296
860270251
739570411
426723081
812699233
-427266824
-71490727
-14301584
-323340716
685041329
368739040
169373657
-35408891
898260861
-333949742
-803064553
-636931624
563724800
175394792
175037924
-74072001
-192032619
805999487
446416716
567044810
-571925803
-131120700
-592258642
-123774668
927312339
895681978
-767598124
16472240
-783595219
-949761832
-990458106
677520648
-599605048
819350795
-598466342
331700625
928477052
683279809
-386855618
758463954
-968625422
-775846562
755755185
926082774
-64045515
621807321
238933157
-633427474
-950195954
-965684024
253558015
-550678749
-913093232
-218466248
-15897363
173879358
675249570
-522969378
599572344
-50109230
-491547089
985195964
-80792440
751624691
217807266
-170153342
-605782157
-797538991
-932485787
-219253110
709728718
-595647340
484279615
-575086794
-490885755
165707249
-700386461
160410482
-520621761
929067630
-909264329
-578328473
-750876477
766189247
-538493667
692839861
-787469547
706528792
183285280
67408672
863875479
-760623306
-854196331
-402089735
-587996166
-526113793
321412076
-960049952
-614527163
-90712412
-431848803
48758113
-73673903
279425259
-313870786
721376189
260078485
897086652
499613010
-435553328
634182890
69648070
-494121707
750137879
-679867724
-578255665
637912908
-495721941
533141609
-621713905
618318074
452718951
-305381255
-532229401
373108134
-800955595
707823824
962482611
602087404
139288170
-425836013
37949985
-540633323
-202715089
460795557
-731537980
110807362
-287413624
-434029758
-795298569
-453110683
-947370684
889252423
224074609
-154222618
-803154428
176932321
-333835343
998890178
-573563749
907335602
376291144
-586498316
361899476
-500230417
376808150
760110647
-63522023
213939658
-805546382
-613339177
838047277
644810683
76360799
343949012
344386796
-452695753
-886151371
-973400452
827377674
704562848
41906523
-895444821
981410885
18439677
822428556
620576769
853179492
751984095
-382998781
-360402274
140381718
728242068
-570070184
-487346265
-290355378
952772494
98173127
39915341
-810762665
710404598
499203337
822497394
768344391
-732928975
306095875
-119149189
908455762
797514454
-897767640
490749810
-843818109
-812899473
566359738
321480626
874377572
61603896
458940118
746268442
-145002935
975280837
256067904
-102269726
908482474
-835304533
-195430442
194735838
256475464
-71287469
-172003041
602065013
-839536859
-946396639
795224058
-40670078
865319892
-85470991
848062130
13608559
792520224
78956275
-384123091
197889308
635693470
281489479
-155804331
-163026405
-920393264
621580735
490275598
785619795
932550971
-177195477
348707100
866572816
116602024
-575155241
-839468608
-640675985
228415797
-127410589
767483262
7211958
-932964250
797034245
-676609302
506651794
-246198438
-444673152
907007368
-11619460
-251367409
723525518
738797843
554126502
235541199
-46595194
-57631908
-787012455
909104159
619408358
796823111
388692732
263235157
77923504
541410764
-739623013
147157629
-498340634
-204181935
-940550854
-928653628
-112104482
-966902718
-668008738
-958450856
-957363526
-788563192
530614813
-719587512
213358290
-846751774
421360050
-531313685
-896708261
165573564
-57642064
-63116434
-30898996
-483151915
-100248549
926377259
-288185913
296827402
58111488
-702057064
-958670488
264471491
364485901
-771076165
161990279
-808083027
-401254020
-132559005
699634312
-283436858
-78362878
-555370243
-147185323
-96957884
300866835
694851409
311584075
306727213
-509939579
889193509
567764860
977766478
729037698
415337033
-48033444
-541236856
841618985
-883625232
842629017
993342484
473501639
510170279
663261949
576907866
-141815718
85064974
-336375463
176618326
-284791347
-182339973
706376724
590377217
942424873
-577772586
-164371710
-561473264
62461642
943235091
733265727
6043900
992125990
-498067901
-473790234
-416370885
-363348540
-977873561
-440326289
-361790401
-711008892
-288331344
-100777280
874584677
418075148
689995486
-534094638
-980877130
367441842
-108982375
824283653
323141851
240854793
-11619460
-445911297
-27773966
473501639
43209018
-944061397
-494032761
-272893669
560565049
-669287712
865978220
-386269293
-688376284
-683342252
604716303
-771117012
-545887405
597881049
791518232
97270557
874497603
916130977
736797513
-54491578
567958795
783687446
-465407507
-678565960
201007572
-235367812
777180010
-997401758
-248020959
-132877260
-688126398
657003496
632088364
-329602146
-759468206
-956717823
427814104
720589769
-391949679
-273372932
-95495632
-766481202
-24335045
-531173314
811097267
-276323334
492529891
-30995712
258699585
239306959
-979200320
828580867
14176953
203145840
554506578
-90015754
119063047
-490448363
757746466
-170528824
-984597096
746268442
-931184560
685261188
657049559
-823532597
-742932561
-303737293
820280588
-231591829
49951126
-941287701
-114603638
-25023183
605538746
841089748
-20180141
961365899
-845700400
-540545900
-731239304
-869242433
622096373
-775465977
-426794700
-605431794
-61440971
-839181493
790433063
-643334361
244942183
947685744
-707547612
-740702125
-141905307
887369380
67578535
912625570
-85872981
-50991919
-347922221
959421583
778295854
-553334061
769986145
9424452
-236658657
297500711
-720613452
320388900
893119422
354791306
210882051
849194959
732595302
-478177469
-448483638
52989768
-374372509
943506979
-150397611
521662695
523639911
470276335
541665333
66349042
-764386080
583117290
83900841
-74257027
62533842
-335853947
116697865
-773344845
-375533102
-183866296
-108832123
-515391142
536880671
735880942
715487570
596200401
-353340652
-945255831
12581587
598472377
-160898429
-572659121
339511808
-435044101
-62073184
880674900
-534348098
130989920
320899591
717548895
-274093545
-34417341
353030008
846842740
124535130
272113587
898726387
-469279003
476809973
818548156
-233707163
-89973320
-106156934
-544074347
-516565311
-836564323
-355755582
-664797361
759051635
-746650393
-684561489
5987311
-162568438
473708466
-609428377
-653118665
-793979594
-354769206
-364577133
-310762307
-813284997
653124227
-110659205
-26537096
-751651284
370162270
-821801026
-883775657
941267586
282008572
-382640330
856208949
882913512
-501512258
817560194
231767884
-195326447
-431333882
-80180819
606382399
285375222
-424134786
-894354687
-830124477
-177924542
-88089056
83370468
-968612558
-550919214
298913056
319307635
478639250
407047154
-543009522
872579918
-623913676
457712466
379768592
357957139
-384668132
674146624
324311226
531602509
674704184
429614762
-891923017
699634312
396404075
-458433120
-695595360
605866964
-523026971
387033450
-580275231
677933688
-854196331
105173417
-938903660
656167501
980564492
212814882
795322796
781797306
440115984
202788888
105486982
-773179660
179676662
-286790537
-48577665
514223831
498165323
-561071728
-873492303
12175040
-20890026
290960520
-582406807
-624209596
304474099
89616854
-37281296
-550721538
-582993977
-242380434
-843650560
-119046263
-852671940
-246924217
130914667
970383795
-437851702
366307551
-247070556
-188370607
-303626908
-333433729
-204968998
-643883022
769229094
-967850106
49411719
473383954
974381969
-660603630
-827530367
-395683732
-317299820
-145326386
-768626093
697908228
335058749
343273863
-980120632
-15222012
-457198828
-310501961
-87944588
-35980160
-765272592
148401799
12581587
-652609319
-340483766
-341940627
646076440
22697678
399281365
649663224
-196177875
-843018752
826793318
866995995
-727583143
-260791753
-559614317
-201731287
-334854770
271548428
978654481
579117967
941814956
204564851
-720137917
592218870
-485538588
53951145
-356942315
-848716972
366588775
-359103051
650297390
-5836478
785434926
-816114057
43061823
-800955595
-650971502
-923445117
281026702
317839550
100485608
-458283982
-509857522
-208308863
186349200
745662349
908514592
344471258
640731458
-144301819
702632288
47608130
943935889
-858054848
-218214592
912135827
479286408
803983559
286729860
-907322372
-140247875
-206480508
236258757
-751963564
-467152914
-519385222
-799712582
955321123
342929987
410956944
-729512785
366708197
233861040
-174361247
-405764939
65625069
669526102
-622329100
98310676
903561044
417521222
-435646201
-39570668
110976613
-549717461
-581057236
-550919214
162835003
990160606
932337518
499811018
-616345727
759581696
593789289
666505357
-433128111
-138999616
-857736255
-496127582
-196253147
-680509560
-227493073
-700058448
-658221733
225526208
940040010
-213118073
751502770
-307493698
-706852950
522880089
-92073887
145711815
-949458758
706330410
-145068542
-264582495
573245421
-434298367
-110159381
601079419
-579096923
546198338
-9108145
527346324
-475554234
-500460598
-702238052
-661450462
148534824
451510009
-944568953
-78856270
663887560
394408579
-132133787
603542943
-448518457
-772415649
-444050941
-230185490
270643164
194336819
309514257
965169379
513609112
-368941328
709217484
-300732214
862997047
-834764804
101190398
-599050723
186556776
752218438
178333712
-322843332
-570644440
74204328
688985392
508930222
-155517239
622485085
51437346
-602586377
-216181721
975465173
-72018452
-851710892
-55944645
-281527633
244281664
-901509446
701952514
347876575
-530546993
950744584
-839048772
-746019131
172699323
-194875621
165209163
-136020215
-947383253
193846554
-783227378
-471157976
656003685
619706214
-370867223
-359183355
-421003531
750512594
-461149813
593428743
-326258985
959334093
-101484331
-332334714
141581942
-420243693
-696822257
-961690429
712494445
-33899735
-279166282
-18459668
415832345
-592019400
-957431590
-395555896
-152399700
-516865102
-976689698
544155924
-676550074
112509699
224843959
-227735003
925985976
759051635
576568532
-792030354
685784746
725984633
370949761
300038775
684835384
745042411
106369859
-639416166
728691560
-47442856
518058052
707930813
-566589234
70614431
626761674
115704667
-786152944
-462800307
640890851
43752961
-77098601
385214410
-278788129
498212810
-759746672
35883909
-308205614
171250791
861614117
-50464330
-844158565
-268068477
115224252
793982758
770564225
789165564
-505282141
-459338796
-906362108
848203309
-362367706
-958352904
575296547
596580698
599459578
-876424282
78175104
730116165
29990168
565364311
8006041
568805193
59089873
713117836
697626307
636503699
397983747
-300075825
298684897
644894505
-514609093
-258866029
773566572
715355320
-100220932
10966771
414277114
934798097
-987229722
-433188024
370787227
247679937
342196820
-866663998
-638812409
380406417
-341509995
-947520010
-926987924
483874428
-204181935
-570583806
-809756647
-773931175
-148946425
996778100
689211305
843308882
10026212
59169724
-849877893
735042701
432352047
985047746
-40359378
62591874
382284032
-706995872
725969452
-518443053
652000759
-544392819
631987872
400378137
-511643377
898937600
391001949
-156232567
728171759
-175945215
751866501
523530909
-401605209
995093137
740962691
-860132594
572296475
628432947
-501231967
-377179577
-44090586
174278717
794572190
744574143
390504066
-563079337
-924975829
490429381
-328037021
949853816
-288826128
876334317
3457187
-586787373
-520876407
148023947
-239021837
579255338
799195133
663412854
22037328
749425464
691210138
271152567
-10405703
-512136680
393473372
-208487343
-715392557
332305165
298241867
320809070
-92262700
-281527633
560026979
839895418
-954241199
517839393
-460761529
-385202518
186418573
535373605
-570932970
232690287
217750941
946056005
-831228008
-19859720
-489517168
84951594
854162521
703315281
-74396933
-918655822
-351636460
-180056434
-906824303
113371453
402386770
-447093487
865978220
518176045
789613272
685559880
356683545
713510637
-765085691
931111873
-958011946
-840523542
-297862578
722505387
720217656
720515519
-971598112
246130582
-741786577
-283846859
857844841
-62397685
-896643750
887588536
-828412633
-269220049
-914782685
240684016
874519761
-91542280
-643412224
571685753
669496760
-622582759
326770356
-672156098
563881287
-686873620
988399211
-970247911
-817164947
-982187310
377511580
484625207
186315776
-397794789
682879466
-743494594
-831817614
671190301
-881126858
-89037753
-994899787
-392829272
401166129
-938264493
510464267
-334514879
218818760
713866512
372831806
-284115048
-502846615
-566235718
-633372366
549134918
593956477
943506979
-608383566
-785252388
-489933591
-48690563
-395060362
-967127900
-817381331
-769614779
499242395
-447203774
414637376
-996302020
-280520536
-445399868
-688409809
-378716108
802347298
428193385
854127529
-887706055
508973291
-30223321
-800174961
555636107
195065072
719348173
147186245
-71392425
119837849
-62797842
-698681427
-568074330
-631807487
-318901008
-586115498
3014139
156217859
35127281
-319775120
61155221
506988714
857987379
-420526920
-134495511
-379334514
117139127
-235079368
5633489
-519604951
618270099
-808522299
174856903
-48374735
-243538195
748425728
31087624
-507908056
999886916
568805193
-270435792
-393936213
835921442
24069007
-214772676
851204437
-566762696
292153090
891155226
824877971
208978485
-313176395
603044692
-254645880
85819967
-790436151
-626548863
154014614
-785626905
604754270
-617487544
-731752172
-559402412
-817164947
-277332126
-318292183
40777816
-551173304
1282267
-357142332
-203731706
944152511
-848264852
-848681916
84378492
-617580799
769535266
448798949
833358255
197941762
-972348909
64771893
143326341
81518577
949878857
636440476
-381072357
-932572302
-383927393
686883787
-467069450
900841780
-71607026
335360545
756317636
577781926
-850017729
499811018
467927930
-723035513
253498544
945412844
164659438
144452147
-508822274
-878784397
957357666
-657846353
171402838
-931037753
-418181750
217317056
955903173
586323344
-448245004
-585750622
125098268
-504901450
-963886207
-472565898
-99245582
-518394674
133926339
12482668
214176844
233730318
-871346345
634159201
803472830
-209504316
-25606372
-650146225
449461293
-444903832
436737069
-370282825
-308088933
948065222
863437040
-752859218
-530985801
357397790
394707988
-297299671
-151344369
-548515217
397603725
52363037
-587823950
-139338931
-971352271
-972255264
344345364
-116133712
-58284349
-783852778
765632796
-475545049
913436016
924401964
-248451142
594702948
-897813142
811327100
611966283
-223340384
738050527
-56936829
-627296395
449058701
-9915593
-741740496
-778829269
-964226650
-750621119
-487613861
-256524430
-309806209
169751098
968560938
367406319
730312067
-155866934
577948346
-91088497
418947090
-983337046
246601294
268997559
-444638362
681434389
-776065343
-325368523
-499993092
-721727717
210022121
179666443
-823551726
342405189
-227419735
744440821
-512248948
499683573
-116310419
823018719
-321051485
-553564760
-700539293
264317702
-732692031
-234272141
926156828
3457187
-383969722
-525259893
270407573
379313587
948548281
934998056
179532136
-128824163
-632322498
-803704394
515113377
107738888
-111180428
-167756826
-874958292
610329842
-830334588
-571501205
-758079650
-299991428
105486982
356631321
236491756
-823629291
-387075950
-55551730
882329435
962697497
334265654
691745186
-947412891
694518594
622568803
-168504753
-16328988
888476574
-762195216
303471254
-169044056
-952085829
463545544
915730959
989226492
451059144
846591117
772990193
-203865856
27569067
-930056296
363371040
774542149
-639185405
318527847
-444396190
894565552
416660130
-780730693
896686098
-279783996
-520118117
-371660629
500089757
-542564853
-380254467
674434795
-768425891
-98098198
813994232
-35419219
-826599171
-337557308
945031357
339511808
636432011
-116822160
-592267612
658982094
840801900
714063458
-799169555
493799763
-150454727
-45629805
-344001456
-710430114
832521378
316585795
915683045
-606044301
-699519130
668273974
-490168907
-873655189
243141214
-916005758
128289059
-238361831
315550077
899295863
506305110
-940360797
-919108050
94721559
217512358
890666909
-127019069
-282345919
676945445
193058864
-819669480
680901267
382470953
210439083
411159379
492020007
-723070144
44743899
897408853
-816996169
484101516
-666759814
-855235066
57836309
-140319642
-636147685
-174336455
-792264675
884678925
-109939841
-803796613
922675600
754491648
719726556
-447697089
233070263
352640096
-37342765
-543924470
21869325
-402583547
-355210935
841682656
-855808645
-890431238
-397447748
-899231632
631916879
-181983007
-118101711
323801158
-554297472
-497291752
416059433
-575302363
-333835343
-734030266
490490721
-171726795
-80216946
341176524
156217859
-387510929
402995086
347787224
-121771298
-862116116
172166160
-724149517
318768941
861143592
-373577169
-969800121
104280015
398598818
398606416
272416498
-179331628
-465777512
757103795
-575013556
-401555818
904996081
-357803951
280801048
189264813
-536031926
42574173
-568960826
86384815
-423041765
401246815
91975426
-468540200
-580217443
-556528505
863878676
844332178
-355791551
-43417247
828514635
-754077529
294385351
-853106113
573145408
-766718615
298318740
-785252388
329161621
63576217
-902852879
439029523
813177897
-897126808
-778284993
490354059
47692503
475088974
868445360
512952185
-538167978
-297476152
-533984878
-311832029
921696427
-105135457
663139411
-497098974
544893719
766563769
230318487
377401031
-932049118
749251897
811534811
-324856600
462821967
268721295
-834463235
84467808
-325120297
-920032379
-456402470
64905602
572704818
-258158522
-859167154
851766845
94201532
-847415944
140657165
980800632
-732617628
176840081
482138754
649164773
168511990
11521420
723306797
-631474366
-391164030
776038787
881033590
-719524008
-843275107
506534837
475656548
-554774289
-592019400
602537123
-768379704
-469013092
56342553
-746650393
372270708
-835904317
-241555756
-441902542
-733225992
480124836
-565689069
427771503
-255853773
926609893
-307775309
552659622
305268622
732192985
62095893
-967173369
-197826991
-333835343
-660428903
187355708
255581607
870819057
-14499141
145361987
-590852590
-598648424
237587187
-943870427
-673601367
-394906999
-608302361
-706761942
-919824037
28373884
484589691
113934575
-821868091
841347210
-176646118
253547907
-14506581
-407804349
471144612
973740600
882111536
-133452216
821747669
57520273
149908965
730025906
900841780
355106043
987769033
-249769723
-292998395
748694306
95692091
99853803
-872997447
-185344133
-816785595
954698763
223260608
78369286
-697808191
529015490
-85077825
-397992059
-87508793
-339587336
-686611178
-831177330
703748691
489374138
553745963
111160455
-377711059
-53889488
-689905951
97696793
-122204337
132699397
-822444520
780537042
-10798014
-325627346
-730991913
160410482
802644384
-508107333
446189404
789997471
-589108805
734536179
245594090
830861610
386326951
76245750
-694145330
-466183656
707930813
-502846615
-762195216
-932679729
-712777550
98556722
348822585
921355426
23162698
87859828
-356738591
-585390204
831813252
-462095403
-497807854
103984936
927938186
461559345
194358699
-887435263
-192705038
752466493
-463790032
-72953831
-273500014
-824806304
-262495832
-92404563
671497935
493371039
17787478
312424667
41467252
795275039
-385186670
-26751725
701607471
-82599213
274220808
788091449
475002512
-367798244
-663437392
-339150568
916294929
294356254
-65659844
400555035
392605519
-635427552
-968528386
-624209596
-920276963
-372535724
741485342
538249835
282789261
-824006049
846138278
694645644
656281202
-880751336
-310283918
-613065553
536492804
-690147871
-183188103
-901257702
847355868
-127546277
-38635391
-699020268
667604273
610642381
610295736
882703409
-353139537
-538667730
25272670
-444982259
337333697
-420321262
154947939
-726905254
-919824037
-891652619
-494204856
-264989298
846053389
789766765
470759798
274382828
998876900
-912591832
-414524169
-160886853
-444164695
-445554687
213627253
144875289
-101484331
231037862
819688776
-155362966
864715801
837577789
-479497808
-525820742
486949950
77762988
-491496648
-145617015
533314178
-179465523
-668581705
-183381999
682172874
690775208
-954937202
578210642
-843772185
211715949
464033651
628024070
690354629
451723554
-156270272
-602586377
880429251
369027325
-291661112
186040687
961334521
-109560605
-765056204
277163203
797319421
560215723
572136591
337269113
688370517
440593159
937883208
-211790976
801262010
-193977752
-473490901
-325465172
-933385261
650546110
993911696
109142524
-780006091
9672818
767588336
155636692
-950484460
739415440
136529407
-808871623
-990921276
173165248
559587013
-475368828
409056340
-937596350
645877467
-461024799
-309001666
173419121
-400126671
74626263
993334170
-974187299
335922793
-609696618
5987311
-467069450
438025637
-96908766
-820870420
330041534
-855449130
395184453
631971950
710461420
865011666
371438029
578870074
275727105
-999494545
-786728578
302874399
-869488814
983801700
333093700
-927990794
918163354
172386215
-62903052
572704818
-554136951
742432809
299917985
-374624902
-233223010
412703396
-502232747
-252756936
-383195407
890230253
633037463
517152566
-135761331
-822048900
636161140
-301761748
883329146
-677179133
980636357
122563206
-76714836
-937188050
-955819262
742687885
-454395640
718229614
415675935
-409178175
-761861437
-530107265
814392901
-348149056
-238156589
-860353946
-434681565
204564851
6331384
-109661064
-577918413
344702100
637358517
541106354
541929712
88319542
-324856600
328101345
-177769240
-381629644
-411960780
658133778
326297495
-798756811
-529408473
765892962
-745677387
-485140399
626410165
-456040914
-969903108
890424147
-424791310
-436135253
964398349
-691905231
-371140020
-811978612
446047500
-134017476
812660364
-433429298
482037319
-629726114
293479088
327577803
191914085
378127193
-130441588
564038104
-181550977
-111180428
261001699
668046333
709521968
596962499
402015347
-279335533
947105027
583780113
-226204739
230866398
211816222
-569120379
134691509
-649770397
683327974
-949429971
-288512319
-289665905
229973813
-442089034
-912753282
331540438
-153640603
-92837919
-465480410
-944421912
785814802
191851665
-607166170
409189973
43521403
-868599964
-824315463
960167073
-832064482
655774674
-919430272
288530791
128338524
200461651
-624819759
-150589390
254234627
590673527
748795713
68836967
-676138519
-928847917
960151828
-775948597
-663170313
769229094
514223831
810235665
688156641
899587436
44388002
-575273630
24768459
-740302722
-509671882
-670696108
-477696016
-185468753
100934959
897499626
38244491
-164720999
-135311447
-60510845
-192495056
398662462
-634196120
-372743505
-448857520
391709198
-5003179
-409823036
-437156628
81039101
-583244916
362148423
557160190
406333072
-713912475
-380665379
35593860
312856445
735426454
-357753570
387227811
-255980019
-248106286
717782844
63934558
-563174206
-611376562
523998355
-861616182
329009937
703928139
55553885
144190206
-654010952
21637914
528035380
-44701946
427995425
778675141
-43523542
755649364
-291204615
-639509118
-672326551
-427423291
-977351557
-238401005
-858101431
-270701849
539009475
951987789
-31599080
634779851
-738294484
-122204337
909538339
896462600
-212903857
174278717
-589337357
704573498
-448441794
537320499
-495296315
-517619243
-710554887
722155314
585153099
-13244664
-528903554
-13988569
-728538911
405692623
-191875425
475088974
597145485
908111621
291898835
-843650560
-691228442
237587187
642003035
-995503086
-426088045
80805262
-25992569
-516993672
578787402
-618339910
-558888378
388435035
469013119
754551089
-535574503
732568897
95224145
905708059
-376516845
-934866020
-721474770
-720360213
394707988
-672459072
37427241
522480635
-408786242
543931214
-251994323
203830681
860385342
227623612
262636300
876030187
359704508
561230601
884167738
688028478
599102598
-172310189
464242713
-102465646
392257825
663206717
-512928432
-723107079
-96102719
-320415060
-475675459
-208840450
220471401
-384026819
438284275
-180099654
309288242
816134578
-800234458
-815414039
-647258710
986256356
-706995872
-8868988
-801754222
-409972824
-464545142
-734513155
-605862620
-512048147
-314110239
-888270225
612007917
204698756
301325153
-517729881
794776825
-630519778
-137462301
662906997
234057940
-246248022
-822298752
-690378506
-267458696
458141257
416840435
-960671360
253301596
196722748
-913690423
121564386
-806489788
902843128
-138818391
-738052062
-701142714
-30967783
-586428142
-941954115
492042090
-146211119
204372325
321480626
274619027
-895387208
-804992628
-577918413
-167135669
814150570
59715142
-142063268
942843701
604836887
-129978249
-572316299
544297642
-118609953
-663241976
291641718
229973813
918889570
-16114303
-70197005
576224007
-740754024
-45450425
-560305699
256967154
-151227934
618438082
-180322861
943132520
334339803
-577772586
452424659
-702207329
435950510
-571763961
995980403
332789269
-603709931
799664552
-148038771
-649487335
-570615148
-115678187
-138274777
236953956
821052025
667781697
-643164201
-378764466
-105830166
-34532859
-854074809
-634735665
621063350
356188874
-156699526
-637526663
-144301819
-46925850
-581128174
-766661018
-861304345
660524416
62095893
331187648
458073104
820386621
-112740369
-283163374
-915728263
-392358174
-759015822
371812831
178910113
-674602450
-836218631
369027325
441096724
-181188316
223790856
-612418165
537526081
-764757656
-183866296
-326559925
-807089097
297863536
-530738614
-207465361
-985751477
572168242
669749537
-981539040
-756459579
-625744905
-968417800
639091781
-646770258
-232572838
927378390
-917468676
580686800
-413674558
-171783528
-425878114
-394758356
-703444973
-663795414
568999353
32832080
3911720
953108921
408288306
-983425031
-36427480
-534027272
-858611837
-622464169
808278226
827941136
-818277301
645729184
-241980943
245391501
450619093
273685920
-739152644
443101994
290960520
-99823869
-947848560
-197165206
295872155
-157730976
497535342
824014590
579059187
-985003304
527981091
270802319
-776490555
-847574426
328918741
877871614
769821310
-183567918
334752814
607006455
-714346990
398000521
-193195323
-366547660
-887485368
257594015
767008398
509064870
52363037
450297584
-259987391
-597416338
-766455817
-208914102
545988492
733459922
720589769
909741389
472240528
156433918
-291060797
-781636574
-726565116
-205325466
-736741022
-802835237
986543549
736956204
268626095
-734926336
-458679026
-698268990
304374335
-978621976
-144256739
795275039
-635800583
-423316714
-885889070
120977294
-169923119
872993507
-626390887
-639036541
370830985
93627278
749611378
-436135253
803319219
827064678
-915841982
-737220938
-567699307
-168649690
-7292631
-26083222
-976814132
560578311
-656014793
-65524771
-112581654
527081343
489627481
899815494
-749492389
790510422
781948652
794710874
-264155199
598614549
-54789781
177603466
473048992
-61634055
-401056086
415928060
-989746863
-741363469
914414172
-807700964
293019928
210248468
602174493
829944847
794241792
478136659
51490388
543187377
-375384471
-973400452
-92759770
-208065826
449745459
426229592
128130693
-769255852
-569319200
638633659
8213713
832090317
355777138
845250191
324095879
-292998395
815731395
18901648
-152231215
56833278
921833988
-977873561
-928950767
868368453
-308949688
843797149
-427962628
-730885806
95063984
-761032885
366394992
-544784023
26960251
928763929
325239994
-816866291
-760930806
859459289
990948158
-605282668
67541220
720515519
-450183417
-886903380
-864086096
294089674
173745634
-17704823
-195572445
-873316626
-760270413
705117815
-750481957
-93162319
763114269
423845180
805949930
-300055049
447157233
-672987177
-954892997
-200040073
511911631
948065222
-864202119
61452643
-463834877
-8467674
307534246
247409286
426092105
-61210486
-726143803
364232404
519890631
-402089735
-753715569
416475436
478789412
-952627760
136955876
-597406689
267989331
482576043
-56631717
597027067
-697920013
-686149713
-783875903
55553885
-918507244
-954006627
895241943
851862842
-466001525
908715374
-66939726
-901675103
-687439562
574696408
-835912136
855283074
830177338
480792309
615076599
60529564
-41025585
-771544584
607185880
297515128
429084633
-45450425
-562245055
-687551764
793275436
-849032132
-978474395
-537580402
364913429
737558110
-335141572
222737238
995998189
-427020119
-998470698
361098472
313561973
388575449
27478322
889800447
-480500811
387208636
-376126384
-209829336
-697920013
336997022
-8301733
65807285
-470473721
-721189703
208198258
-267108028
-682474409
129525253
-325779793
232942641
-434233704
904137971
-526385811
947626112
-61867446
-139706065
-875345350
-280329581
34433439
-504108892
-939263842
713301311
90329063
144707263
570079789
710603637
-184480972
-844259478
-580456222
748398169
-107090638
769821310
-996123431
-799473294
542684338
526699000
255279220
72506651
263340366
-952575327
948910165
393882718
-338290716
-474475054
226512719
61603896
-813159824
-466251048
-105612738
-657588475
680656867
-474382915
105486982
-739989544
520331169
892126465
-189399908
11785747
260816629
377276726
986552035
288994612
125922868
-874073275
-711341536
-635580563
-75683474
-785208898
825552269
-650402072
392890804
667294703
773373427
-791961950
-88809142
338875584
911626633
-444868545
-560973236
-295713735
-57821453
305722310
-227330298
-42654761
724934628
-618105054
241535691
6745534
-175109313
81518577
-316215323
-255661374
-948741503
-635268185
-336548075
555410108
-117379418
352064067
3298983
629089498
-37137305
840962847
-717064239
56703973
-964226650
-738500696
-823551726
-925559808
-262777948
-215209265
144979345
-964644919
460590903
-482920612
996511243
-276244101
36619998
69103439
-249708537
772112835
-822805625
-510440856
-708196183
-660021682
428281642
197277924
67692745
225026840
-369174871
726875959
860532297
-668062267
280387652
192025611
-252466655
-175020218
-744189658
-734238948
515310328
-890499944
419319614
-954836358
545545791
722550367
256340300
-97247214
-14348121
508512813
590415029
303767075
-928277969
341642164
-908887564
474307159
245718679
-860940016
860206003
199676849
-370650646
-830124477
603338820
-523076708
301205467
825647529
-981350578
584755145
-119534323
464484847
-336024634
432143154
434757247
238015396
445897056
608008409
464961516
-360319165
32705917
-758743663
302625576
342552400
673574357
-617095410
398890003
610566779
-454395640
-928796153
314997980
-769747573
608259475
-197986391
684146738
-646545501
832805036
276031771
-343747280
541675863
-488354870
483765452
412919421
158736847
-886508449
-750511770
-528862221
682879466
-310925735
-620058277
-245985168
-434416701
-623028788
688259852
992012294
-479692439
-591510039
75196330
-156611687
-354148306
51725126
414215712
28029915
-919487090
747978205
854683816
654041177
843917195
653545849
-272624155
768186691
970591397
-193565201
713828005
223402327
533141609
313292539
-688454770
-306041520
-45777727
244629204
-714090001
707139061
-963938417
58366513
-687066485
-510813050
-576663192
-582068953
136724021
-708604802
407999867
78253240
395076518
752163872
609190149
572195977
449235637
-889932114
-491192991
380244735
-246433778
99565296
809592661
-848200612
865827230
-109821953
-90537311
-204181935
353675360
79926473
-454183311
717916809
217893221
805011909
111931163
506744375
-276068318
-50199189
-149520506
-828412633
-86312279
-239205373
376868828
-277054516
73487951
749907330
979793379
-858101431
-740702125
640346010
189021966
647392459
-808510051
-371255803
-784712848
-454367066
725465949
976805719
-697376880
216707552
-201970048
-533810869
237118314
-155573154
-452353733
481674181
-125930245
48685302
898010159
-953412858
-65791195
-157043648
-665149697
929904032
-60708449
-960804814
-170949472
169505906
-941931368
-811498140
-832492932
387624099
961136782
-37342765
-640375126
305886982
548766267
-975425331
232294157
175037924
566101405
-983297972
-315262096
-918546610
-315210180
-933726148
-750254106
412682904
542080930
-907824400
912831625
-680182856
-61856277
-55259090
-770245672
536880671
-890145026
501389405
-74023158
924627387
511911631
432643543
661006774
-184722380
-37889842
62009266
-692210904
-987499387
-952246082
-162123294
421668541
-705327316
421229140
-794761866
917304019
-926341430
97704617
598756919
-283199595
198124224
234329857
-866663998
595892619
-62095816
-271160459
-238549452
-286790537
215394110
233070263
140129764
421765501
-931440992
695426986
-915098623
-182839139
880551383
-963938417
355777138
442419196
177199758
568684541
615142111
385415028
-79209710
653185250
-701910173
-177551280
465426156
-804415414
-566574410
370538138
521833821
-494434512
-382157303
118350636
-264535460
582734807
-497382529
-140628760
885166485
-345240266
-903317892
356864404
301433134
-947173569
152712218
-541392102
649992782
-269220049
-920363840
383681185
329770119
-267956809
-226485129
-756261210
-625744905
883402080
314868124
-219049224
-441044456
-556413842
203512182
760613694
771037528
-61867446
-148038771
-628390899
-721145028
591779579
5218373
574420487
-418290569
-581112462
459380818
-160838636
-87332933
457059698
-385086903
-354601850
-544793012
599218223
223168830
-955602836
-87157594
308379796
903186403
18081688
300972067
-842734399
-104188985
-470769492
363698639
241368885
-726905254
-385872823
894230284
655971066
-70290763
911985983
-422604878
176932321
-73968848
467499358
762449656
598699080
211755533
94970814
-428168574
951554029
241806883
99350211
537679931
-370120592
694369030
-362612327
-244285014
151755124
860524478
796403159
-68881532
-961774020
-551823684
-411063089
-90414265
511997964
866945703
373732732
182013929
-904790922
791478275
826100713
110436702
-272893669
33529439
-396719950
-545708127
-354664838
406055746
163424522
-489296195
495584741
354998606
374173082
912704204
-207641532
624943393
-457997754
748362606
-86178344
621043307
-239786520
-210295982
625295092
396197972
245391501
-45355221
-368324406
942951043
-484895716
158855811
-428342960
-922464907
-492217877
-550651599
-119645479
-647710909
-876233766
902611878
-18092670
-818422464
-679745122
806817618
