802996846
-333078930
582944741
568143591
530364615
-352506387
118920140
-768281827
-316375586
533561335
606564485
590329550
-252781394
-25981407
-988822137
-372411518
-551172874
619800031
531307535
-165575662
-696674945
-350266932
-96347221
-719413978
148841603
49535399
101325047
588394066
-764075639
-476752951
-193032157
-97775451
-185491382
943547413
-22274133
295056475
-170148042
-158679771
451015849
400496825
539603280
-366505281
-662752169
116796292
-245994861
635466690
581020884
231734343
47826114
905612808
407211781
-57296119
666416216
1626386
-228023207
-890543300
461844806
-917266986
-348004596
-456662669
-347928064
-794823990
57520341
527018129
651872254
-340950472
183269041
251994184
968034035
-690176438
-276221882
355607075
133887028
-344482140
712669712
-890982390
652644946
858013461
76227053
905989271
-270271605
232915862
-615521249
934777856
471625504
395092472
855182645
-99640349
22042951
-60287126
126661689
629605216
-551394055
-179263477
841804177
851999394
192753748
-160677168
699253488
67789585
292593189
731243185
-856261569
-181100464
-900748294
-136913858
38202608
909766092
-62041434
290349643
-831588433
100187369
-172701648
892678122
-325624284
-531429797
-70171359
-667602900
162620477
27138624
-194199975
797593614
803118834
-138853696
32433891
357279196
193573173
370240628
-86331625
982918394
204969963
791977162
228225457
23041853
765980475
-342907017
443051765
847855622
-302316653
-315273258
-567254988
988460613
247502028
896149488
150500161
-562370700
483495879
698840208
676396721
-420299008
148737334
757065318
550681545
-95998591
-139474803
891833719
-34272225
516035363
-540309708
942695108
165663659
198819228
-760787454
-506437394
-464435648
-722501072
-157493557
136954086
443992109
605883330
-149524136
-546222807
-264354147
115324291
121807114
-729896573
-239651505
324093834
-834916893
771450160
-359160593
45423544
745160376
-180173838
403581612
954469661
-143658600
-500063248
-203913035
-748731181
-965596745
410454824
-74434597
-870725358
-270108421
-68196938
-233158583
-953136256
842184934
373388584
-841671712
247009373
15654419
-49089973
-621677186
577350669
-761172241
361757061
-159776368
-29408007
-627159604
595176318
-510248564
-220745760
-28054253
-663338526
142369132
-413182051
161938927
133297355
-59884050
-168613581
427759012
913928512
-524863138
-135048746
-213708459
-905579818
937403960
-170364907
605273280
-488370564
606224941
-750360476
-754997748
673027346
693858231
-252492802
-317483585
-250055820
262839409
129542501
-880668892
-9166825
221079915
-112674804
72453831
235605911
89797731
-200061785
101792965
59671189
-770336909
-243139785
386756054
-236280508
539908667
370358631
443051765
-616971061
578771990
-63268866
159894928
295021539
480948034
-615521249
-666955587
-937258702
489750463
525935045
-571406579
596909150
895237523
-147471659
439408389
-344071784
184667061
-782662119
58605359
-380811493
898624951
-893571500
-181596109
468352019
-746883020
-266315161
116028170
584505724
-665548760
-401392044
-12820366
600007674
-879496281
-872156540
-711824006
300349737
-358474820
553746598
955039119
-552166542
276751713
-991132300
907466186
153173178
-927767737
138406962
107097418
-11832189
-486438823
465710692
-830551634
440948622
-164676873
324326910
616431825
595691488
29660115
-812297907
412936054
-329492865
659575764
-358679891
778288487
224650938
912692877
691918681
170646445
746898476
917917349
-447662856
300349737
221079915
-805131830
338192613
-895861343
-690971119
-496067054
605639677
567163457
-969535020
770323459
905989271
-647574283
42891044
-33182577
-380527725
607638995
-278393300
756797357
-588212806
250171311
611685000
400164766
135203305
-953728108
-590119952
-845717618
-941112504
110818673
511487696
690402000
-902044740
383827191
874834291
-394243638
-950463496
644324465
633001313
617250236
-92610771
249122450
-406411277
138406962
997300225
-666777747
839199558
544294321
-611933628
-306804301
-71543525
-876799374
266791670
851297679
-697743661
724727482
-745666027
362875412
-592279133
-77912872
909543415
321007947
-316518692
567665552
-198638765
39767596
-781607550
-768152928
796710434
471704183
471063567
-198905442
-629506044
-705139372
-64759232
-736061382
764702494
-148842820
374395388
-376577256
-979741850
-853727985
691596711
-928691538
-338417533
258900460
-729853986
575999717
232433720
-738981026
932490199
-906678915
960479230
-26773779
-399344714
-145281591
473302319
-629623845
-332661638
-361531511
-374500674
241862505
387402877
587768691
-672333564
-855599608
476572502
-488193234
-804383513
43456847
-407045997
286290328
-695079667
427759012
798673542
642563945
189381862
310812054
48146816
-645947648
390027525
-76354673
-840259078
-413182051
150893442
-852250018
174390161
195541843
-165815659
759138025
374245852
-172148424
355490693
-304585653
-463297396
165998386
586357301
-566887283
95434098
-361168888
294419388
-724294931
139813342
918520535
-114179357
372302535
933002135
-535590347
-387639808
234538259
886935044
-793319317
-218348617
-180019887
-725845270
-872472901
485945435
349131640
-50215389
950955450
-61396509
174071876
894034392
-605200426
-640730615
140976393
951897392
-548306238
506960639
-27961002
561410360
-200061785
-750071594
730339050
-77412053
-36746658
962142676
-485494702
-29408007
-516861238
528466334
-157493557
120758394
-271594724
942695108
626518004
197697090
-927329142
634970598
916446039
-327044959
-607864358
573672016
473193645
-315781578
-908724261
432712358
623516689
553105980
692931818
-854246741
-24614682
-103339430
-219101482
382445886
-607946076
-956868150
340760920
982994934
690153265
-218643992
886105806
-633320085
-277566278
27138624
963833910
-933894099
-603362936
904292468
924135899
215653789
900857847
524988832
653101867
-196904658
818417440
-742202261
-469769548
-160677168
653712473
-911771601
-600308442
836282833
863751914
-923676000
-360450093
368918838
845379764
-880554269
-246262311
237340736
-777091127
-995312016
386271776
648814887
246827646
-591118950
590620968
267659954
-147206834
630340947
-487859719
935172749
-368476424
-748872363
-458559722
-808151294
778797592
-197398257
-649331598
-895488603
45248115
707728473
988735135
-751765908
876697405
-658573421
-725071460
-374738376
-813394102
-246235312
-398393784
375858432
955969936
-798269104
708965897
-714538465
406253059
507843397
-76990356
389574056
737013000
-751351846
-919343053
241243229
676186233
924843539
229176589
915965269
732539836
-800277311
-212491028
-264354147
391519036
-632861330
591972571
243817736
950845314
415746879
254931459
829795528
898673395
612295709
535352052
952097267
471854741
-241219985
640465122
-776899942
-245132744
231989243
-412128272
-834611859
-853301084
-903570038
-749705686
249237221
-250395595
673477639
110302355
302084163
286883505
-730412704
-246603973
145696553
-268474611
-786849687
-367289413
601132045
966540155
640387081
555041053
198851477
605627992
-892642912
666730988
-841648054
701799333
-542283230
-455022486
-600648637
-380171154
-21986597
-431186537
863212585
96273863
752977125
-458295766
-700669160
15759900
245072763
188345713
-863027625
-975622812
-77912872
285809616
-731261395
-678057577
227535825
-366721974
-709808979
-151831731
280570123
231989243
-216366589
657896385
-425146936
-5828146
500611802
-950885941
-384961495
519612912
-16517842
390658606
-151900107
-423487581
746100857
-158406203
-730058982
-749647748
665922024
696512293
377652466
736041867
-282286315
198563236
704330840
-987155590
-961285065
-460168500
-887875517
-428101454
34782950
-782023005
70540727
-427097010
-263267109
-53616427
-148018404
-641091726
-491263114
653266505
-554858421
-790119026
-130582136
-857270467
-452189380
357279196
19906400
131241933
-22836848
-578465349
-92347314
-807711480
229467624
-546979863
-746075894
371458188
568982373
492451704
-18771536
-460230043
859727006
231989243
798424478
-545533206
-745907470
-806753190
-605115281
397568508
495162640
-852522571
462575859
-117661625
-617688372
93689393
466895715
-21747210
-31055878
-155579333
975910659
-523710131
-105635302
-98341283
-891501349
881490818
304922286
-987954112
-488092632
734405374
-366390370
-154263887
998500150
183169403
706274558
-403357577
651439778
750391416
309998103
-806409031
723221335
-533195431
-358474820
-901438812
780908410
537516697
805645904
558680714
-330994313
647151152
15759900
-89257417
230670701
33810984
-479454136
228119856
-69781713
-613469686
405579942
-461097471
-521676788
774390522
802996846
-630919430
-62608408
823256137
-389758202
-629235951
407585780
452338172
6600585
-793726209
760722210
711955548
-287434622
-439428410
-269722284
-161281227
588082420
55783177
-551644152
-482902573
-703345348
-376838813
-568922108
998788639
-121522199
-785924228
714658973
56765744
77136165
99045230
-882980086
539302057
415560038
-862244208
-146212810
37557854
-386776153
985915108
-514902227
-131383286
-173295582
-500063248
-398393784
140507647
-984643875
-470341951
-298623160
290025684
671739425
502636321
757455634
-634690168
-976690490
89162935
525083684
487150240
-703345348
672205065
-245653555
742865543
-573390201
639622071
568611653
306855424
590077596
137695685
-132121185
-789768736
-527847185
-133786680
-11169404
921451433
-992958503
885789758
-281057758
649306948
-928302789
235367817
-693012350
-715933113
85004231
825687116
761231878
-103120395
277239078
367101949
-810615216
480056582
535290444
-134755237
44329025
-877124288
-835995295
340675107
602717248
-748038247
-312281837
953742415
-376947098
840828359
24936117
439018252
-563985978
382704680
-348765164
-207438404
688166341
890039133
451640180
82261262
203080654
-919343053
-498490334
-838196465
-678236485
-651261688
-192016653
-448860805
890151327
680309361
-680761202
825028592
546014455
-294502967
-68935965
64154765
-333894759
-836174651
-928642606
-343953688
739812088
470080200
244791667
-801961170
154053301
-156395469
-381508149
125393228
384916016
818694651
-96727724
-963353434
-977370767
195401762
-14231796
409939183
410735293
451602181
-127034531
-148249305
373218201
773890541
693314244
-416843341
-825865706
99617895
-63578579
-492930885
2592613
-225204637
2592613
-957706386
-574463368
335889341
-842005201
-73823257
494180870
-810298622
396673880
646057144
-745817407
-915635069
849240534
-523294088
706408705
117026789
977405213
-45972067
-532305610
704890314
-496691130
-212232989
760722210
-93051855
-724844353
440619249
533270377
276351733
-868086572
290174188
-568284823
-891336813
480417502
-357707519
699434796
-969983792
-366541431
831878742
63334025
-104462279
11110526
256026736
37789138
664766888
-248087320
-115960211
409557265
797655160
-121342516
348019605
678318467
582944741
574485992
987787393
702238496
-904591445
452842373
123444479
-51673488
-999699107
689923813
492451704
116533873
-596091921
875129592
420047235
805795567
962272471
423316694
487431868
-106913513
11827695
-656430104
-150677091
56765744
664488923
849028361
717964470
-472877070
-258797797
42837940
519255448
-768469066
-854763218
972137417
142812706
-328647871
256917036
794964534
715082688
151931885
172473741
413751766
183713842
-973972779
-272936663
-620295109
986958729
208249527
801990927
164176889
-246235312
-527786558
470809714
465910133
-408083575
865808577
-390376222
-245565574
867823686
664488923
-913426230
128265722
284504908
515331450
513180760
-573034305
-159776368
-958872621
-505475360
-271807314
-588459098
549989891
-520676464
-359160593
307786353
293254419
-690073167
-340655096
-439528845
843008695
-564617431
-617688372
-27961002
486389956
-365866273
-716916398
723681669
725142660
567091131
-79624220
860239213
-412128272
-902997382
-504195558
-477297954
783086341
-181596109
-940425656
347232355
903169
-692578445
-518527715
-856954112
-227525986
-321109148
374035157
103012819
453930827
807989134
-727612959
-292932839
-183324304
-838844946
-8602592
-172148424
-970475866
898726139
824687001
-597962345
-306463783
371758039
-636557357
906011461
400032458
-875552055
31457929
249237221
229692810
220572397
150973855
-39975598
-799548934
-571850051
242218964
147852328
352464397
-85225518
345781501
-845717618
224789383
579457496
-416062977
-354967135
491217018
298113729
263872491
682384707
-524591976
-47341761
35196310
-371708594
47457280
-266055630
-681331675
973339648
44404058
-308040180
-87793326
-528034326
509017182
-132972640
551656545
-33425002
816177122
522553645
772087419
-261077666
-522164619
950379076
-737919133
-589985020
-783734127
-355984593
-172148424
-391914502
-923190351
316696467
743132230
-231451300
-127651545
496354808
-496843455
478740964
654662160
-304190162
-756761611
-697726671
612676779
75679222
-899388855
802996846
-495265092
-297747382
747192162
717756349
76694840
-803598961
-647244824
210999510
-988822137
-376344005
-678396806
-809288412
200866553
-968539045
530533944
774159113
-314628518
-53647215
412714933
-450169083
-560077043
-880668892
-459423620
192156126
124856613
-587478939
718398413
846833671
988735135
-692146635
-118309625
797103177
910929916
-616121050
-278888398
-380967593
442939337
-509842987
617928785
661718982
-462904482
-908324230
620225767
822036246
505184500
43869410
772546204
264215237
-907998379
324905809
321838585
124956672
983301057
159848554
296582192
-321109148
-731051738
-541528922
-844143662
-466915206
264943075
974269825
671475912
974600131
-311237821
456559854
-226365396
-29256164
791859675
-55168721
-114814999
670242220
-48207483
-252492802
-793070274
-113824668
-396596287
-512607722
58605359
-922568631
357441195
428327882
361090463
-141206647
349863056
188732194
-916366607
-304853691
-764944716
-951956218
-401531866
-367588190
274455039
373388584
-247036915
551511933
-867927890
-860663671
-145771298
-479130358
-462034092
643023218
545154840
-229272563
618217055
-218838342
-427568533
994876563
579541163
-456935666
597502578
523392419
-693757035
792398001
135962488
-286813553
-847362071
-628165698
-816154579
605470083
556947962
-446352204
-25144569
-156742843
-839499191
991702295
-386509372
431112519
920716677
377730593
909991205
387865499
-815010730
70108920
88277589
-589117613
386271776
632327766
-762253176
875961010
-80968887
-305321552
88477789
230238336
809091200
-692215227
-662301727
555396079
113900868
212075410
-572892643
431681050
-839128446
-504259926
-67860839
-410655141
-585223717
-734660702
277244835
530067010
-361796617
-87575975
398933487
675064420
462575859
-284143210
329923062
158558982
-895964371
69097187
-623061298
-967004230
392273112
974134927
75765070
-332451165
129225091
611696750
-897032803
934566455
84055364
589681535
-175831963
-239651505
-260691542
786731505
-381322162
604617120
96042606
498841682
-743810917
560626167
778498127
-602283471
938853678
-436878159
604169814
-435266527
604169814
-680920998
-672452606
-167442277
389804642
-356386427
-371056007
-9047142
-437151577
775039667
-40997401
-374500674
-559714446
340073114
-758359227
699253488
797413025
-630064194
-126306433
-779138102
-467931477
-327201002
-150538844
521279572
318385881
23173405
-78273506
-88187613
-93092129
-695835618
823256137
-221725262
-567558960
-703678582
954550305
535260072
-215249028
-561008630
-893684278
953918264
352733398
-304853691
-263267109
-910796077
-209046214
581546690
849892705
726590209
-650028509
296028950
-11758961
785510937
888829797
-869956267
-435965788
996330731
501122812
821260643
-88546833
-129217840
662954066
-518917157
-727612959
534570579
15516969
-248739809
959041871
258210052
-809415858
-789310597
-171990069
561305941
297138942
-879378897
-202682298
477582471
538908807
523452308
916551837
-740632643
635856687
501589963
-387411712
839563291
-585034787
-191536014
-177018348
-682416388
-502732162
735219646
453803637
-797027866
270399311
439191941
-856011996
-144777773
208834197
-524796754
-853440217
73891504
180066525
552983899
125708178
-424769310
85004231
-152957985
834440982
-975336302
-957984682
-49626021
638750197
714553923
399420963
93487526
229991443
-379034667
-416736758
826509538
539092289
623737167
565625248
-393854970
-925078363
203464805
380766572
290233771
-347801684
504581375
-373489230
-72322842
151208670
285656974
809991147
-45044939
552520747
393600367
-378897499
968816074
-745499109
-326025101
-671906287
-115772048
320955311
147623238
-442581457
-415759136
-823152396
88860002
760085922
857314774
645049333
923733549
-127651545
-326222256
430592985
9405991
486571732
-240111323
-827713468
478700555
672591057
-178434650
-603675250
-749950990
34573410
201322106
-711145914
242298468
98518063
-604539955
-221100837
-144208984
-560512918
-169675275
-146415712
-460574364
-31651141
961957700
-753504357
164934507
91588957
850374360
-675632644
-281878094
722262782
957001687
-765155891
-293800929
-732917408
306046600
-607442893
206425876
-35921431
-584151131
-757652073
-99613638
-506437394
93565947
-2373943
35452093
594854666
-90216258
-976648620
664854204
727544963
733574240
525798021
430358281
923214346
903343461
-640308039
-738981026
54904328
616280511
500227150
-154370839
973774264
15759900
233461255
179223997
-410247785
-183740731
58605359
-499169910
-654519735
538524529
-948532224
709438738
103256456
477531041
528903279
888829797
344613664
899543911
-800388033
-247335317
40520669
-38997557
220791097
17037863
-337334890
846119499
-180478471
769998041
-197718808
-210719669
384748739
504481255
485142676
305625709
-100664654
-589596192
43980555
-137231350
-700510088
-977186874
-511757038
90472422
-494316719
272767371
-767645276
48549383
-310941409
18429179
-372681632
-741467839
-187951709
834939222
-397722122
-587323821
569858816
601560206
-78342027
-764152787
468475298
-280632345
59690066
-648954381
327480741
-86331625
-902640866
524539184
-89612325
712909498
958135145
-593912386
-189949863
-998869078
494180870
860239213
-953937
-71543525
722468590
323826397
567981691
-738440486
810746681
-583379250
-696950600
455178393
69442762
-123796341
-115960211
450026483
144846671
469182520
-600150450
77353577
-13291008
391270154
851999394
-734328876
-957254292
119976846
-378414583
83229614
-631649141
-219101482
869999261
974685573
-964080733
672383725
-622801401
-762157685
-476813880
-148249305
-785538227
-958306090
304621031
-707007605
-209457491
909543415
779611485
-132532029
91737772
403044866
-999411524
-238775180
777581382
312558846
-622158801
301701770
638147972
368722387
-865299468
221392709
578011612
-933649175
-619111577
-218276116
-186187934
-915800293
152056584
-280020457
581694946
-676036181
94034588
-723561806
775089891
119402062
-905579818
-48847179
171624797
-914726044
172756514
499049889
102165709
-842387233
11110526
263572632
577350669
96855559
870482713
-317705171
420880312
-595428405
709463951
467653790
-572473233
-917499303
-235502033
-551803954
-755502915
876206223
718842645
-895753059
-423397122
211049227
-757377187
935235545
-11131130
-833370193
-861526344
-239651505
-233158583
887635761
-361345630
-180902098
-148473457
-750360476
57183373
-616121050
680565706
-168190385
-26670674
-208915486
883229264
-705139372
-677485957
433697487
-779495056
918613727
-767697695
-120688673
673664080
115747353
-574787915
-361920330
701563276
525567219
-479164035
754448766
335146944
-734355360
258210052
826688506
-223959136
353151867
-78977579
-193960235
148334482
928333025
935694733
-814824220
895339330
91737772
965721768
-235622223
-558450351
890504998
829262324
865905202
460961792
-381144263
-370083373
486534150
116533873
788738637
-848882624
-398811628
189263854
949063924
-486575792
-469455508
342553458
731545325
538070529
350471002
816616218
192456806
-278888398
-912782701
-864279004
-649392072
-695201858
-759022025
-313019542
-176512594
620133895
-161106431
-583516240
171777169
83163197
893259305
-547561573
-567526246
64393567
378928328
676648652
-842870227
986215440
507111454
-185917690
962924776
-294223545
-667521536
989317717
111400264
334478277
-996132578
-291744555
964072847
-991481369
684715483
669775483
137453698
800877844
-13012295
-961898291
-369039832
632647853
212564989
-21169914
928769659
503651439
-417516948
648847399
-215371979
271965757
-536030206
-9897362
245072763
-285207253
732643118
-684438481
164692176
-954599335
-526308814
206390948
644967331
692699084
-651306126
-577184875
252928450
-876184925
853169003
62990334
162814202
511245416
580677575
176997788
-108827710
449052760
-959559621
-122111320
378928328
-799748370
223971074
