48546177 Sowa 99
157600759 Cojizeqe 98
132822356 Canimab 97
901184138 Luxiqah 96
215862084 Ravohi 96
561388545 Gegobaso 93
107163655 Jijipuda 92
857103171 Loxa 92
334894682 Ponoxi 90
967597330 Cepagira 87
14617042 Vav 87
525357178 Gakiqe 86
264331104 Sut 79
721301195 Heyanam 76
361430427 Lawab 73
182865353 Wufi 71
297369979 Pep 68
411347728 Nexizuje 67
43324422 Sugobak 66
289396374 Vukovim 66
111388047 Lab 63
39255359 Qoqa 62
605867282 Sobutale 62
865917100 Yoteh 62
151294374 Juza 61
584125989 Tinu 61
286299163 Kobinas 60
686127237 Luqulivi 60
253589236 Secepani 60
505732754 Wituno 60
959882470 Defenig 59
141276174 Losuha 59
746512951 Fekarizi 57
507431201 Ziko 57
60333226 Nosavow 56
884028830 Suviraro 54
925997875 Tulipe 54
805204406 Juhosi 51
754329908 Diyonexu 50
433432396 Peza 48
658034580 Meqozu 47
664003354 Puge 47
136359455 Yuvibeko 47
436283511 Zoteh 45
367466329 Lekom 44
886284675 Juqom 43
947648125 Yakiz 43
358090486 Necotun 42
373034432 Fagaco 41
147358691 Jon 40
363878376 Nuxoboq 40
375650443 Qatejot 39
532882127 Zagofe 39
396424031 Hawugudo 38
869800423 Keyi 38
320517746 Qiyetaxu 37
41417679 Quso 37
11933540 Jes 36
535286269 Cav 35
278949094 Papa 31
460463073 Qoyuse 31
305953772 Wutu 31
17445230 Wobese 29
450658927 Pubuxotu 28
507152520 Zomuk 28
922992703 Boruj 27
248251576 Qutedoy 27
931081945 Wono 25
840596235 Madapu 23
494415916 Pozicij 22
115484441 Mikol 21
369019524 Kopogo 19
231976629 Fonucoz 17
771563624 Jeyixuh 14
269459758 Tabavu 14
724491399 Conuko 13
591208875 Top 12
117880365 Nowikexa 6
967799357 Remop 6
394097313 Pebaga 4
270671110 Zijiper 4
238867309 Nazit 1
