220216307 Wadulihu 97
507187787 Gasa 96
10047786 Geguxux 95
827766322 Bemun 92
200270978 Vutokel 89
125123627 Xumuheti 89
131735587 Lipojura 87
689302388 Xigox 81
288443099 Tujele 80
533380083 Hesiga 78
127581276 Wutune 73
701571159 Vex 72
59603830 Hacejuq 69
966049705 Yuga 66
259461108 Cufemuba 64
531995358 Liwori 63
687874034 Zehu 60
774105537 Zaququho 59
931435479 Fapo 51
599135480 Kukubulu 50
491826179 Babaxe 49
269479926 Vamis 49
352966063 Zacapu 49
953694084 Zunas 46
325102140 Casuqij 44
6306603 Luhul 41
719241028 Wovucus 41
496185613 Tunefex 40
991278227 Mihavo 39
912502294 Zehuyihu 37
432340782 Faki 36
556453797 Huxifa 36
593482360 Vul 34
227480822 Geney 30
713206103 Latupa 30
895657331 Suvo 27
428247106 Mokipapa 23
261295893 Hir 22
326055896 Duju 21
274455218 Payis 19
986899798 Lofahata 18
169662887 Fage 17
787108627 Dahud 16
34641819 Zoy 16
925183728 Diyiside 15
40092319 Tagi 15
536591872 Sijo 14
88650893 Hado 8
499122801 Tomilod 6
456043055 Kic 4
808771193 Qak 4
594604328 Cosu 1
482826237 Tomovele 1
742227621 Dukikez 0
