892224331 Noji 99
777166587 Sigoy 99
500393507 Beniboy 95
69403723 Gagikoyo 95
658767938 Sof 94
573850741 Pod 93
37146133 Puwa 93
415239574 Vivose 93
205140576 Qojufa 86
562610142 Yikopogo 86
666094220 Hebor 84
749461525 Cowedehe 83
564490918 Kokuh 82
405011474 Xejotel 80
261833569 Gok 76
462965361 Leyis 76
957535427 Poyoy 76
626703515 Zawal 76
997680442 Pubudeg 75
725923992 Sogaxat 75
783669389 Pegir 74
12423770 Fuxivu 73
466435803 Jun 73
655518456 Gica 72
130884765 Peqam 72
326279332 Yamecaqo 72
45911847 Sabada 71
437385287 Sojopaqa 69
515525066 Wilamota 69
788988842 Kozecis 65
628554908 Dexojim 61
933253966 Fuweba 60
199289876 Nuc 59
349636136 Jufe 58
977726056 Setuwuk 58
411829238 Mexed 57
405435487 Tisehubo 56
892760926 Hepaki 55
735739973 Payuke 54
19197777 Qerow 54
380699870 Vekiduqa 52
799373383 Tiwop 51
961229714 Ban 50
197564934 Nojigu 50
161027489 Ticon 50
268248260 Xaz 50
674616662 New 48
816861162 Vewak 46
270308038 Yapoji 45
731037845 Daduv 44
856909708 Hig 44
949635078 Riv 43
958776287 Wimen 42
501459034 Sekemak 40
900913644 Selizub 39
272739059 Hahaka 37
658671393 Megatu 37
89724610 Lanit 36
854682744 Loka 35
993785622 Qutiposa 35
609734492 Dape 34
754767460 Kob 34
364673424 Yaxatil 34
910562932 Sucibu 33
817579159 Navixuti 32
417447698 Noron 32
151463631 Bexu 31
336900558 Magel 25
845803085 Caneno 24
520412125 Qaje 24
293309250 Cipusifu 22
273582575 Rov 22
971473321 Fipinahe 21
215523871 Loki 20
422135654 Yogicol 19
349877078 Zedek 19
340985522 Loz 18
765579956 Gax 16
181065651 Cab 15
98070169 Rerahuyu 15
94234065 Revaxe 15
794588129 Vebo 15
601632736 Xez 14
912029135 Xuhiza 14
842384613 Caz 10
975087370 Wefemu 10
233455386 Wud 10
20935393 Cepusac 9
621155435 Lumot 5
534240059 Vula 5
475667200 Sexenat 3
524459931 Vuxuc 1
