988458894 Bujirik 100
329854638 Sijaxoyo 100
572946822 Giwur 99
916532616 Sayog 98
685041975 Werenem 97
508383471 Xapuwo 95
850049186 Lumasay 93
300111981 Quvug 93
632430935 Gafic 91
993352424 Pivife 91
35670653 Hub 89
993136393 Kozij 88
775425056 Wozeye 87
47874094 Cohob 86
207553800 Hojunaqa 86
320596667 Tofawola 83
6004244 Hizejufe 80
253869370 Qafiz 80
28118253 Riroc 80
586856827 Bezil 75
520825071 Reje 74
930777295 Jipux 72
156052971 Yezo 72
788224668 Sanotov 71
639693758 Lewiqo 68
445082677 Hufiji 67
771133470 Codas 66
36621828 Tubugar 65
881756995 Nix 64
500757164 Getet 63
110549935 Pejo 61
739742157 Hibemun 60
298173469 Nore 56
597192884 Liket 55
479767994 Dotoda 54
345568045 Yifalo 47
125089202 Bemewi 45
331591335 Meg 43
650458736 Kaz 42
377877340 Maciv 42
647454351 Zop 42
310978996 Toweta 40
695633345 Wacu 36
478688990 Cijija 34
371569898 Xuduxi 33
113994201 Vaqiqaz 31
596347391 Hifoc 30
196991403 Miwazuze 30
61162212 Tusu 30
961923808 Lipoqijo 28
871557758 Nigij 28
43498997 Botu 25
133658911 Naw 22
31627164 Gab 21
884670102 Tojuxigo 20
807872227 Jof 18
995453989 Tilodu 17
76859804 Gisamuv 14
606327802 Dom 13
970370284 Cezukayu 12
540721782 Fovo 12
620366837 Veq 12
196568510 Cel 10
762879789 Bukiro 9
155942000 Ran 8
342939099 Xotiho 8
153705305 Neki 7
160306766 Tipo 7
838406261 Viq 7
488935894 Ruwefo 6
481743030 Wamiyes 4
103835760 Yun 2
326166871 Reko 1
698066993 Yicur 1
