178508767 Vep 97
55958418 Zeme 97
304298676 Gutemi 96
297675037 Jefe 96
949029525 Vivab 96
313899523 Fequ 95
850658408 Sehopes 93
146616783 Yiye 93
420575742 Kihahexe 89
18457865 Netovof 89
886330496 Hukicow 88
183261385 Pafuvud 88
566670206 Bocaz 85
761323336 Bupubeq 84
693195486 Xor 82
792085221 Leyeveba 81
577620344 Bag 80
361878838 Xanos 80
286450270 Zevize 80
907692049 Cam 76
150462869 Cebugo 76
342954143 Nupimun 75
664990318 Hufeyot 72
971866213 Bicujeku 65
40515278 Xuw 65
88102174 Ximos 64
529807484 Rice 56
141640376 Sekiwaj 56
539482321 Dubomo 55
765426593 Javoqi 55
113860149 Wiz 55
527273634 Harupow 52
23836400 Venumoco 52
446455758 Xuge 51
683076048 Zilusat 51
117509258 Yulu 50
188112156 Qazej 49
574372753 Yuyupo 48
64358282 Yuk 47
610559316 Huk 46
808189983 Hutej 46
183485808 Nasataje 46
619114491 Citeki 41
958328358 Turelak 36
831696342 Pop 35
161867475 Bizuhebe 33
236025250 Muju 32
436092652 Jif 31
104839115 Lajap 31
877106441 Sit 31
726025244 Xiyenu 29
177246386 Xoda 29
397848885 Zulevoq 29
29189557 Neli 19
107997035 Yen 15
860612779 Fopujepi 13
33213603 Zopica 11
71528819 Kebi 8
324057294 Yakit 3
297648134 Voyun 0
