161214624 Bayace 100
310288540 Kejeki 100
820103851 Wehebaye 100
343063744 Depo 96
541107768 Fuxe 95
233767368 Gevidef 94
423736373 Jibihimu 94
370713349 Bimokaf 93
124023260 Rotu 92
75130816 Lelopox 90
932067926 Sixoy 86
617835694 Lon 81
499416153 Teduwe 81
625549647 Gefi 80
481892914 Lepi 80
290023234 Pub 78
469950282 Zeyosula 75
838188694 Cay 73
256066599 Pagon 71
321124635 Yoveq 69
186038884 Bewotaf 68
116013900 Hat 68
607050519 Tabol 65
452355915 Micig 61
603373657 Muy 61
237065205 Sowiguwe 61
604983807 Yozix 61
102015651 Sokelafa 58
955046783 Rev 50
683419028 Jogap 46
898100927 Gadimac 43
670851377 Seheyac 42
32473837 Xijega 42
801679481 Lopadi 41
294121565 Pefu 40
66061544 Qoxenebi 40
344235690 Ruheji 31
864252254 Xiruk 31
937110029 Yate 31
626606085 Gav 27
749449668 Penusebo 27
991452804 Tilijec 27
129500083 Xobu 26
701570459 Migu 24
567797378 Mumuqo 24
815731234 Yeson 24
505879979 Daquv 21
927512179 Fuqizo 20
440907271 Qiwe 20
636935343 Tija 19
486581918 Kipu 17
296300698 Macerine 17
922280669 Zofude 17
981168955 Wamoj 15
462790577 Rufumo 14
125926947 Duqapugi 13
604179034 Weyocex 9
345002125 Fequrur 7
778802883 Jadewam 6
549546221 Pakizuv 4
206481139 Lumozayo 2
635587353 Pekikuhe 1
106294313 Tozuq 0
