143968771 Ricodebi 97
258914378 Cuno 96
425806622 Caheqi 94
122459375 Sijex 93
222169649 Yokis 92
746790416 Pazuzu 91
82866653 Boxaf 90
985834148 Zatisoka 90
213592223 Nehu 89
960301235 Leq 87
256435316 Vay 85
722749024 Disiqeqo 84
109559206 Seg 84
266313511 Xuwa 84
877234528 Kuweha 83
33636126 Waxuzav 80
216559516 Zom 80
421264366 Biruyofo 78
405775783 Qozebu 73
637976844 Zoketa 73
957255452 Qiziqiz 72
84028553 Qodezoc 72
815119106 Cepok 69
642520934 Nom 69
110269555 Rimawas 69
348079262 Runuh 69
535806336 Wamihate 69
353802871 Jojogu 68
506384063 Paf 67
76469362 Vuparuke 67
452476980 Xiliya 67
209313552 Yus 66
198253669 Limudi 65
450909479 Pedeke 65
333254250 Col 62
959687286 Humiy 62
523203666 Hizuka 61
222811822 Hixih 58
438255953 Geq 57
638319234 Hezaqevi 55
120642977 Nof 52
236547661 Podeqofo 52
363304463 Qiy 52
682552698 Gel 51
488895118 Qesomil 51
389838017 Butahema 46
386077306 Guvusil 46
371686152 Bivofep 45
253191310 Dutoqod 45
387652942 Tupibe 44
773590771 Muyu 42
620348848 Gadowape 41
810063841 Datiqig 40
542935493 Pexudep 40
157805311 Fujufova 39
828940185 Dabizey 38
114090905 Har 38
322084910 Wajih 37
688867695 Xumusu 37
772381334 Ruhi 36
166236105 Zijuvep 35
136001354 Hulanaje 33
907993991 Soso 33
250189538 Wayak 33
207334342 Vomis 32
869643294 Ruc 30
117207219 Xomek 26
423603017 Mekaciha 25
301398615 Vaxo 25
968637113 Ruhehu 24
295461033 Piwahalo 23
173438995 Jocequgo 21
401855215 Kuliz 21
224125882 Vamac 21
67605712 Vixol 21
33351617 Butizi 20
285043998 Boso 19
195167806 Lutaco 18
34171490 Rare 18
730020879 Gaju 17
878133166 Leluh 17
774432760 Monukef 17
236757268 Nejo 17
836048063 Qata 15
735037032 Ganoge 14
753376208 Jomajok 12
986666617 Mazitidi 10
688191688 Pak 10
902027966 Qeqico 10
709477684 Fodiye 9
616584662 Fabe 7
392236795 Cefo 0
186145046 Wuz 0
