386789802 Dasiy 99
373791828 Supuw 98
59502878 Pereta 95
259998770 Wewo 95
730210364 Nop 93
611375690 Deyusele 89
890406767 Mub 88
655804164 Gabi 87
978757019 Qayok 86
918666758 Fafaqet 85
253881764 Kogecegi 83
146024518 Naven 83
646085363 Regete 79
527902716 Jefibuxe 75
341208086 Vuvim 72
814223450 Qarireh 70
538406372 Suyuju 70
953655707 Xonan 70
660963974 Cola 68
114257106 Zelulore 67
902100055 Haye 62
350321400 Pede 62
482943097 Dikunin 61
106512870 Bepufaf 59
315739970 Nitawaq 59
906887698 Gabetug 54
306016587 Kiyegiw 50
180259571 Wujit 47
325985764 Rukixone 45
793764055 Hikoq 44
990156473 Becuko 42
605332602 Sezozar 41
773162882 Cuq 40
889918031 Xuyujoq 39
231362810 Juca 38
203254842 Juqazuju 37
448494362 Semeq 36
212260644 Lofuzok 31
170675868 Zoguvalu 31
207004183 Huxure 29
929655090 Joqanih 27
155869516 Tev 25
953578272 Fone 24
324117057 Mayunuj 23
595208747 Yiyida 23
786373589 Caru 22
978852345 Nequxiwi 22
155345541 Jijoh 20
898281234 Qeqacaho 20
504016552 Qeqi 18
752091530 Wiye 18
39394474 Berapow 14
442964007 Wosuced 9
