727721315 Bevero 100
809300572 Desaw 100
352453420 Neqasuvu 100
811567446 Renesici 100
980833174 Kihes 99
703317559 Kilod 99
137192578 Lav 99
795766272 Naqiyab 99
841090295 Vovin 99
36362362 Zuko 99
82657245 Hotuduz 98
203108394 Qates 98
203255983 Zuveh 98
655383415 Biy 97
221932886 Huli 97
955683966 Sizoret 97
8907441 Tinozec 97
181052530 Vila 97
555094142 Xopevif 97
9096586 Gitu 96
66393699 Key 96
196909361 Kugahiq 96
371906853 Lahom 96
644108242 Qaziy 96
556195292 Sud 96
83563674 Yay 96
921794424 Zakisu 96
853321961 Hogip 95
646922605 Kav 95
965402690 Piwemo 95
90159071 Qoyobiy 95
147446759 Rul 95
971964861 Xamiqow 95
571996084 Yohecabu 95
877475769 Biticazu 94
360007349 Lasofo 94
503425663 Neyecida 94
609014250 Pabut 94
667894606 Pugemoya 94
750391870 Zezi 94
432914052 Bote 93
27133567 Dubisa 93
954014070 Kaluhi 93
928467168 Pawira 93
950658425 Qijo 93
300557943 Vezocuca 93
583030950 Bamow 92
532001103 Dovofoba 92
581513724 Fudifeza 92
841347962 Fufazal 92
838363001 Gix 92
817573336 Qusikisu 92
370833957 Cuye 91
708965049 Josasa 91
671396173 Jowedan 91
958247700 Kesiri 91
239387455 Vida 91
244481501 Yoxiv 91
392997535 Gom 90
153704974 Mokug 90
41281147 Xonok 90
781746196 Xoqice 90
753322093 Fubadat 89
254076979 Muta 89
181391255 Nir 89
354088124 Ritakise 89
213872327 Tac 89
761620437 Wevibi 89
328327926 Gijofi 88
773741032 Hecaji 88
342029245 Horoh 88
635653451 Rapi 88
622758959 Rokani 88
156584202 Xukuvibo 88
944319715 Bizare 87
849722694 Jise 87
974750762 Keto 87
551859997 Luyunaru 87
994243441 Suluvi 87
108556654 Xemovizi 87
591087250 Gawabaj 86
392028573 Hos 86
782655053 Juka 86
481820096 Nevas 86
823455216 Rusovu 86
968971143 Yiyazuhe 86
947153525 Gayeyex 85
457886343 Hene 85
187766413 Hoduyo 85
523419267 Koxeza 85
420038995 Sulosaq 85
531656240 Wiletek 85
260667013 Zegi 85
544687710 Bovim 84
415643514 Dohaqu 84
143525530 Hokowut 84
209892251 Maki 84
931512584 Poq 84
804871963 Tix 84
450677487 Vazo 84
840774911 Xugodezu 84
262100417 Yaq 84
676684939 Damatoq 83
220062842 Foh 83
424778876 Jase 83
633295661 Manebok 83
645157758 Qeyov 83
251080015 Rilefe 83
842658919 Rinoz 83
226146855 Xixa 83
109350399 Bop 82
191172840 Copuqox 82
654533672 Lirag 82
751327242 Sekahunu 82
803678884 Tax 82
67501314 Widecexo 82
451665209 Zapeta 82
901778814 Vis 81
706443889 Yoqi 81
694776199 Baximoze 80
848453423 Camu 80
761444619 Focuxeb 80
598154890 Guj 80
915147171 Kide 80
411657195 Maje 80
843356009 Tofobe 80
705774978 Dot 79
568661866 Jedisi 79
816685223 Piboxo 79
340263073 Texiroj 79
853688604 Zegiz 79
315697724 Lileguco 78
106784724 Rasudaya 78
508639984 Tay 78
836292503 Wem 78
534714958 Yid 78
486316980 Yifod 78
777924254 Baxajefa 77
111592475 Ciziqe 77
202299588 Gewirax 77
866523113 Jiboduw 77
396063833 Wobezo 77
776785788 Batok 76
967540926 Cefana 76
266400825 Goro 76
904515267 Qer 76
753090362 Roqiy 76
822526683 Rutomeqe 76
372194081 Xesejo 76
759320334 Bacohu 75
447295471 Ceqexaw 75
584878527 Finoju 75
451724459 Jila 75
854636448 Kocago 75
301142021 Komuyuvi 75
605638151 Lefu 75
631733058 Qesuqasa 75
624229161 Roqutan 75
932314951 Hixe 74
78501571 Juroqo 74
778266775 Legi 74
215873247 Loqake 74
86641556 Seqi 74
581622719 Tumiy 74
68760571 Xatovax 74
410148436 Bimi 73
435052628 Nuj 73
312210912 Qujozo 73
13235640 Sahej 73
980688665 Xikipi 73
119194132 Zanowovi 73
191221199 Culifucu 72
812405948 Hayofu 72
522845309 Juv 72
963756037 Miyoq 72
490161819 Noseli 72
840239281 Qeten 72
692341372 Rukoxa 72
594469972 Sivah 72
984999590 Sivorod 72
939861403 Veve 72
706997893 Wimeri 72
972148996 Gomo 71
393760542 Tahe 71
823505173 Tigizama 71
499442029 Xoj 71
10521162 Zomav 71
732143657 Goboyegi 70
877062520 Hutiwa 70
521686708 Jewuna 70
404507146 Pebiyaza 70
666585065 Yaxad 70
764887699 Cem 69
691401927 Jasumog 69
167354859 Kejuman 69
436582104 Nud 69
229332949 Picex 69
227565369 Qeruquh 69
379604172 Red 69
218674533 Vedituvu 69
897589201 Daget 68
731312488 Qamiqo 68
206996360 Woye 68
779929096 Gihagede 67
172219566 Zonovom 67
379307978 Hubo 66
253216504 Mipe 66
521343864 Sic 66
552903291 Tegon 66
141863027 Terucu 66
450468061 Zilake 66
278048066 Dunotada 65
563791084 Kirolab 65
753640673 Lipo 65
226614519 Neyacad 65
294096937 Sojani 65
122773642 Taza 65
810725132 Vihepo 65
719830982 Bikare 64
993280374 Dizegon 64
877837695 Fed 64
455640179 Fokusoq 64
903937620 Gawihix 64
118584802 Hute 64
698164788 Kolo 64
967900739 Lameyobo 64
286470596 Mipizaga 64
755293326 Nenos 64
638246015 Pepupe 64
702133000 Povurafu 64
390176675 Rebis 64
524834846 Sac 64
221158885 Tutayahe 64
990543736 Vibih 64
979330458 Bumof 63
452079695 Keqohi 63
865398037 Mabel 63
309407037 Nixukoro 63
674053255 Nuhavig 63
146797274 Pupaxoje 63
23309021 Qoler 63
622062752 Hes 62
619283735 Jaxava 62
82262947 Mugay 62
816858321 Mujaza 62
472778371 Raled 62
324086430 Tudu 62
82257563 Zoc 62
386058216 Jupo 61
493477667 Lawut 61
567962216 Naloguy 61
765782576 Takaqexe 61
556504638 Wop 61
677228289 Xof 60
45136216 Zuxotove 60
663498999 Fasijaw 59
612741206 Ketihop 59
488241868 Soweme 59
363319507 Tadudive 59
778957026 Taz 59
363233428 Befer 58
55105792 Raj 58
509143575 Wof 58
760305116 Lehokud 57
93976562 Qekaqofo 57
957945765 Tofade 57
970710031 Ver 57
585239375 Xopexig 57
612948250 Yefoxit 57
843403745 Dekopeja 56
132002749 Hiroxit 56
982700455 Ruv 56
506174774 Tuhuv 56
252949599 Vaci 56
634774041 Voz 56
788584072 Wobon 56
770677036 Xal 56
803062151 Yema 56
43781429 Cud 55
909159835 Fecu 55
323992041 Guyavu 55
117071684 Tubiyapi 55
991863841 Vavetiv 55
117083520 Vuda 55
894640761 Yuzemesa 55
851221102 Bus 54
395702259 Joy 54
240542019 Likowa 54
951798225 Ripunu 54
236029120 Viboqat 54
892820434 Bejuvomu 53
7531026 Kifef 53
527696349 Topew 53
752641379 Jukube 52
556168821 Ligonu 52
561018789 Ripuji 52
501168981 Sabedoy 52
268124309 Sok 52
539389714 Tepuko 52
809428954 Vivaqovi 52
821836319 Yigev 52
994929883 Fun 51
448094954 Kiseyu 51
377136061 Qavapox 51
50046523 Solib 51
275555531 Tupeve 51
362509444 Vuso 51
622470109 Fufada 50
132650792 Jecel 50
276496467 Rosey 50
652157198 Xox 50
129738034 Yij 50
647705549 Zamal 50
782828413 Jexaya 49
497312763 Kuto 49
10808748 Mehac 49
523708714 Hakic 48
41503168 Jahuki 48
558749475 Jawuhi 48
961218578 Narileg 48
91121622 Nesu 48
409121490 Qexire 48
374581851 Qome 48
772845385 Wobayuro 48
23600927 Ziwemu 48
224655697 Devegupi 47
262355106 Quh 47
396547675 Sigiqoc 47
43117770 Wipafok 47
319332435 Woy 47
778986211 Xolucone 47
38327408 Zoyimahe 47
730306128 Guwoq 46
261877331 Qosate 46
772710772 Rus 46
84380120 Sefijeji 46
140922174 Vapegi 46
591618888 Bugame 45
799049839 Cekuya 45
563118565 Gureyuta 45
632057884 Naqolo 45
426648934 Ninel 45
89779849 Reva 45
227484580 Timamulo 45
564149165 Wune 45
852585149 Yiro 45
375417449 Dak 44
807433800 Foluyi 44
231976135 Jiyobu 44
741814846 Mufetoq 44
590810663 Nunedohi 44
879103897 Qujese 44
300873349 Qukax 44
708526107 Sehoc 44
870847467 Viwaz 44
804373118 Cugetox 43
352888919 Japube 43
859634090 Jevi 43
680293862 Mafa 43
496864067 Mov 43
647271157 Munaquc 43
659189605 Nemakera 43
963627785 Sutusaze 43
650219194 Doza 42
267107590 Puq 42
905360753 Yud 42
685725793 Bul 41
143444370 Fiqara 41
585266811 Ganopo 41
908573422 Habor 41
94856302 Pilaxuyi 41
606589206 Bibenib 40
813210694 Borizobu 40
997605639 Dewidica 40
377678516 Mucec 40
725213959 Wuzodi 40
648702281 Xiqiw 40
807870874 Zutow 40
350032350 Gaw 39
597340175 Rujiwud 39
405931679 Vasiwa 39
631325883 Waziwe 39
691567974 Zedafodu 39
372239760 Lagixat 38
584486904 Coj 37
627099239 Duful 37
332318861 Modi 37
433599521 Pil 37
456137668 Tay 37
87216573 Xoce 37
123286332 Carok 36
448491787 Toyes 36
146693934 Buluq 35
882232773 Cepuhu 35
932242587 Josu 35
189533769 Keki 35
597182526 Sajudas 35
512935285 Caj 34
929044648 Gaketufu 34
82078494 Gune 34
755056261 Kux 34
879009991 Qos 34
238638207 Xared 34
865157746 Tebazuv 33
895701244 Xexe 33
609589324 Kegi 32
162145894 Nesu 32
243791923 Pof 32
197129896 Qufuz 32
633186772 Zeso 32
812697338 Cur 31
898331782 Delelutu 31
40532041 Duwiki 31
942903982 Famuk 31
863242044 Gah 31
418027907 Muf 31
769894211 Xace 31
347368192 Xis 31
776830461 Gataguda 30
908550237 Jizazen 30
229968814 Pumimur 30
877945494 Ratu 30
639248021 Rerafec 30
618229681 Riz 30
168727403 Rota 30
255755306 Ruwaz 30
933373161 Zicohe 30
58432931 Bexipi 29
594424576 Cobitozo 29
239404932 Dibokav 29
260746479 Roruriyi 29
525144537 Ruqe 29
304137245 Vewul 29
95323510 Yeg 29
423499805 Bokiwiq 28
529552303 Cam 28
820574404 Gaqufug 28
561193666 Gene 28
479663497 Jatoz 28
210526579 Kesiyalu 28
246693377 Tizaba 28
994689730 Zizot 28
918640059 Cuji 27
507863548 Mivata 27
941944211 Soziy 27
832348627 Bazam 26
774438219 Firejipa 26
816528134 Firokum 26
493923495 Hat 26
188315236 Latu 26
973667895 Siyemuga 26
885000886 Xafabadu 26
401869151 Xuve 26
79137861 Dacuw 25
68025229 Jidubof 25
295109001 Jotobe 25
147202842 Jucuqiy 25
877543325 Kakewobe 25
645860911 Milotidu 25
16241471 Mizuceli 25
679213138 Tim 25
382920211 Zodi 25
4366191 Zuxofehe 25
80411519 Duloh 24
166289664 Fogize 24
831843831 Lebiyet 24
315677569 Neh 24
676122224 Pululiza 24
326174204 Vuqa 24
43534114 Xapi 24
459490121 Ximiq 24
838106706 Xoq 24
138845756 Jenodu 23
67490605 Mem 23
492761947 Mozin 23
584795536 Ragox 23
1201176 Saw 23
693153357 Setesah 23
775711965 Vakeno 23
973853993 Xebakut 23
578987629 Xuru 23
479826170 Yugedoxu 23
563749284 Zeka 23
860210753 Zom 23
156604393 Zoq 23
709394825 Caci 22
988635692 Fel 22
129751792 Hugecuy 22
486608729 Qacijoc 22
982669254 Fetub 21
702819166 Kokoyeze 21
526481413 Yalunewa 21
999075207 Yigi 21
626602610 Yik 21
550535497 Yucihi 21
4318981 Zocireb 21
569834047 Gima 20
462027598 Guxaxeja 20
536922226 Jesecaw 20
546525877 Pigak 20
344254175 Tizoy 20
503093912 Xahol 20
935688934 Yotuz 20
436529932 Gajanut 19
84571650 Pay 19
196807338 Tuli 19
250966289 Juboyiv 18
352590455 Qibir 18
287541725 Qoxucawo 18
354183934 Wuhoko 18
78351406 Yozavef 18
40251390 Bejeco 17
129883962 Finih 17
662787072 Halumem 17
82672160 Mumo 17
247544378 Dop 16
345704365 Feresew 16
39074960 Hekugobo 16
164225766 Metilas 16
501677812 Pod 16
681470530 Vevon 16
216908221 Yum 16
740837011 Zip 16
83057195 Galohup 15
707945946 Mek 15
177638139 Xebaf 15
326675040 Yir 15
6623021 Gixu 14
449962300 Jij 14
534723352 Luxupi 14
810311889 Nasivok 14
400045944 Pasuy 14
45280599 Popuku 14
402523988 Suciruca 14
798659009 Kahom 13
231315535 Lamax 13
414347073 Sovulid 13
305127235 Done 12
534599376 Duve 12
10063531 Hasapo 12
330394960 Hivana 12
849831069 Januro 12
812387936 Jax 12
291805955 Lugesuc 12
147374912 Pemolep 12
142710926 Suwosu 12
216655620 Wuhuyodu 12
322410688 Filuli 11
572008639 Homoh 11
239145196 Qew 11
768873130 Rogirixo 11
706127464 Waga 11
274301016 Deza 10
340564582 Luqewij 10
863941462 Meke 10
983931646 Pipoqab 10
144489279 Pufipif 10
345117108 Qehogo 10
695129685 Xababu 10
737282171 Bemitac 9
941262281 Demoqas 9
748457676 Din 9
456362176 Gohihoca 9
164167248 Gorud 9
451821395 Huh 9
487483854 Peleh 9
82473768 Vosep 9
308581325 Carezi 8
936448213 Kuloto 8
54558778 Mol 8
238438261 Morede 8
225180515 Mud 8
815095890 Pugiwup 8
220005 Soz 8
409911650 Xidufiho 8
96802971 Xumuma 8
962462020 Zefiwipi 8
385161034 Ditikay 7
756856445 Kecamuw 7
16993582 Puxuvoti 7
112487312 Qic 7
760563014 Raduv 7
396294874 Vona 7
970014354 Dibigate 6
454214943 Jeloye 6
507841415 Kan 6
641379081 Kibuwik 6
361365747 Liwiyoy 6
17066145 Ped 6
459356640 Teji 6
945005145 Gam 5
186948258 Fay 4
684653980 Feqera 4
517313820 Gicac 4
850673399 Jez 4
235581393 Lamoq 4
151382568 Mileg 4
730921952 Rile 4
347228656 Zoyevun 4
327180408 Bem 3
739204214 Bomenive 3
35606359 Dabose 3
521455900 Dizuy 3
534827790 Lopu 3
571937718 Nowag 3
511250728 Pofojat 3
361321665 Robiwa 3
722582410 Tod 3
200101210 Jih 2
116135684 Newenexu 2
441278002 Seyekeq 2
630530126 Kayoqul 1
865735372 Mixuh 1
513466840 Mozus 1
679626874 Natu 1
809352985 Rojotame 1
391292696 Wezimu 1
853448749 Biwu 0
340680061 Foxit 0
622253522 Hiqikoye 0
62152155 Nine 0
716145137 Rivafu 0
558463156 Womugewo 0
