799748250 Cavuder 100
622553225 Doha 100
111093173 Duge 100
444735613 Nugipiva 100
829971336 Reboyih 100
670077111 Vufizu 100
367485268 Bakoguk 99
269339582 Cum 99
262428594 Fijofu 99
550730196 Gad 99
902894625 Kixiju 99
41604024 Migazob 99
803166844 Tuhaqa 99
522803409 Xuni 99
372064152 Yapuce 99
638404654 Cuyo 98
776852713 Has 98
199990558 Jeguyeco 98
573002992 Tox 98
968902456 Xuhov 98
94042794 Zakot 98
867450462 Hequx 97
534188612 Holudi 97
957841872 Jeqi 97
275572614 Koj 97
733202291 Miba 97
294075776 Seh 97
582502883 Wubu 97
61117765 Ficot 96
770935491 Gihonipi 96
464360713 Yoyeb 96
514683878 Bavawoci 95
440510149 Cohigora 95
973093377 Fujovug 95
904553618 Qepiq 95
6190029 Qokava 95
122755816 Xen 95
606755450 Dinunafi 94
509774491 Fudoxer 94
516470346 Gimice 94
681244008 Piy 94
397690626 Teyen 94
905894379 Ximakag 94
935879220 Ziqose 94
249768127 Saceqa 93
740215165 Sawem 93
630589814 Xijof 93
852394522 Gavuziw 92
629165389 Qolej 92
219776524 Wayuhiq 92
134827999 Fugogigu 91
625510981 Jix 91
540165387 Jixad 91
764550688 Nobiquko 91
479725262 Yivukef 91
112722439 Zuxe 91
973942320 Numez 90
585346641 Sebihewe 90
912439156 Wutov 90
900580251 Yedi 90
698935336 Lesejo 89
584126134 Luxixi 89
134752019 Popupub 89
94295488 Sox 89
378125105 Kaned 88
497866123 Miw 88
480509797 Qemi 88
237640940 Qopehu 88
706786178 Buc 87
152412839 Layu 87
405016332 Mexu 87
917011119 Miluluyo 87
161946508 Nahavida 87
908851008 Tiya 87
508341540 Hube 86
132277615 Dumiqufu 85
288994124 Ginobiv 85
125805958 Zulucoh 85
565047107 Cekaq 84
837851139 Vehof 84
167366970 Wuqivihe 84
38487501 Xehaxe 84
757843715 Gitoz 83
730375250 Lez 83
28834 Muwabi 83
279724720 Qeju 83
426914213 Luh 82
607087024 Tulewoc 82
746127235 Xiwiwog 82
422053327 Diwomipi 81
285484959 Jisiven 81
84930664 Tat 81
480921453 Tevafuyo 81
724527367 Vadap 81
689131893 Zovuqu 81
451657536 Domi 80
424402350 Fix 80
210192973 Muwot 80
628017891 Xupine 80
43959452 Bodiru 79
3182638 Wihu 79
646655804 Lavo 78
706264487 Nadahi 78
211597690 Vupit 78
166324265 Didem 77
339109838 Hewavu 77
301593212 Lopavito 77
68972398 Mejepe 77
954509022 Senerowe 77
443683419 Kevi 76
285966599 Lilajiv 76
490209068 Menu 76
688148814 Rajafili 76
556042704 Tog 76
302466082 Vinuro 76
49185614 Wul 76
86268929 Xoxutiyi 76
125009206 Zoyu 76
877833781 Beruzo 75
816656309 Binukux 75
890892265 Koqi 75
990852361 Pimi 75
946906933 Qoluros 75
779448790 Varitaka 75
829132599 Baromed 74
118539629 Gebuf 74
653985448 Hedebek 74
857881437 Korohid 74
788996565 Ninazuxu 74
821362616 Niqow 74
364476591 Qexuwu 74
300478625 Qikutoce 74
816247846 Ripujon 74
974628285 Citati 73
840073310 Neno 73
714181195 Zivoqan 73
853967405 Deqavalo 72
589727445 Halaj 72
463499421 Keqopo 72
371091932 Nupinik 72
996877346 Xehi 72
413261946 Yiwaraw 72
973379822 Zef 72
659466750 Laz 71
132135398 Loraki 71
30689876 Nojad 71
676840701 Bokisez 69
725470945 Muzin 69
214601994 Xufegoz 69
894115191 Zenoc 69
152601491 Fome 68
373656898 Jarikuha 68
131125637 Mos 68
207494370 Qararofu 68
809229039 Safewuj 68
250939886 Zacular 68
293111768 Gogiy 67
185965581 Kova 67
582465221 Tequlix 67
184022446 Xecuxoxu 67
318672966 Bey 66
744602158 Gic 66
27080523 Juqoraka 66
67178100 Livoyoz 66
834346657 Muz 66
748298162 Nojeb 66
510368917 Ragameb 66
594037480 Suxa 66
355042257 Tuwaral 66
224946751 Xoxoqah 66
388181593 Paqa 65
342502526 Dojofif 64
551518962 Konegi 64
652774714 Noqopex 64
441584044 Sepodiv 64
877318563 Vediya 64
641992907 Palino 63
756594670 Sipub 63
792549922 Vew 63
119072760 Vidikino 63
58974785 Bovoyab 62
597979657 Feget 62
950496697 Fogavetu 62
602658212 Gejoqed 62
624632981 Qov 62
354129351 Rayamam 62
596207869 Yagidula 62
262697299 Rugocuko 61
468677708 Vemavup 61
647144129 Veyayuh 61
795908604 Fawuqero 60
569505096 Gunu 60
151955074 Qozuf 60
373414996 Rej 60
553609475 Tifosom 60
443489479 Vuqeday 60
116725907 Xew 60
857024818 Ximemo 60
895340598 Xoraceb 60
224153051 Buju 59
676548547 Mayukog 59
968507068 Nehol 59
499294463 Piruroga 59
258893145 Rubexu 59
331487724 Henazuwi 58
162319970 Hiwaceto 58
873027315 Hoca 58
165786980 Kagejom 58
114079759 Pitiy 58
497509955 Qewuf 58
769710394 Voxug 58
695930922 Zuli 58
547640880 Feru 57
122142300 Fuxodes 57
4998469 Hamezuga 57
917667273 Novas 57
468908265 Qoreq 57
758137209 Gay 56
317009211 Kako 56
300456174 Xilasu 56
19621901 Butix 55
213586779 Cexu 55
671176712 Kahesuyu 55
648137475 Poh 55
221103385 Tifo 55
765611594 Vuvo 55
756256635 Wuyomo 55
718508535 Xewopi 55
898620875 Zobuqo 55
753251135 Cexamugo 54
208145897 Fotozeho 54
45528567 Povoyej 54
366946019 Sib 54
324255534 Tez 54
440746421 Vazova 54
25024020 Yiz 54
106001145 Zosac 54
265547842 Jiy 53
91684370 Leqiw 53
261428479 Vavehaxe 53
946306770 Xoluriya 53
561039599 Zebid 53
391771181 Zikon 53
760182549 Buhovewi 52
288967607 Cavute 52
900626079 Domav 52
496430080 Fox 52
447310844 Lahebip 52
739718820 Nehomogi 52
887212439 Nil 52
37586873 Qizas 52
107706307 Tij 52
672117013 Xaxul 52
399055085 Colaleji 51
132144152 Dotoy 51
81593662 Hus 51
692284113 Mey 51
874594240 Becafin 50
61404103 Fed 50
808785657 Mibigima 50
35945330 Soguwi 50
76921886 Diq 49
730733567 Dupufor 49
567497660 Gefago 49
664841287 Goku 49
681365202 Mebagedi 49
39409861 Molex 49
926767596 Rocaz 49
542574598 Sexe 49
706024031 Temuqolo 49
132077117 Vahor 49
3552972 Kucebif 48
990027466 Lafuxiju 48
943042951 Milike 48
333706767 Pajipi 48
205641208 Pix 48
180179327 Qajuhe 48
912822481 Heribab 47
937075711 Kazayoc 47
205298230 Kuzime 47
834952119 Lonov 47
759981761 Nezilome 47
29066106 Tula 47
197329533 Vaxuz 47
51077697 Xegace 47
11538613 Yavase 47
404258823 Zejovi 47
801476391 Zoy 47
538399678 Deyafer 46
272560215 Fiwajo 46
115469334 Hihobic 46
363835907 Jan 46
282608523 Jofihoqo 46
889111458 Lufaricu 46
245128083 Luqeju 46
590270810 Notaq 46
108894453 Podal 46
31324674 Furitu 45
370954412 Jodiv 45
760095220 Kazuhol 45
922940334 Lini 45
563034622 Mag 45
597166747 Nazipo 45
327471875 Xotine 45
831323043 Zukev 45
487207674 Cejud 44
192086307 Fevitaba 44
325605506 Giqih 44
752726158 Joces 44
258357500 Medar 44
685796524 Qoho 44
50603796 Quw 44
654392677 Rupe 44
683654926 Mobujun 43
690322889 Moyegi 43
737902861 Fadi 42
329028527 Qape 42
244368581 Qorejo 42
142388676 Tobudi 42
49847242 Zoh 42
208372898 Cerame 41
302100162 Dah 41
310929943 Goyuro 41
611764732 Lowoh 41
33070739 Nijiyu 41
947371550 Soyefa 41
443407508 Vunuvew 41
197307750 Wog 41
439682576 Fahanuvu 40
73773947 Magic 40
188003378 Tut 40
918359908 Vimuy 40
249418537 Vuj 40
21763611 Vuyocufo 40
751701513 Yegij 40
163479030 Zaz 40
267495796 Zodenu 40
488725087 Nuxi 39
633540114 Piyaziqe 39
487018853 Qilow 39
117744457 Ruv 39
997522793 Zekefiw 39
55749847 Zokimu 39
628171621 Hayo 38
473335147 Jusi 38
882520611 Kimisegu 38
642058233 Qegeya 38
843261633 Fuyehef 37
403513541 Jane 37
326559779 Kel 37
848656634 Miro 37
438213221 Xap 37
28674369 Xom 37
204707699 Bupuh 36
308500573 Civ 36
705330675 Cobu 36
655844192 Dewito 36
204392955 Rakoxita 36
735991278 Sigipu 36
916393557 Tilacate 36
768845311 Tip 36
211604370 Diwe 35
870066866 Fareto 35
417489916 Jis 35
580879138 Maguzan 35
367844421 Ridega 35
26338304 Xipinoxu 35
991793893 Zamezu 35
374361851 Haj 34
798213830 Wece 34
341459092 Bevutu 33
7541875 Biriz 33
681088064 Buh 33
139061645 Coc 33
241599828 Fapefi 33
467175072 Nipoweka 33
117360218 Piyetel 33
422512611 Tep 33
300948475 Vipoday 33
347784403 Xifupaj 33
171339822 Buqix 32
810988179 Buzejero 32
915939929 Faneya 32
513092351 Gusiyoru 32
54770502 Jeyem 32
480937017 Qaf 32
91408601 Romanu 32
48138724 Vew 32
371056630 Wixovo 32
126444794 Zisaruc 32
593137211 Disi 31
658169895 Qep 31
978698900 Ride 30
967116839 Tix 30
445318966 Veje 30
644692358 Yexoq 30
978768482 Yibi 30
119414838 Yumanu 30
816171941 Gif 29
891779268 Hejizo 29
795531507 Juxa 29
403579571 Necez 29
452589247 Tim 29
342090656 Kelow 28
381639759 Vaweli 28
652764638 Vumur 28
82956827 Cilukaz 27
364744111 Daq 27
660441430 Foyizeqi 27
30190066 Hihare 27
749322946 Suludu 27
512632154 Wilodid 27
853640264 Xawo 27
591103085 Cuk 26
371767393 Jirudi 26
118903492 Mipafe 26
46195105 Rome 26
194017823 Yaxuje 26
949604462 Debusoj 25
989686310 Yubiviye 25
592103578 Zomasoh 25
383187292 Fesunoq 24
29527364 Halisoqu 24
717687195 Jeyaxiz 24
821611555 Nayelic 24
819168620 Wuxok 24
878526082 Devawe 23
341536167 Dizeqe 23
5494106 Mep 23
954871046 Mex 23
435962987 Bove 22
102279652 Duj 22
96456286 Puko 22
672375546 Son 22
105439496 Vaguniqa 22
991190744 Xesegepu 22
506063363 Casovu 21
643439798 Fariy 21
847630036 Ris 21
682140748 Besi 20
376434504 Devawi 19
164511929 Yehi 19
330572110 Yufohim 19
544627095 Cevijoc 18
633393575 Febes 18
53148718 Fudoy 18
789614639 Gimuhafa 18
481703952 Hojitu 18
388815958 Niyoku 18
569246624 Pej 18
330769578 Puf 18
857078477 Puv 18
148063658 Qadakir 18
302402319 Qogumi 18
761383104 Bilok 17
447638512 Hace 17
202284514 Wob 17
964990228 Dayiruy 16
549703625 Halug 16
69529743 Mewewa 16
886633928 Qokoqef 16
632515778 Vireteh 16
827205118 Yabumu 16
247312070 Becat 14
451089509 Cesa 14
964727208 Qatile 14
360285103 Ral 14
340900430 Vapohoy 14
396757312 Laduze 13
22611351 Xasevep 13
563691594 Zoqi 13
266151459 Ker 12
124614532 Kipo 12
461074926 Nuputaro 12
793214549 Qimurut 12
636459826 Kuzap 11
288972894 Lizu 11
126730524 Luruxuxa 11
9872096 Morovefu 11
12629705 Nuyipona 11
230474121 Ziyez 11
199689527 Bico 10
808279573 Kozoyac 10
449913349 Qalufi 10
792726782 Qayu 10
751609807 Sapiv 10
915271949 Vove 10
645379614 Cetemo 9
750942165 Coke 9
321539540 Homego 9
313699019 Kuvi 9
150214589 Niwil 9
165789282 Vuwudolo 9
523981223 Wuxo 9
710786013 Covefe 8
362901788 Fiziv 8
255585250 Ludip 8
675457535 Qecemi 8
909720162 Vibo 8
249901943 Cazikoc 7
135314418 Civa 7
302054676 Foluqocu 7
389101055 Hizejamu 7
741730424 Telojehi 7
154339034 Waxov 7
327418460 Zisow 7
570610916 Gacu 6
360875662 Hiyisop 6
632899253 Pafe 6
338372419 Tuy 6
755454898 Xehez 6
721743746 Yesoguj 6
206438087 Zahoqa 6
625098463 Fapu 5
645070849 Gic 5
747431837 Juxepof 5
747138214 Koxugi 5
669658597 Gutotoh 4
709000766 Mogexu 4
5411489 Ruhu 4
814511836 Tef 4
177050192 Voka 4
131306578 Xayekoho 4
436671454 Buyos 3
251716941 Cahoxuv 3
900246804 Caso 3
799679980 Doloqe 3
778246854 Duh 3
939816604 Fuquz 3
656343368 Nusaguze 3
672881416 Pen 3
408315714 Pocod 3
659015853 Rarapug 3
914875610 Rerusive 3
447449667 Viraxasa 3
747475391 Goj 2
637963789 Lisa 2
588109088 Vese 2
450043765 Kohipulu 1
895543277 Pefe 1
155252433 Bonux 0
719493830 Boti 0
515378367 Mamobap 0
752974898 Nabe 0
298721459 Siya 0
599940548 Tiwarupu 0
