880893014 Cudezij 98
173236475 Fetat 98
100523059 Gukave 98
376418749 Hariz 97
497750050 Jeza 96
743403672 Yavuge 95
19882864 Kohuh 94
921414884 Faxehe 93
95232334 Tuma 92
859804765 Gamare 90
847715905 Ziwap 84
584455197 Tagekuku 83
384122630 Gopa 82
340718458 Lopuk 82
753854933 Palinuc 82
244231901 Xej 82
949187394 Yeguj 82
679354636 Yebifuv 79
856705507 Bojofagi 78
368421066 Reh 78
730948561 Lihema 76
791012159 Wafoga 76
723744909 Jowid 73
75380343 Hacaboti 72
639589532 Folo 68
642925991 Podixof 65
532072280 Boga 64
927165279 Reja 64
950666707 Rasinaxo 63
511219547 Bika 61
567508183 Casowa 61
210521030 Dufu 61
497208404 Lujey 59
581297891 Wuyaja 58
147491949 Coj 55
345542267 Nej 55
436573230 Lefu 54
619793474 Vaherok 53
748345206 Sul 52
891564763 Sapebo 49
331353415 Cid 46
732805887 Puhazutu 46
200312255 Teyusoxa 46
47299474 Palu 44
163552386 Sitaza 44
515187580 Lat 43
595959438 Qul 43
887132370 Vaw 43
729215488 Zecuwazi 43
838823543 Yogehe 42
260717543 Hegajacu 41
433687657 Xirozoyu 40
373486323 Kucewuk 39
783736460 Lozo 39
417336946 Keqamuz 37
833094690 Nomijewo 37
992316057 Najupiv 34
580719077 Yuzupune 33
914975814 Zimo 33
481062246 Remuw 32
435689140 Ximi 31
131305204 Xok 31
663546898 Kuzu 30
899959321 Sagepefo 30
583698538 Bubol 28
894427195 Daquc 27
382960979 Lewih 27
262818626 Noy 27
214718693 Cit 26
357543675 Jabex 26
462066223 Qodod 26
601665430 Suquhej 25
681138549 Torijuje 25
19820178 Jora 24
371074190 Fiqur 23
566431396 Zemobi 18
664624794 Lekonulu 17
744047918 Lohowiku 17
844883496 Xacexiw 17
64991057 Panavefa 16
391152258 Civa 15
490785818 Cohor 15
113118500 Kilagofu 15
871186490 Zopa 15
538571658 Fobih 14
486108744 Kot 14
742885590 Quqopeyu 12
726643654 Vay 12
793397608 Fur 11
810335607 Peku 11
198278410 Quyi 10
823056778 Vib 9
124700951 Diladig 7
296507103 Rojopa 7
970503117 Kiwo 6
359164513 Top 6
414772873 Bef 5
846890859 Fuv 5
794898408 Hiyal 4
71063498 Jaraqop 4
386171879 Racohuwe 4
235483419 Daqa 3
971664968 Heleh 3
80228380 Piro 3
300713798 Xoqe 2
736634608 Meyey 0
465105980 Reyo 0
619592268 Yofofof 0
