67423220 Fenuho 100
219233760 Resudinu 100
426325679 Bix 99
40984164 Gulutoh 98
956919571 Mocolu 98
210386305 Pih 98
676567037 Xowes 98
188719348 Wolef 97
411878175 Diwikifu 96
551003606 Totigu 96
900528983 Tetaxi 95
303454925 Duliqo 93
147819783 Tix 93
270963203 Qero 92
10802270 Vimiluqa 92
639898670 Voso 92
958408247 Coleq 91
36728283 Hiyikoh 91
909654046 Roduv 91
625050946 Wojihaj 91
667613897 Zos 91
679157356 Vigiga 90
318541601 Bilizac 88
187121141 Xosifohu 88
255096557 Siqiqupo 87
642270182 Qejehuy 86
969552416 Sotahi 86
384930073 Dizoko 85
316929767 Leviqivi 85
507625942 Kutotaju 84
508206138 Celop 81
112907668 Cisej 81
245681868 Geyemo 81
523108810 Yulanon 81
269580956 Bozuvus 80
778670889 Yalo 80
875202585 Yudur 80
609059771 Tizif 78
539296299 Yix 78
328654946 Hew 76
594337464 Jabokon 76
412196198 Lopot 76
659068217 Kobago 72
709715087 Ribigux 72
844040704 Famen 70
671315037 Vew 70
756732902 Suxet 69
331344955 Yonupoba 69
374195592 Mem 68
717795527 Pusot 68
648533670 Raqi 65
669545004 Somo 65
4083222 Pipu 63
93998717 Yoyowo 62
214538822 Cojapo 61
863468772 Hedahat 61
598306360 Sev 61
926151405 Zicowif 61
142651884 Yoro 60
590071912 Facehay 59
221704474 Met 59
471939769 Qidama 59
34114204 Zinic 59
665137673 Wopaduj 58
729127254 Keciw 57
494051807 Qijup 57
142715317 Xik 57
549591813 Saxeteda 56
973225119 Kibas 55
705260866 Qohucaga 55
677951168 Xupofu 55
968919184 Miso 54
342485444 Mizaj 54
221502208 Dabut 52
198688472 Lapeqeta 52
347826717 Wol 52
168737978 Nuwo 51
461641020 Nasaqos 49
652314353 Hojowute 48
492449072 Koyo 48
252636663 Maxu 47
93322515 Zubejag 47
283696272 Xizodoxa 46
392641096 Moyaxe 45
877939504 Qev 45
984099180 Koq 44
408578852 Taro 44
485451396 Zawateva 44
755096641 Goh 43
133847275 Toyafa 43
358141477 Yuraze 43
657643313 Kayokej 42
340634904 Paxi 42
314652157 Lil 41
65268613 Kusey 39
506001448 Ralur 39
621715470 Yuzujuza 39
521001977 Lajacic 38
534147021 Malipiru 38
31973769 Zeja 38
791749272 Qadi 37
400343072 Xijaxiso 36
578877062 Zefidoja 36
27414983 Dopidaye 35
46257604 Geranij 35
180646729 Lix 35
321477745 Jimeper 34
468917552 Rexeveku 34
5543660 Bejahad 33
575133479 Cucan 32
692176326 Dobaku 32
85558277 Setifa 32
822054948 Wey 31
406325383 Xevet 31
264532613 Waga 29
649035750 Fezixara 27
636109699 Tiqukej 26
753636165 Dimi 23
4340054 Kicuw 23
107378061 Nuvukaxa 22
696835055 Bafow 21
357553495 Qobu 21
652844498 Guca 20
307997229 Kuzun 20
748744654 Coxul 19
610856706 Dejajo 19
439050820 Xihik 19
851673540 Romoxolo 17
994580745 Xal 17
742127430 Zodil 17
386703276 Sob 16
643015404 Dalijeza 15
420251673 Dug 15
941172055 Tiqovigo 15
985656815 Yocow 15
854874645 Bogixile 14
789657258 Cugebe 13
950016960 Gotojo 13
204040816 Kihej 13
982027705 Levid 13
102467945 Wefoq 13
579768043 Bizic 12
835275996 Jupif 12
128827432 Wenem 12
621750 Wexilama 12
731221192 Xihadela 12
972748751 Yibax 12
726548677 Nusomari 11
239961442 Quki 11
157361392 Zaxim 11
856656296 Gakab 10
789924530 Xem 10
954554214 Cuna 9
206483401 Meruk 9
131941610 Weq 8
116304047 Kepomiw 7
176282648 Logufapi 6
736997 Soji 6
272711726 Wadek 6
719151750 Wovox 6
529015579 Lamilo 5
135785741 Qon 4
63263247 Kesoce 3
930862967 Vor 3
161896800 Bulat 2
58369597 Xele 2
153197423 Ciniwuk 1
745992860 Larewaz 1
553635985 Sude 1
885481186 Gijuh 0
900503525 Hilaliwi 0
129891474 Joya 0
858032543 Piliduru 0
390452963 Pola 0
801359822 Voba 0
