371818789 Bitir 100
990237606 Bujapovu 100
249876897 Halovew 100
934104845 Maha 100
756775795 Rifij 100
140067974 Tonotic 100
662811735 Hesin 99
146628405 Lahiwuv 99
91335515 Mut 99
597169275 Qujuba 99
443550154 Wopuzi 99
28981350 Xuqecipa 99
704616000 Cehum 98
583611859 Farayina 98
777017612 Giyo 98
752007134 Ravu 98
631537643 Ruc 98
17415677 Vidadoqa 98
807407082 Hapozu 97
192395313 Jepega 97
938664387 Kam 97
327482210 Lat 97
340942870 Meqozuba 97
520340020 Noyaj 97
791395573 Wecid 97
86148067 Zirokis 97
87196378 Fijos 96
13018375 Jemojage 96
994386352 Joc 96
941784799 Kefogala 96
132886 Lubohi 96
757928288 Mopebaye 96
182869460 Tikofuy 96
312148861 Fate 95
352647920 Foyasa 95
583451392 Fudirox 95
407873865 Joli 95
11943122 Tiyo 95
591819505 Vokekino 95
334422951 Wadosa 95
398365817 Pupiv 94
747321125 Qoq 94
904227965 Tidusuw 94
486791404 Virayu 94
857640315 Vohi 94
915804183 Giqir 93
922372066 Revub 93
431607403 Voc 93
151555874 Cuma 92
995071706 Toj 92
718904214 Xoyace 92
874407446 Yacudu 92
133782180 Zaxi 92
690362922 Zid 92
318127502 Bofisobo 91
649850618 Cixawopi 91
578057101 Holuquba 91
499695996 Qixenovo 91
496144237 Qofiba 91
450493552 Rog 91
627943547 Siqivez 91
764408575 Xorido 91
951430054 Zukojure 91
520193201 Fotaviq 90
663602616 Fug 90
148827345 Hewifin 90
420685912 Rexo 90
740634663 Vem 90
486682693 Vovoq 90
424424671 Wodapa 90
411396682 Xuba 90
505272346 Yixavuh 90
247421279 Cuzikew 89
54374557 Kuc 89
143875112 Luka 89
908444347 Nelata 89
237504831 Nizite 89
623708208 Pemiq 89
135122700 Quvahul 89
393222471 Rasa 89
69148567 Resuleq 89
390364904 Tug 89
169279609 Wihecule 89
397253959 Basohe 88
228318299 Famahike 88
918083518 Lav 88
920029941 Lazok 88
783157636 Mape 88
433658238 Qanano 88
778179657 Wodarah 88
619778992 Fejeder 87
427795083 Johogam 87
573972657 Roso 87
471594786 Xaguhape 87
563930338 Xex 87
366360182 Bukeji 86
464568157 Fojevun 86
611879926 Wima 86
881805710 Xov 86
587164166 Qemigod 85
722158985 Qif 85
493469832 Qoq 85
832553857 Vazaha 85
147021994 Bufamiz 84
921435246 Dedexom 84
857397144 Fad 84
263398838 Koj 84
427656906 Qomed 84
478500535 Tesaxi 84
967133588 Wemagaq 84
278829230 Xixowa 84
370879337 Yezeg 84
247529894 Gak 83
498158128 Jeq 83
769724500 Pimuhe 83
962462692 Wacojoce 83
826938782 Dawokoq 82
694083494 Fobosem 82
962200871 Jegax 82
483874258 Seho 82
852121673 Suyakuje 82
285142797 Laj 81
456520190 Sekorubo 81
339868139 Tojaco 81
646061865 Vibu 81
541475674 Vizaw 81
948175935 Xoxonaku 81
631240325 Zisajeh 81
176338776 Ganize 80
929284484 Laseze 80
711854268 Mugumov 80
829457044 Naf 80
566958370 Takid 80
768516660 Yezijani 80
888853974 Dizir 79
184109371 Kufuru 79
737408321 Reqivudo 79
677065675 Votez 79
693877687 Yika 79
941418591 Zugetew 79
557822641 Danig 78
724743886 Dehi 78
868381571 Nesupeg 78
524375189 Vadoxize 78
821792456 Zafudet 78
976658443 Savax 77
284397169 Wucosup 77
20029829 Zaruhani 77
540570700 Gaqiyiq 76
651026249 Hujoca 76
729406997 Lamaso 76
4836816 Luxi 76
636153184 Nepupiqi 76
156451911 Qaza 76
588723266 Tihunew 76
838865921 Hajo 75
490855665 Kaxeteqe 75
655490274 Kona 75
889916816 Pizezik 75
833850623 Pus 75
245473644 Qox 75
440339933 Sezur 75
843685084 Zeron 75
975574122 Dumame 74
387294329 Quzihoj 74
746388804 Sunoq 74
863881234 Virizo 74
875865767 Xufoka 74
276878677 Colu 73
67375710 Vewakopo 73
295685940 Yoqapan 73
674609812 Bire 72
178481075 Dapavi 72
927807123 Hiqi 72
108951919 Hozu 72
105323927 Qucu 72
570918533 Tijuwefa 72
886572131 Yugawuq 72
281864064 Cepof 71
952307737 Fufikiyi 71
682804636 Jeyuni 71
414314441 Noliho 71
836231564 Socawodu 71
853879939 Wenuc 71
838594440 Xatuqoc 71
449044547 Yeq 71
38007564 Diw 70
895302887 Duheg 70
74609958 Holoxi 70
917881301 Jab 70
599028336 Kuxir 70
429709493 Nos 70
783707557 Fahal 69
24221321 Kosadogo 69
263268110 Yaji 69
37523508 Buzinuj 68
565896040 Gayey 68
731161296 Jiwe 68
355716020 Yah 68
339104062 Faw 67
118529085 Jidolod 67
248526119 Kavuxafa 67
444349929 Nugajeji 67
367292553 Qeje 67
315279608 Qiyoq 67
101395467 Qude 67
973482062 Ref 67
155580932 Refeweh 67
298567661 Remekaba 67
212938415 Zidah 67
214393162 Bekewek 66
553343738 Geponeri 66
827182870 Lodogelu 66
136711540 Subave 66
833717957 Wuroxa 66
821889372 Zasari 66
518349312 Hohode 65
372765306 Nokawes 65
523044733 Ridowo 65
612192715 Xupaju 65
65557758 Yepa 65
885393228 Zuj 65
949007108 Jokunef 64
907420824 Manaveqi 64
288820568 Tequfedu 64
649461655 Diqe 63
622344333 Fiw 63
668930701 Hego 63
628294980 Mipehoh 63
9357621 Mozif 63
28044503 Qec 63
404890302 Ritat 63
319375331 Ruxuvomo 63
896107700 Wenero 63
311333472 Xuzud 63
54101632 Gimoriso 62
296286315 Jejifu 62
441345866 Lufe 62
951871225 Teso 62
647161058 Bedegoqe 61
557652982 Behupo 61
49275361 Cegem 61
48517103 Dizu 61
820206412 Hepojupo 61
439297615 Kuxiri 61
348163682 Macazo 61
214634330 Mowexuc 61
248289457 Tiwug 61
996425195 Yadaqe 61
290504067 Yudonuco 61
49112589 Ziquqepo 61
998693902 Zuqov 61
236065198 Buxenim 60
525137629 Kuvez 60
656478061 Lumohime 60
909142049 Quheciq 60
836964447 Tuqite 60
329737485 Tuqu 60
557375033 Haxecube 59
534428876 Nixeq 59
474011232 Pucita 59
978836257 Tuki 59
508216176 Veyepox 59
471033904 Wodu 59
201497638 Xapucaha 59
453281005 Xid 59
558688477 Baculenu 58
402137588 Cihaveh 58
82922539 Fad 58
892260145 Haruho 58
644648415 Hukuyal 58
45112800 Kezuyoq 58
254835198 Miqericu 58
727112970 Pafawude 58
452235126 Qazinewa 58
620064992 Vawo 58
910530488 Fixakan 57
417008570 Hawop 57
155458281 Kihew 57
93470556 Nule 57
306337797 Hicutiti 56
659822870 Muboyi 56
626283183 Pacojuru 56
483701900 Qifo 56
510560476 Cexuc 55
483187968 Diqohu 55
13172545 Potihij 55
472673357 Dozac 54
632418353 Giwanid 54
326449742 Kav 54
909815564 Ranagam 54
826940547 Rix 54
94704781 Zologuc 54
612629174 Zosi 54
287892012 Bozado 53
260555400 Gawiyimo 53
923621583 Ripim 53
290497776 Suxekop 53
502892711 Zimili 53
321738855 Julex 52
415115531 Kakukako 52
198455804 Lijov 52
535344145 Loyanag 52
109075892 Pobexum 52
689981483 Qonoxazi 52
246818484 Suq 52
22828338 Wituyig 52
924577708 Jivafej 51
613888893 Zadagema 51
918261919 Dit 50
360010829 Goxeco 50
487427961 Jepe 50
365159638 Menatow 50
159162651 Nelacot 50
549795972 Rukuc 50
555145419 Vagipu 50
254281938 Lugapa 49
547653977 Mol 49
1478297 Rakeda 49
157757907 Xomamo 49
75736393 Beq 48
26228646 Cafeyuwi 48
14115980 Mok 48
22246558 Mun 48
137956576 Rokife 48
566773544 Tebip 48
547511579 Togupese 48
363023027 Wowo 48
208938510 Biru 47
101103766 Muzi 47
84562049 Rive 47
947691325 Vus 47
834044622 Xipot 47
312428435 Faj 46
245758092 Jabave 46
448105728 Lay 46
887088680 Leleraha 46
65192793 Nuqi 46
630425495 Didu 45
686893109 Dobazi 45
961359332 Hicoj 45
947749376 Jubage 45
294579871 Kimu 45
301592030 Nex 45
353567850 Padutuv 45
515734062 Tuxuc 45
670164176 Yoge 45
341516223 Dixujaju 44
337843394 Fup 44
756653021 Joy 44
136776244 Rinile 44
902631229 Vinemex 44
246289177 Wesafozu 44
791513489 Wunul 44
471768199 Xatukizu 44
580927898 Coka 43
352077104 Qaz 43
845913767 Tegebagu 43
523887294 Vaxo 43
737866315 Xudiz 43
333016057 Yajina 43
559530116 Kavuj 42
372207179 Naxat 42
74967550 Qabeputo 42
510761303 Vado 42
784158828 Vala 42
458895742 Xaperuca 42
786905981 Xoyunos 42
387824421 Gunehibe 41
324638658 Higobaxo 41
137359427 Nazovur 41
84206498 Vecu 41
633051204 Xugajexu 41
209881999 Zonezi 41
176081442 Bemegus 40
935382920 Magesid 40
886893341 Xoyawaxu 40
738822137 Zularaj 40
627634600 Cukix 39
41662202 Dehulidu 39
590037904 Fiboka 39
582496030 Tivefax 39
570711413 Cewawe 38
806096116 Muwuni 38
89150592 Sumese 38
279992798 Yuvifa 38
657198857 Daquhew 37
729185704 Mibah 37
917296447 Toraba 37
750356368 Zojewaw 37
160561974 Jehiris 36
471459732 Kuhoturo 36
167095673 Kukipi 36
860342931 Yoy 36
585126843 Hacicaf 35
142759595 Qelivef 35
961335102 Taxe 35
758886770 Vafalibo 35
800363603 Xizeqiya 35
114737116 Yofu 35
145658270 Yut 35
896231827 Bedikeji 34
881150950 Kimolew 34
138251751 Nitujid 34
162168688 Quluro 34
133777584 Rulowuqi 34
14881347 Vuhup 34
13657176 Focutife 33
27513025 Lay 33
729183900 Pot 33
466790041 Puwugegu 33
846158100 Zah 33
802793920 Daciwu 32
704899421 Jateze 32
466954275 Jux 32
74613859 Tuluh 32
58404423 Yeyebiz 32
450030694 Fef 31
430974128 Gepam 31
272558291 Hus 31
238566099 Pud 31
178615295 Zelojodo 31
321426401 Zodoq 31
965942645 Badumi 30
737216293 Buk 30
731405927 Dirov 30
808333930 Gemogug 30
272149866 Goq 30
76620828 Guseqah 30
209077343 Huwomu 30
959565643 Lav 30
628399069 Nehezas 30
217824544 Peq 30
569363806 Togo 30
94511035 Wedo 30
70454800 Jitihoq 29
415960409 Moqanu 29
276995465 Pusipefo 29
966415176 Ximim 29
218153672 Besu 28
478920771 Dedolot 28
320039458 Gidozo 28
853009354 Mijiy 28
310778674 Qokub 28
147977214 Rolu 28
860734325 Zeru 28
703724076 Zol 28
957168855 Cucupe 27
964704372 Laj 27
173078415 Nepaveh 27
753045267 Paduqani 27
169249074 Pulite 27
35889869 Ruwitiq 27
303469961 Telopaho 27
990029513 Zinopa 27
791419383 Lahivor 26
991251033 Wakideh 26
996842014 Xiw 26
269666166 Yibi 26
82319995 Kogu 25
368119849 Komu 25
221733261 Now 25
81980769 Qij 25
955662130 Wequtam 25
705064043 Yojet 25
6901507 Lav 24
231072952 Nuyujidi 24
241595667 Pidubu 24
43403485 Jimepeq 23
546377474 Kanexapu 23
237417633 Por 23
145289769 Wuyixuya 23
185670210 Xuh 23
519115294 Cakuj 22
732555566 Hotuge 22
336814763 Meyici 22
997563789 Puk 22
186360532 Purofaqo 22
339668869 Bus 21
869227209 Gozud 21
402255403 Joz 21
446239272 Puyezi 21
640589316 Sowew 21
437938694 Cuyuxo 20
352309791 Fogeme 20
875705888 Kavet 20
447026842 Pojuy 20
410488132 Wij 20
465325809 Dup 19
42310754 Fos 19
322774185 Hujocu 19
567550737 Taley 19
702894869 Taz 19
415346954 Vucapuge 19
44441953 Bitogej 18
952394052 Jefeju 18
379177598 Kuxut 18
487017151 Lafu 18
286844012 Miroyuzi 18
106889016 Nogoquyu 18
744580344 Ripuq 18
871763191 Soyedure 18
583656977 Terov 18
442622566 Xuzuguh 18
23796564 Yatema 18
886708363 Yehuk 18
361350473 Yow 18
510202442 Zela 18
763772938 Fofe 17
626694366 Qoc 17
468214145 Xadiwaxu 17
208031682 Yowi 17
161148072 Zoqo 17
217440165 Gazutam 16
171243248 Gikona 16
983417063 Mimin 16
366783360 Tisaj 16
976944228 Firu 15
486729788 Luvolewu 15
431140632 Tegul 15
381736107 Xof 15
337429137 Paxuyo 14
852819572 Cijoc 13
711962119 Nilukeyu 13
826554511 Noheti 13
721383637 Qeri 13
963407655 Qileh 13
484508531 Dukoy 12
643402493 Guj 12
802081605 Raju 12
630927119 Weroqah 12
759576406 Cejiwoka 11
728146234 Xafah 11
14019720 Xafodiq 11
595534575 Hacotapi 10
492999042 Kicofiri 10
693757601 Lezuq 10
898360509 Neyotica 10
766144726 Sihasul 10
133421263 Sunosiq 10
737467725 Vepoweco 10
570599993 Xor 10
135147246 Yojuni 10
815143638 Bizihuz 9
283303905 Hagawace 9
351105768 Kazu 9
915729042 Mik 9
840045076 Qoza 9
647669060 Vonu 9
708005504 Wocufesu 9
661916165 Yezo 9
488625817 Lavite 8
189060071 Setukuhu 8
854563904 Xeray 8
969660938 Xutovovi 8
725031807 Yuvi 8
14360680 Zamo 8
370071860 Ced 7
797341877 Fugib 7
176408916 Giwad 7
135773151 Gulirog 7
501810995 Melut 7
245220090 Votepo 7
525443473 Vuwu 7
62279874 Yek 7
64773692 Busoz 6
467350421 Doje 6
423644126 Jopuku 6
377935405 Qix 6
87553904 Vus 6
468560695 Xifujigo 6
942559651 Yusivip 6
341596750 Fiju 5
92070645 Manafe 5
909812458 Pevoyoz 5
843296567 Qiyiqo 5
740474669 Woc 5
542717929 Xocu 5
135746468 Golusiq 4
999271433 Kaxudis 4
729732439 Nuhocecu 4
417541184 Pakijo 4
519835876 Fohubi 3
880269487 Hahame 3
380096279 Jahofib 3
546224739 Tot 3
258061376 Vijaso 3
413481763 Yevufuj 3
161876885 Ruxu 2
281998599 Tilanel 2
872752573 Vevimu 2
814638432 Cawev 1
42485199 Dawu 1
592902500 Fagopiho 1
434111522 Lanone 1
33327439 Lipib 1
944850555 Qon 1
920073496 Roxod 1
490454330 Zufawu 1
669660233 Jeke 0
748721431 Nujeyes 0
