214664336 Dawuniv 100
645609420 Juliy 100
236172650 Bucoko 99
590835948 Ges 99
814716208 Gev 99
915965988 Jon 99
871153858 Mequwiwa 99
443102261 Wimane 99
389351398 Yujefe 99
416620010 Cozec 98
330361635 Johow 98
752859179 Pek 98
787708396 Qot 98
698172516 Rijemon 98
891739384 Tepaziwo 98
828014861 Tupex 98
346095504 Vodij 98
926849681 Vucana 98
197328761 Vusoqu 98
825958639 Xaxutoce 98
835683346 Zib 98
310339281 Bejeqece 97
488428362 Fexuyiro 97
597830500 Fotozu 97
594918440 Gibuniki 97
319491428 Renon 97
156746454 Bobarob 96
652865441 Cojozu 96
702251809 Duqive 96
288941347 Fedufu 96
580532190 Goja 96
215021346 Lugecel 96
77660169 Nihenez 96
442279328 Vanefij 96
715889212 Yoqekebu 96
258281692 Zizak 96
337284116 Dovihapa 95
539519868 Meyatar 95
755943510 Nox 95
806466937 Yas 95
403085658 Cuguh 94
662401656 Fosu 94
767256654 Gojoteb 94
728118820 Hafor 94
338356236 Keyuci 94
917482422 Loluti 94
775187206 Vusayos 94
726382425 Xehakum 94
175232668 Yuqobo 94
119062122 Dizaqixo 93
268027283 Fiz 93
249624443 Jedon 93
149842216 Jipu 93
625822570 Kakup 93
571170159 Kovom 93
852500585 Nih 93
600684706 Dokeda 92
862695854 Gehatux 92
48101562 Geqi 92
197350521 Gororexe 92
536152936 Kaqet 92
938023409 Nazezum 92
974019465 Qevuy 92
41011661 Rejumis 92
675955404 Dowepo 91
214463743 Higu 91
254392800 Rafabej 91
408282053 Wic 91
175386793 Xicanuyo 91
604824983 Zogeho 91
798499938 Zoxi 91
566676924 Zuq 91
573334772 Bur 90
876408281 Daxecef 90
17728450 Numob 90
176908147 Qizowis 90
109027443 Qutavi 90
175363385 Raho 90
820196101 Sevalime 90
332536571 Torojil 90
937617109 Weqerohu 90
558191441 Zaxuyoce 90
603255372 Zohoji 90
851311268 Hed 89
354651761 Kih 89
643574364 Kuce 89
495319 Kuzaxa 89
55289848 Lageke 89
242718914 Mavutim 89
469982737 Nahacano 89
983206726 Pihuve 89
874996561 Toc 89
882081551 Verome 89
441831322 Yigi 89
142492270 Boq 88
666692442 Cek 88
60719062 Cibeh 88
203121577 Dapekux 88
259191297 Fizusu 88
143966467 Gaj 88
76305621 Heleyiwu 88
950128388 Mivonar 88
166048089 Qimumes 88
242301222 Qis 88
109371325 Ram 88
754935309 Vijivor 88
674970991 Xayac 88
179883340 Ziyiz 88
732868856 Cifuxep 87
333031006 Rav 87
949189675 Ritoruwe 87
509403459 Sibodeve 87
375713276 Vak 87
626854865 Zamujop 87
400873717 Kemi 86
761993416 Moy 86
870309527 Quq 86
550761816 Tolor 86
915661664 Zetonu 86
887482736 Jiv 85
469693484 Lavew 85
742445487 Lep 85
916355007 Mipit 85
726003519 Quhezuf 85
462992920 Zuxi 85
904880061 Fapipun 84
610515326 Bome 83
386327849 Caquke 83
525748082 Doved 83
283050669 Dowomod 83
274107420 Joseja 83
118020843 Kiporala 83
520424594 Kituwo 83
235322863 Latemop 83
446182181 Lira 83
669259006 Luvujob 83
582054543 Nafuze 83
488219471 Pul 83
178558097 Qozaf 83
257775643 Rivipa 83
235069571 Yiwafaqu 83
623730667 Cimeb 82
105450548 Difizuy 82
697055633 Gag 82
304462853 Joleveki 82
606383251 Juwo 82
266211197 Kodahiga 82
501494955 Kuqa 82
486207473 Mide 82
233141559 Nititus 82
812407642 Rulefite 82
785018963 Yuzoset 82
464546234 Curey 81
279149756 Dog 81
447085024 Kuwi 81
56540358 Mom 81
321848898 Roxalic 81
361853981 Wovuvoqe 81
654286851 Xujesimi 81
713282383 Deparozo 80
621547793 Dotuda 80
2578301 Dowicem 80
789878074 Kehitik 80
393330748 Lixayige 80
419570993 Seri 80
848054732 Sogidufe 80
371067341 Vafo 80
61889462 Xeseyiq 80
796360538 Yomazux 80
138475643 Biwiyet 79
347705703 Gibere 79
775104535 Kuv 79
241905484 Waxut 79
92769179 Zuxubuy 79
733192493 Cow 78
884787711 Dife 78
629943990 Neyar 78
538681781 Numol 78
997992595 Tiwore 78
312001082 Tuzewi 78
359797317 Cuhuce 77
118377643 Deduc 77
140365832 Keqimej 77
991993835 Puw 77
646392110 Rih 77
398938486 Sugeriz 77
144929374 Xorebafa 77
159645034 Luvoxe 76
39034354 Mav 76
168090705 Ribinefu 76
969640737 Wave 76
569098197 Xatafeh 76
532476512 Feju 75
951650750 Guro 75
172813549 Have 75
168011564 Kodo 75
208694527 Kum 75
59362367 Lufoguq 75
314258219 Neriyuc 75
798638243 Noragite 75
260514146 Saveweq 75
25595345 Woh 75
289712494 Zan 75
70434032 Zoxutom 75
44421489 Zuvuve 75
61666738 Bavidim 74
711171399 Kuvu 74
244267418 Qegome 74
269171359 Videlute 74
190891550 Vilud 74
55132404 Vufe 74
654452998 Cub 73
41198068 Dupa 73
341924040 Duvitako 73
345298853 Felip 73
710391663 Hed 73
167077411 Kedis 73
976796886 Lovahi 73
651518968 Max 73
842724076 Cog 72
124773901 Foxu 72
151956572 Huciro 72
867162611 Motuxeno 72
104656604 Qagategi 72
90392445 Qirak 72
106998176 Zegacibo 72
851647106 Bake 71
109243801 Hima 71
260506026 Mejiyowo 71
363467730 Pikepafi 71
923896707 Ceha 70
901466637 Jebi 70
830433744 Qul 70
55169240 Vib 70
154641908 Wijom 70
396538951 Yozafi 70
884785344 Yuhi 70
942886274 Fuxutoc 69
653824721 Genoyile 69
127336030 Huzad 69
327565489 Koxiji 69
240981790 Penav 69
403816166 Suvi 69
892485821 Wosixosu 69
237914656 Zopaju 69
269593662 Dahu 68
60615029 Fibidihi 68
631186386 Jetalu 68
79062191 Lunotak 68
651489698 Tuquqa 68
970644918 Bison 67
932407873 Bovi 67
824067833 Cejof 67
600592907 Hodusux 67
51602808 Kusonuke 67
818776798 Lac 67
446116216 Quvike 67
645724495 Reto 67
326706570 Wumazuk 67
806818411 Hahur 66
319023601 Juheb 66
77816768 Pivi 66
727069542 Viva 66
869312676 Wajoq 66
581908887 Xemije 66
428125980 Biw 65
599103758 Hazudaj 65
36219160 Kebabiq 65
129695703 Loxi 65
822816603 Racu 65
761846439 Teq 65
347035834 Vomexe 65
122986377 Xarapiy 65
996551999 Xude 65
5107025 Yamu 65
505672214 Jizomo 64
854476709 Kotutiha 64
990604800 Sudobof 64
668347233 Xaqujuyo 64
414844426 Cen 63
127054844 Himof 63
345763732 Kedoguje 63
777439367 Lameweli 63
387738725 Liditu 63
728848568 Tinup 63
760460138 Faka 62
897949381 God 62
428149524 Jawulesu 62
377932308 Kijeroj 62
144881981 Nupe 62
264590729 Ripu 62
885123592 Viyipuv 62
465642325 Hen 61
821600273 Rujolali 61
593388342 Yed 61
106463813 Yoz 61
956102113 Yupatox 61
142114953 Cugifico 60
101355439 Leweh 60
6365339 Lomit 60
826568933 Pixobor 60
714262304 Vexoq 60
129994734 Xuleva 60
969786670 Fom 59
152696158 Helado 59
377987473 Ximeli 59
20155443 Zet 59
79803002 Fapixu 58
827403535 Goy 58
217657174 Panoj 58
413964224 Qimo 58
387346478 Xizuxifu 58
658156019 Has 57
503562151 Hexuj 57
648895303 Huloy 57
741730049 Kokev 57
111874617 Kujiyepe 57
563885313 Rateqax 57
531712870 Rine 57
594436601 Sihov 57
675851702 Tewipon 57
316035179 Vodetinu 57
405238475 Voj 57
71656694 Cagan 56
907835591 Cazaf 56
359156264 Jilofo 56
161311129 Pazi 56
580861623 Simal 56
575456374 Tofanu 56
456352798 Vadode 56
68006544 Waso 56
993725664 Zemow 56
456034089 Zofujis 56
977304504 Fap 55
44574067 Gidage 55
87030565 Hage 55
500863781 Nus 55
175246367 Rufal 55
931625550 Sijipezu 55
180372120 Taloc 55
665702343 Vaz 55
33735873 Vuqureme 55
204299175 Xoquzoj 55
115445900 Yuhuyoj 55
445204880 Dut 54
584129222 Fan 54
14172997 Gajo 54
779260674 Kapu 54
414563991 Latemup 54
886212804 Pema 54
255745480 Risawe 54
113428280 Rulip 54
510044532 Seqa 54
467452520 Tuxi 54
96041560 Cabozo 53
495928918 Cepa 53
594942086 Mamif 53
445300617 Puvem 53
388478762 Yiwijuco 53
553285650 Yutan 53
955681871 Celoy 52
487252619 Dofu 52
980067175 Jixox 52
64365231 Maj 52
881830288 Miv 52
326637962 Remasu 52
733637005 Xuxazo 52
255586868 Dupa 51
566242952 Fedixos 51
595665425 Fedufim 51
564152645 Gomavu 51
78822578 Kor 51
568800362 Noboxeh 51
966595849 Piyozasa 51
573388853 Sey 51
436769936 Viceg 51
843921405 Xajar 51
452734138 Zuz 51
106304349 Bivox 50
421963524 Cab 50
135345245 Danulol 50
447775533 Det 50
234373779 Huv 50
346481120 Jug 50
948558347 Sayad 50
977880179 Sud 50
562180516 Tic 50
946349252 Deke 49
558846944 Jemex 49
945524785 Kaw 49
449060146 Maheza 49
103328693 Mediwuw 49
668288171 Qeka 49
298612120 Riw 49
525859225 Sic 49
438607431 Sujo 49
146276628 Sun 49
970768244 Vobula 49
490706843 Xafoperu 49
574197002 Beval 48
435594941 Dezinud 48
58570304 Kedaq 48
430073063 Kohutu 48
205827139 Molorof 48
542063752 Xaberi 48
380276223 Yuwige 48
251036913 Zufowowu 48
669711322 Bemiv 47
127973826 Gusipuh 47
796302690 Neviciqo 47
872960308 Qasa 47
219074201 Qekomud 47
834512144 Redahufa 47
249142927 Tepajin 47
992803131 Wigoreg 47
297913188 Yirosay 47
798395569 Zayudi 47
86465960 Biga 46
437986779 Gesi 46
80278823 Sota 46
856584174 Tavisehu 46
867213858 Tofi 46
967878040 Vatu 46
991806266 Xex 46
854922096 Yudek 46
626489922 Dafi 45
15811322 Deqote 45
488004626 Hexako 45
373803048 Nud 45
603618986 Rayeqege 45
556449092 Tulipalo 45
217934948 Zavikohi 45
553714562 Bavah 44
423705104 Caxo 44
589698780 Kay 44
775825772 Kutapo 44
463993636 Qov 44
465866785 Rahirule 44
212230043 Sidigak 44
731508721 Sisijade 44
653943160 Tupuw 44
869868751 Xosigosa 44
941812438 Boqiku 43
706916382 Dumoc 43
174223318 Gijipa 43
75435832 Giluy 43
99917857 Keto 43
517942983 Marifav 43
365179691 Noqe 43
744740307 Piwopu 43
336662841 Pow 43
431531647 Was 43
249353185 Kog 42
18451998 Lohugaqa 42
511907000 Nefa 42
490810919 Nusohoyo 42
274388182 Wujoza 42
211165744 Yolumiz 42
618936325 Lepav 41
596111903 Loveto 41
906245950 Patoze 41
184534275 Ruwenac 41
970546081 Teke 41
148929500 Dayidac 40
283168490 Finafaz 40
456063452 Guxi 40
264380195 Qesije 40
886450344 Rac 40
300618904 Reguf 40
368342584 Yidibivo 40
246914620 Yoyi 40
871843806 Fic 39
407333085 Gonahore 39
456618441 Mudotoqa 39
470831724 Macev 38
644885793 Nalelaq 38
816726637 Vove 38
141113038 Werafeta 38
91796071 Xaca 38
738346912 Cacofa 37
23774324 Cafuvu 37
581084806 Kudef 37
666875311 Sewoy 37
633938975 Wiy 37
105512281 Zovufaxi 37
584425854 Diz 36
138725766 Hadomequ 36
292920570 Reva 36
719376646 Satolug 36
245969963 Vedarit 36
154959740 Vis 36
379288973 Bisudov 35
43528096 Cugi 35
788533019 Divoya 35
874171057 Fesuko 35
777693780 Fod 35
972620372 Futufodu 35
161437992 Hiketow 35
815183384 Homu 35
384170293 Hozekaz 35
119002616 Yagac 35
120931370 Beveno 34
276943237 Cuceweg 34
319097096 Fahuni 34
228246954 Giseti 34
151453087 Kaqotumo 34
247998943 Meri 34
478200970 Negimeme 34
734526154 Pew 34
841032532 Pile 34
942491507 Ratez 34
857311495 Wev 34
705337118 Weyem 34
665674794 Wuy 34
967777026 Yaw 34
985645856 Yusugih 34
631846432 Zene 34
434477815 Buhiseji 33
467532830 Cozipexu 33
381417831 Haceruk 33
907422883 Jasaka 33
967136159 Kawiziki 33
773746766 Nay 33
29590488 Pevobad 33
576008313 Vegu 33
684473988 Vobo 33
374377064 Was 33
721073960 Wefe 33
625628192 Wekimod 33
121306741 Zavuki 33
739915494 Butis 32
975078751 Lala 32
984461559 Qoga 32
624138794 Wunu 32
107132571 Yodi 32
350889087 Fiw 31
974673968 Kasib 31
745400910 Lohi 31
325006965 Mavoyu 31
439027325 Tiw 31
372967340 Guz 30
661789812 Hix 30
824263462 Paseke 30
261704567 Pufo 30
514571497 Seqiqobo 30
36771971 Xunaz 30
972400017 Dahonas 29
830265864 Juz 29
238015603 Pimas 29
366233739 Tosuv 29
922404655 Vomiyito 29
530307876 Vov 29
440406595 Xugu 29
38973997 Yubesexu 29
302044442 Huqe 28
349201354 Nireze 28
108059739 Qizexi 28
379864292 Cedacipi 27
548482944 Harab 27
494691802 Juj 27
257945043 Kedoju 27
944877194 Kovotay 27
343023731 Mul 27
198858458 Favugu 26
406299439 Katopu 26
19022883 Sunizok 26
360202682 Vajik 26
116692143 Cataze 25
749320700 Dap 25
495425840 Ligi 25
503090155 Lugusabu 25
388566433 Picu 25
231595621 Risaxix 25
962005099 Sataf 25
528236992 Noxulim 24
190440331 Biva 23
209734752 Kokaluk 23
762242798 Linivok 23
894847585 Toqici 23
1452227 Toz 23
453294485 Zozegoq 23
290322656 Noyisu 22
773747494 Nut 22
491870409 Rafusoyi 22
891064518 Top 22
688620070 Yuyice 22
581664708 Cuge 21
147738236 Haxohaga 21
385004912 Mufo 21
834045167 Neqomot 21
949715913 Sezobuyi 21
654965158 Wanasot 21
705552683 Wut 21
945876907 Zohecoku 21
554762045 Zoqaw 21
480038256 Cic 20
244789337 Cojuri 20
179583525 Nehap 20
247784057 Qagetux 20
217568606 Rewu 20
77374370 Rigexefi 20
58813646 Teg 20
75499220 Vuhuw 20
432688998 Xiyav 20
124988823 Dulox 19
907541356 Gerip 19
449886621 Hudon 19
672882451 Rubuwuw 19
260233724 Wakafimo 19
997267359 Xugafaj 19
455245372 Guguz 18
984829441 Hutomuw 18
448144204 Nebej 18
257077254 Periq 18
139346170 Tokak 18
827252693 Weba 18
575644840 Yaf 18
132801424 Doneyoc 17
40300815 Gusinune 17
571639600 Kag 17
308185313 Lides 17
627337640 Mowewivo 17
766382698 Qiku 17
531767910 Weja 17
496918885 Nabutan 16
689570513 Qibe 16
240650505 Saviveh 16
425570888 Soxaxir 16
420370584 Tafe 16
703615211 Wazaq 16
58509050 Cawu 15
503450505 Gus 15
724579777 Mibucug 15
897165652 Qoceyelu 15
554006009 Xusu 15
368932995 Baq 14
569706733 Div 14
822392276 Lowo 14
100342413 Pedas 14
641139173 Vavic 14
555628224 Wug 14
563012568 Zoxesabe 14
849645941 Bekos 13
350738851 Buyigisi 13
828163429 Ceyus 13
9935425 Jabokuye 13
842906316 Jure 13
514575583 Nelocona 13
989610535 Solawo 13
611148265 Wayaf 13
709902779 Yuwucugu 13
106567678 Zumapaga 13
945018784 Babipede 12
863871690 Capil 12
719530312 Coyo 12
379315211 Gowupo 12
192984736 Julonel 12
881966548 Mabetej 12
755018287 Meb 12
863877822 Mihufu 12
218321326 Ranuzod 12
145161348 Tozefilo 12
847261784 Hiv 11
640094505 Huye 11
882708691 Kibiyay 11
192912159 Lodevoq 11
419344492 Pul 11
720364766 Woxomih 11
49681014 Zavom 11
358771806 Cij 10
823957003 Deziwoja 10
524039468 Din 10
346324881 Heviqa 10
486764534 Liguwu 10
521784101 Lomu 10
304377846 Raru 10
117521209 Rudum 10
674382782 Solalat 10
726621503 Bed 9
918115870 Jutuz 9
998463762 Pib 9
884222119 Vafi 9
205034300 Xojireta 9
709468673 Haj 8
712384592 Kuwawu 8
348574565 Luze 8
94925206 Nerewoxu 8
260652379 Nifeniwo 8
20541405 Qayefih 8
685780816 Wohugo 8
731431670 Wutina 8
211489368 Yehicaj 8
705024080 Sujeji 7
559188153 Xas 7
689022153 Xijuyoy 7
527552181 Dijofema 6
4943253 Doca 6
170569780 Hemo 6
350453891 Jepavu 6
199628079 Qil 6
515458188 Qinaku 6
398842354 Sop 6
621061087 Wiciluy 6
677773088 Xudud 6
998229060 Ziwubu 6
58031252 Bajac 5
751197906 Beqo 5
471840605 Fiwerab 5
908716329 Gowuri 5
967985758 Losixax 5
64334887 Mesegigu 5
675666073 Cuy 4
575597433 Gaqukoy 4
463696334 Mit 4
538054178 Xikebiw 4
934211593 Ziveke 4
34418284 Jabaku 3
210734240 Lupume 3
723631483 Nis 3
59630101 Pelu 3
750036328 Tigun 3
929012222 Vij 3
123309646 Yikoga 3
337292745 Bajemik 2
73581950 Dezilec 2
258717809 Duyudecu 2
231711356 Fovu 2
872608201 Qero 2
585608326 Sanica 2
282655230 Fuy 1
166083603 Koc 1
558239791 Liworeg 1
217788797 Rusovi 1
764700538 Bag 0
415594646 Cavuy 0
944363562 Guneto 0
749345070 Jasa 0
277954396 Nutume 0
545070090 Rihizepu 0
524738004 Vicezu 0
897359474 Wawak 0
