946320659 Jof 100
807693551 Kedesute 100
334087389 Kosunucu 100
496255371 Mosi 100
613009600 Netaco 100
379693977 Pucuy 100
795942210 Red 100
385953982 Sowehu 100
31075185 Hizovinu 99
577964158 Wawoxu 99
307599156 Wusupeq 99
336852880 Zot 99
464471077 Dev 98
845234755 Fufamuw 98
876055839 Kevoco 98
447886880 Ter 98
135021236 Vetayexa 98
205342862 Ficebami 97
15719830 Hagote 97
160930767 Lanu 97
529511019 Milufiq 97
231128785 Nahi 97
621795699 Nuzugipa 97
918846 Wiru 97
341301375 Xaqixisi 97
146120201 Zub 97
992743148 Befohi 96
84425749 Ciy 96
393288906 Cosel 96
282812945 Geg 96
517474124 Gekoqo 96
646779608 Kobace 96
660210689 Papon 96
358344264 Qaje 96
297210329 Zokod 96
839102906 Fay 95
848022282 Qejeyeb 95
96902096 Quku 95
144125266 Vinabu 95
356435586 Vinow 95
23647458 Vol 95
560740612 Yunuwire 95
929493772 Gimofu 94
870404568 Gov 94
550403887 Qever 94
219546910 Qujihiku 94
799183560 Tirixe 94
281142528 Yewo 94
710347162 Jifoya 93
848498691 Kome 93
301923065 Pifota 93
850842629 Pujebe 93
905722750 Zap 93
391177978 Diz 92
713857562 Docuwili 92
231137637 Lijufuxu 92
485903732 Somakeya 92
354609968 Wub 92
826040971 Jaduc 91
237270736 Miduyezo 91
409363332 Qicapor 91
234870905 Jubecu 90
780392743 Gafo 89
321577759 Hazozabe 89
642425688 Jef 89
902420290 Lapim 89
536533358 Miduz 89
368965771 Mobe 89
55063061 Cosow 88
503727578 Jaze 88
653842125 Puc 88
294631932 Sipiti 88
542698138 Gafop 87
204135647 Gec 87
348423307 Xawu 87
312392363 Yoza 87
105825672 Cegu 86
89596659 Facariw 86
335464541 Hafu 86
27977735 Quvekoru 86
352625644 Vocojumo 86
946846276 Zay 86
618766947 Buca 85
621032281 Fus 85
944866209 Vuyaxat 85
19245306 Zibogoka 85
917135059 Ludasa 84
19295341 Toze 84
137258674 Woxuja 84
78251243 Zudu 84
32934849 Donucit 83
679326746 Fuvudowa 83
546515872 Panuvigi 83
527417925 Sofabap 83
900963357 Vozimal 83
692721562 Gewuwowo 82
119021072 Mezem 82
195457483 Mutoh 82
987144955 Way 82
157023815 Zunucebo 82
553048020 Baqux 81
891530634 Cizah 81
184355037 Fiqiba 81
732249243 Mihi 81
452534755 Rib 81
140699206 Vizofu 81
37722881 Wopikep 81
561488891 Xehotu 81
260966805 Yac 81
869902542 Hoz 80
530288725 Wope 80
49315638 Xaqi 80
99271742 Zot 80
754175179 Meqikeg 79
655292131 Zuj 79
330853133 Ded 78
928918480 Fegera 78
18226712 Fon 78
691529437 Gilim 78
416523067 Kanome 78
382365424 Vudarera 78
242436965 Waxawovi 78
286056076 Jafe 77
128193293 Mibuq 77
199028221 Nivuye 77
417132954 Teheqosu 77
650838171 Zaqowu 77
995229669 Zedekuw 76
185755493 Zucuyey 76
34213324 Merih 75
840123164 Muvavoc 75
455607500 Paqojec 75
852477742 Daqibo 74
213954370 Paviqabe 74
575421062 Yodaduw 74
404436335 Giliruy 73
401772259 Dekayage 72
726999417 Fiwuwaba 72
621425434 Jifalo 72
807397159 Pet 72
428810749 Pix 72
643647940 Zen 72
727604929 Cekik 71
875805122 Pelejaq 71
371028713 Qake 71
720029824 Yobey 71
135581660 Feraq 70
155087366 Tebipux 70
533607523 Vahurabi 70
201553923 Nog 69
305288461 Buqisu 68
837509156 Quko 68
834393302 Saf 68
361297504 Wihe 68
243690500 Lokimam 67
566451661 Rowusoq 67
644597925 Weyi 67
894825772 Zekoq 67
326945154 Falah 66
378643611 Mihot 66
745989667 Risiri 66
808927328 Viyaxur 66
71155810 Yuqov 66
711437607 Ban 65
493089720 Nobev 65
712287351 Viqokiy 65
509137874 Foni 64
828664328 Mol 64
687263133 Qeq 64
433933146 Gas 63
143862057 Halon 63
135860065 Kegayabo 63
10243765 Mureso 63
615132398 Sajareh 63
557966267 Tuz 63
781989567 Wir 63
883572649 Detekut 62
305684215 Poqoziso 62
953418554 Sim 62
645249570 Tegig 62
113448849 Wideciq 62
59152218 Xatoma 62
90721448 Xihuquse 62
723972489 Yoxahe 62
277221646 Zih 62
173209180 Berareha 61
577191779 Buxaga 61
673552901 Nevowi 61
933751607 Pegisis 61
602755937 Yotodo 61
343125487 Xiqopowa 60
469269580 Xozadola 60
209772335 Cewede 59
622774980 Qox 59
275887141 Rawesi 59
684817488 Tuhebo 59
556580692 Veha 59
825827796 Wuh 59
414781218 Xido 59
520628547 Xupiji 59
217569958 Peniqi 58
104084592 Qujeso 58
280706508 Veqala 58
961295890 Gewap 57
266287997 Guq 57
722956232 Kibo 57
816716747 Qoferup 57
673655910 Zidel 57
160380586 Canij 56
442690307 Guy 56
622393244 Jabesay 55
226510121 Konewah 55
620303472 Necukez 55
81935488 Wofekoti 55
89868337 Yojakaz 55
949573190 Cotisol 54
505774992 Gamelepe 54
375942922 Gol 54
885348149 Hom 54
230627632 Tipinopa 54
263989974 Tuha 54
635914243 Xuloder 54
618231429 Yez 54
416823133 Pebiq 53
502364846 Wemicac 53
830782991 Yasa 53
208065431 Bafa 52
721078372 Bumas 52
252587992 Daqozeno 52
891619522 Haliwira 52
865605942 Kutiyude 52
717720709 Lid 52
553814355 Tuhekima 52
231875381 Wer 51
349846271 Yebehuso 51
404804169 Hox 50
295865940 Jafa 50
459714350 Lazucin 50
943621594 Ratuyu 50
372306238 Xama 50
707648837 Bajajag 49
64122015 Jol 49
392940373 Miloje 49
534545019 Radi 49
151126659 Xop 49
901761562 Zaseyi 49
988920948 Buvijixe 48
939282964 Dape 48
773879513 Dizes 48
880260191 Noxebo 48
842568739 Nuresac 48
143038355 Yiyumaq 48
680621341 Cavege 47
477978342 Deli 47
542264366 Keb 47
653796573 Mukiw 47
420082970 Povomiw 47
687015667 Vacu 47
811160850 Vadita 47
98215252 Lev 46
29677546 Rosiwoma 46
884001413 Ceba 45
632566789 Nis 45
391699239 Dud 44
233215925 Qanem 44
579100029 Zip 44
460497973 Gocayat 43
881133104 Laneraro 43
251615374 Loxisuz 43
893834590 Qobipela 43
622481621 Vedaxe 43
533629077 Yim 43
592635452 Judu 42
741764156 Kasop 42
237612552 Banot 41
401830316 Rajupew 41
58380317 Rayaqeyo 41
832412097 Rocap 41
686681065 Yefako 41
337092408 Bidi 40
664592926 Hitux 40
570896580 Loxoqiqi 40
517224843 Vicogij 40
622846635 Ziguhoji 40
597531463 Zubani 40
455596805 Cewa 39
408269319 Kahicuv 39
866337508 Tidil 39
227673266 Bosupo 38
89683490 Dizefab 38
825707904 Fubulifu 38
648847064 Hoduk 38
257698230 Jaquyeq 38
470462654 Jase 38
359663553 Cagibov 37
403433648 Divi 37
809980375 Guripah 37
86486297 Kogi 37
733366755 Mur 37
625441335 Wil 37
803981856 Yodi 37
475429044 Bef 36
324071938 Sidan 36
196108618 Cavo 35
46817889 Fecexo 35
817199541 Foqudiq 35
258400091 Gipopa 35
573382459 Kis 35
734051919 Lema 35
909941158 Nav 35
724372057 Neb 35
340620964 Rixocu 35
913630777 Waqubop 35
3775148 Dojihula 34
496163479 Furevo 34
431542502 Tuw 34
724146137 Zamobek 34
499131333 Zonudo 34
194431593 Japag 33
871110320 Kufo 33
900132666 Pak 33
189928912 Qaw 33
949103260 Bezah 32
500028287 Doyopup 32
807405413 Gibot 32
104165098 Gijaq 32
191307780 Zijev 31
627729739 Juyev 30
394089802 Kohane 30
586490328 Taki 30
963570416 Xurul 30
758808052 Geyezoz 29
889854515 Mux 29
232724102 Copubazo 28
859613375 Cuwiko 28
443067868 Fek 28
926393996 Huruju 28
728535195 Key 28
444062085 Lafidigu 28
933014256 Mobaretu 28
676654124 Vikove 28
992466579 Yadi 28
112586319 Zehawibe 28
339620736 Jagatar 27
814499194 Kep 27
270513100 Mob 27
642559239 Napasu 27
525411130 Nox 27
647531105 Yohoveza 27
888774889 Giregeq 26
933231775 Lujuyija 26
499083212 Wisonaj 26
706396041 Wojinoda 26
364794598 Wut 26
897254211 Xukiwavu 26
890324040 Yizili 26
969305825 Zajuyabi 26
951690289 Zatalu 26
931277739 Jadoy 25
665436521 Pir 25
249463515 Biva 24
697348581 Bukiguc 24
570171801 Dopudomu 24
936450297 Foqog 24
45473508 Hote 24
816758262 Lumehax 24
310342277 Mikihaye 24
101937256 Nifu 24
177529567 Wow 24
485897740 Yadun 24
587616096 Yewud 24
981816784 Hoyexox 23
916561386 Mufofi 23
479601010 Vegage 23
430380805 Wogasalu 23
8524465 Wowoy 22
123398731 Besol 21
947940646 Kubuqulo 21
629353037 Revicira 21
813173544 Tehibi 21
698416129 Nule 20
774295157 Savu 20
166262395 Six 20
721377947 Kuwoda 19
928266202 Qoti 19
86444556 Sake 19
102161861 Deju 18
273923464 Qokaz 18
468130267 Sigacox 18
308085642 Varezi 18
1199548 Vinupid 18
501067773 Zuvejaj 18
667904965 Fem 17
183544018 Jicomi 17
198274772 Lexuyig 17
149784194 Nixu 17
675821587 Zuveyax 17
532228082 Jaguzi 16
54320883 Sej 16
845042923 Vodo 16
982361927 Jiqana 15
759412285 Kagigeqe 15
167378849 Nitapodi 15
142186543 Petis 15
454340344 Yifazoma 15
360438581 Gubewi 14
415526477 Jujakof 14
802770721 Mekek 14
110161407 Morodi 14
298353150 Sira 14
156844800 Worovifi 14
709376700 Gukazi 13
726347052 Kegewiva 13
811329059 Vesikom 13
305016302 Gucol 12
959237307 Jawa 12
970923843 Lab 12
444159810 Net 12
131167592 Tebap 12
246031838 Zividiv 12
948425019 Mif 11
193181881 Nice 11
106456878 Qomi 11
813300551 Wehifi 11
637566879 Zonasa 11
786472353 Zoyar 11
348693571 Feqa 10
392799045 Gigujeda 10
469507956 Kirika 10
76932188 Hetoso 9
221109666 Macajovo 9
672528447 Rayocek 9
129271389 Turamoyi 9
305038622 Yofilof 9
7559039 Dowuvaq 8
683441392 Gezomi 8
770505346 Gus 8
973813321 Quqakok 8
592745168 Zepo 8
920324436 Fiz 7
187283788 Qifici 7
776789225 Rakibani 7
183388977 Rub 7
958061901 Vozira 7
20503332 Wodi 7
387250767 Cubudisi 6
6738476 Dep 6
624749338 Ditasi 6
139193136 Doju 6
917472721 Gato 6
533447479 Hosuz 6
722075317 Qavariwi 6
406623663 Yadapiq 6
955723158 Belap 5
348221207 Fayehuwe 5
652696331 Jabutig 5
449821329 Kexogu 5
984180670 Nupi 5
168750665 Siy 5
258999202 Vas 5
505706094 Bosus 4
593293411 Dudesube 4
49562938 Gihixog 4
495043237 Lerazaf 4
893425929 Lif 4
897608057 Wevesuc 4
730116939 Fakus 3
828632096 Fiwav 3
203256178 Jiqozeto 3
83223528 Liz 3
988535812 Roqayur 3
347643686 Wimon 3
828118457 Cosox 2
688208681 Mozume 2
49768340 Vopoka 2
95635801 Xiz 2
270211508 Cuyedewi 1
55197566 Heyi 1
479527892 Tug 1
281321036 Woniye 1
167968935 Bayuku 0
1914189 Xice 0
