830193728 Biqen 100
405714994 Cibabifi 100
59046712 Comeper 100
203157238 Gaz 100
229188954 Lunomebo 100
280263686 Pode 100
244619292 Tawuqilo 100
679901230 Yavijab 100
343094917 Yisek 100
28313610 Cejavar 99
685819893 Coyot 99
473657507 Tikelequ 99
15566927 Witulala 99
81236006 Xazo 99
884751753 Xevihaw 99
653897615 Zaxoxov 99
476380955 Ziforaq 99
790888166 Baf 98
788327782 Culipoma 98
720792080 Juvevo 98
353401402 Kipij 98
710311658 Lerov 98
944980318 Nuwisoha 98
366362642 Pivi 98
957629412 Qapizep 98
339486151 Qibovi 98
684952807 Raga 98
970952556 Zumenop 98
302397432 Jehawuj 97
375776804 Nayujeja 97
290541782 Sej 97
909175750 Vapivi 97
19944273 Vexupec 97
430173902 Xixulo 97
792363369 Xoqol 97
390802881 Jesoyi 96
433718636 Mumelala 96
363466020 Nanun 96
630352125 Qenop 96
972031537 Qezit 96
433170149 Redarel 96
542927142 Sehesa 96
13448611 Widu 96
652820663 Xaho 96
473501550 Yut 96
186412789 Zayezobo 96
922195470 Dowo 95
231880227 Puj 95
91614714 Suke 95
19651831 Tola 95
610279468 Tujira 95
103884650 Vamep 95
800524100 Woxoziwe 95
306845897 Zoyafap 95
403230168 Gaf 94
183531410 Gaq 94
634357392 Hefabiv 94
211966599 Pineru 94
217564018 Ququs 94
638034243 Rigiqe 94
202325304 Riv 94
852881874 Waruyu 94
344739630 Xiqe 94
543640881 Bajo 93
301219318 Cihoveqi 93
606422955 Dulujeh 93
657836173 Pacujeca 93
353699571 Pamucaxe 93
2720706 Sibahi 93
401292388 Dapowic 92
675824127 Gah 92
277437574 Guqobiya 92
83546996 Put 92
869919116 Qom 92
634129785 Wiw 92
253928190 Wufir 92
103813779 Zarene 92
258244461 Bamezita 91
456375451 His 91
949036422 Poj 91
738697096 Qexulew 91
994086771 Quqikote 91
257251399 Col 90
314066994 Deb 90
912830242 Tezure 90
446660236 Xiva 90
578040362 Yozocaq 90
360524141 Farafaro 89
801543993 Hena 89
332009698 Hizow 89
5001876 Nexaro 89
34782343 Qas 89
781560206 Qogaqimi 89
680677858 Xerejen 89
657727086 Pavex 88
563754512 Pofohon 88
189229232 Pudu 88
417417373 Vexukufu 88
346784822 Cotume 87
480301131 Gif 87
499489030 Gusokaza 87
80815067 Hexujetu 87
313935017 Kizofo 87
108588948 Wodavewe 87
971100828 Wolos 87
431316839 Hajoboh 86
136110458 Koleyup 86
962936544 Lisay 86
218798317 Pohat 86
151964084 Qorotubi 86
947708438 Sibe 86
481505245 Vubexus 86
172292021 Komare 85
383559848 Nere 85
726995700 Xevage 85
38304931 Zupukajo 85
673696550 Febimog 84
576932146 Feruko 84
275014285 Giveso 84
929844801 Juroz 84
236201173 Kalonu 84
749734583 Numukes 84
46006022 Sivoqeso 84
531958343 Vacuz 84
334423904 Wajaq 84
629736079 Yeda 84
746067389 Bav 83
143752314 Fiqic 83
930531599 Kad 83
727076787 Mika 83
33766397 Qakazoh 83
924522856 Toh 83
993816024 Zajahi 83
254542830 Ceb 82
205811344 Fugan 82
29293694 Hulifuno 82
848702794 Huyas 82
267013135 Jojakapu 82
575134214 Nasim 82
426111512 Podijal 82
559870363 Qin 82
274779104 Tamagozo 82
980111222 Vazile 82
5919396 Xoxohaga 82
964649323 Yemuhu 82
386202818 Carelasi 81
257290327 Fiwiwec 81
42675461 Haganeb 81
889424323 Hano 81
766290953 Kope 81
231492459 Maxavo 81
285845999 Mufuqu 81
866051560 Sicoveta 81
311924582 Vajux 81
994189420 Wora 81
755812201 Xocal 81
768298847 Jipipo 80
724850803 Mana 80
994080169 Mecavi 80
224488422 Mom 80
32756425 Neqa 80
100878527 Poqogu 80
194081663 Taye 80
206477558 Tuhuce 80
97034997 Volujuvi 80
509738286 Yoqu 80
552416822 Zebedel 80
596211520 Birezu 79
910153017 Cogeco 79
648194150 Jet 79
14234839 Pitukic 79
943452583 Riguhuhu 79
240505702 Riyog 79
502902974 Veruruh 79
446516591 Cogi 78
452782535 Gexet 78
190215248 Jak 78
334585235 Rumopod 78
486845319 Taqigax 78
964007876 Tepi 78
438580146 Vovis 78
591789421 Vuqalese 78
961132737 Badokugu 77
931877176 Baqinod 77
714709953 Bawaqiv 77
108881557 Cah 77
558339707 Dis 77
401461230 Hudasovu 77
199926955 Leqinib 77
742135307 Loqizeb 77
549542434 Miwegi 77
752533985 Sipedig 77
27221914 Tiwono 77
510848318 Yoneru 77
272691751 Yuv 77
968552422 Curopawu 76
815087344 Haluk 76
483208251 Hiberan 76
866931509 Qaf 76
885726768 Qozac 76
391853665 Vimaz 76
368140028 Ximimeli 76
531874074 Cebap 75
811361771 Doxisopo 75
135607701 Kabutowa 75
396504397 Pen 75
247706499 Pupa 75
291737045 Sur 75
358260379 Tis 75
975852595 Tunih 75
639313127 Xadaba 75
305396684 Xoxah 75
954992671 Dexozo 74
129972296 Guhovavu 74
384396296 Jido 74
108039292 Juwate 74
823953046 Mexife 74
919866961 Mifube 74
953480367 Moqetih 74
453165368 Ponehav 74
927831054 Savuqisi 74
143949265 Setofa 74
766058034 Sokuw 74
17456420 Wasekevu 74
742783512 Weco 74
648960043 Funac 73
546418500 Jeb 73
657157945 Jiquqi 73
958927986 Kuy 73
512043056 Lete 73
476969749 Levelux 73
754755600 Pum 73
661881332 Qicuj 73
104072106 Qukubiv 73
994286980 Rum 73
210179077 Tiwujaf 73
803788076 Wopil 73
255777499 Yane 73
377740159 Zumip 73
46644801 Baq 72
505376827 Bus 72
455337976 Cotohin 72
792776679 Gosa 72
904319363 Mezohobu 72
626977659 Rerofu 72
407456319 Temomam 72
746289517 Tovo 72
740710955 Wekaq 72
342964950 Xacequ 72
603892839 Zadijena 72
799641759 Cusole 71
780082765 Geg 71
811541907 Hicafoz 71
940875647 Lam 71
456557482 Muhujaju 71
837743489 Qijubo 71
492560382 Tefeba 71
173363559 Yifucim 71
754973659 Dokuha 70
917599311 Jof 70
7618312 Keled 70
966212182 Nuvefohi 70
215380750 Qowi 70
13493227 Quc 70
496559199 Quku 70
688952468 Remamaf 70
781660702 Tebelaw 70
424561035 Vojoj 70
569208789 Ziq 70
487926533 Doraxicu 69
209150166 Fuxugof 69
678724503 Huw 69
606163621 Kaziseyu 69
177420828 Niqi 69
590939586 Siviyag 69
242210269 Vuzaza 69
323492396 Wokuf 69
2859053 Wozi 69
734600123 Beta 68
853046633 Bezezod 68
128278828 Fiziz 68
257616382 Hujod 68
40695852 Jocatofa 68
137323158 Juqor 68
437348076 Leqegaqe 68
493960426 Pibukiw 68
486299939 Puzitah 68
96384407 Qiwa 68
391974578 Qusa 68
942118580 Suzezew 68
844329371 Tule 68
878 Wolavu 68
136919202 Cusaq 67
218257600 Fupuzeb 67
949484612 Gicid 67
315483435 Gof 67
784611107 Lon 67
997016488 Pado 67
37442255 Xocowuc 67
343474053 Conatiho 66
666358808 Ley 66
981852850 Mawolu 66
8023211 Mejob 66
118850983 Qejiqumo 66
821260945 Qiz 66
601013122 War 66
195867654 Ceq 65
976255808 Fuboc 65
509280080 Hesap 65
631495312 Jokoyeja 65
132541109 Kumis 65
984363121 Telulah 65
704984637 Wafabi 65
334695400 Wapezay 65
317660785 Bun 64
77052561 Diceweqa 64
86952553 Dopuyu 64
425020023 Falix 64
632977687 Giweb 64
76599101 Muduyiqe 64
946464724 Mukeqe 64
401399241 Tiq 64
67344298 Viyivecu 64
323209891 Wazo 64
423809718 Wosa 64
726510791 Camo 63
426618343 Digepuk 63
107786641 Juxom 63
165998367 Kus 63
928656371 Lipum 63
547858727 Nim 63
405557964 Yewe 63
950545227 Yowob 63
987764481 Zopi 63
797607814 Codate 62
501265202 Sifuyuf 62
88052777 Xacotiv 62
423484736 Dusu 61
232455167 Jatoyu 61
605572066 Kolutuce 61
112353925 Puw 61
972631713 Qipived 61
280300411 Rotomat 61
729323317 Satereli 61
858046250 Virox 61
618561556 Wez 61
232223151 Xeyuwa 61
887478150 Yuq 61
107253580 Zeci 61
788819238 Duj 60
843574032 Duqa 60
399670328 Hixuqo 60
22020858 Kaso 60
343988312 Niba 60
411144815 Nohimay 60
390936558 Rac 60
435807589 Rata 60
61529117 Raxomay 60
728946664 Taroruy 60
7013545 Tujilaxa 60
902023868 Wez 60
655077260 Zuhozez 60
629408375 Cimijusu 59
773414199 Genew 59
694132996 Hej 59
112773686 Kub 59
484718971 Minakoj 59
221398080 Puqoma 59
789654714 Tok 59
308149509 Cihe 58
411465387 Fugom 58
199049958 Pilofe 58
558913911 Piqagu 58
199201842 Ruboka 58
917012498 Selegude 58
875074621 Sifepi 58
511584677 Tuterawu 58
178219603 Zosi 58
228967033 Femiw 57
342238966 Fireceyo 57
327107780 Gekexe 57
725702443 Hefu 57
231614574 Huqono 57
219950909 Muji 57
337195802 Qeq 57
571094282 Some 57
259121775 Xerozi 57
973798661 Zem 57
832423621 Gome 56
193676152 Guhij 56
294296999 Winoneg 56
262443301 Xadasax 56
784207847 Fajic 55
93301109 Lukakik 55
29045237 Mukaxe 55
711445523 Pusi 55
414966284 Suqeyagu 55
585967528 Tewugi 55
661535781 Vopusik 55
92382473 Xoyasas 55
373567588 Xukawa 55
890599745 Yakojas 55
582436289 Duzopot 54
443616794 Juta 54
726779459 Vux 54
508432904 Weliw 54
775115126 Wugu 54
171927866 Yoka 54
564443353 Zatagub 54
638611216 Buturav 53
709131215 Celoj 53
490563019 Kece 53
537819074 Kiso 53
492444797 Serono 53
864572703 Tebudasu 53
909956876 Ziyise 53
158431479 Dicav 52
204349946 Fal 52
784284441 Kizezuge 52
678426060 Nuyeguh 52
228193453 Zav 52
692513243 Gapi 51
833071463 Jev 51
315756476 Rogogowa 51
837932533 Velif 51
460930108 Wiruf 51
398080024 Xode 51
672730093 Yos 51
713001689 Denoke 50
350277656 Gigahipu 50
316921843 Golu 50
164240367 Hehigi 50
793509433 Hon 50
16197126 Kufokugo 50
647476190 Rotizey 50
964936002 Walo 50
52940134 Xata 50
86355779 Xatuc 50
777241751 Zosaje 50
226543006 Diperi 49
984879698 Dosuzop 49
985327696 Fotecu 49
243254960 Gibipow 49
720434934 Hikucamo 49
398362241 Mepa 49
870389663 Meye 49
780737159 Nucoduho 49
620114589 Veranew 49
923844023 Yeg 49
590907203 Zam 49
402058967 Cujupah 48
582391689 Dusalo 48
166917924 Hot 48
138701968 Lidanuq 48
376113001 Mawozi 48
717663867 Riwo 48
419690443 Votamami 48
463710878 Dayufaji 47
590980631 Gebok 47
797780433 Hiy 47
531275449 Huz 47
768567916 Konazeze 47
814676880 Kuqe 47
62248855 Letefo 47
146282486 Netet 47
512538493 Topemoge 47
830373252 Boca 46
87922246 Cicem 46
469380497 Gagevib 46
781541230 Gufobopa 46
916704666 Juted 46
688397302 Toq 46
638922778 Toriluxe 46
517672769 Hajerif 45
343874580 Heboye 45
346091768 Jox 45
713703916 Kemuqe 45
358682740 Kewofiso 45
340687009 Maxazex 45
952508302 Tebapudu 45
393028581 Yofiwu 45
137935255 Bav 44
207155179 Fuguwak 44
948999213 Hej 44
728999618 Juzuhov 44
394340481 Lebijo 44
602962700 Luveyeci 44
810350458 Yusaxir 44
333280079 Caje 43
873176090 Cefer 43
334985530 Leso 43
650477225 Memetife 43
339310283 Ticehoy 43
429917698 Tinu 43
292567826 Xonirowo 43
822574328 Yuhula 43
394547852 Zakazev 43
958788524 Zoqa 43
122210756 Cay 42
648280908 Gekawozu 42
737664200 Geyiqopa 42
537196562 Hoz 42
566311682 Jayitoke 42
541201576 Mij 42
396093142 Nurobay 42
882836685 Qoc 42
680285671 Rec 42
691074247 Veg 42
913481959 Wuzem 42
59844787 Fupojocu 41
506207894 Gadivoda 41
522865165 Jamupoc 41
181709589 Puho 41
416605215 Qunecu 41
587693460 Yiz 41
216410224 Yufedolu 41
929597485 Borediy 40
194593536 Din 40
454282761 Foru 40
687461205 Jireji 40
6699214 Qavem 40
157545108 Qurebih 40
224477904 Vufom 40
533786626 Wehokowu 40
511010142 Yob 40
867314997 Des 39
61554706 Foxufow 39
990305764 Mupa 39
518350519 Nerafi 39
582002354 Togoz 39
437406962 Wunoz 39
563170626 Xeg 39
405886576 Zif 39
663441608 Cuzuqo 38
978909570 Jufepab 38
23483952 Keravo 38
933135446 Newojow 38
723127343 Pesi 38
691265811 Qupiniw 38
74262141 Rijuqefi 38
699784018 Sim 38
965297986 Taku 38
9017239 Vale 38
962678353 Vegubop 38
510177135 Cizivotu 37
917396788 Lem 37
85744628 Loxaqubu 37
630512052 Qiqe 37
721886826 Qohuhoy 37
486095146 Xatiqeb 37
653040869 Yomen 37
140714895 Yumavu 37
427903332 Bez 36
983526625 Ciwokaq 36
16540194 Cotasanu 36
507535069 Hojepigi 36
810358101 Hotemaqo 36
568937275 Sures 36
281667588 Tevoro 36
34514450 Tojih 36
161743163 Wixekizi 36
672367879 Zelo 36
801795776 Ziv 36
525891846 Fixedo 35
526590646 Givuw 35
951590863 Mut 35
534582840 Nec 35
578272470 Qezoqul 35
396270191 Siyutopu 35
783223693 Tanu 35
18866235 Watilofo 35
213068011 Zikube 35
663787195 Goqu 34
19998681 Gowol 34
203917639 Haluzofi 34
452325556 Humivob 34
636347009 Jen 34
787084566 Letucub 34
169289127 Nise 34
193374696 Pexeg 34
356668304 Piyakowu 34
101351934 Puqopof 34
357125385 Qicugov 34
61326388 Req 34
279812160 Serud 34
500428591 Xeve 34
895222671 Yez 34
9990212 Gikobuco 33
613170431 Gup 33
28160063 Meyi 33
545245849 Nilet 33
442746130 Sexe 33
972473831 Tukebel 33
649949159 Tuzo 33
964124923 Yibihume 33
440807909 Bilud 32
550892645 Cayu 32
130842945 Cod 32
355947062 Curo 32
691684334 Firofud 32
189284057 Hos 32
911499720 Hujif 32
888696137 Jaxiwode 32
570430791 Qelut 32
875334252 Qixuke 32
926879273 Supo 32
947287354 Degekeqi 31
182600085 Jedeniwi 31
418993003 Naqapudo 31
363060124 Qaq 31
435556004 Zerava 31
871581571 Goriqej 30
208071514 Hoqasiqu 30
615615259 Komafe 30
496469178 Lewe 30
898001845 Mawigipi 30
73025295 Mul 30
215651849 Tovoruba 30
610505901 Wuw 30
889385285 Xeyiret 30
931145252 Xuh 30
819167420 Yurosipo 30
44318168 Jam 29
23346728 Kuzoxe 29
413505832 Luqil 29
799049910 Nake 29
635070440 Pequxi 29
24510081 Seneboxi 29
802557020 Xidu 29
555383963 Cax 28
466815934 Cij 28
326851242 Jahaxu 28
871500387 Rika 28
248729890 Waduwuv 28
927924845 Yoyu 28
883341787 Bilukiw 27
493363512 Ceq 27
344507613 Damupeb 27
896446695 Hafe 27
273242715 Hojapu 27
131144393 Lama 27
315101761 Navefi 27
105311094 Qoh 27
864358597 Resegot 27
506847870 Sene 27
459838104 Sewesugo 27
526880366 Boci 26
803972776 Cemobor 26
142486991 Cenazaho 26
483952192 Cilifoje 26
761236546 Dazo 26
191925610 Dicorer 26
629321157 Fetac 26
270873693 Hurihi 26
552458477 Kudobi 26
810230107 Bejosad 25
234298926 Hukuva 25
615317079 Nesutib 25
65976784 Nub 25
214312862 Puyeqef 25
270704409 Raz 25
930174906 Rohu 25
489137060 Xuqovi 25
732669672 Yemopod 25
391077387 Zesuku 25
807965291 Hanono 24
996014147 Hogoden 24
662768517 Jan 24
944408265 Macunaz 24
424502576 Noj 24
394023312 Pocaxa 24
686800632 Webegab 24
484483922 Xahumowo 24
703103855 Yajuja 24
283206505 Dal 23
579219727 Feyug 23
100776273 Niw 23
537495611 Porapuyi 23
124306121 Rofaq 23
884974890 Vilejoy 23
467268784 Yijabiba 23
790394835 Dizo 22
99077164 Ketabas 22
715167915 Mivi 22
460783515 Tet 22
537801472 Vic 22
544146912 Vuqe 22
483054805 Zeda 22
270118224 Zegip 22
635087268 Duxeqan 21
628248490 Fozihej 21
638494019 Moh 21
536177964 Niqajoma 21
80841774 Ruvukal 21
992235360 Sup 21
138998708 Vifiva 21
951766982 Vihowazi 21
318347842 Woz 21
450696096 Cemi 20
415710261 Koc 20
409858217 Noqo 20
665719894 Rihi 20
228790570 Supibiru 20
536224506 Tequq 20
920914085 Vuda 20
122649855 Yekazelo 20
886694308 Yiguvor 20
225939996 Dadi 19
821053769 Gono 19
384486100 Hodosa 19
907691764 Jasegoya 19
368535665 Keqemali 19
216134375 Licezo 19
129381778 Reqatoti 19
104851192 Xolorozu 19
256476024 Xomeya 19
403215681 Zenarale 19
721111712 Cim 18
999815715 Fovug 18
93858004 Mimawi 18
824031262 Pafera 18
517173590 Puki 18
753906680 Qul 18
654059020 Ruhirix 18
36290753 Socu 18
539324453 Tivaqexa 18
562258011 Wuley 18
325783934 Baq 17
834488276 Bevit 17
999111965 Burotuga 17
200289642 Cudu 17
518137815 Dihawusu 17
995067369 Fazuq 17
44626498 Huc 17
702132063 Kuhajike 17
636520222 Lijom 17
129712230 Sor 17
485286920 Tili 17
988288300 Bamohac 16
724841435 Duzawiq 16
549400190 Giterexa 16
215603844 Jey 16
201952120 Mayovos 16
354974486 Monowo 16
746872230 Xihiz 16
76819957 Beqoga 15
573209742 Cal 15
992372441 Cimovap 15
450887815 Hajoke 15
744208878 Hama 15
856323743 Mag 15
217953992 Mogifo 15
420057635 Najo 15
155223352 Qihi 15
510579977 Xewo 15
61813260 Giwebako 14
381998908 Huxiyego 14
176422160 Nibat 14
630849457 Palexuw 14
468670152 Pesuro 14
373205477 Pihedus 14
244252869 Rohasobo 14
668918025 Teqizi 14
38118646 Vure 14
493170413 Xijo 14
144575982 Xoga 14
747931804 Xovayo 14
585140595 Zik 14
595742922 Zoze 14
953714005 Faxapuju 13
213817739 Hicano 13
394373588 Jalibif 13
224811332 Jebage 13
74750104 Konigexo 13
631190882 Koroj 13
756554300 Moyix 13
974007403 Noyes 13
236772715 Suq 13
543224317 Suxavopi 13
610638503 Wuroyac 13
44620803 Xihaluwe 13
498574536 Yafom 13
138702499 Zukigunu 13
654143453 Jidave 12
67104407 Jojenavi 12
844864044 Mobewaq 12
325188278 Tate 12
969056692 Vixuq 12
670008447 Zugivaku 12
928480394 Lewiwe 11
921221416 Mamo 11
480440297 Mav 11
334751390 Pij 11
333860077 Ruger 11
257985830 Xuh 11
274435025 Yuvahuwe 11
126396838 Badigavo 10
705468511 Bikujafo 10
690571736 Dup 10
354486910 Gawuduyu 10
835317583 Hariyo 10
357904842 Hurohuji 10
51420004 Kexexana 10
457410927 Kixate 10
528357787 Nupowog 10
579056296 Tatefu 10
84316551 Zakotoh 10
380598266 Zib 10
331457629 Cekumi 9
901780688 Curuwus 9
24981003 Dogovegi 9
970639424 Foheju 9
451342451 Gupi 9
913715469 Hab 9
166298914 Rarer 9
755085074 Redota 9
15000745 Bamaca 8
790919802 Baxohat 8
303672356 Colaw 8
469468359 Fat 8
368831523 Fosi 8
195065556 Jimaq 8
748801145 Kibo 8
903471588 Qer 8
64291722 Ronahem 8
755614500 Sixun 8
382855912 Suvadeg 8
543678521 Zamit 8
855798260 Mido 7
167380566 Nici 7
223197917 Qoyaqo 7
481523811 Wavaxeh 7
492301819 Dobequla 6
490518190 Duxuj 6
542713607 Fojuyal 6
172432827 Qedeye 6
875383483 Quv 6
721974166 Ragowila 6
388814350 Xeyej 6
562344191 Yarokoyu 6
148898517 Belaban 5
32949716 Bub 5
61226262 Gaveyiy 5
849845673 Gob 5
202812024 Mit 5
74433885 Mowuyofu 5
661333772 Pefedox 5
679579990 Qoyowik 5
640287385 Wafiki 5
406073216 Bebezox 4
713940508 Binekiq 4
997573636 Bixuf 4
315757058 Jojah 4
238910757 Nizayiv 4
66276023 Qizefum 4
310191591 Rateb 4
444396202 Busobufa 3
128260141 Buwoj 3
600880466 Cabiwib 3
333358832 Cad 3
835953575 Dewu 3
890116950 Poheveti 3
668208043 Quy 3
767106149 Sisu 3
713255280 Xijeduv 3
157467431 Xupasir 3
600344063 Koga 2
390870537 Nipuc 2
290587740 Qipe 2
847217579 Sab 2
582734627 Tadefo 2
73591608 Dumi 1
725872376 Kedovube 1
311191240 Kobut 1
619970723 Sikize 1
35164278 Vedorey 1
726457109 Wobajita 1
640337862 Xopaqa 1
812272035 Yow 1
346169580 Ziyepa 1
976676878 Dozepoyi 0
716942462 Judekaz 0
963202285 Mubedi 0
250815243 Newa 0
901149520 Nijusete 0
511302230 Pehoc 0
923078019 Riwiv 0
930132243 Sazafeh 0
995361983 Tenubohe 0
623163784 Win 0
398450900 Yehelafa 0
