743609023 Buloxa 100
116931592 Hogoku 100
496844077 Kutagu 100
909296189 Qidicufu 100
672615945 Raja 100
143106302 Yaleyik 100
902610356 Bate 99
463688516 Vay 99
25160639 Viqej 99
362415820 Wiloq 99
84957993 Zojuk 99
285422399 Logih 98
873608784 Puf 98
968978112 Qok 98
661352318 Rotugixi 98
106134618 Tixur 98
366140328 Yozu 98
795129591 Boraru 97
313343686 Foculez 97
443798987 Qirove 97
41785765 Tumoqi 97
540580966 Noraz 96
51177040 Werekum 96
913337091 Difafozi 95
796596876 Fahov 95
13347615 Gevubimu 95
408518764 Rabe 95
698648911 Sayucoso 95
688763596 Wasetiro 95
698829280 Doda 94
99697802 Qigiqix 94
454065889 Qovuteh 94
485607249 Mufap 93
342389942 Xaruqem 93
659323142 Yugagoy 93
184370676 Ziha 93
391463625 Dozace 92
316008830 Hayu 92
552942524 Kipekeca 92
678583777 Poha 92
498175224 Fup 91
760565160 Jecopub 91
954443726 Qew 91
789839299 Suv 91
323860442 Vayahih 91
339478359 Curahu 90
179649616 Fud 90
544167379 Kezuk 90
809471442 Kuwoz 90
129628116 Caxese 89
583613468 Qola 89
839663955 Sodexuv 89
499876046 Dicehi 88
222266899 Niya 88
79856487 Vazuce 87
176409375 Bivecepe 86
411397626 Buquvoz 86
932435251 Nek 86
353223165 Toju 86
328125283 Vafujeki 86
220033619 Vec 86
572407784 Vib 86
118302932 Cuwevic 85
597549819 Keh 85
760964556 Qizul 85
804819020 Dowuliso 84
396607129 Gifa 84
551656517 Kab 84
302716057 Yeqob 84
987531168 Jatu 83
110619265 Zoxivij 83
791339784 Got 82
190557302 Tabiperi 81
880333781 Tivin 81
459548282 Caneqo 80
593112773 Voruye 80
516562138 Yuxu 80
960090724 Koqiwafi 79
500245721 Baqeq 78
965585326 Goxafo 78
665242310 Goyeyumu 78
213363999 Ser 78
155240381 Vesapopa 78
336747741 Wafiya 78
271877465 Zurik 78
495605731 Hilivi 77
176768295 Potonuz 77
328313137 Sulag 77
297575559 Buxo 76
643230529 Dosez 76
288383351 Nejet 76
935224669 Nur 76
292359538 Qanayox 76
985317401 Vepacoq 76
869453418 Buc 75
613343327 Dokofuwu 75
418443857 Kulo 75
432707698 Reyu 75
81201389 Zomuzi 75
100606277 Hogen 74
482569724 Lan 74
19912095 Qijew 74
998652175 Yuhodoto 74
923436015 Dotoz 73
97341641 Makitije 73
598436675 Weqaco 73
922899971 Wuba 72
424087066 Vufu 71
705364712 Zeqilo 71
561437331 Bop 70
628109386 Qadiwacu 70
657697797 Sayesole 70
224746491 Faqo 69
974839496 Hacogeg 69
435992607 Nad 69
227388944 Puziyan 69
611190586 Wumefo 69
777623481 Dava 68
484711053 Doxezi 68
542507640 Jedonahe 68
546417401 Wijoxapi 67
606065750 Zirujut 67
340448664 Zixuc 67
81188967 Hicutozo 66
888135610 Juj 66
743387269 Newubud 66
910915892 Gicupu 65
904922078 Nuy 65
455087644 Yenoyew 65
324124179 Gof 64
144673552 Kijew 64
611931997 Rolarivo 64
304462935 Qac 63
128060367 Retu 63
141116341 Xefabuv 63
572637787 Zukores 62
778223199 Ciji 61
312443655 Cucuhiro 61
951226741 Nivew 61
165391625 Dugog 60
708219029 Ferema 60
417697248 Dizev 59
806211482 Hadeguh 59
316044547 Jixeluf 59
782593611 Moguduy 59
448033994 Nubewove 59
165902852 Yuteza 59
236796977 Bedibax 58
683293608 Mesulif 58
562951080 Tuzonedo 58
141151278 Yigoqufi 58
496841916 Baxezij 57
154281416 Wek 57
628371144 Nego 56
256663299 Zuducaxu 56
769827955 Zujuqama 56
174977225 Cuw 55
618055218 Kevarap 55
320084742 Mibis 55
466852469 Qavegih 55
672135575 Yenizis 55
983685579 Fafi 54
781866345 Fet 54
357814373 Hewuxot 54
489499231 Jaretum 54
513154988 Kiyo 54
758456404 Tuvuyazo 54
197234430 Vix 54
83727269 Zaqil 54
531906852 Qopu 53
87006083 Xapo 53
739851639 Xuxam 53
928634125 Cube 52
815807500 Hufon 52
74296840 Jisi 52
796276833 Qiwet 52
880445713 Wixop 52
477121690 Bumeza 51
707469402 Lofemer 51
972283980 Mexaqin 51
337503358 Pohaqik 51
631657134 Raqav 51
847353003 Yuhehe 51
292708036 Doxum 50
495563123 Kujamuba 50
601096077 Likigah 50
134461273 Pifuyoqo 50
465927114 Rulibi 50
165597386 Fumey 49
216825696 Lukibove 49
197160750 Hufuyama 48
129604864 Hun 48
50915368 Dixusik 47
597131236 Duse 47
862119218 Kedogoje 47
300748842 Kikegura 47
572431885 Xoxocez 47
390599023 Fifaqey 46
861148226 Tojikahi 46
806819043 Dayik 45
735003672 Pofic 45
407454658 Rawoxeg 45
315658875 Gapiki 44
526715986 Hok 44
259803494 Juxovij 44
843829972 Wupo 44
624990726 Wuxeri 44
420535647 Yed 44
18238729 Humeq 43
172967475 Sekek 43
358790428 Tijeqila 43
362380939 Veluw 43
989851745 Weci 43
940006269 Jatu 42
970454255 Voxiz 42
868071990 Merilu 41
316111486 Tedon 41
264888779 Xiyifura 41
514898277 Dedi 40
48404712 Riwisa 40
346674713 Ruha 40
469104818 Tipuliya 40
8107400 Colede 39
481604086 Gegez 39
343329186 Lirem 39
395587396 Wiga 39
66120516 Caqoxa 38
122789362 Vil 38
917858063 Wem 38
907843367 Ziwin 38
826730512 Hofogi 37
680168868 Nayofasi 37
463334286 Qexike 37
87848578 Qocogog 37
631302981 Few 36
673220541 Gizat 36
729382148 Nag 36
355414702 Newuk 35
922438428 Pexuqoz 35
975697026 Nub 34
889179932 Wojine 34
856662853 Xexiw 34
550884140 Buzukizo 33
36296033 Datan 33
795595082 Gagu 33
698426589 Juxore 33
187199369 Qatiju 33
639281496 Rofucu 33
674637351 Ruge 33
308762073 Vitaqa 33
703180367 Gos 32
522034855 Qunawuh 32
447494054 Sepibeqe 32
482129094 Cujac 31
211213945 Higoqu 31
539058141 Pej 31
251072999 Rawif 31
847452097 Setucoj 31
194030886 Dupa 30
565393451 Kitujil 30
475706014 Lidowif 30
82413069 Ruboxif 30
229324927 Xehu 30
869551359 Yovumi 30
96347343 Zupubed 30
258522937 Ciwuxoro 28
4912988 Dido 28
710085061 Kanon 28
573357874 Ladobo 28
446955124 Pivoku 28
971304692 Xuvoj 28
924166176 Serakano 27
543286926 Fakiwoco 25
985451496 Hadu 25
609932995 Humokof 25
671782588 Laheco 25
859336276 Racabi 25
218719197 Rudazo 25
665556903 Vidi 25
811068282 Zaripir 25
442229339 Bepatuw 24
310457775 Bukec 24
693232039 Gujur 24
737153247 Zizupovo 24
428905694 Heka 23
58542594 Viyo 23
551844111 Xunuru 23
521402613 Zijaza 23
378407179 Zupo 23
117095661 Qisipa 22
364024912 Rugeji 22
823330500 Wasiper 22
378607791 Xapekano 22
119801310 Caso 21
329110396 Faxoj 21
469506097 Gugani 21
93063745 Pehuyiqu 21
282590076 Xowi 20
250561285 Yiramic 20
597052203 Zun 20
314922299 Lida 19
954473104 Xubutepa 19
155734110 Funi 18
162189723 Bec 17
261098622 Dedimuv 17
336833037 Duqafu 17
139172476 Geticov 17
87674237 Nehajiz 17
3342975 Gesuvepu 16
343756337 Jan 16
521075383 Yokifiwo 16
421137734 Buyegepa 15
566727139 Jipetay 15
977455538 Nuhefasi 15
51753199 Wekuraba 15
580050452 Netuduj 14
772229274 Rupo 14
423130460 Suc 14
890612240 Wilonow 14
567467607 Zozohu 14
241961997 Gah 13
772039327 Pidona 13
473155963 Dazo 12
908309026 Disodefe 11
833387424 Huji 11
94254769 Jusu 11
993367078 Diwoze 10
142833785 Guje 10
576772597 Puyani 10
702464500 Rop 10
354726624 Sapasoja 10
412354112 Tisa 10
429912090 Bebalo 9
624596758 Biyulo 9
539149753 Juvo 9
503911523 Koyewuza 9
733988529 Yenolupi 9
696328207 Laluzu 8
857422824 Pid 8
504299999 Jey 7
32537603 Zurimef 7
716992635 Bal 6
929053382 Butar 6
559357422 Qojuta 6
367789018 Yuf 6
737316202 Zoh 6
593789376 Fal 5
522583950 Gajaf 5
795228109 Kofe 5
895335782 Qudemubi 5
551165959 Tey 5
355140292 Huz 4
491645961 Ruyus 4
125091191 Wesap 4
123066828 Besag 3
447441248 Joza 3
173660832 Wuzolag 3
944199167 Lonikuti 2
120006920 Pil 1
685814658 Vuse 1
413954140 Xokimeno 1
756949026 Manulohi 0
