400833766 Hap 100
562670985 Topo 100
43445107 Tuz 100
751301503 Hapat 99
873431440 Kov 99
395087410 Lazaye 99
205218586 Nimo 99
567364900 Xeh 99
907421174 Zuhu 99
126412063 Cuwano 98
632268892 Dozah 98
277329557 Fewune 98
731518713 Nehe 98
386024056 Romew 98
129480749 Sedev 98
223367439 Zotuh 98
661855335 Farodu 97
636940657 Kubefu 97
595368576 Mat 97
980001638 Nacamo 97
813506287 Tabu 97
153632737 Tib 97
456225262 Yeturub 97
872220327 Kuna 96
753020606 Qiwiw 96
427803080 Tixule 96
823807891 Xokoro 96
583457238 Cup 95
78990120 Jadureq 95
582618547 Nex 95
419146901 Nizab 95
315644388 Panex 95
384558961 Piyu 95
86765716 Ruciyaf 95
617274853 Xafa 95
573078865 Xaj 95
929375351 Bugufe 94
801661445 Guv 94
972725681 Janokug 94
742451604 Cogiqa 93
971953646 Geneb 93
260146248 Henihu 93
606382797 Nixaka 93
959290462 Padakap 93
843799883 Gacem 92
786720151 Qos 92
535710155 Yupiguk 92
201671323 Cuqoj 91
73257003 Gawuro 91
233719819 Hipejez 91
373598691 Hubanidi 91
830686532 Kofug 91
122132141 Qugalil 91
663428801 Riqek 91
685574982 Tivebo 91
190040218 Zomixova 91
687159950 Mivuj 90
200280858 Nakot 90
377924349 Retileqi 90
432801068 Vuyemuga 90
742114471 Xadicaxa 90
218248181 Yih 90
820010915 Gegis 89
889775567 Nata 89
800610965 Xoqed 89
366794388 Yirev 89
702469518 Gel 88
213106946 Hisave 88
884902921 Laxi 88
9919638 Rum 88
568515613 Wisava 88
824696082 Zowoxime 88
923451931 Budo 87
270694378 Civiqiki 87
235277950 Cotaj 87
229178401 Kake 87
236386580 Qunakama 87
570959599 Vuyicov 87
617780674 Wewa 87
730938964 Yufupa 87
968797879 Yuyu 87
244141616 Gavase 86
24294379 Pibicuz 86
363382567 Dejova 85
204337337 Facuc 85
48552970 Zimeko 85
862770320 Fesav 84
527410301 Guv 84
936778139 Jife 84
267796518 Misuxi 84
777432661 Mucif 84
863812305 Pupi 84
645344348 Rahubo 84
332384222 Bodu 83
246916134 Canoxasi 83
460795734 Carobuka 83
787539871 Cok 83
125214825 Jiq 83
949710582 Lohageca 83
117510094 Sak 83
103087384 Sapijut 83
792755006 Tuzifar 83
310859788 Wogu 83
248045088 Yil 83
615561158 Feqi 82
845332793 Jadi 82
682333479 Yedur 82
723527795 Yosayuq 82
732332483 Bujaf 81
481972081 Kalaxes 81
509592163 Lohozuti 81
256971738 Neru 81
65264494 Nuwud 81
136060397 Tedex 81
538533648 Xek 81
967028225 Beji 80
605822919 Huxoduf 80
460310357 Mumutax 80
108612050 Roge 80
76186216 Vebo 80
142052332 Yizemi 80
464399135 Lezupej 79
798870368 Nuwuje 79
510754463 Qexinosi 79
935088576 Qujadi 79
679220947 Tede 79
258922510 Woli 79
868174798 Xejiyov 79
345529982 Doyu 78
998336698 Haxib 78
445529320 Heroy 78
4350461 Nowig 78
97843639 Jib 77
13535130 Pame 77
795238098 Fal 76
593105978 Yegid 76
916923599 Zoluhiha 76
276490097 Cowuki 75
186316552 Jayiwah 75
888156526 Peti 75
961106102 Xomo 75
883408053 Yamixur 75
841712197 Nalap 74
808309969 Xaca 74
621434531 Jibip 73
993021567 Nunog 73
553276642 Pepicozi 73
214921328 Quqo 73
953235812 Sem 73
25117612 Suh 73
668500045 Wimaxeva 73
65078250 Xiso 73
494980087 Xubicut 73
482631512 Leko 72
435567658 Vihesu 72
5734929 Xosaco 72
86102931 Coxexofa 71
120855404 Dumo 71
57747291 Faxoq 71
5893238 Fibiyon 71
4004148 Kehidu 71
930523299 Todiyovi 71
957905611 Cimosud 70
990727123 Fego 70
332509521 Fenevupa 70
544282329 Foquq 70
367113085 Gasab 70
255420033 Minotaz 70
781690893 Toriz 70
246170200 Yuf 70
850931528 Decax 69
253380562 Dufo 69
852734209 Dumo 69
595706391 Fayuji 69
217978401 Garuduz 69
178948766 Hajetom 69
147539794 Qadenesa 69
107512603 Xagi 69
257038985 Cavuzub 68
647606043 Cey 68
786250649 Fof 68
601568472 Wekov 68
602125761 Xefuse 68
679191366 Ciwanusa 67
604047999 Fazasabu 67
519838445 Gihiwuba 67
654799629 Mab 67
249142642 Mimov 67
633063297 Nimituw 67
272323268 Xeqesovo 67
116034880 Bodihofe 66
712225843 Jipe 66
625454913 Kez 66
246100466 Miwi 66
702650918 Teja 66
463274393 Cirajubo 65
756560541 Dotugu 65
879290718 Jato 65
234326777 Sug 65
984315623 Goyukov 64
287686435 Guxojene 64
493868799 Rebagah 64
199956051 Reqaf 64
376238893 Sozozu 64
59344205 Vekecey 64
49142307 Yumarede 64
613579306 Lix 63
569801586 Lobera 63
297116577 Nog 63
473170698 Safexe 63
707825955 Wunoriha 63
835650008 Wusol 63
685265085 Xajot 63
189695760 Zef 63
126422855 Zeqomosu 63
20328042 Bakam 62
151814842 Jodupul 62
825264155 Nep 62
767922288 Nuba 62
914712688 Zeq 62
434020633 Zuyowe 62
398389686 Cewaxi 61
717314590 Fegosume 61
924739205 Gumix 61
903926096 Januqo 61
164400216 Lobi 61
299091407 Poq 61
547110336 Yahuga 61
439089684 Nul 60
166177680 Pulijiq 60
221195662 Qunu 60
361459843 Rerek 60
501429958 Tutu 60
366386266 Tuze 60
808398670 Varirimi 60
675532095 Zusix 60
733165309 Bexex 59
332962260 Burowa 59
415002093 Geriduju 59
570395163 Kigat 59
390792611 Lap 59
847087866 Qiqas 59
492367742 Rowe 59
226681179 Tax 59
784720978 Dan 58
151751534 Ficeh 58
232595640 Hohib 58
348178116 Hupubem 58
628311036 Kax 58
977771536 Kizotoc 58
358504743 Merubav 58
561495102 Moyiper 58
998934591 Piwiv 58
525183937 Woqini 58
324629062 Yoxujiru 58
122450510 Zemoxo 58
572782079 Zocewuz 58
908853300 Binunida 57
437209421 Dax 57
337810830 Jajaxeko 57
175731212 Kij 57
168070749 Memo 57
898706322 Retiz 57
714265351 Wiqicak 57
926332707 Cevag 56
349255829 Linez 56
31344330 Roba 56
802655669 Sivaqum 56
332307022 Zofayej 56
611704964 Dijo 55
626227255 Hucukow 55
807105319 Qefojob 55
992981716 Rucih 55
480182919 Bihuzaqo 54
997540319 Gasi 54
595723877 Vobosi 54
596358146 Xubosuxi 54
851911845 Yehararu 54
178974023 Bay 53
918110804 Cog 53
170962602 Doqok 53
600448528 Lemawul 53
711709572 Mada 53
458943528 Miqazoc 53
539775147 Waz 53
653321970 Zeje 53
40661496 Hade 52
274578965 Lelexos 52
260670420 Nidaxemo 52
457491031 Qojuce 52
30087663 Qupike 52
731142121 Vixujip 52
71035637 Zakesiqi 52
294694499 Banubif 51
198749277 Bejiliqi 51
43667655 Belenu 51
242004316 Gat 51
743017604 Nudan 51
338781465 Pedes 51
728718932 Qas 51
463457152 Quv 51
470725620 Xap 51
68012179 Bomo 50
137051351 Gidiyu 50
880961411 Paje 50
325874522 Xiciruye 50
312765421 Yerikur 50
577435522 Cipidup 49
79734132 Doje 49
614055883 Xib 49
649544649 Yebuhema 49
917447667 Baqetam 48
18286292 Ful 48
574105662 Hoxudak 48
714256527 Vigir 48
520691477 Zijika 48
647939311 Colu 47
674438090 Duziwu 47
678375120 Fezusaq 47
908590180 Fito 47
810351341 Gev 47
735297728 Laxug 47
32389926 Qakuq 47
417884955 Jey 46
657622475 Rafe 46
296560118 Romapilo 46
272419821 Sikiwu 46
774772449 Yeg 46
361281042 Zuq 46
750626875 Docorop 45
794820308 Fulay 45
505896194 Gexenasa 45
640458757 Jakejone 45
214301669 Wig 45
804629488 Xovefifu 45
683480654 Bijudi 44
238344915 Giquw 44
151184139 Pivog 44
815524849 Quro 44
112909144 Tahazel 44
445873407 Takaz 44
250558746 Jemex 43
60707171 Pofuk 43
765908565 Vulafe 43
553112847 Zumer 43
15347503 Cesu 42
373079059 Dayajux 42
473212695 Gigar 42
846639196 Helewona 42
557529037 Kegirev 42
132293637 Kil 42
639799101 Limid 42
151018897 Lugif 42
672803956 Nufajal 42
294159227 Pitud 42
435098898 Sawun 42
999021411 Sob 42
324410242 Vugul 42
47836634 Yef 42
723238768 Bacifo 41
388833082 Decap 41
833846046 Jayuna 41
450496278 Laziku 41
200094348 Mikelol 41
280421699 Qav 41
568161568 Ronef 41
335661366 Vagac 41
845740599 Yuy 41
199103093 Bavisaza 40
375773187 Ceho 40
296064399 Corimese 40
268224404 Datip 40
332929969 Gaqijowi 40
171629585 Hujofog 40
203864659 Jejatiq 40
405579680 Kike 40
102048190 Regiq 40
224546610 Surebuxo 40
438442564 Waqo 40
923803204 Yar 40
36781264 Nayoluwi 39
274862738 Wifo 39
328438879 Xegazet 39
628221369 Xopojuci 39
279106829 Zeg 39
747329498 Kalukac 38
954491230 Cic 37
346678804 Guzu 37
455647787 Jurug 37
362635974 Najij 37
808982413 Niqidu 37
420764793 Nuzo 37
620637090 Puq 37
600202094 Sazug 37
537732839 Soti 37
575868719 Tal 37
885928468 Zaf 37
583804734 Biluk 36
356710918 Raqa 36
350175380 Tuno 36
525569128 Vuqure 36
506524961 Wikig 36
749716281 Zagopeju 36
106766626 Diy 35
829306612 Hajotayo 35
358988521 Musacaza 35
203609403 Nejo 35
610328855 Pem 35
709582044 Qezo 35
550381895 Vefo 35
283365485 Zaboyi 35
571809186 Zikeqoh 35
478593855 Dorudi 34
876062216 Kerep 34
979708719 Kuhog 34
551634796 Muli 34
236858510 Nizehe 34
942970135 Wucu 34
617120052 Xegowur 34
240775409 Bilumada 33
188631628 Colayoke 33
34167937 Daji 33
24117917 Guyap 33
992948339 Hameja 33
207124441 Lofig 33
572872403 Macosaj 33
734873922 Mawim 33
11503263 Mur 33
319747977 Rijetid 33
552159756 Vidocuge 33
460215002 Vik 33
522859678 Zalose 33
644205829 Jewure 32
968564650 Nocaj 32
687731711 Til 32
826290738 Vofez 32
635351353 Vugiwico 32
127202588 Yudiduri 32
560273640 Cahik 31
441309302 Finex 31
813791441 Fodehono 31
187577935 Hiyatem 31
391550458 Tujatot 31
914762975 Virof 31
250288221 Xadul 31
125170353 Yivi 31
34198280 Feyadi 30
755392137 Gemik 30
977000021 Gil 30
508783751 Kirasaq 30
40562649 Quna 30
203593034 Simej 30
742809100 Yiri 30
281143990 Yuno 30
386343629 Dusa 29
10167901 Fopizehu 29
468264134 Geheq 29
47046437 Pitayixi 29
865896376 Wirowub 29
947166074 Duzesot 28
501553275 Gejere 28
117335882 Geyekide 28
769887996 Rusexuh 28
121535255 Gijadil 27
409794704 Huf 27
624719397 Kopuquzo 27
898764136 Kote 27
150152551 Seroyuvo 27
988418622 Golakivu 26
631365994 Qefot 26
78732865 Reyiy 26
202123958 Tobipa 26
562599489 Xepagi 26
583139367 Cagu 25
560194696 Fexuceze 25
235594123 Jonezu 25
425388950 Losofasu 25
405110609 Tudeqaqe 25
362875310 Zis 25
854273029 Dejisohu 24
272543443 Dute 24
739573710 Gap 24
415374959 Qulumunu 24
588461057 Vibuvar 24
566944003 Wipu 24
339400632 Yatopo 24
607954068 Joguriki 23
596711339 Mupoyese 23
455745691 Qun 23
234385347 Ricacis 23
407483676 Tud 23
352793713 Gutabe 22
917713769 Mipojesu 22
226409049 Siweb 22
578385029 Won 22
165331740 Dof 21
439005009 Feq 21
648006311 Wacuk 21
627354072 Wisojeli 21
931592934 Fagu 20
211038836 Gejot 20
716400718 Naba 20
919495718 Vamaki 20
704039431 Voke 20
448723250 Cibo 19
848253024 Dubeg 19
463059170 Huh 19
56122801 Jeko 19
843398576 Meyoq 19
204807642 Rey 19
211458501 Yayor 19
589489416 Dade 18
787155645 Dule 18
65422490 Honis 18
956928752 Qaqe 18
965926641 Qegi 18
604247150 Qequ 18
446428630 Fugecih 17
294138921 Lehiyuhi 17
583192548 Mup 17
608075452 Qay 17
57020545 Rilukoz 17
332299597 Rugiso 17
999075340 Wamaxop 17
31168084 Darixus 16
713760471 Difuva 16
969818328 Lifi 16
390569023 Piviz 16
659194769 Rije 16
2562054 Waja 16
709171578 Wuvuce 16
389117076 Kujuzi 15
12303356 Rob 15
754057531 Vehi 15
958975725 Fuloveho 14
418719365 Gimoqoh 14
832722072 Mosux 14
262411475 Rus 14
216545253 Wume 14
165673309 Yepas 14
25274217 Neloxaye 13
886951319 Nila 12
481759848 Pacezaho 12
648748595 Pomo 12
991906158 Qixix 12
402012432 Yur 12
497177693 Zov 12
415727682 Kitetoho 11
895851962 Vipim 11
73948397 Zag 11
646413653 Cinilede 10
380346002 Dili 10
5576495 Kesoge 10
733715246 Nuti 10
681973249 Ruloy 10
453856640 Veluzibo 10
796931301 Zihesok 10
347753706 Duyivagi 9
756167774 Sim 9
27097515 Tube 9
960967158 Fabacib 8
825783795 Huzale 8
893342531 Jola 8
41120233 Kafu 8
854157915 Liza 8
434192704 Qarori 8
284288100 Rimol 8
568346242 Suz 8
110088308 Vopob 8
446864273 Wil 8
253054655 Lahu 7
579343590 Lajisove 7
115624283 Pageyivi 7
434459460 Rox 7
647374665 Siraxefa 7
133157823 Vax 7
104557326 Dehozoki 6
834662374 Ridure 6
499573666 Siyiv 6
883166508 Wul 6
45644663 Guk 5
423536683 Juqav 5
393480375 Lubixo 5
85185102 Neqihir 5
435905818 Tuz 5
358509310 Hizopus 4
128225646 Newuc 4
588244563 Nifuq 4
395809586 Nikirudo 4
708733052 Ridiba 4
816834820 Ruyusid 4
188710860 Suze 4
579058256 Denegafa 3
423349455 Dur 3
535726443 Jedidodo 3
287545132 Moto 3
306216451 Putipe 3
333176981 Qumepax 3
632751739 Feyuv 2
830900306 Hafaqoye 2
215855064 Mol 2
405162501 Muqo 2
184324801 Sanivami 2
995411153 Yecisem 2
65701334 Lulegagu 1
30373640 Suduric 1
919456608 Wavalihi 1
997373825 Yoxoham 1
651387248 Fujesar 0
422073234 Kumafuj 0
567489789 Movikuro 0
408302097 Rudocixe 0
384823101 Wanuc 0
