265677003 Domadovo 99
538476432 Geqeh 99
485570048 Heqijuvo 99
152353893 Hotiboja 99
653476214 Vacujem 99
520327483 Rac 98
540222142 Gebefo 97
12407149 Himohu 97
119218424 Hocaru 97
194957754 Teref 97
407928307 Sud 96
19881422 Zabequf 96
11622462 Kowasase 95
335811441 Kuqozic 95
685725574 Riy 95
768079342 Yaqodave 95
693097074 Fupivime 94
464859522 Hegujev 93
921520083 Hijo 93
610376875 Hiqak 93
334890069 Howa 92
174287295 Rahip 92
786851545 Vaj 92
15171903 Xivipul 90
225079787 Cebugi 89
508472460 Cecuz 89
463250528 Hojuq 89
815876399 Kekaxeq 89
750841148 Wuxit 89
627242456 Lavajik 88
867008316 Lewafaw 88
731687072 Ruv 88
135908208 Kiguxub 87
612366511 Rinoni 87
431121866 Vebewe 87
30099343 Cerof 86
910920735 Goq 86
688763531 Nosej 86
251364073 Wisixa 86
534990040 Rubu 85
591923514 Cez 84
259270953 Rore 84
596652475 Tuvodix 84
705242361 Qoroyu 83
76043624 Lece 82
691753046 Zavofeta 82
530629997 Cinafeqa 81
135852861 Pewo 81
595051251 Rubol 81
857454743 Tiros 81
84657200 Wanoyiq 81
925519096 Wovije 80
877082788 Kekiz 79
978723850 Luyegar 79
431909653 Venu 79
991240591 Fixoyev 78
43898439 Givecate 78
942413308 Kogu 78
867593395 Luj 78
801687884 Luxaboq 78
514123335 Vuzatu 78
720395933 Wofim 78
875883727 Buhuy 77
888441821 Jabotuk 76
377805360 Majuku 76
45295170 Mox 76
131595819 Caqeweca 75
620626306 Fuy 75
250027210 Jejeda 75
957038842 Cehoy 74
993092826 Gib 74
41843998 Neyud 74
230411186 Xirofido 74
799686729 Xebufisi 73
184420098 Suceka 72
530188699 Varodu 72
371631191 Vemubivi 72
234511887 Xazu 71
990771974 Decotuq 70
623244433 Goxes 70
144034793 Mim 70
908584514 Ton 70
388250023 Tuloseg 70
836776345 Basu 68
371298381 Lixisa 68
671407029 Kipug 67
458626536 Zugow 67
277922291 Gat 66
470403573 Lufowoc 66
318636889 Qenu 66
481972417 Gufoz 65
220712866 Guh 65
789405023 Jacup 65
98040560 Yexatu 65
286603718 Zaxigay 65
482330925 Hobuba 64
513873246 Kuf 64
704099876 Riyise 64
847646129 Hisef 63
907105086 Wawe 63
809823832 Xud 63
34531505 Beg 62
188806498 Coxeh 61
962177006 Rimitaka 61
854646831 Sug 61
178358374 Ziregovi 61
733807613 Haju 60
689938543 Helu 60
367982466 Ruru 60
768907590 Sin 60
705108926 Voxonute 60
662596536 Yumiwa 59
390663203 Wive 58
916781391 Zaqe 58
142842154 Dosil 57
537404596 Jidafow 57
213699484 Laxayej 57
139742340 Rovef 57
302551662 Tox 57
620397135 Fek 56
410289842 Goqev 56
908594415 Loyepi 56
655137908 Pekuzam 56
620404271 Wahuxara 56
287010740 Naxuyos 55
978375944 Wum 55
607602385 Fizucog 54
851818628 Lukubag 54
175892305 Tahivaje 53
144964567 Mexoci 52
628987601 Muyofi 52
972610372 Yufirap 52
600698557 Litu 51
637256094 Livelig 51
989283762 Zup 51
802581332 Gegu 50
556552860 Jerah 50
215067376 Rec 50
75137172 Vid 50
725059306 Foyuw 49
838799833 Lib 49
528155856 Qif 49
370946909 Suwe 49
773992929 Waza 49
594021391 Zumoxu 49
312857853 Fahugoc 48
36356154 Faje 48
607156195 Ruqop 48
83025405 Ruquxe 48
154512604 Wux 48
897938425 Qasikici 47
196841224 Siyizir 47
210977907 Xeg 47
192910380 Lib 46
746871377 Pemaxe 46
799657143 Cela 45
935221790 Kabev 45
637999993 Pucuvulo 45
416024253 Qup 45
939891966 Sosili 45
902605568 Hojoyek 43
968329402 Cutohev 42
596168343 Dabin 42
677702322 Kayoj 42
45287672 Nej 42
6084478 Vajom 42
881012843 Veka 42
850033862 Xucogog 42
325537723 Nofose 40
366881819 Wipe 39
126274141 Gob 38
114252412 Qax 38
64957918 Qux 38
507100378 Vixab 38
50510458 Pay 37
111039371 Puwuw 37
90100792 Gihecil 36
267138755 Xuhah 36
66105964 Folum 35
128106658 Podij 35
586453237 Baveteci 34
197574101 Cihuku 34
896752245 Jovi 34
283750932 Kike 34
808835500 Nef 33
820486827 Reduketu 33
906283984 Huvo 32
297332258 Bexox 31
880212069 Feli 31
920070651 Gitax 31
725439166 Hosoze 31
394746874 Diwavewa 30
337263746 Fivoreg 30
542893996 Qujilo 30
234809181 Vekah 30
926724904 Yenah 29
430752724 Cezi 28
153042452 Rojufa 28
727644913 Gane 27
69992457 Ribit 27
474423258 Dar 25
464107644 Diro 24
581262589 Wagaq 24
617855995 Bofu 23
352067053 Cuxec 23
136704682 Fecowok 23
98333715 Zeguqiy 23
901673862 Vas 22
123789764 Kizagir 21
627760485 Migagiy 20
153872740 Qifamu 20
980052459 Vegadu 20
127688731 Zuyow 20
77417065 Zatuyazi 19
816719631 Kakixu 18
120430328 Yixiwuz 17
228164824 Hiciro 16
332130045 Rom 16
529205328 Tiwusi 16
46162222 Nuke 15
17462197 Wucosec 15
958372783 Xebakubo 15
847306144 Qecem 13
855948294 Rucuhi 13
85069404 Labe 12
535157980 Vupije 12
507176949 Pat 11
341836825 Timev 11
535042505 Fusuya 10
171487863 Wevob 10
872187219 Gokaxac 9
85337736 Tilab 8
203693238 Xow 8
93416035 Tuji 7
205407608 Poramazu 6
799360428 Hus 5
952387892 Risuhoq 5
103356786 Sipixeju 5
724792723 Sowebuta 5
213547788 Xibilu 5
458815453 Hizudino 4
443409388 Mayah 4
537862309 Bakip 3
592724434 Mewih 3
533495922 Neboju 3
266515339 Muledaq 2
155531167 Vinab 0
350984795 Yog 0
