48467528 Majagoge 100
888253802 Nuya 100
23327741 Pehebofo 100
995225325 Tuyawe 100
372116338 Vejol 100
840800500 Xalu 100
352997895 Yosiyaye 100
146384027 Divepexu 99
656506421 Diyoso 99
642150509 Dud 99
91907739 Faca 99
570644039 Gelesihi 99
333438172 Hib 99
627524901 Riw 99
59271235 Veruw 99
398795770 Vowihoy 99
714897444 Zav 99
517569664 Zitib 99
887688301 Zoj 99
839913900 Bakuj 98
300113399 Cevoxeg 98
604880348 Dafetafu 98
924544912 Hisaj 98
664711093 Job 98
525083759 Wagisi 98
47107158 Wazure 98
800286337 Xufeniz 98
43999855 Zugukari 98
960100697 Daqi 97
238266479 Duhoki 97
956494058 Kec 97
341369343 Nel 97
173960812 Vik 97
964000637 Wepeh 97
847063011 Wuwofa 97
841181073 Yecek 97
119574494 Buke 96
254819637 Fubamo 96
746265189 Gekeqah 96
637748542 Kode 96
636494434 Korowu 96
962395374 Lamef 96
297598680 Pecos 96
91239915 Peqex 96
454979918 Pex 96
815912096 Taf 96
905211970 Tilihejo 96
926564795 Ved 96
831733516 Vuru 96
425342530 Wusugigi 96
318055837 Yoza 96
306852377 Fem 95
127363274 Guguy 95
492217598 Guvijile 95
647956817 Joloheho 95
78895726 Neqaku 95
920408942 Pof 95
733958005 Xahi 95
138045351 Yupor 95
791541128 Dozuj 94
411331861 Gaceb 94
283969598 Givuge 94
559595955 Masus 94
780947285 Mowoxi 94
981206431 Pubi 94
566266384 Suxus 94
863818435 Tikewi 94
829132318 Wofa 94
56646538 Xad 94
700913787 Xedofu 94
307201445 Zor 94
701372835 Devefuyi 93
15680118 Qaho 93
960199137 Wegi 93
593494732 Woreh 93
722553553 Zibebafi 93
31721706 Bajev 92
197036020 Fukaqili 92
91075054 Gic 92
705410383 Goked 92
151978295 Got 92
765544066 Gufovopo 92
88885468 Kav 92
407120305 Piwesug 92
640216795 Qeloj 92
698330216 Quvafebo 92
508555779 Ruwudabu 92
155360131 Vawitece 92
906102665 Xaro 92
547930259 Zahapoy 92
457015642 Zejahap 92
547269463 Cod 91
473480338 Cug 91
184112851 Feyib 91
513592609 Neq 91
967112253 Pafitu 91
4682580 Bazepu 90
132792581 Dim 90
359539305 Lob 90
336762349 Pufibu 90
591235364 Qom 90
608216128 Rutebu 90
901120394 Tosenu 90
516774227 Vosaseve 90
778510728 Zapo 90
277185655 Zegoke 90
153842194 Gevenusu 89
49217805 Rut 89
723588048 Vijuzoto 89
280638640 Wun 89
347175431 Xeqoru 89
721802170 Zay 89
964364682 Zuyos 89
135829580 Cevi 88
244740938 Cuzirami 88
137822172 Dag 88
224432436 Hehokim 88
736230446 Kedub 88
2420227 Lafa 88
713814100 Run 88
391807922 Sut 88
827953803 Woxah 88
511108571 Xifox 88
869975075 Zav 88
516022731 Dax 87
113358093 Jima 87
171551602 Jopuyo 87
827085456 Lamuzeve 87
680929977 Levi 87
668461065 Lolumuq 87
390768503 Mepedaco 87
586434789 Motuqec 87
855219713 Pufalolu 87
360135462 Qefinaja 87
208061829 Wutatiw 87
709514762 Ximuyaj 87
243994546 Zomemi 87
681492275 Geka 86
466768718 Hide 86
518963702 Lupuro 86
582129832 Nox 86
651595259 Riniga 86
367572011 Xasalowe 86
388041548 Leh 85
686893140 Quduya 85
70396423 Wima 85
8508609 Xan 85
751354585 Xowul 85
817237569 Cekeha 84
131089641 Hocita 84
459138012 Liyaq 84
719273969 Xacugole 84
650868795 Yomi 84
300143566 Guy 83
813937252 Laxif 83
918389863 Lum 83
172933807 Sikequte 83
183426149 Yunuyo 83
251230781 Cuvawud 82
497821731 Cuvemer 82
970591693 Giruw 82
592420018 Jujezo 82
342681410 Lozimaha 82
759282501 Medo 82
88772769 Qomigufo 82
835688103 Rori 82
723182013 Wuraya 82
717938662 Zejeq 82
358772840 Zol 82
152994233 Zuhoxehe 82
538839573 Cebac 81
968683508 Ceguq 81
286391935 Dadun 81
628751716 Dozod 81
206161853 Fofof 81
952919471 Joxa 81
660328118 Lapum 81
256171080 Poj 81
66787664 Rul 81
733649227 Texoloxo 81
931571517 Teyer 81
878004919 Wiw 81
101895100 Wudagaki 81
374544153 Wukuvo 81
752814624 Yojara 81
685243090 Hodot 80
648874432 Hotamifi 80
654898299 Lul 80
236298069 Pumivuzo 80
816249110 Tuj 80
473293920 Wepub 80
739139546 Yeso 80
680737317 Zehajo 80
746219416 Cikugaci 79
813530013 Dififida 79
62617120 Feyuka 79
146179776 Jarifer 79
904777184 Kabazex 79
486523042 Kofibuyu 79
883336156 Loj 79
942209848 Mozimi 79
594477874 Qavuri 79
797772578 Qekeb 79
737024288 Soyud 79
543337693 Tugupu 79
386346104 Yuceh 79
287119705 Fiporu 78
563752578 Koxexozu 78
753225457 Nofar 78
887351671 Ruyara 78
723044456 Seb 78
980780260 Tera 78
311379905 Tududeye 78
464213348 Vowac 78
240053527 Weley 78
686828194 Bovuruka 77
117104549 Buh 77
343505246 Buwica 77
579648564 Gifokef 77
283405156 Hagipijo 77
309222546 Kepoqom 77
907087899 Niq 77
326439916 Qidoduj 77
259435595 Set 77
803089006 Waqodic 77
442174057 Yepave 77
128920094 Diwapu 76
243365816 Fefesu 76
139301332 Hadit 76
354583056 Jaqo 76
584288358 Jequgey 76
177014938 Jipife 76
775903388 Koge 76
224612545 Mefoje 76
765160951 Pajacuso 76
142869968 Qimewit 76
696773350 Rize 76
140713068 Seno 76
919999126 Xak 76
344844586 Xofag 76
119871897 Yumila 76
432611784 Boqi 75
78493683 Jap 75
802173125 Jaxix 75
510557706 Kubor 75
572424011 Nikoci 75
34940655 Pihinu 75
922453460 Punebud 75
904111031 Qugex 75
452656711 Qujolide 75
57165350 Sekakox 75
665131747 Yocod 75
406178168 Bixotiyi 74
580266390 Cejixiv 74
932466502 Dasujoja 74
11863038 Fogogub 74
740871602 Goyoleg 74
614231662 Tevafobu 74
928833421 Vamijow 74
788361254 Xosoh 74
258256375 Yosuse 74
895467480 Diqe 73
470764258 How 73
298531818 Kegaf 73
286658666 Lahalona 73
525149075 Nuy 73
92557880 Sicaj 73
48336566 Yox 73
647592214 Beqecuha 72
386001737 Fiya 72
556542416 Gejis 72
370292241 Giw 72
938880694 Gugisofa 72
913875564 Guyo 72
509918267 Haleciz 72
404149516 Laviwuv 72
590121699 Mojikaj 72
135205964 Siyep 72
696746138 Viy 72
611745852 Wim 72
853991301 Yoyapap 72
356299607 Kirac 71
183250067 Lifuvuk 71
93612260 Neren 71
807352572 Xawedef 71
628662229 Xiribi 71
788243327 Fusasowe 70
786698610 Huyudupi 70
856735130 Kalul 70
524981437 Tozaluca 70
722002713 Wenu 70
521140039 Wic 70
601925600 Bad 69
69445886 Bepadu 69
298628046 Bidob 69
711323566 Cat 69
931911813 Ciwo 69
106993836 Doyebes 69
497852432 Kehine 69
730672631 Musos 69
326604229 Notipamo 69
892461023 Ridog 69
576966214 Wegur 69
519281674 Yisuliwo 69
821003015 Zaraxi 69
124381649 Dagoyig 68
495854729 Gezu 68
739933813 Hej 68
802059848 Kixixiv 68
123308006 Mejonici 68
146488722 Modoja 68
36502633 Pozebaqa 68
742885126 Xopit 68
851365861 Zixih 68
631062517 Bef 67
243224542 Cede 67
88293263 Darivis 67
155249955 Duqu 67
925685299 Fuge 67
802600802 Jejaxo 67
687476841 Kolef 67
975547006 Moy 67
230064006 Niwelulo 67
55170149 Roseziqa 67
341544748 Saj 67
508162432 Vacicoyo 67
23161021 Yajiqow 67
475529822 Yolaxe 67
500528211 Zeg 67
967856909 Zusaxal 67
591501628 Ceyopug 66
753860664 Mih 66
665911336 Nizojof 66
394636643 Pah 66
216763316 Sale 66
763888270 Vosupe 66
78845251 Xixe 66
560221730 Cawe 65
565685584 Ceyegol 65
490002395 Hadixo 65
39512574 Joxi 65
8147748 Kipi 65
361841944 Lagugen 65
54079556 Miwupabi 65
455978307 Natuga 65
548503662 Pusa 65
428276866 Puvub 65
877869802 Ralelan 65
362617171 Rer 65
41335160 Vefinego 65
620468317 Vopaz 65
769340066 Xuvag 65
263609337 Yiwacilu 65
808172528 Cox 64
749314825 Dajil 64
704063073 Fojeca 64
513407126 Gazimixi 64
916610734 Gepalij 64
650113928 Heqo 64
585310352 Jateg 64
954234265 Jubana 64
124572172 Kesoqujo 64
934345412 Sahut 64
675356303 Sodukul 64
841301488 Vive 64
462604460 Zofosa 64
187654854 Hano 63
490519333 Hatepa 63
659113931 Mehiter 63
145851405 Ripaduv 63
822470391 Siwagodo 63
581717889 Wuyabew 63
171046784 Yicepoxe 63
12601438 Cafujawo 62
136348403 Gajutu 62
616141761 Levip 62
928852585 Tareyava 62
824267576 Xiwuhaf 62
292452103 Beru 61
358784327 Gukonafe 61
508466090 Koqutig 61
93703375 Lozuge 61
86583387 Mawawof 61
748224769 Qatogod 61
841191941 Row 61
956649403 Soba 61
701467999 Xud 61
286842718 Bokiziyu 60
979671430 Terez 60
775575615 Buca 59
246540296 Dey 59
123411673 Didabag 59
838997302 Gajehec 59
147601752 Givow 59
89797946 Hikajip 59
669368462 Jotutaba 59
928778119 Pacizac 59
933207635 Rah 59
185717783 Relafof 59
930643305 Vec 59
393194632 Xuxid 59
199918638 Yexiyom 59
298520429 Zanikib 59
540363112 Bopufuna 58
253449863 Cititare 58
421670558 Fimoxax 58
959878935 Huwi 58
89626976 Jet 58
761120372 Kawabeqa 58
468734508 Pidekok 58
75679548 Yadok 58
816144896 Yap 58
733305890 Yixahex 58
194675130 Fiba 57
50042697 Hiwufum 57
46647139 Kopamuzi 57
42428688 Veh 57
716349725 Yepoguz 57
855923104 Yoqo 57
600693145 Nahu 56
613031249 Tayi 56
883593110 Vagej 56
463918000 Yir 56
913894387 Jabe 55
684688381 Keqi 55
203117821 Kuhuv 55
218720323 Mizo 55
605117987 Papo 55
816885297 Puredo 55
807704811 Qovaya 55
700946293 Sabo 55
934821100 Wefirir 55
805917211 Wih 55
24352587 Zopubi 55
132614416 Biqa 54
707461334 Dejure 54
628820860 Jagefu 54
763804034 Qugune 54
468430105 Zihiyi 54
399417270 Zuvusic 54
360399174 Ciwer 53
564061433 Ciwoya 53
958437045 Lusev 53
145428916 Qowir 53
57771466 Sibura 53
64436508 Tuxuhus 53
711995530 Vuz 53
996920399 Xejiko 53
99698966 Jovetu 52
972941696 Jupug 52
250106189 Risa 52
898433840 Rozexixu 52
469590068 Terov 52
656305946 Wumunah 52
161559996 Xinawa 52
92939862 Cen 51
664341499 Cuval 51
295446959 Gurigoqi 51
817997216 Luy 51
936446132 Qago 51
764884450 Qat 51
987132531 Rini 51
736596221 Vuliki 51
484340323 Xujup 51
591607288 Yidiwe 51
457507467 Yujical 51
35769445 Bufus 50
602165530 Ficic 50
63746894 Foqer 50
234789454 Lefisaxo 50
520164729 Momu 50
352227163 Sabirux 50
208486339 Sopokav 50
542987489 Xobi 50
523283776 Yedunuju 50
561015873 Zuwoquji 50
952895648 Bon 49
1692565 Don 49
137463184 Kigako 49
479664383 Remefisu 49
421892523 Tezicim 49
119070597 Voyu 49
172867740 Xegeya 49
33362762 Xoye 49
446535592 Ziqup 49
481376498 Firubol 48
753910057 Gegi 48
942235330 Keho 48
773476253 Koniqu 48
607376458 Lorahagu 48
695643002 Wipehivi 48
692812422 Xuxena 48
329782621 Zaxalu 48
756418320 Bagol 47
685618948 Jijeda 47
244843399 Narupa 47
554113469 Nohuq 47
860515099 Qakikaju 47
465433777 Rasoniku 47
532688977 Vax 47
871056773 Wihugo 47
334783377 Xop 47
956155695 Yiv 47
352320226 Zulatu 47
350802147 Cameboje 46
567962379 Hecus 46
337502928 Joroz 46
577989387 Notaha 46
680615005 Nuruq 46
363421716 Padiviyi 46
111371772 Qazu 46
987724782 Qon 46
900356624 Qoziruyo 46
166130401 Beqow 45
711993374 Lanoyogu 45
564544032 Midofiq 45
763381263 Neka 45
539778293 Paz 45
286494890 Qaquzi 45
99028167 Qasipo 45
736239841 Tojo 45
171043200 Ceka 44
440167855 Dequr 44
642292739 Dotexilo 44
152275587 Gogome 44
439462857 Senuxufa 44
957245930 Xirihej 44
904096065 Yag 44
641565562 Bihuzi 43
242562240 Corowax 43
997805893 Feyici 43
486833718 Goye 43
564744112 Hetaxo 43
454467792 Linasema 43
805642538 Pohe 43
391340417 Sasuqir 43
871501604 Yodehes 43
155805692 Zigecaru 43
732906044 Degor 42
968845445 Dula 42
456646580 Gud 42
165627772 Niha 42
809345942 Vanoce 42
697495389 Viqa 42
177751744 Xujot 42
50158055 Bil 41
975283254 Dahumu 41
243351444 Lafiriv 41
115896495 Lataxu 41
942925844 Leco 41
845324680 Mew 41
662453639 Muca 41
453874736 Qiwumusa 41
359922705 Vabutik 41
65096286 Xunevaro 41
358466084 Zuwac 41
3287180 Caya 40
42488030 Lewef 40
489280847 Xiyezono 40
411462204 Xotepiwu 40
625966248 Zavisek 40
569358542 Baxuguqa 39
769970957 Hosipe 39
912497386 Jinu 39
415305683 Kijefe 39
587892943 Kufo 39
578922469 Moqucu 39
82686885 Qoreq 39
803273003 Teqiho 39
8099028 Wutin 39
58184598 Zawa 39
322472288 Zudajuki 39
687676275 Boc 38
327530492 Gibusay 38
950506293 Hado 38
757661271 Mihu 38
153986439 Murut 38
992488627 Qebaguqo 38
21109301 Qenah 38
236768412 Vixen 38
314311617 Cepexiq 37
344327319 Fikawe 37
356167306 Hiwaqar 37
937143696 Mehej 37
411274201 Nelux 37
747765362 Nurok 37
120447897 Piw 37
968719748 Qidage 37
62234521 Tegu 37
840391642 Xavineca 37
221134504 Yab 37
324879983 Yihipohe 37
586039350 Gipuciw 36
961101319 Gojap 36
387109573 Jiducex 36
947454112 Lebihi 36
723242382 Mare 36
240903977 Moco 36
908964746 Sugacesi 36
377078192 Vaw 36
403519879 Dobadeho 35
272762838 Duke 35
524551102 Jagupel 35
178107522 Mosizay 35
169586622 Namopi 35
119851319 Piz 35
668511871 Sigudu 35
624253348 Yowa 35
908208918 Bugijeni 34
13670784 Fatabibi 34
344481065 Fereyilo 34
551153047 Gadux 34
367371906 Guxifono 34
276059427 Jek 34
586374172 Jufife 34
936491260 Kiw 34
553994736 Luqa 34
68204043 Miqe 34
118472136 Qiq 34
29679039 Vikevo 34
239675482 Xuyiwa 34
382649832 Zune 34
431539850 Fowo 33
251445465 Gopag 33
931765326 Herocoge 33
134717566 Milozopu 33
804216846 Tizeve 33
247856231 Ved 33
796066939 Wicew 33
988584334 Xopi 33
144989314 Xorixa 33
943912532 Ziba 33
31914502 Bedoj 32
632537124 Huleliya 32
257724298 Kahetog 32
3648676 Poni 32
878887516 Veraponu 32
909766452 Wuyilaq 32
908991530 Yisihiqo 32
947736060 Zam 32
424995482 Zuma 32
984204014 Bayecab 31
929592013 Bovo 31
95158923 Kubes 31
493768854 Lid 31
474704263 Miyopip 31
382782433 Tuzup 31
386394925 Wowubat 31
949695364 Xen 31
247491560 Xozurano 31
567128553 Ceyip 30
678006787 Dofojuki 30
300816915 Humut 30
897940848 Jam 30
593562407 Kako 30
556184480 Mibote 30
149480876 Nejonaji 30
104030896 Tako 30
354003429 Texutile 30
422364530 Waqavoti 30
867012772 Zosewuc 30
792537795 Johejiv 29
460708067 Nopak 29
18426150 Now 29
707607734 Reridivi 29
93289664 Wuvopa 29
965089401 Dukoyaj 28
766706449 Juxogu 28
522603826 Loralize 28
460481401 Nabutuc 28
800454507 Pozu 28
144996765 Ralori 28
797770497 Sibuquwo 28
602788979 Vus 28
212492251 Weduco 28
876374056 Woziyaca 28
157314451 Bejo 27
887927911 Jula 27
525393581 Kakeliqu 27
872337955 Loreru 27
389236563 Tusakata 27
390180891 Xabud 27
515412044 Fol 26
456036446 Qox 26
717376411 Tivemu 26
427559716 Xosuci 26
129463972 Buxux 25
867043077 Muhixa 25
536797403 Quvaxoj 25
83486603 Rijocuva 25
233340972 Tetocod 25
5214037 Biwiyub 24
154984953 Caher 24
678788242 Coxo 24
583869982 Fadonug 24
871082445 Hat 24
697804024 Mus 24
545704551 Neradah 24
295081866 Satuciv 24
56562532 Sezu 24
13274830 Sudaqawi 24
721655370 Suqigede 24
380502149 Yoc 24
565351488 Zanece 24
34093557 Bidujug 23
20769373 Cepufo 23
37102730 Cipino 23
861488060 Mif 23
279934477 Mihiki 23
616268954 Nor 23
744209038 Pozumej 23
441400404 Rubuxo 23
970841134 Vojitaw 23
113304923 Wigicufa 23
283374122 Wuxi 23
141134753 Yovif 23
610121865 Ciq 22
950191500 Gecut 22
191937399 Jowuqika 22
238241372 Lupi 22
849921524 Tegar 22
693720687 Voh 22
32067057 Ximejiy 22
438778140 Yoyuhu 22
301385805 Fumedo 21
704126846 Hemazuv 21
385506264 Lut 21
387965918 Buqoyel 20
811949481 Cus 20
691047573 Fam 20
995910170 Figotol 20
277445982 Geko 20
667469725 Jifefare 20
180380859 Qezeqofi 20
293620178 Qusayi 20
56230333 Raq 20
352527404 Towicime 20
42615213 Viko 20
43603851 Xov 20
234742194 Bed 19
602620771 Keye 19
911569056 Kiyajovi 19
673615838 Qiy 19
791597091 Yuh 19
555146516 Dac 18
907113311 Hutehame 18
556504990 Jamivoge 18
814125087 Kug 18
928240663 Mobib 18
927305668 Nafojaw 18
271845724 Nuca 18
521610598 Qamafili 18
790462942 Qez 18
500601207 Qoya 18
582949 Tozaqilu 18
743584755 Vecali 18
559330612 Wevo 18
290266252 Xag 18
350479917 Xusu 18
180118448 Zusiqe 18
921554882 Fum 17
948565096 Kak 17
11071074 Kedizoje 17
357968328 Kilo 17
935589847 Lup 17
929261777 Madusuw 17
994396703 Nuha 17
993996071 Pazeluxa 17
495731890 Qusomu 17
648874185 Sazis 17
607417067 Secu 17
854580825 Viyek 17
668791507 Voxi 17
52107361 Yer 17
489329433 Zax 17
768234185 Zuqafo 17
490993548 Cuweqati 16
395558116 Hobocif 16
811555586 Muba 16
311801540 Nema 16
953961907 Rusezeqo 16
54044989 Teb 16
742944491 Volowo 16
446539142 Wofaw 16
599419978 Biwiwix 15
535922313 Gebey 15
390322054 Mug 15
297810460 Rijo 15
58437520 Vel 15
11633226 Were 15
323605876 Wuwu 15
92805055 Xuyimip 15
275814623 Yiy 15
29023150 Bah 14
583859371 Deqono 14
618249751 Diviqu 14
727059187 Firohegi 14
420740630 Kusoxo 14
96289010 Qotumehu 14
972824134 Tucufaj 14
541839668 Viluq 14
835422219 Voj 14
237763873 Wad 14
731644312 Wagon 14
122748156 Woraf 14
594953540 Xol 14
241167812 Beh 13
266252276 Huliga 13
903536969 Laloje 13
866528399 Pesutip 13
154190098 Qeticub 13
704161059 Tedod 13
182509538 Web 13
906338363 Zopu 13
68834904 Mop 12
743513455 Recocu 12
263042354 Zumig 12
838520586 Cuqu 11
925907557 Gajodab 11
554460681 Joyewu 11
56346859 Sonozuni 11
797363104 Vafujez 11
398253795 Wosir 11
697841205 Cogejo 10
60003612 Jatoyig 10
818914989 Logahu 10
109042771 Ruc 10
851844121 Woluco 10
860315000 Xilazox 10
137396239 Yajezipe 10
984989576 Zexu 10
412889513 Zino 10
994353661 Bok 9
843547762 Butoker 9
870783339 Coqo 9
280675350 Jar 9
729957309 Luriwe 9
867768422 Narorela 9
900112104 Puku 9
764050095 Qugudite 9
196226156 Vadilipo 9
836683340 Wuvikige 9
212671942 Yoteja 9
955996877 Del 8
135191490 Fosuw 8
968951069 Gamuw 8
329771318 Mibupura 8
175949524 Napopur 8
10592492 Ney 8
782096717 Qelus 8
467096668 Qoc 8
460444077 Raye 8
286856698 Viwen 8
959256070 Xowoguzu 8
654317964 Befu 7
455964162 Dakodut 7
541506523 Fekeco 7
260857504 Jonojo 7
351463573 Pacer 7
161903245 Qama 7
358703378 Tahocati 7
808986525 Tas 7
608759358 Vovose 7
710568924 Zaveni 7
790182983 Begeda 6
254015723 Cifi 6
473335960 Garuz 6
77087308 Joq 6
702237204 Punivo 6
160992246 Rayid 6
491675706 Suzaxa 6
582701701 Tequpof 6
922193181 Vujekoqo 6
863921403 Yayihiwe 6
933470902 Zidez 6
180427968 Daza 5
537326891 Gah 5
660386469 Namatef 5
166758255 Pelevi 5
730670947 Pipeto 5
936458471 Rik 5
625873559 Rin 5
641262713 Wujiq 5
669237603 Zozicap 5
339445780 Gez 4
25336551 Konosiba 4
695237850 Perozoru 4
592144639 Yevociq 4
48019637 Yowaw 4
253765768 Fepa 3
309156678 Hobayehi 3
34900837 Husejuye 3
60398731 Hutap 3
780089772 Jomapuhe 3
962210155 Pixog 3
311867055 Qotuw 3
626609451 Resaq 3
336396689 Sidic 3
111332796 Tuvocal 3
733639049 Weteki 3
617874395 Zumik 3
506836619 Gaz 2
247955499 Jiviru 2
872036766 Jupeh 2
761475576 Kec 2
333747044 Kij 2
363435433 Qam 2
249366189 Tubinum 2
797928189 Wuyuh 2
924917334 Xohex 2
453721309 Fucomor 1
371646707 Gopiceti 1
680348281 Hahezaja 1
533512451 Kekuxipu 1
325449678 Laragiv 1
638274905 Nihuroge 1
244970717 Rehoru 1
829261665 Timagol 1
277263284 Tuse 1
367764337 Xikapi 1
902394959 Yejivo 1
777527713 Zevapi 1
284145016 Hubeta 0
973913697 Hufax 0
61999117 Kixeju 0
131591012 Nuqopeqo 0
793537289 Rub 0
154492237 Tufocori 0
61956998 Vamutito 0
652552916 Wuvake 0
