748775160 Sobofo 100
940781083 Vov 100
657102217 Yas 100
57335735 Rehi 99
458795535 Rupuq 99
78383189 Xaqegiw 99
86886468 Diyad 98
622901890 Kocim 98
929637024 Mepeto 98
985077100 Sixasomo 98
98764366 Bacu 97
452321411 Falamip 97
164614960 Qemeb 97
434168307 Qufabo 97
306942639 Zawe 97
458727654 Guxu 96
267396053 Jejoxon 96
153447663 Reyoleja 96
683244863 Zidacel 96
596760980 Heq 95
92157108 Jazix 95
144641903 Kojipa 95
749764445 Mowu 95
76301241 Rutuzi 95
990676363 Vukokave 95
135077324 Yaneki 95
725140486 Yejuneko 95
363160650 Befa 94
551061085 Gatabob 94
696402855 Laf 94
858088261 Qayotoy 94
865719714 Qeb 94
32207654 Cekuyada 93
235614426 Cizudeve 93
806146621 Nuja 93
926005361 Yupezapo 93
580120347 Kezud 92
253826438 Kuhowo 92
260990557 Puboqixi 92
873336665 Wubib 92
603539242 Xegog 92
812464335 Fogadipu 91
542355311 Lof 91
991117960 Popo 91
405070170 Ribaje 91
822095672 Rox 91
623752232 Tasez 91
973550750 Zemigal 91
683341967 Fomav 90
865720921 Saqiha 90
908685589 Tiwube 90
803498890 Cucuq 89
132418230 Duho 89
887540956 Guj 89
339948473 Kazonaq 89
301368733 Redenaj 89
382756578 Deq 88
918546902 Gizu 88
514332330 Yasibux 88
743424258 Cihupey 87
752120301 Deruwob 87
183916982 Lucofed 87
345635008 Sapalusi 87
10744821 Sifuyaqa 87
190026783 Vanolap 87
943275005 Xunecev 87
787470353 Dozumoqo 86
817459677 Kumuraco 86
644064298 Pamet 86
992096533 Puqoy 86
341412427 Vokake 86
856988895 Yal 86
725892215 Dixavepo 85
424001041 Gokeyi 85
417787205 Qibijuz 85
123194331 Qiyey 85
751830958 Xizuq 85
623078032 Doxupa 84
966026325 Liyigoy 84
203735142 Qanudis 84
792152463 Xitip 84
670428230 Bazu 83
605740949 Coduyaya 83
536127359 Hotapeq 83
640771728 Leda 83
380493125 Nereyiv 83
936218902 Turabal 83
226206065 Xizope 83
471424894 Xun 83
224925541 Qamojuc 82
533928976 Vuyosonu 82
742317011 Xagor 82
472075695 Zosezun 82
553764029 Nuhiqi 81
588105850 Qepewa 81
178412008 Yexo 81
759106259 Dira 80
589970720 Geli 80
324097986 Kewiduj 80
21205723 Kudow 80
638107532 Xokaji 80
302080689 Zitabo 80
538934629 Jehebob 79
213489746 Votiju 79
428227774 Vutuw 79
464910955 Gijezu 78
240190986 Josoka 78
915100585 Luf 78
221682111 Tocup 78
220828951 Zokehon 78
347843748 Bifiyub 77
893425959 Bikuxeve 77
721428977 Bomoheg 77
511750221 Jibipi 77
46512473 Lofem 77
538890784 Zaye 77
412687226 Zut 77
318621056 Nepuja 76
265132544 Qinemaj 76
684847788 Tucitu 76
787808037 Yeb 76
878622576 Bud 75
84020172 Fiz 75
664409844 Jejegi 75
571817943 Qiz 75
511036634 Solohaz 75
720531819 Tolap 75
559400902 Mutiso 74
390991970 Piguve 74
496659594 Qogoqut 74
15797752 Riyodoc 74
67454935 Xevuxase 74
146868288 Ludefi 73
66645436 Nihiqom 73
253799569 Qesav 73
543395958 Qubix 73
62019176 Togu 73
924852854 Ruvibox 72
588672606 Wunenu 72
540736403 Xop 72
270478472 Zona 72
563438908 Bebuxidu 71
134936692 Kivafiw 71
173969225 Lof 71
95859177 Moqil 71
831995597 Naveyod 71
854281859 Yejazuya 71
716070627 Duhido 70
611253383 Fegimim 70
292687193 Guva 70
347493672 Kiqez 70
182714700 Lekafe 70
32161371 Pakeyete 70
543423872 Pukipub 70
177636772 Bacex 69
49734485 Dami 69
728617492 Dun 69
294417874 Hayu 69
893479636 Novuk 69
718166531 Rodux 69
2647757 Wef 69
66098627 Yake 69
994106554 Yobisis 69
220456196 Ziyuxok 69
341640422 Dabujo 68
295766811 Higexo 68
77607989 Sezefej 68
790480673 Tareje 68
863392582 Tiv 68
851631873 Wali 68
459385284 Xini 68
525269252 Yepufu 68
167375874 Cez 67
368391907 Colajan 67
345160760 Cun 67
175818819 Jerat 67
605210354 Mohe 67
272341898 Pecoko 67
600230323 Tavakig 67
540587355 Vadimode 67
999911067 Vodux 67
521032099 Vub 67
347337600 Yuwovad 66
907531739 Cixo 65
46611367 Gomic 65
248119382 Guc 65
177059683 Vejehoh 65
137673457 Werayow 65
303199135 Wuq 65
355143845 Buc 64
710562970 Deg 64
860139939 Kabanar 64
635592690 Nosiki 64
124961977 Yaxo 64
147936882 Nawogoxi 63
295090841 Vocuniyo 63
106720415 Yiqexo 63
540468163 Sav 62
104634821 Cajoto 61
129321540 Dosi 61
164142966 Gowic 61
749952974 Lumone 61
610170834 Pig 61
188281716 Vog 61
751648787 Cufeyic 60
128250538 Demu 60
472426656 Fed 60
789551137 Cos 59
606929960 Huq 59
399874105 Rep 59
69972294 Xifocep 59
791543774 Ceti 58
365005849 Datiquw 58
997620625 Gawa 58
318305224 Soxukima 58
264765350 Tuqojave 58
931367313 Vuqedo 58
357394277 Yepudix 58
226299097 Biqi 57
524052527 Hequlizu 57
696395242 Hoyi 57
562221611 Qawumoho 57
149690026 Tifi 57
734444882 Xoxawumo 57
641152982 Mibiwo 56
739622182 Vita 56
140843215 Yudit 56
580980048 Jecin 55
30119463 Cakopiv 54
122771947 Dob 54
713138468 Faruz 54
783765763 Feqoz 54
27647083 Guhahak 54
823683233 Kaki 54
659976731 Kigaxaw 54
60717450 Masazigo 54
711117786 Moqequs 54
729941750 Qure 54
773558908 Sicatij 54
355064268 Sipis 54
389570687 Wavusib 54
461217782 Dicuyiha 53
127699511 Gadexime 53
671820984 Zaj 53
756513624 Gitoca 52
167677396 Repud 52
706524872 Sibereho 52
21881514 Joxosug 51
177216850 Lovuz 51
893621002 Sebay 51
87021227 Sir 51
558107960 Xahiraz 51
372826232 Ciroho 50
255176865 Qegobe 50
686110777 Wadohi 50
268058593 Wez 50
990883184 Yix 50
72019120 Zobapid 50
869902266 Bale 49
671319673 Qasud 49
172908944 Kum 48
563947947 Resezup 48
677277647 Topiz 48
710835582 Vozip 48
914421939 Copusut 47
666072975 Fuzexozo 47
79799481 Gekuca 47
561952795 Litaj 47
503431210 Qiri 47
650403544 Wutinus 47
772172370 Hilemi 46
114195207 Titaqe 46
87009186 Tuw 46
736792930 Kabumuri 45
253126475 Nezami 45
974201205 Nibemu 45
416468902 Qemaf 45
185659535 Qusutaq 45
686061250 Rig 45
978887396 Buvucu 44
488007060 Hoj 44
104606531 Wexejit 44
518971415 Weyuz 44
925863102 Cowe 43
301992309 Himukoqo 43
112660399 Pakixopi 43
53490741 Vesem 43
445327275 Ziruw 43
552057864 Fuguh 42
6219488 Hetet 42
499179532 Teni 42
866348625 Xaliwico 42
416490225 Xuy 42
571546210 Yonokafi 42
483068429 Zojevez 42
694248934 Hidigije 41
803796175 Kura 41
270151802 Lareceki 41
639702831 Qumita 41
671528029 Xejar 41
665749560 Berowoq 40
472584398 Bowipiba 40
995186180 Cewub 40
661714429 Jaqaqe 40
657078743 Jil 40
259272723 Rekeziz 40
681743498 Teyowoh 40
967381116 Cori 39
484220053 Game 39
628937278 Haguqama 39
434116643 Jovovipo 39
179669970 Non 39
458278180 Qavup 39
580815581 Mehos 38
535413174 Videyu 38
237540365 Vudipo 38
941842097 Wiyob 38
579473712 Xufuw 38
164285071 Duked 37
279272338 Fam 37
490306924 Fisajudo 37
308211756 Kopamuso 37
82848746 Neg 37
589285014 Pokid 37
516688559 Gexaz 36
296992582 Karivob 36
993569294 Qosajin 36
805745189 Toluma 36
282510971 Xapoda 36
903886642 Zahikuda 36
424814476 Bulaw 35
826885372 Foguzu 35
935362462 Genawolu 35
547883933 Yexusita 35
849698993 Faqu 34
442501553 Xowugoc 34
465742003 Yihiy 34
41337398 Vop 33
526170992 Yidij 33
306239067 Zuwu 33
959981531 Fijaca 32
985390331 Huj 32
486648406 Vafa 32
817524758 Wuti 32
461557411 Zop 32
780742908 Dap 31
463910620 Dogew 31
496800939 Jihogi 31
198000191 Legohuka 31
473220100 Luvu 31
416914454 Vus 31
780914248 Xevir 31
13246990 Dif 30
949522820 Hito 30
770218312 Feki 29
214080028 Jikudula 29
145464059 Joq 29
677768366 Qicufe 29
236075945 Sum 29
758694554 Hiqirek 28
459692325 Mufor 28
268852113 Nib 28
671994099 Xeyeteca 28
679925466 Xidi 28
918313487 Dowujot 27
537660970 Hene 27
233557751 Kopukow 27
449663117 Lacu 27
701438984 Latofew 27
711585429 Qapufaw 27
101614414 Qoru 27
879564284 Xum 27
928580422 Civ 26
627375786 Fumuxo 26
847283514 Xujejelo 26
152983051 Yafiwe 26
273305392 Yiwezup 26
882102133 Fibasija 25
541562835 Qitobava 25
61226177 Rilul 25
987143286 Rocewap 25
742169837 Xenilawu 25
999989287 Yuxifap 25
65202204 Zayinana 25
114445587 Cat 24
766669892 Gewoj 24
597936445 Gizex 24
785803353 Jiv 24
267044429 Sayuh 24
354527166 Daqaxac 23
195825305 Goqolit 23
229074096 Kuke 23
44471033 Kusito 23
742076296 Qapoh 23
926569984 Zokil 23
562736239 Monajugi 22
442391413 Ner 22
515355373 Yopon 22
137297473 Befiti 21
226911245 Qom 21
462759751 Wuviq 21
154294065 Xahal 20
687247915 Yaquler 20
364309881 Digu 19
339071755 Gub 19
402115533 Hecovel 19
216193198 Jekoze 19
47150500 Ton 19
846656203 Yamiw 19
240858051 Detici 18
651960850 Fovu 18
17906451 Hisayula 18
67017160 Linepako 18
659308429 Sofi 18
539160162 Xijubu 18
214147132 Hedik 17
958049516 Veqo 17
327040685 Zejis 17
937947785 Kapazo 16
691682449 Likodaz 16
461672872 Luvosa 16
493406081 Mamosaja 16
667939079 Pot 16
48248888 Vev 16
465756450 Yucozu 16
221977137 Dihokidu 15
629146367 Hacupo 15
475681617 Jumobato 15
12495689 Naguwe 15
850632508 Nepujoye 15
567631078 Pejuyig 15
647797879 Radohiho 15
20481866 Reboyol 15
876507171 Tidogew 15
594439725 Vucevede 15
88221495 Vuviw 15
840719430 Vuxoday 15
93334574 Qacuwax 14
110695336 Bep 13
543227908 Bih 13
59575744 Dopi 13
673444022 Vepip 13
898610306 Vepo 13
853252426 Xiquhiko 13
390644707 Nadab 12
957190374 Vewiqeb 12
789041585 Vif 12
176549295 Vugorim 12
901707731 Yapovik 12
586749868 Yat 12
159926673 Yopaq 12
895351944 Zurenu 12
214433953 Fopax 11
422692643 Gav 11
376168505 Kevoj 11
61223865 Nazotah 11
423270614 Sowuwu 11
327839522 Tul 11
346577224 Cenaqe 10
585177568 Fadag 10
945171220 Hefiqam 10
298851339 Kikezef 10
846012336 Panuwowa 10
795702331 Rep 10
855731521 Dewejih 9
445761664 Quy 9
892046324 Bevevuda 8
793482670 Giw 8
34048111 Nete 8
549159407 Rifu 8
953033312 Sokidik 8
352157135 Wexigi 8
867804892 Yironiv 8
248435691 Zaquxu 8
966264084 Ceti 7
97145553 Luk 7
145899682 Mojaqi 7
448898483 Nolakesu 7
546754692 Ruxira 7
551193782 Xabi 7
407694362 Zepar 7
459871870 Cuvame 6
821137988 Fogaza 6
796526983 Gucuku 6
462208696 Hijikusi 6
805359446 Yur 6
516960004 Fovu 5
147413189 Luve 5
57219392 Pomumafo 5
215248492 Tatuqele 5
534758714 Tiveliwu 5
564017574 Xucepel 5
525707283 Yer 5
328046164 Gokam 4
476736663 Guwijiru 4
996561046 Jor 4
953377889 Jusi 4
505643075 Lucizuv 4
354722998 Vusoh 4
353649933 Yut 4
619170384 Zotuxin 4
530780839 Devosaq 3
589500474 Dozonu 3
671590015 Fowisuta 3
799070834 Jiqaqoc 3
704945621 Papu 3
764557136 Kitoyume 2
484726595 Kugipife 2
736558702 Pojayihu 2
302513222 Pow 2
515509679 Qawica 2
663601106 Ruzas 2
120921762 Tajokac 2
881812309 Tegapo 2
209263651 Yulu 2
747909315 Dote 1
530052435 Hik 1
565878274 Lexopa 1
585552947 Masagoji 1
693874153 Qihimeh 1
755322045 Qusuguy 1
108966961 Siduhes 1
432033741 Sovowof 1
758536035 Zawec 1
679424800 Diduka 0
327627552 Doho 0
380996740 Lasuy 0
429046539 Marapila 0
751515630 Zaki 0
