366408564 Bawe 100
893479660 Copexe 100
21829727 Give 100
379423940 Herotuwi 100
379787013 Janoso 100
479629833 Loce 100
979327687 Nequm 100
84983209 Papul 100
556058638 Pew 100
326295311 Pexe 100
318073952 Qew 100
642736844 Silim 100
72636607 Suvofu 100
716154548 Xox 100
368710325 Boqeteq 99
162848154 Bunod 99
91018343 Gafax 99
936288535 Gobiwiw 99
737206976 Henonu 99
902772797 Jat 99
258885696 Pes 99
105658204 Sarewabo 99
725007554 Wofan 99
254538236 Yoy 99
815017672 Bire 98
801034390 Cixesoda 98
502120072 Jihogoci 98
332755842 Kixayeyu 98
983968418 Kodameg 98
310188288 Tevimico 98
90547702 Babo 97
112309526 Batogo 97
183084386 Cez 97
30062440 Dogom 97
728315257 Fucoxezu 97
600332833 Hey 97
385053131 Lobarel 97
68686043 Qucaca 97
286567043 Tod 97
483177071 Voxe 97
504290562 Yiviw 97
259802341 Yiw 97
273753019 Hiloqidi 96
173372825 Hiro 96
388328215 Kuja 96
27863500 Lebebab 96
767713831 Micoxi 96
398128720 Qucolo 96
747879643 Suf 96
178683113 Tatudiy 96
676588086 Yevaxa 96
928214967 Yolosoho 96
37367952 Bif 95
363427158 Con 95
636427791 Jixerih 95
960858537 Manihamo 95
57751878 Memuvefu 95
872983089 Pig 95
373321037 Talayu 95
258588892 Wur 95
418657537 Bej 94
801941378 Casepos 94
210407916 Cedecota 94
800893590 Guwiqe 94
359421921 Husi 94
898544212 Joc 94
415938217 Kisejep 94
585824289 Qawawu 94
580031230 Teworiwa 94
444216251 Velap 94
425848159 Xowiya 94
818192177 Beni 93
600861059 Jaquh 93
767091220 Jiwakoz 93
525651539 Kem 93
492602036 Kirokam 93
997085364 Mirit 93
637616728 Rolisiv 93
50335330 Soki 93
874579350 Suxu 93
340335538 Tun 93
354209631 Vokodu 93
572159138 Xago 93
971425916 Biq 92
905719623 Fiq 92
883572089 Jinefun 92
485187693 Jiz 92
811857920 Korid 92
764829893 Xilosawu 92
985889611 Bum 91
753467733 Mobib 91
366138174 Niwo 91
34772029 Riy 91
219862430 Semiv 91
450565760 Wivisu 91
762121310 Xoqogoto 91
73477885 Dase 90
674650552 Gufudo 90
988860192 Jodi 90
946132722 Kinafo 90
83777901 Kowaleto 90
932031419 Wuf 90
950239235 Bibuyok 89
742945273 Cedabore 89
476403547 Debej 89
170528932 Gaw 89
345522476 Hubo 89
792807552 Hucuxo 89
336579967 Kalizoz 89
674919760 Naw 89
878787564 Nijesi 89
538485237 Xise 89
302798536 Yizosu 89
536875146 Yotepuji 89
182726449 Burene 88
70823614 Geselel 88
183781596 Laj 88
716511311 Maj 88
135689930 Pim 88
945590212 Vozefis 88
52253114 Zobubi 88
500965560 Daqe 87
588853223 Denep 87
681556149 Donuvu 87
290671113 Dop 87
385657752 Hir 87
996388392 Hotob 87
629110265 Jita 87
493314828 Jumaxaq 87
679300642 Lidogoh 87
725805408 Meq 87
90508994 Nilozura 87
421242785 Resucoq 87
1223951 Temalut 87
881605995 Tinuwasi 87
806486555 Viwu 87
479669784 Wexawo 87
199727672 Zemur 87
813259429 Cujuk 86
430953758 Fusot 86
985999722 Gofi 86
694738699 Guyifok 86
316864794 Huwexeq 86
837957653 Lap 86
574761271 Pitaz 86
581022784 Taz 86
504979856 Voroxa 86
309739842 Wotaxaf 86
390141178 Xejar 86
483679680 Yeh 86
957280381 Yudu 86
211069003 Zaqa 86
113436538 Zofek 86
227460073 Zola 86
407414881 Bumeyu 85
870786528 Guz 85
802249235 Jecosepo 85
695672375 Jejop 85
886704259 Kotepake 85
937409331 Wiqizux 85
755220866 Xuri 85
603322821 Zun 85
666725575 Bafek 84
946316846 Fokuq 84
928188233 Fovedona 84
411256829 Gidayu 84
438313139 Hezigat 84
634506267 Huqeruse 84
389008998 Huyoki 84
10232109 Jumi 84
845773998 Lay 84
897941273 Leva 84
481265764 Lewizer 84
131570707 Luwawow 84
583579834 Pobujis 84
129204379 Potoj 84
100077932 Tiro 84
962088849 Xatoy 84
164699066 Dafor 83
473758175 Jacama 83
858346270 Jelizo 83
422855886 Jeyovoh 83
406289048 Likubi 83
813614996 Wofeqogu 83
160914036 Bacum 82
819491568 Cogo 82
365238498 Givix 82
846095840 Hoqizoc 82
67183811 Taroxe 82
875467509 Voyixaf 82
493761531 Yejima 82
651106903 Bixu 81
951497577 Bulami 81
589499391 Caze 81
3818760 Cubope 81
308458273 Jut 81
33036867 Koze 81
532588204 Qul 81
742852154 Rivukome 81
621121572 Xupuqil 81
138858023 Yaf 81
455709787 Coc 80
619965932 Dolotivo 80
472232103 Dubagocu 80
714282872 Gavov 80
469605253 Kaja 80
175206444 Run 80
766921696 Yoremig 80
742321964 Jetut 79
347884309 Kaseg 79
504641381 Taxow 79
103796601 Tekezud 79
401893900 Fuyakip 78
720923826 Jiyokeh 78
360721371 Ralofum 78
361429038 Xaluhuvi 78
90405175 Xof 78
667563379 Zavu 78
450846513 Zeyoge 78
888705734 Zirid 78
961680555 Bomagu 77
207365168 Ceb 77
631801793 Gij 77
627023782 Lir 77
420881559 Lutok 77
547933046 Mebuwaku 77
292803614 Nupap 77
896983383 Sacog 77
756391065 Tubu 77
945455151 Xihido 77
225387843 Xix 77
3399382 Yakagi 77
656176918 Yelixebu 77
299770339 Yisoz 77
235330827 Yoqenos 77
351953242 Kigiya 76
138115166 Lunusiz 76
507733930 Nomu 76
810908742 Rabi 76
266942164 Tutog 76
337715148 Zow 76
442385373 Ceyemi 75
161143248 Luq 75
409575804 Nojoje 75
445629541 Noju 75
74840073 Noqexo 75
622293779 Yozir 75
548875170 Binok 74
489407188 Fob 74
80937822 Fusiqusi 74
124305323 Jesiwu 74
199926471 Kicubixo 74
969800607 Kiw 74
816528839 Nixa 74
654030065 Rejad 74
982308357 Tasero 74
222164369 Tiqarili 74
262060013 Xalecuj 74
511638251 Yeleb 74
703897766 Fiqo 73
955564178 Qatu 73
692922568 Qowuqad 73
560295782 Vedujuk 73
335521011 Wezalo 73
60486170 Xavuha 73
324386758 Xohuvi 73
591317950 Cedat 72
163991771 Diraj 72
428997517 Hohiy 72
22051095 Lozife 72
302819336 Mira 72
668438624 Wisoh 72
662800214 Yesehowu 72
889553879 Yukipi 72
507404308 Zude 72
795458175 Hezin 71
338815856 Hiwixi 71
32390559 Jazi 71
404453887 Mevo 71
36828728 Rij 71
424107946 Sivexap 71
522931511 Viyeveve 71
552160864 Xexob 71
48735016 Bacu 70
818224977 Losexu 70
373833783 Quha 70
351888199 Ricug 70
132481272 Rojaniq 70
478814389 Weyeg 70
563942490 Cajov 69
344751686 Hogake 69
172929727 Jehi 69
133069491 Poleha 69
213405386 Qigaj 69
532579114 Xetecih 69
147591607 Beriyama 68
244145349 Cobetah 68
804493101 Namoz 68
183681920 Nixera 68
689857915 Nob 68
70516341 Pofev 68
538197308 Vofuyo 68
977414248 Sem 67
672807097 Xete 67
811582986 Baxav 66
224257371 Pane 66
215952627 Reqog 66
602156806 Vogicu 66
285751314 Waxeroxe 66
887176487 Cuha 65
906077179 Hegiligi 65
401451104 Miyi 65
599370884 Mizud 65
187636426 Patesux 65
47915718 Tevikiba 65
235183612 Tudori 65
338047612 Xoyovedu 65
546528197 Bezop 64
563735556 Cisigoze 64
908936948 Hatibe 64
714596517 Kuwumo 64
409506109 Nahiq 64
635891251 Nefiheco 64
722857285 Qoluda 64
190094364 Viyi 64
684120164 Bogoqa 63
911580487 Cezinoxe 63
514985941 Gob 63
719554002 Huj 63
820846996 Kagujeja 63
457802032 Keqa 63
809990072 Pex 63
992272282 Qob 63
807753038 Reka 63
899016517 Towa 63
628127629 Womim 63
401510459 Zut 63
270422037 Goj 62
214392693 Guy 62
997756629 Lat 62
703507499 Peratake 62
513923162 Puco 62
156261992 Qeju 62
204011036 Qiq 62
495512735 Qop 62
194230104 Ragoj 62
526986753 Rututuxa 62
955208206 Tepuz 62
779561945 Zule 62
178149813 Biv 61
908436567 Dul 61
888201439 Kotohix 61
542429597 Nadokaq 61
742096519 Nec 61
242011927 Puxahi 61
539373778 Sazolu 61
597512621 Sovuyube 61
680799984 Yeya 61
510859648 Yuj 61
509890247 Gopi 60
167597234 Janor 60
473868007 Kuzap 60
183732876 Liva 60
656900327 Petav 60
591358381 Popeju 60
264146185 Tuci 60
347527644 Vutahay 60
150463950 Yakosu 60
498071434 Ziret 60
101691623 Hupax 59
252047422 Sokekoke 59
812581767 Taco 59
947208215 Veredoc 59
167754841 Viguz 59
336712417 Xubuj 59
901703683 Yevav 59
314687184 Bofapolu 58
222101579 Cika 58
877530195 Hasixos 58
923067031 Kirugix 58
987242147 Kuwo 58
7039266 Niy 58
796475364 Noqufihu 58
702524182 Qilanan 58
537924091 Rojip 58
278775359 Simito 58
823020523 Dedocep 57
401608348 Gevadaf 57
824285671 Jituce 57
584698121 Lisitusa 57
421978636 Nevac 57
289584323 Nugo 57
585213060 Pevoku 57
988688323 Ruwuca 57
674004114 Woloxon 57
355032534 Xorifug 57
304006910 Casayicu 56
590895929 Dahegebi 56
544543829 Hove 56
908545293 Jiqag 56
630485863 Kes 56
480059752 Peheda 56
351730314 Rovo 56
788981887 Tikam 56
517504140 Bihuso 55
808613148 Binuzajo 55
885205794 Dilatoni 55
409120073 Diwivez 55
651814994 Dufadabi 55
612548804 Gup 55
410750591 Hume 55
865490202 Jaluba 55
162181176 Cecugu 54
537484061 Gimelav 54
290468873 Hicuwiya 54
681934349 Micah 54
17014422 Quwoy 54
126260074 Xov 54
191345323 Xujuda 54
288398308 Zuxu 54
957560579 Zuyoputo 54
710105302 Cewenace 53
226927443 Jek 53
37531045 Kojit 53
637086773 Mupovez 53
299791141 Pobi 53
377462165 Rekanu 53
293032574 Wirug 53
984434036 Jayah 52
745326176 Jul 52
904549821 Kumes 52
220497203 Lezig 52
504321722 Loyoji 52
66829260 Sobije 52
546619664 Suca 52
686806703 Tozu 52
802531127 Tufix 52
954224107 Weliqus 52
989169221 Wuyehit 52
565320929 Zaqeyan 52
476220557 Zeq 52
461962577 Kikereke 51
817013229 Nijijaqu 51
360104868 Niwomi 51
867739999 Rixava 51
1880540 Sabe 51
212209430 Turewo 51
836225397 Voqe 51
688719062 Xagafep 51
239205955 Xomiyo 51
587455152 Zavonis 51
601921492 Zor 51
183570137 Haruwuca 50
892099157 Heviho 50
912091705 Res 50
936549941 Reyo 50
999312221 Yoyef 50
923331836 Bar 49
669756447 Datinu 49
151520394 Lupata 49
980236080 Nop 49
643645382 Pavin 49
43781493 Yame 49
325969170 Zudirate 49
108325189 Cuyi 48
520533822 Feliyu 48
370156644 Jaq 48
303400398 Malenoc 48
261835943 Qozisa 48
493081904 Raqaxopu 48
158595730 Ruhik 48
120019473 Tupa 48
905658342 Doqacuq 47
971146261 Fede 47
351230683 Jib 47
591460891 Lakeze 47
937249175 Lifefiv 47
296687620 Pupiwe 47
748234607 Sal 47
422832580 Vebujuvi 47
535472788 Yupe 47
605666362 Zeyeku 47
137670102 Bawol 46
842154085 Fipipuja 46
953035181 Fuyepa 46
450931579 Hapeyi 46
65997844 Jiju 46
282061248 Ker 46
570255163 Quxi 46
76774228 Woxa 46
93273048 Yujoriw 46
121333865 Zoxediro 46
177503946 Bahadu 45
712196270 Bopiz 45
224884302 Hij 45
916120668 Nutefo 45
623139338 Rofil 45
942969653 Setekof 45
269386832 Vazicir 45
294636459 Xemuday 45
800441343 Yepezer 45
17954074 Zep 45
998174046 Bakid 44
146401816 Cozejuwe 44
782595037 Foxe 44
558399579 Gug 44
756628337 Hewenew 44
325744363 Juqowoqe 44
961727057 Kamiza 44
580603999 Payepagu 44
710422182 Sekaxuci 44
608175211 Tobeqar 44
912919654 Vuqexajo 44
94417222 Wewopoha 44
944819517 Yurix 44
212155453 Cole 43
130073328 Hedip 43
222477545 Hesoceri 43
695901060 Hoqur 43
135089744 Lew 43
423737511 Zapak 43
915112428 Gukapu 42
877429226 Late 42
269621066 Modoq 42
295979775 Sufuxiko 42
548993608 Timowi 42
936479971 Vujizev 42
782550973 Vutiteje 42
144802712 Xaxocib 42
288849840 Xebuco 42
397714996 Xeze 42
823434849 Yavuce 42
610478287 Yete 42
234510890 Yewa 42
889218285 Ziw 42
711690579 Buni 41
759065736 Dudise 41
766456038 Lukuleso 41
21006542 Pixiseq 41
424255482 Sevaq 41
944586275 Vom 41
581761146 Yalacu 41
295827993 Zeginag 41
106608241 Cexe 40
910687191 Lekip 40
565124919 Moyan 40
533839873 Qeqa 40
887510283 Qivuka 40
885276062 Qomuzucu 40
203899205 Sanaciju 40
761599796 Xeze 40
92847077 Xujanu 40
543517353 Zedug 40
696984818 Dupavih 39
446471147 Fay 39
83737648 Jigoz 39
697278076 Nuc 39
331238105 Timanaro 39
603300357 Wamu 39
757857175 Xov 39
800049694 Dokope 38
862582079 Goxa 38
72744398 Joje 38
692124489 Juxazal 38
491846288 Kofilib 38
199072470 Pudu 38
532858108 Tunayewu 38
162797205 Viqiz 38
218323922 Vofo 38
589322369 Xisoyiku 38
738221350 Xowur 38
886106397 Yolam 38
929735830 Daki 37
285360534 Dunotap 37
956413881 Gab 37
939818882 Vaceb 37
37844133 Vaz 37
114200898 Xegeveyi 37
556394845 Badu 36
408610955 Hofise 36
476793006 Kot 36
210549063 Kujonuj 36
850015050 Lumur 36
851077870 Mapa 36
70296052 Qogageki 36
298118991 Wizolete 36
995644322 Didu 35
133723896 Dogede 35
53259022 Duxof 35
474458141 Fozigaq 35
731029448 Lasa 35
606555879 Ludevo 35
62629739 Pegef 35
567784867 Sikenidu 35
306900130 Tefewa 35
835452202 Weti 35
857900725 Wokiro 35
353818041 Xanebiqi 35
105979634 Xero 35
165818884 Yoviz 35
546268535 Yuhagoki 35
573779831 Zoxip 35
929309419 Cohiqolo 34
339521922 Fenut 34
583716630 Jejejot 34
622889466 Nez 34
163886870 Polib 34
821918355 Puxeyul 34
417850847 Qaref 34
718062013 Tahowa 34
142257484 Tave 34
768082570 Wemunu 34
171325937 Wuwuju 34
743918220 Ximoso 34
539630816 Yelima 34
279694979 Yidiv 34
120985281 Yokibuju 34
774151500 Bah 33
198599924 Gafu 33
638690367 Guhosabu 33
841179812 Kik 33
787172815 Kuyo 33
315571699 Lizuq 33
765914493 Qayar 33
708690572 Qeyeziwa 33
294736442 Rofed 33
568442129 Zel 33
816171768 Batosepo 32
147023924 Faku 32
795781271 Mip 32
202272950 Nihowig 32
394061603 Qehakida 32
849099221 Rokisus 32
141941313 Waza 32
61304604 Wusofepe 32
588575225 Yemezu 32
149894266 Yitubiq 32
259694758 Ceweg 31
695318942 Dipesiv 31
762851578 Dozinob 31
546925283 Fexun 31
732533168 Gicefis 31
734997251 Guno 31
299949585 Guz 31
101546698 Mikule 31
310820966 Noxot 31
363361505 Ticoqu 31
475333101 Vuwo 31
64258930 Xefuros 31
2447591 Yeyewuni 31
641184426 Cakuf 30
370952320 Fucagede 30
28886919 Jej 30
943666459 Kiso 30
498064098 Meyiji 30
979984526 Pove 30
290087791 Tah 30
959894971 Vijeqe 30
372547050 Bisuh 29
299724884 Fatab 29
283605561 Manodum 29
617845469 Nopudelo 29
424735803 Reguroc 29
967068393 Tisuw 29
346451578 Zocaxelo 29
737112358 Corekan 28
806112678 Hazaj 28
389553823 Medesuya 28
987165668 Mogoraza 28
82763309 Pelime 28
643531966 Qadukuse 28
641980345 Rokis 28
252032962 Yaxidavo 28
38774676 Bavet 27
249450542 Bohejiqa 27
861206963 Com 27
280682859 Dihik 27
470020264 Fori 27
802323584 Fugo 27
419367815 Gobofeli 27
957394255 Jotehi 27
882204580 Paru 27
890525403 Sej 27
971125201 Tecede 27
274635725 Defik 26
925311311 Fovulime 26
257829295 Jacosu 26
934111625 Jelufoy 26
430067496 Juhok 26
649003803 Lela 26
160060455 Tufi 26
920273589 Vut 26
413906555 Hizos 25
334819959 Lariyowo 25
400120571 Lolihegu 25
316645271 Nuxug 25
342453427 Paguze 25
423774786 Yuwasip 25
739995914 Cex 24
242042159 Cice 24
407223657 Faxer 24
885708831 Reci 24
222918845 Vihisez 24
983972207 Wipap 24
8798238 Yazocoz 24
704510721 Bakomah 23
903732776 Boxap 23
726045201 Met 23
438366184 Midaha 23
849584642 Riso 23
171178022 Tupebu 23
748586105 Woxa 23
988926572 Cegog 22
95937480 Jenirix 22
818273024 Juyul 22
549678105 Pilatun 22
376557251 Put 22
378477865 Subowi 22
989242874 Xeruro 22
287914740 Yenaso 22
800152975 Zupo 22
619630755 Cefuxi 21
540460952 Diqelon 21
704699757 Domaw 21
716181629 Getic 21
521821178 Kasun 21
854788739 Laneti 21
439607205 Lokawora 21
518758580 Piquk 21
236448390 Teteya 21
585058809 Tihu 21
405768210 Wugudi 21
654566674 Fimotiko 20
244262783 Kik 20
133440247 Kiwaf 20
181160427 Lidi 20
460371239 Mosinus 20
660781641 Muziv 20
930325495 Rohu 20
14231677 Suseyuk 20
827614656 Tijun 20
555744960 Vuv 20
113754313 Cac 19
828595701 Muhu 19
790230087 Norop 19
145650056 Piquhag 19
296182652 Qezuq 19
11803767 Sejidifu 19
140706795 Vizik 19
594213416 Zotibupu 19
188527930 Dasokox 18
917711816 Havig 18
61212188 Keboni 18
644811062 Musado 18
719019811 Pak 18
206820602 Ponilaz 18
731426371 Rogu 18
379646022 Fura 17
486497611 Genabeji 17
641200525 Paxusa 17
697968422 Qake 17
367535631 Tinogo 17
220988458 Wevoga 17
174597377 Liruheb 16
902930848 Wape 16
911286521 Wod 16
187357849 Xeb 16
904911970 Xiwu 16
626735255 Xuguzuto 16
287437768 Yiv 16
118306822 Yuwoxi 16
716307036 Dol 15
934253219 Ful 15
363415431 Ger 15
715340339 Juwubi 15
659766376 Kica 15
792532837 Leragice 15
719682268 Mericu 15
632192584 Vorag 15
245488043 Xide 15
972245747 Zolab 15
234587555 Basimunu 14
721001330 Cube 14
353508445 Howokapo 14
830779225 Julem 14
345136356 Kico 14
595741364 Lifen 14
872727542 Nuxayavu 14
56977292 Setap 14
701998309 Bigojaw 13
23605663 Fifi 13
464231184 Nuf 13
736349174 Sumidew 13
410207858 Tajo 13
156849990 Tivajato 13
707770283 Veqexaqo 13
860973330 Xubizo 13
271927131 Xuduxiz 13
291307778 Ciz 12
194162454 Kud 12
311186664 Kufed 12
348660376 Riw 12
531969458 Vokunab 12
782861515 Zazo 12
237905237 Batim 11
480191305 Kej 11
281499012 Kon 11
758378777 Muzaru 11
933746463 Poc 11
578409886 Taku 11
302920378 Yoguda 11
619133884 Cejezoyu 10
295988346 Ciqob 10
726221232 Corate 10
283573169 Fahehoh 10
646317885 Golikine 10
717235486 Hojaqi 10
193331345 Melocamo 10
670640214 Nayo 10
788681671 Sida 10
668209740 Sifijer 10
710985726 Wuzizey 10
980339790 Xowovo 10
220939976 Yezezemi 10
240669281 Ravaqo 9
759697796 Wahev 9
776400770 Xepu 9
235468292 Binetovu 8
63494981 Cogojoc 8
946496658 Dejid 8
665233415 Lanaya 8
232757617 Minuw 8
726634740 Qibiyek 8
452774364 Sacor 8
266116368 Vewagu 8
718614928 Vociqeci 8
872404205 Wehi 8
303436479 Yoxodan 8
652381686 Zas 8
133386426 Zodido 8
982185406 Cuvoyug 7
10339479 Fudeb 7
318118335 Hizige 7
700784076 Jen 7
968304800 Kus 7
816211614 Lekom 7
107405649 Wemoyu 7
78924055 Zoc 7
357943577 Cirut 6
487535390 Fasil 6
645471469 Figacu 6
586383375 Jam 6
712534246 Jujuhi 6
627987836 Kihukila 6
501031583 Lokola 6
625951377 Luqequye 6
398560412 Mopo 6
343980424 Xedi 6
290458123 Yotifu 6
985372620 Zeba 6
920089387 Cefut 5
247015781 Fiser 5
542072797 Kehabace 5
500837541 Pero 5
117614405 Qaleg 5
36468328 Qomoyi 5
997671845 Rebuxu 5
401446884 Sim 5
832497078 Teha 5
858927451 Wiq 5
387707286 Xenudoju 5
112549541 Zejuqa 5
496475534 Zeyiwu 5
450744007 Dixixila 4
13790006 Husu 4
756989338 Jufiteho 4
195352513 Kisebona 4
998435460 Korivez 4
393205969 Misiz 4
667368466 Pilijuq 4
631031255 Purono 4
757922557 Rokihaci 4
429252291 Tajeka 4
153382558 Tipakice 4
233861834 Tote 4
991189709 Zaroveno 4
27862038 Cujibiyo 3
701861368 Dor 3
127422971 Fusaluj 3
321312772 Jasu 3
81221104 Noqil 3
966726485 Nuqogero 3
457328699 Quyene 3
240148732 Sipe 3
869507052 Wujur 3
565579315 Zej 3
305438888 Cayefoni 2
259615577 Denihoru 2
909014643 Dud 2
264028179 Gilite 2
644119194 Gorusogu 2
740190352 Lix 2
298568821 Vahulofa 2
272692646 Xisulehe 2
111873099 Zakivob 2
354338590 Zar 2
743211542 Fajo 1
689205918 Jex 1
959597653 Jof 1
947542371 Notoj 1
668685008 Pupizeme 1
686482336 Qifeti 1
675127761 Tiwad 1
710939715 Womecer 1
792756861 Yuyavi 1
403527827 Berurom 0
443641927 Boqip 0
331893632 Datic 0
600783784 Fawo 0
886175519 Jomip 0
804014341 Mijigaq 0
682388458 Pup 0
783227830 Rerowa 0
266889616 Xupefa 0
