245700799 Kuga 100
920613250 Kupa 100
78754721 Qeba 100
151321231 Tixapa 100
18869989 Xuz 100
998810201 Kirivem 99
190716333 Kiyuw 99
41061696 Yufufiy 99
405230778 Jopowod 98
432362960 Nemehof 98
133716736 Tuce 98
443983071 Velita 98
263721796 Joxoxowi 97
71532016 Kix 97
520188381 Motim 97
654436470 Safiya 97
862198700 Tar 97
307068235 Tom 97
526682471 Towaber 97
141478419 Yenerubo 97
558684841 Zaqoc 97
81658876 Caz 96
299154559 Gib 96
315105881 Hoxoc 96
956821336 Lij 96
200737704 Nugifa 96
473421372 Nuvufo 96
269138975 Texoz 96
739039938 Vocufajo 96
755311094 Koduxaca 95
221732947 Molij 95
141952121 Nana 95
582832059 Piziyodo 95
109256336 Ciwoh 94
464092453 Decivoyo 94
140512473 Netefos 94
614725973 Pip 94
515753490 Gowayey 93
99284014 Nop 93
757042354 Pobari 93
767469331 Tixal 93
229461854 Wiyunir 93
742933509 Hup 92
595418168 Tawav 92
543585814 Baw 91
627406337 Dewi 91
531683679 Dexoko 91
809085356 Jakokuke 91
216058578 Numew 91
38528641 Taxipi 91
451360719 Jeyas 90
643846654 Pidehic 90
491352079 Toke 90
968045244 Yudefev 90
615830922 Beqikim 88
836229244 Capi 88
498764704 Hucuruq 88
14329156 Moxixi 88
931235669 Tixe 88
165593017 Vimalu 88
92513509 Jur 87
979624137 Kuhi 87
273372623 Kuk 87
900159921 Qiqot 87
956606772 Wosoti 87
184839937 Yajimex 87
237535227 Bevigine 86
954039970 Hocusuka 86
131149192 Jodujoy 86
464303888 Loheyino 86
989231960 Los 86
948141341 Pefuna 86
31045977 Qidim 86
430389964 Viduruwu 86
880470583 Bumir 85
442799844 Gac 85
752885294 Zuw 85
756611683 Teqof 84
40119162 Tol 84
230130946 Vanalere 84
691653080 Wobumuku 84
568681660 Yete 84
442964410 Jisulu 83
878922527 Jodok 83
667288110 Juce 83
868435388 Taq 83
840766834 Fug 82
175476650 Ruqesa 82
5342665 Mekecin 81
665150234 Qiq 81
291490797 Yoji 81
604848639 Yunatena 81
366237984 Gepofip 80
133142103 Hawawo 80
218223493 Jihequ 80
974605419 Paxumasi 80
921971173 Rubo 80
641617801 Sasefika 80
690798980 Tufok 80
413370217 Waronubo 80
558446174 Yah 80
851970365 Col 79
818949276 Digu 79
23646242 Muf 79
930340365 Rogexuh 79
165984465 Rulozux 79
363984560 Tapi 79
773158050 Vocuzet 79
391628316 Des 78
29175508 Keluxoyu 78
472741369 Qixonada 78
15776873 Siqayula 78
495195991 Cogosi 77
276577350 Doti 77
326169736 Fiduya 77
614086332 Tucewaru 77
881095060 Vid 77
416137389 Bunudez 76
261968268 Feqa 76
956217261 Gopu 76
715555108 Qopexuq 76
856379424 Qoqirepi 76
566374848 Belo 75
840676411 Gowek 75
692593665 Huzu 75
932923398 Qicaqeki 75
936910919 Sozo 75
965173513 Tazu 75
875283522 Bimefe 74
307680872 Duku 74
117180913 Gat 74
714485518 Ceqafaz 73
398055395 Cuguxeg 73
718445900 Fekucame 73
693877610 Womil 73
525692601 Yiz 73
449179089 Kogeduye 72
490685154 Neju 72
153461507 Walahed 72
59423590 Cuxom 71
723706787 Gutimo 71
848837591 Yikev 71
435173188 Zudihi 71
815894086 Padipa 70
574037461 Qafol 70
158656263 Sono 70
612151583 Dib 69
789607738 Duqebe 69
712589307 Jejobij 69
497337944 Nipuc 69
575828253 Tixico 69
10491433 Vasani 69
849236878 Yiki 69
889432333 Zamajo 69
196962538 Timigago 68
615137762 Yayiyey 68
113992321 Dakakey 67
667965717 Pip 67
791989567 Rukavobe 67
467093740 Vipujum 67
709782648 Yanifa 67
112351537 Duhixi 66
538496197 Lirike 66
23535201 Qozusiga 66
433622431 Zaviso 66
290501859 Zugu 66
269655954 Gola 65
718230703 Jaxaney 65
316226473 Jopi 65
462808630 Lumuxuc 65
645422871 Pofegike 65
304285403 Sivefec 65
776237144 Somu 65
808945344 Tej 65
331582128 Wazisa 65
845761952 Wozifaga 65
874056012 Zasecexe 65
982510512 Beho 64
392241600 Jutul 64
379340313 Todunu 64
340508237 Togivo 64
15769086 Vama 64
435043104 Yimene 64
656196801 Mewiwa 63
562598087 Peqika 63
897859102 Datoxofo 62
901847633 Hab 62
545512050 Huhot 62
113804350 Kowus 62
123835504 Mukijuzi 62
35025520 Sada 62
302919883 Zena 62
235895377 Fid 61
775005149 Heducux 61
265320540 Joqef 61
195718313 Nizikam 61
175523696 Renadera 61
937427893 Xerin 61
320061375 Xubuva 61
993991997 Biv 60
610960705 Cubi 60
28403142 Feyaq 60
700558452 Gepen 60
100843566 Pen 60
620531357 Sefe 60
487165751 Tax 60
753530898 Vebiles 60
618472393 Woradexo 60
783419489 Dedah 59
808217640 Dufo 59
885114159 Fukew 59
878841825 Mekot 59
893812820 Narec 59
874474954 Nuba 59
166484769 Qirulo 58
670670566 Bavenu 57
883387714 Dojave 57
272097087 Finoy 57
895112970 Goyey 57
648582981 Zuze 57
510037201 Bihene 56
372926261 Kozahe 56
344270407 Mos 56
913896202 Xoneve 56
872378279 Bedarih 55
924221432 Kavabudo 55
597764877 Kip 55
25063293 Yipi 55
146451186 Linebo 54
91054070 Pukogeh 54
811380229 Teyoxeho 54
176548366 Tuz 54
166705911 Gex 53
174553563 Jelupas 53
659165372 Loyahi 53
910092897 Sefoyeku 53
206222493 Sumufit 53
906252265 Viza 53
47049355 Zilat 53
71671653 Ziyu 53
242498888 Dehuyido 52
92021239 Pesefu 52
16311768 Sabunib 52
113456256 Tip 52
559128499 Wuyuvu 52
394258396 Yakavi 52
898420139 Zad 52
476884171 Gij 51
764209698 Hox 51
149365741 Lewe 51
368390543 Mapev 51
936645291 Neduci 51
355088025 Qizos 51
492758695 Yoriyu 51
985976113 Lav 50
934870083 Lumoka 50
270820486 Miji 50
949349202 Papasag 50
105175751 Cagig 49
146475737 Cire 49
809410686 Fiquxodo 49
921766289 Fukit 49
168800400 Lot 49
654582319 Nunaf 49
288650083 Vubolono 49
895866073 Gukugu 48
937004555 Hacob 48
621042155 Qidap 48
255444766 Qikopud 48
494552066 Qimaq 48
864875753 Wonohug 48
422943538 Yupipowi 48
987947559 Bib 47
105815964 Kuheni 47
818006956 Lud 47
728564057 Saladeno 47
285940553 Dep 46
679556855 Fixaqabi 46
205131988 Kufofi 46
417456941 Mej 46
274953545 Sixag 46
167119276 Tekaj 46
781466831 Hefatafi 45
412709931 Jociy 45
258841075 Mib 45
489657616 Pozokuda 45
930125880 Qiciq 45
377471021 Fogiv 44
417236182 Gimo 44
518253512 Gujiyofi 44
983504660 Joteden 44
711172374 Qutikun 44
990279560 Wezasi 44
785950757 Xiruteb 44
946717302 Bad 43
194823820 Gicujus 43
883201964 Hek 43
705289293 Pojepeq 43
788694342 Lurigare 42
964100524 Vizokimu 42
847594294 Wuzokobe 42
887555560 Zubeves 42
988792629 Cibe 41
80156089 Cufuxifa 41
151116357 Fuloji 41
232085936 Vetib 41
180045408 Widimiq 41
282024379 Lan 40
182816500 Mujameq 40
383651647 Piyuyaso 40
469696866 Yuquruq 40
596525762 Zureja 40
311136171 Libafes 39
506634529 Kewo 38
85503054 Mofaz 38
417909899 Tuhoqi 38
308548223 Wimecota 38
228465858 Yeligeto 38
747638215 Cixuper 37
673853188 Sasah 37
275335540 Wepoqero 37
534706642 Zawiv 37
61924875 Bure 36
125589082 Huvoquh 36
51383484 Kucu 36
815124207 Xepew 36
970987478 Yowehe 36
520767993 Zade 36
632370710 Ciyive 35
584823874 Cofuqe 35
360112211 Cokuf 35
435279373 Gap 35
297179014 Feg 34
878677797 Foqah 34
477880829 Fovo 34
948785707 Foyu 34
454527688 Fumeyoqu 34
955015411 Sayod 34
493046146 Tulo 34
283011730 Zitoku 34
361401274 Bufalimi 33
138572144 Casapilo 33
370979898 Muqom 33
864412860 Nodip 33
290398800 Tisifu 33
573571484 Bivo 32
459981057 Hiye 32
524981308 Hofemuqo 32
497848705 Kuvaco 32
717029341 Luqarag 32
233469910 Pilaw 32
271454205 Pumu 32
392306106 Ciririj 31
306561291 Dekocov 31
369421120 Dero 31
258031773 Meda 31
147867293 Pij 31
93953213 Solaxex 31
190906204 Tok 31
782772997 Voler 31
790926333 Cemune 30
892113813 Depotes 30
914411098 Hovufoq 30
992822670 Jip 30
206487318 Sid 30
218210234 Tamab 30
486478772 Dij 29
598341925 Hinutuyi 29
326580646 Qif 29
538678538 Rujihili 29
958803475 Sohopuvi 29
239978748 Vuxowu 29
877281743 Lay 28
568812122 Reda 28
377294126 Sonejila 28
554561098 Suxalizo 28
932741855 Tolagun 28
783550329 Val 28
909293870 Cab 27
637053813 Gomo 27
687792086 Laneka 27
393527671 Nemile 27
183722171 Yehakuh 27
44464454 Bohu 26
64283107 Goqiq 26
992746558 Rapamewu 26
571912313 Sut 26
318866067 Dubis 25
843106973 Fihahiwo 25
667468415 Mafe 25
12353523 Pasah 25
755634095 Gofeqipu 24
681889653 Kim 24
629804730 Leqiw 24
425902309 Hovo 23
149097670 Jokoxoj 23
305306282 Mihidi 23
500923224 Talikeh 23
277553412 Tola 23
555679893 Yofuliba 23
890632793 Zosava 23
56147931 Delo 22
403814452 Gisu 22
405813316 Liq 22
370356388 Mipacix 22
709217641 Niyut 22
354413037 Cadayic 21
364293591 Cagataki 21
824922568 Gapazohi 21
389016874 Jucu 21
694511472 Malene 21
560214077 Fus 20
46653341 Jepipo 20
342860587 Xabuj 20
999018704 Yayaram 20
876304013 Hic 19
794797489 Higa 19
466166829 Vit 19
464785058 Wata 19
817261076 His 18
381136599 Rarewiza 18
723817090 Rejaza 18
12434484 Wemigin 18
982585570 Jalaw 17
103530996 Vavozu 17
465434320 Vedice 17
46833348 Cadapaqe 16
129807675 Fuwoq 16
643238486 Hupihuh 16
115936565 Jaco 16
999876413 Nowe 16
121706564 Riw 16
643053756 Teco 16
602158807 Vif 16
527834258 Bola 15
628713185 Feb 15
623043838 Hosa 15
649189460 Koc 15
956602108 Kuxefew 15
583767690 Nivel 15
737823702 Pale 15
690645122 Rodifor 15
117350366 Rudu 15
301285917 Tunop 15
682480390 Wovayag 15
534849269 Zete 15
545283415 Berogufo 14
472211365 Cowugoh 14
329329723 Deluv 14
139455757 Qihutox 14
42978345 Duzed 13
3630105 Gile 13
994058910 Rev 13
381728707 Tehi 13
113700218 Yujo 13
193495992 Lejac 12
254350646 Padab 12
937839166 Sen 12
254328470 Yehutip 12
842814213 Yidiriji 12
903709462 Kaq 11
144761689 Kuvigihu 11
519135943 Luzeniba 11
775675350 Miwav 11
848412535 Cexo 10
264918383 Jeguca 10
491297034 Les 10
723921887 Qerorufo 10
793063577 Qoyikaqi 10
855054688 Wicelisi 10
384890272 Zafikoge 10
237844034 Foq 9
48972509 Hifajoqi 9
311494477 Nomecoz 9
565924520 Pub 9
435246226 Teqel 9
261829974 Tidofo 9
828249288 Yubige 9
654846041 Dex 8
87196179 Felamoc 8
723317354 Hab 8
26080122 Yuri 8
648522404 Cituvexi 7
592797565 Kadi 7
478032010 Wovux 7
142873231 Deje 6
694278916 Naxamona 6
702705031 Payixi 6
37440730 Taj 6
506298858 Wasolaf 6
854459457 Ziwohem 6
436241761 Gageyu 5
668312568 Ged 5
795760419 Kefada 5
873741559 Lowa 5
140479472 Mahamowe 5
216950113 Navup 5
680750696 Pow 5
127937626 Reye 5
377111852 Vecabic 5
841133846 Yojak 5
126487683 Gefo 4
306999855 Lorevi 4
242259018 Netili 4
558383050 Keyi 3
542283657 Niwunowe 3
320157812 Qufar 3
204379877 Jicob 2
579658821 Merisiv 2
659325313 Mohix 2
852946642 Qunehubu 2
166999963 Rene 2
139812723 Lemebu 1
87218811 Hijey 0
399572574 Mujo 0
489552416 Muvu 0
620697526 Rilisisi 0
911026234 Robuci 0
