573709606 Cibo 100
432029296 Jagujit 100
633963852 Jobu 100
409098651 Nopa 100
796586539 Qumope 100
278407371 Seke 100
581103965 Sewub 100
854009979 Xiha 100
314395365 Yowe 100
459906673 Bog 99
570147386 Fepuvaqe 99
226608053 Kehuyi 99
691782191 Qayazoh 99
598327024 Tuw 99
425282239 Wika 99
507532436 Yawecap 99
305711414 Zen 99
392309012 Bokac 98
473412005 Bumuro 98
300559595 Dalibuji 98
281050336 Loruviz 98
567591182 Niwo 98
182095712 Nuziz 98
573023471 Zozobo 98
112429660 Bobewano 97
670722664 Hebava 97
813563239 Kiyuzof 97
232529404 Qeyuvare 97
744849789 Sulisuco 97
336336553 Tujuyes 97
573525473 Vono 97
509131964 Waqaw 97
619491372 Xow 97
99335247 Fatiwu 96
697923451 Jeh 96
232956363 Karodid 96
146574761 Mituv 96
840730000 Nenela 96
792191602 Qosevu 96
409367598 Tular 96
841035749 Keza 95
117336530 Kif 95
14614051 Dokega 94
827112990 Hirece 94
981853363 Jihomabe 94
539185444 Kabeya 94
79744401 Kawoga 94
616681453 Kohuc 94
123606378 Moway 94
58610947 Nicapipe 94
470937629 Vuhu 94
662309962 Yiroh 94
815672693 Zavomeb 94
634879757 Dumi 93
550541202 Fetopiga 93
534587700 Foqo 93
89389774 Fuyo 93
311403484 Hicutup 93
467329948 Kos 93
196937991 Maj 93
42657716 Misunur 93
790154083 Sah 93
41046493 Vun 93
792902451 Wajeba 93
103965432 Weji 93
200414150 Yuli 93
701979781 Bapoxa 92
303429706 Dahiyev 92
150343276 Fadi 92
921882473 Jivutige 92
476364179 Lamokat 92
233646152 Pihe 92
683229103 Sutuc 92
489049981 Tuwew 92
601979615 Yeriho 92
416356612 Yirames 92
862796313 Yusehac 92
25490727 Cuded 91
174351092 Ditulawi 91
22012234 Kabeq 91
485234168 Kizavo 91
411890686 Lemarelo 91
751774533 Meyupo 91
105798129 Nuzoloz 91
775780387 Raletujo 91
588277695 Voheyawa 91
780962738 Juwe 90
141241434 Nuhavoya 90
444151549 Nukaridu 90
151003846 Qavuvos 90
604555943 Sada 90
713577503 Sexu 90
468026973 Xaz 90
882578899 Curaw 89
763561285 Giridom 89
793809439 Guved 89
560883750 Pihefel 89
605433950 Riquko 89
847351932 Xagowifo 89
249114026 Bop 88
842561338 Fetu 88
877213770 Nodolak 88
996801026 Vimilo 88
268744003 Xiviz 88
503902198 Yoyu 88
900270515 Zay 88
535860712 Diquw 87
335794936 Fapixiho 87
60506019 Jojesib 87
827844064 Kesuca 87
371134588 Mimi 87
551778466 Wuhibeve 87
428910596 Cezaka 86
452178779 Doxaf 86
136150053 Fivu 86
450006654 Tonih 86
709626222 Vacizi 86
407722748 Voxozor 86
515272184 Xip 86
25456215 Yimudov 86
738614724 Yun 86
266179572 Jicokoy 85
780978708 Kikiya 85
877588203 Poy 85
149431671 Siqud 85
518226055 Yuhukul 85
817166867 Hifez 84
202082347 Hojaho 84
709463914 Kiwep 84
699107509 Namu 84
843777945 Rodezub 84
347533823 Sob 84
34306364 Wewexuni 84
731277774 Yanar 84
500291147 Zecoc 84
175250971 Fujapil 83
260270241 Giqarir 83
44322567 Hiti 83
92931180 Ponibel 83
112788708 Vawava 83
481484663 Wigeci 83
207558898 Xix 83
596363815 Yufe 83
416205082 Zocepuv 83
495629311 Gekaheb 82
773699748 Negad 82
618328201 Pekifoq 82
463857344 Pubel 82
141820261 Race 82
487578359 Simico 82
198810905 Bewugi 81
858822633 Biromaj 81
926648027 Giye 81
114650310 Kay 81
762892031 Saruhir 81
20728801 Fih 80
551998384 Homi 80
160021156 Muvet 80
144832890 Nedam 80
940433508 Qaj 80
154198863 Sonano 80
544843795 Tahogapi 80
212914614 Taxucov 80
789819396 Zad 80
760880348 Dizet 79
94904711 Doba 79
3138696 Halovu 79
733780771 Morele 79
331141307 Mudusow 79
513763936 Rujel 79
872704955 Viz 79
275628837 Dalogon 78
977207054 Lipoy 78
46014490 Miverug 77
326974754 Nodiye 77
503588691 Sudozoj 77
918111806 Yub 77
941603652 Bahel 76
232208693 Bepi 76
986392504 Gaya 76
674676168 Quto 76
303720894 Xeqoyev 76
65605111 Yejaqof 76
837537654 Govuviv 75
451880138 Liceh 75
553530765 Pakug 75
79753036 Pipo 75
855128968 Regufeli 75
219048392 Sukoni 75
195648061 Voza 75
833929166 Wuk 75
751279145 Fobay 74
943144518 Fokimusu 74
538115974 Lesek 74
751635756 Muc 74
869455298 Qomu 74
853557586 Vucejek 74
211885404 Wiy 74
65427721 Yas 74
952508307 Deyapab 73
546562670 Fekazom 73
648176211 Gini 73
468154808 Kocapir 73
420220675 Pimaroje 73
245946621 Zicageqi 73
997644197 Bowexexo 72
108298378 Nuputif 72
498834255 Wifu 72
56430791 Cateta 71
222507396 Cog 71
242721984 Delac 71
148012427 Hac 71
910057475 Hoxuyehe 71
531695421 Nujico 71
130847665 Qapelasa 71
412059635 Qir 71
607357787 Tabuwoc 71
89124098 Yovebar 71
857264116 Bomifa 70
199680189 Jis 70
1330101 Nebawo 70
372190016 Widix 70
853344983 Duqanagi 69
407556995 Duz 69
234547374 Muz 69
519679172 Piri 69
898864996 Rat 69
401899804 Sag 69
548884228 Vijefic 69
713522638 Wugeqo 69
289432866 Xecezimi 69
599819230 Xikolocu 69
94257119 Yokoxake 69
859530754 Decoqeqo 68
667878387 Fodiza 68
253125905 Luraf 68
974863213 Hehafap 67
924311207 Koku 67
864468308 Qojidatu 67
330490877 Quliwe 67
883785969 Sevej 67
498778988 Tikekej 67
20493982 Bemunap 66
645712446 Givefoze 66
102572971 Hada 66
370526380 Hiven 66
312694580 Mob 66
563020347 Mufe 66
581863410 Padezaye 66
474694230 Sud 66
289236522 Zojogor 66
916881551 Cotimegi 65
934332682 Mel 65
498732713 Muqe 65
552431160 Nof 65
418639324 Pahuwoy 65
714489197 Weyusud 65
678576656 Dekoso 64
219423100 Dizamotu 64
364482054 Fefe 64
569731405 Fimojiz 64
294000511 Gidawojo 64
68612660 Muso 64
743126692 Tahuhuj 64
947414704 Womuko 64
483262843 Zedogefe 64
892511607 Doqux 63
17393596 Hudu 63
718367515 Jezesiju 63
868424031 Qetunus 63
477202785 Sawow 63
380505748 Suv 63
237365962 Vedaw 63
321372314 Waro 63
555920150 Xovade 63
827453059 Zuqat 63
997074497 Cetifohe 62
906279759 Cut 62
62964342 Gurojo 62
680628476 Licici 62
463971020 Novoqa 62
611099097 Pajiq 62
89952102 Ruli 62
58844555 Sifisaz 62
155121796 Sig 62
469555092 Sokureg 62
611405897 Tako 62
678674044 Wekawa 62
880178272 Becen 61
17910827 Gidoqo 61
407665604 Horo 61
553134093 Liticaxi 61
242208291 Nituquf 61
860261302 Pek 61
47639953 Qik 61
823502746 Saxupu 61
299270733 Teco 61
314905347 Tozo 61
496396068 Xuqa 61
230858128 Yurapu 61
857412303 Ceju 60
119387520 Dabiviba 60
395843950 Hixumu 60
830556587 Hug 60
851549136 Kate 60
890304747 Ruyaciw 60
554607969 Dihik 59
798379996 Dusivo 59
811725884 Magem 59
353866652 Votah 59
364784086 Wos 59
867141185 Xewupij 59
555729011 Kise 58
165339045 Kuraj 58
519940448 Paf 58
590080419 Pixim 58
513102908 Dobeboju 57
563962625 Hag 57
24973616 Necawib 57
390114070 Qeja 57
531058917 Wib 57
233237788 Fex 56
870102834 Fobus 56
641647066 Geyu 56
696939181 Jewobum 56
36742605 Qapixara 56
728130236 Qiqamow 56
273240369 Sama 56
724479131 Voferij 56
331278342 Yov 56
97982332 Gelas 55
266179134 Hohuxi 55
168584437 Jeposo 55
750238486 Likemes 55
400124944 Lozudi 55
210969874 Qov 55
816529944 Xese 55
396586228 Dib 54
709330145 Fatiruja 54
433832868 Fuyojim 54
775425094 Qufo 54
473990879 Quvoguju 54
602967152 Rejihob 54
736571063 Rule 54
422205228 Senutor 54
751736367 Yakit 54
606111858 Bujul 53
493896977 Cive 53
897933616 Fiwol 53
949646415 Masu 53
140864436 Tabaka 53
489640431 Vukixek 53
464032764 Ziyoboy 53
671107131 Buzofi 52
106159779 Dayeqiqe 52
333690244 Himozu 52
16846154 Mayawir 52
155347988 Vehafeh 52
332536182 Vuxakod 52
706302093 Bumoxap 51
918229437 Hite 51
662937187 Karob 51
677583161 Pav 51
119252299 Payefor 51
729749930 Puruzaj 51
508427076 Selidohi 51
282271860 Veloyuse 51
4634540 Winaq 51
92253838 Cixit 50
529219602 Hikahiy 50
256723989 Jutahu 50
520346681 Kuj 50
591551933 Rikaxora 50
557025130 Vote 50
358006701 Vul 50
222667479 Ditiwe 49
908148009 Pasuxi 49
253332215 Serer 49
577351656 Ter 49
874535996 Camo 48
394309113 Daduwod 48
780334120 Daq 48
990276125 Mozu 48
305807723 Yijopu 48
542262572 Zidu 48
300109811 Kuyorep 47
847707856 Lob 47
413773342 Mipufawa 47
361306978 Sapasape 47
969121162 Wena 47
523354186 Gureyey 46
308744233 Jayiyi 46
240091027 Jita 46
405530130 Meyer 46
711059102 Nuyewey 46
403824260 Qiqejere 46
592027650 Rino 46
577595553 Riqe 46
463792603 Tuv 46
357095556 Vofece 46
450720876 Wef 46
133630930 Xeyuyey 46
346667300 Bupedaru 45
898657161 Cicur 45
358033861 Nalul 45
435517952 Qeyi 45
959775567 Sune 45
253405269 Vel 45
150993773 Yitiwaw 45
364820765 Fidiqep 44
470854306 Fiy 44
967763648 Koyuc 44
243588352 Letik 44
167196860 Lugobav 44
185953138 Qejuva 44
454729958 Suhoce 44
300783493 Yipurifa 44
885590656 Fipi 43
911576172 Vogu 43
901664656 Xey 43
48151023 Yenaw 43
147350139 Boke 42
872226813 Fozijak 42
358935741 Siz 42
492738438 Tuledi 42
562698023 Werihe 42
634194136 Xudoyebo 42
761117932 Gekow 41
784085229 Maqeju 41
911423383 Neco 41
804554583 Topej 41
661154590 Winiwar 41
266612372 Yix 41
272365098 Yukorot 41
220870963 Coci 40
220401121 Gutiri 40
92238770 Hekatu 40
569523672 Jeh 40
982284192 Viba 40
743843603 Wafovize 40
499334323 Yitoc 40
334214022 Beli 39
268886388 Bub 39
144648413 Fuyixeji 39
43682908 Hajeyu 39
349769539 Qokun 39
535009970 Sowecuf 39
675316959 Firiho 38
386898521 Gose 38
507479560 Hequre 38
709961471 Quwuw 38
342086930 Rijabo 38
120611549 Conuyiv 37
598724240 Gof 37
837928553 Goxilico 37
202750823 Hupaset 37
799400781 Jiputu 37
297010996 Lazon 37
115833327 Puv 37
894922670 Ruqiyu 37
668984550 Soxifu 37
679611790 Vuqixif 37
975025834 Cukicatu 36
853027056 Fikafudi 36
804118211 Huhado 36
616484793 Poqam 36
652880212 Wijud 36
57422305 Xelog 36
641658237 Bilunapu 35
927228837 Doqelage 35
937164044 Gofe 35
94586640 Jaliseze 35
116260579 Jozoc 35
825658813 Mivuzojo 35
989071204 Pefogo 35
25604768 Qow 35
428710007 Xize 35
744064813 Bovemec 34
526318535 Fag 34
235159236 Jegizopa 34
406883329 Named 34
316672628 Pegopu 34
532665957 Rawufobi 34
493178233 Rejarili 34
358227887 Safe 34
599612864 Seh 34
210298032 Xubimu 34
184409647 Catuxiwo 33
374538448 Gebeq 33
501322706 Kis 33
280371382 Porihoc 33
556481652 Qabodu 33
137199036 Tod 33
25793930 Vamah 33
419500068 Wamah 33
554110073 Xuhihax 33
952778555 Zefuhav 33
429137291 Zivigac 33
605501213 Biyiciv 32
491664370 Cuzohuf 32
699548737 Dawi 32
315786367 Kugugim 32
939972458 Pajosise 32
598991893 Vipaf 32
501530855 Wawuvece 32
30632058 Xuwulup 32
134707740 Yixupek 32
562230998 Duf 31
970541503 Fohokiza 31
704975736 Jeho 31
481383052 Jetosoju 31
611905163 Kikimej 31
953518250 Kopufu 31
144013601 Mihoyuwu 31
511815990 Pid 31
883245900 Rijuxus 31
669040399 Rubajuw 31
960988955 Toy 31
530395265 Zeba 31
174882769 Cijum 30
927661050 Comujof 30
425283854 Lacaqisi 30
814583786 Puzi 30
903678191 Qeleru 30
633124354 Wevih 30
847169602 Bir 29
359604068 Koy 29
802119992 Memete 29
170133184 Pef 29
764811129 Volexur 29
383639477 Cukalo 28
833702386 Cusab 28
468256220 Mequti 28
408937150 Miwuloma 28
214460021 Poma 28
116560522 Vibaj 28
880021530 Voxoq 28
883665741 Wozo 28
562255310 Cimatuvu 27
207568562 Com 27
577460626 Jaj 27
8943140 Lov 27
688115065 Muwiwag 27
16867290 Rihasa 27
220485315 Winuc 27
295926525 Yolos 27
262306494 Zelar 27
957108928 Bapi 26
456919370 Fed 26
200512 Fozamo 26
200576324 Lidu 26
672748541 Rejome 26
501763162 Sokorike 26
44692197 Vosizos 26
508139398 Wagif 26
587694037 Wumunak 26
916885465 Xofef 26
460572929 Xurepu 26
848934100 Yovob 26
976318365 Yukewu 26
841082487 Loxumiwa 25
208951390 Noduvi 25
579734779 Veq 25
166702958 Wike 25
610055747 Womik 25
24254817 Xujubipe 25
838234974 Xutefam 25
33666878 Xuweba 25
945224209 Zemiw 25
672579983 Cibaz 24
57108917 Gavicu 24
968241489 Mupavat 24
644904239 Rolemuta 24
584691486 Wix 24
992529335 Bobazo 23
725718101 Cufamupa 23
380654493 Fec 23
610591128 Hukawa 23
529476656 Pagaro 23
510112137 Paqimira 23
61840818 Picol 23
568113288 Pihiva 23
286286078 Tekete 23
326689744 Liyupace 22
734688989 Mowis 22
954808779 Rizeq 22
3765465 Vuman 22
478178435 Xotowam 22
559706246 Foyu 21
505694534 Jig 21
597948614 Kuvar 21
884846292 Pab 21
698732292 Qasoxo 21
331073835 Runan 21
920727635 Sop 21
871428765 Xan 21
842925604 Xevilef 21
933792846 Yexap 21
615679782 Baq 20
386768337 Citofegu 20
580636665 Gamak 20
225105323 Lorej 20
566050931 Narigez 20
322086784 Tiko 20
932591164 Yovo 20
63289432 Hem 19
230790259 Jimubojo 19
480980239 Vezice 19
212023111 Wobi 19
10339613 Xonaxo 19
107686070 Zuzo 19
374084233 Camax 18
263531307 Cojey 18
650003193 Coro 18
595445020 Det 18
243200978 Niqa 18
400291210 Piqo 18
212564794 Sive 18
304978808 Tuyid 18
745865296 Ceso 17
653375814 Cudi 17
92028557 Disasa 17
928205386 Fohu 17
415614887 Hiloc 17
346830934 Kedapi 17
906683756 Luqa 17
348077322 Qoqu 17
922614459 Rug 17
902451564 Tadaguvi 17
279729502 Tosa 17
492974076 Visejap 17
200891888 Yuvewopi 17
229509833 Cigeto 16
483718726 Cuhup 16
109116351 Hovug 16
599044413 Jugip 16
201834438 Korefab 16
393387988 Mirerol 16
515229377 Pulido 16
285795192 Secif 16
790115254 Vuqemow 16
863105304 Cebic 15
844604739 Forupaqe 15
494532724 Fuj 15
1207142 Mavuv 15
556762015 Naxov 15
413141537 Qahazab 15
610622199 Qev 15
865772412 Seg 15
786320445 Sozu 15
668138016 Tisi 15
820925462 Wixebel 15
547875229 Yacede 15
283581602 Yujob 15
299872116 Zopuj 15
500893294 Halicawi 14
287040565 Levasilo 14
608858876 Nifiyiri 14
950148173 Quho 14
34208193 Bilopok 13
821455854 Kolo 13
85489580 Mud 13
604215073 Xixumiza 13
165508819 Yaxe 13
952337970 Bosivebe 12
78188680 Hiduq 12
815969469 Horoki 12
222143834 Meciye 12
720757822 Mejude 12
533618466 Muhet 12
362305693 Niba 12
515078826 Sezuxub 12
382872566 Wiv 12
669038426 Yogi 12
552318931 Gopowiva 11
771817106 Joquwuwu 11
89529696 Posaz 11
6581582 Bayiji 10
769343700 Cewehibi 10
329174751 Mupij 10
279146310 Neda 10
616268424 Qelebu 10
235583366 Qik 10
248163880 Safazude 10
736284143 Tocasix 10
244126793 Biquzam 9
848868004 Dequ 9
664022593 Jizug 9
119541539 Mopaqi 9
60032379 Nun 9
138053695 Piwesugu 9
808318781 Xogowuko 9
724734107 Cotici 8
467994767 Nepuz 8
184710917 Rik 8
504443987 Vaxuno 8
313392038 Yanicu 8
941983019 Zokijaki 8
689642395 Geniheke 7
808742183 Lidobok 7
529125191 Lupuqeg 7
776242536 Pelisop 7
265103697 Waxugapu 7
429282556 Julebos 6
538975944 Litode 6
91639784 Lugi 6
871365606 Qopi 6
153294462 Rub 6
919793864 Fagola 5
268007054 Gerecev 5
54318627 Gudah 5
229351687 Kehoso 5
812454346 Votukaj 5
764413711 Xowet 5
141233 Gex 4
628635730 Lenixab 4
75062355 Notuxut 4
254290306 Poli 4
344389037 Rip 4
821317870 Dogoza 3
485696481 Kibo 3
889980674 Qikisiv 3
906335696 Qutipuy 3
218583722 Rahawuj 3
847655312 Ruze 3
137463261 Zes 3
683393281 Zisax 3
676825638 Jaco 2
217199582 Nuf 2
424367051 Ririm 2
514370890 Rojomik 2
69618718 Vajom 2
325757266 Xawezo 2
666698850 Nohuruza 1
923333156 Piduven 1
700460504 Quwahat 1
276710944 Rih 1
596079874 Sevihono 1
526348496 Sodezid 1
628502947 Suxihev 1
875419941 Vitayawo 1
300781233 Weded 1
337319056 Wujomo 1
619492454 Cucusup 0
632492719 Fifice 0
733525443 Folufu 0
543187514 Fukivibi 0
388261064 Geti 0
814929756 Gotolo 0
998937220 Nope 0
834758011 Vulomex 0
785810962 Wosexuqu 0
192304102 Xuxiraxu 0
