841950043 Tuluqu 100
209850845 Yovo 100
534455016 Keriva 99
944265108 Lunohu 99
570973623 Mov 99
223455946 Cob 98
889211221 Divises 98
668495992 Razol 98
66441014 Sixilo 98
978407444 Dah 97
577776210 Citeqaxo 96
757498909 Rom 96
569441225 Butizat 95
782194708 Cewedo 95
811760745 Nuco 95
74412859 Soq 95
120687466 Tazu 95
842685478 Woporoco 95
123849293 Xace 95
793876728 Jetexis 93
666447630 Pon 93
978381062 Sigodaro 93
57364409 Fuxe 91
35426668 Gohic 91
170097943 Mehoqu 91
776916121 Muhahaw 91
671021156 Punudis 91
970044965 Dahifiso 90
488666394 Miwiwot 90
888984142 Muqid 90
195352328 Nafulu 90
91392947 Rodawihu 90
942919253 Yecerow 90
138170379 Qeheva 89
421060237 Kij 88
33844415 Gaje 87
241963810 Vujajo 87
565660497 Judepo 86
574533451 Luqe 86
955289903 Yafizahi 86
277330283 Jaluj 85
413337880 Wamibu 85
492076907 Qehimolu 83
55354151 Rixelo 83
183006438 Yut 83
680124308 Kusuziju 81
893217421 Tilo 81
923598314 Vejexeh 81
768624942 Cuhawike 80
3315669 Niq 80
607194284 Quhova 80
532257055 Xof 79
979095130 Kuw 78
425358596 Mamevut 78
450295276 Vexohi 78
749973883 Vigesiw 78
892976283 Keq 77
863003391 Wekowego 76
284563840 Dawit 75
431641600 Kuc 75
199273249 Nos 75
941002502 Tiyowoj 75
323931781 Zeyera 75
115857611 Cutope 74
462072633 Tilon 74
79480670 Delohine 73
48961105 Fetat 73
979025490 Hane 73
951802364 Xun 73
927580062 Bufe 72
956261502 Kil 71
795427080 Sul 71
597429361 Konumu 70
227918461 Koduw 69
361948917 Pirafudi 69
285061862 Poy 68
177099464 Bus 67
387310347 Hired 67
552654705 Veyacusi 67
329294604 Viyizolu 67
499876025 Zup 67
369157753 Cimod 66
654218240 Miruw 66
515655700 Pula 66
304452243 Qujaf 66
859592529 Gol 65
147082064 Hiwasu 65
232044165 Tifik 65
750070235 Zoqawaye 65
880713631 Losu 64
221824233 Piregeci 64
722620675 Vezu 63
747145677 Xepika 63
485361931 Baf 62
87288544 Xol 61
351463940 Difa 60
455180851 Doporam 60
98775258 Rijihu 60
204524761 Yujaya 60
114956428 Duzuse 59
64288408 Foguhaqi 59
733450439 Gero 59
155170483 Jit 59
353665648 Jiturom 59
156115510 Yolohu 59
239849873 Jija 58
760879345 Kowoled 58
441878203 Nokewi 58
604028935 Vawo 58
653687037 Majide 57
138386456 Konefu 56
140195206 Xoxehav 56
493109747 Raz 55
480945802 Wip 55
766213465 Hap 53
202380317 Pugu 53
305538030 Vud 53
127407468 Huwa 52
741571576 Yege 52
746720866 Riwati 51
364735908 Cojeyol 50
849342280 Jozizif 50
90381326 Fipuloy 49
584159568 Kakub 49
758719006 Kibuqiz 49
258390115 Lafi 49
873423804 Sujojiq 49
679009353 Heca 47
321614500 Jayinobi 47
685429990 Xoqaja 47
435461141 Fov 46
259868798 Noruq 46
845180479 Nov 46
808571458 Qido 46
568021318 Ciqukaq 45
59514700 Fogitij 45
15706733 Huneze 45
302498824 Mazol 45
315419641 Pog 45
209185389 Comac 44
546192350 Denebo 44
554080644 Kukakaqi 43
342116191 Puhaluq 42
617974431 Jahus 41
827490263 Nopik 41
671535735 Qevemuz 41
939831160 Reyere 41
326986774 Sopog 41
672824526 Boz 40
63786464 Giw 40
774823655 Gudu 40
53356303 Mavozali 39
55057235 Mivovi 39
875526018 Sadel 39
496382860 Viyu 39
200552321 Zamox 38
982138343 Lesinoj 37
267407927 Waqa 37
743040208 Kalacuh 36
280528910 Per 36
596379610 Xise 35
385617038 Zakiqef 35
192321393 Yez 34
319843737 Cemajuwu 33
469583304 Sikaji 33
433467863 Pahejer 32
311342017 Vaki 32
443974779 Baxu 31
359269946 Ruhog 30
523377399 Vajij 30
946252697 Yuz 30
888642329 Pumiwub 29
959830463 Vowusej 29
742612895 Carilidi 28
975740369 Lafug 28
274558741 Mikaxijo 28
931072509 Munuqo 28
467027413 Vamupeg 28
164966322 Zazonehi 28
485222807 Bayeg 27
651214789 Hesazaf 26
603204420 Lemede 26
97914085 Qudayida 26
991579678 Dum 24
532339368 Sahaw 24
556138053 Buyimu 23
610623627 Cohamuh 22
967694898 Malo 22
121932468 Qapomimu 21
477515592 Vireci 21
905919384 Tomikane 20
652469752 Woy 20
685103027 Xizohom 20
675783593 Fibi 19
650483855 Gotude 19
65405020 Noke 19
640111896 Diz 18
336600200 Hasumuq 18
454465157 Vewak 18
381205248 Miqa 17
54922179 Moqewe 17
835297246 Vabofu 17
113005341 Bijedajo 16
830326117 Busaceji 16
841154082 Mokeb 15
944697827 Mutiwu 15
233156266 Resos 14
2915714 Vodomed 14
900030642 Kawular 13
368765359 Yikuci 13
328979958 Figubi 12
721852239 Neguqufo 12
365580385 Pobicivi 12
745235840 Rosecun 11
305151173 Cupez 8
23864804 Zak 8
955528869 Bahina 7
337795257 Par 7
946074764 Gugufu 6
798461820 Pahok 6
82053050 Pobahe 6
899897700 Sequnu 6
404567931 Tikawu 6
671290110 Gaga 5
992846953 Mumapoxi 5
397951405 Ziyuda 5
850631275 Divaju 4
440539047 Geri 4
933892203 Jon 4
426902737 Kil 4
292515080 Nuhu 4
811326154 Gowo 3
348587292 Pedow 3
589758702 Fun 2
982868242 Zik 1
