355173706 Bacu 100
814494577 Jenowivo 100
385065839 Koco 100
441216601 Nixopa 100
505208085 Puzana 100
225393707 Sapoj 100
917303160 Teqecab 100
474221257 Xiseviju 100
629777665 Foluju 99
824279677 Soki 99
557426393 Wuseza 99
717666855 Dafi 98
687424879 Juxaz 98
1400163 Nusayiqu 98
475334970 Qusejoro 98
645691018 Rigubem 98
286756968 Rojo 98
497154409 Sun 98
533955530 Yuhay 98
669538261 Deq 97
208784992 Gim 97
482211687 Gonete 97
531977414 Jilo 97
679356350 Koxape 97
700891151 Lodayan 97
959479125 Qikowelo 97
421389548 Rinopecu 97
404291467 Ris 97
179068773 Tuyed 97
597713991 Vev 97
391744437 Yaxofu 97
373916504 Fos 96
915020738 Jomuropi 96
466953726 Qot 96
481906698 Raduv 96
590064020 Voki 96
387186249 Xub 96
542490839 Dezup 95
98815107 Diwu 95
347119143 Fucu 95
737848591 Penoyada 95
392676869 Vude 95
53975188 Wuwu 95
82610880 Zogec 95
27320691 Faxin 94
968983430 Kunesado 94
266234098 Nemovi 94
333862468 Nowikove 94
577653524 Punu 94
768205952 Vamihiba 94
204808180 Yotonu 94
990846595 Cok 93
883359923 Huyu 93
534406791 Riwohala 93
30946781 Seloj 93
584732036 Vediga 93
135842982 Xejitexi 93
542216581 Zelu 93
79009522 Qaye 92
324032506 Ruza 92
252259738 Suq 92
501678787 Tocunuqa 92
66472923 Vebosuta 92
405309972 Wujew 92
379577667 Mad 91
109405729 Vetubih 91
446813487 Yik 91
257635747 Yiro 91
278054590 Haxoka 90
375404745 Hisuye 90
632686960 Kesum 90
557163060 Qiz 90
878614680 Qoxuk 90
894294866 Tigugab 90
329884611 Bal 89
235125596 Bavaco 89
926007299 Cux 89
978880905 Didixod 89
536996121 Fenomos 89
317897817 Lekicuy 89
601683909 Pemah 89
144303320 Taho 89
279254989 Yuharij 89
794547768 Cocase 88
159284094 Dez 88
680192251 Hufehe 88
398882936 Jutavo 88
473959788 Kar 88
4586674 Nomo 88
719572709 Qexor 88
858457683 Zemebipo 88
562436001 Dibo 87
549451907 Dino 87
887158617 Dug 87
881408289 Dul 87
59439821 Fip 87
180049383 Jatefowu 87
856069710 Jeh 87
16908568 Jonon 87
53713311 Lorep 87
862008510 Qemokon 87
489253644 Tulewov 87
300872207 Woxo 87
840102108 Daw 86
209173421 Gutuzaj 86
129071902 Jep 86
451818683 Lopip 86
199386310 Mipuc 86
825739473 Numukeg 86
963043413 Ron 86
275265379 Wujibim 86
752351802 Diyoje 85
854296563 Gecolez 85
284592993 Gifos 85
126179125 Jisilohi 85
596159867 Kubixo 85
952545046 Lidahelo 85
827819935 Mopa 85
710046128 Nugu 85
410902332 Pey 85
723848407 Rodul 85
330150843 Rujo 85
485276700 Tihojone 85
158372876 Duguh 84
714010134 Gudeqijo 84
569854215 Kotewih 84
711886696 Lukeko 84
314407942 Racexipe 84
85300599 Yejopatu 84
801201337 Zohosudo 84
71875103 Zunewof 84
323378517 Jaren 83
393449650 Liwayem 83
758552114 Meqawovi 83
948287116 Meqeh 83
412266893 Wesobew 83
962746711 Yadocur 83
957817717 Fubila 82
89070379 Ruwet 82
714741344 Sokayodi 82
949645160 Vepaqip 82
939974356 Wevin 82
737494201 Yemilih 82
725815120 Yofaguja 82
915853968 Guyomopu 81
987734907 Hizo 81
425403091 Lux 81
155684380 Nosu 81
769677127 Pocomip 81
92313148 Poheso 81
768356914 Polacecu 81
921670102 Recahi 81
944591215 Tihuro 81
833020402 Vavevisi 81
428626207 Come 80
849860538 Rigi 80
138494195 Sazula 80
818519276 Yivek 80
649006106 Devo 79
429829397 Gezene 79
967832893 Hofomi 79
439303744 Humozo 79
91873886 Kelecele 79
521461304 Kiqap 79
632705526 Mux 79
408741134 Pin 79
957939935 Qezez 79
332320104 Quvitaj 79
349149015 Semupo 79
475546467 Baw 78
562044686 Hacoci 78
243430575 Lul 78
963524455 Redikav 78
432408491 Samuvune 78
395382259 Tova 78
760084204 Xoza 78
756160133 Yuqilug 78
232783092 Gak 77
143753674 Kahora 77
663566159 Mibi 77
60760870 Mohe 77
738536993 Repu 77
123383986 Ruhetep 77
478473571 Tisoluca 77
834130722 Yuzevimu 77
117725057 Cikut 76
431324197 Fow 76
373132036 Hifac 76
23321746 Jazop 76
365607328 Laxolade 76
516481454 Lib 76
566104462 Nasiqat 76
114467766 Peyaz 76
357975761 Poyuq 76
689467823 Quve 76
659595721 Yuluz 76
464618035 Dupekila 75
137751763 Guh 75
702518969 Pocil 75
802364508 Roq 75
832300075 Xetuso 75
487388023 Fehi 74
451005063 Jakoh 74
106959360 Joqamiyo 74
929948122 Lef 74
93824146 Popawed 74
442688586 Sutenot 74
943435846 Tomif 74
517325474 Zacifigi 74
815180526 Bizihono 73
206865337 Coyo 73
951353408 Dokufa 73
921297486 Jowe 73
626884687 Lojacaz 73
912843115 Mazicelu 73
499874005 Niva 73
341276819 Qow 73
969288082 Rosiha 73
691882745 Soluceve 73
269607609 Vinume 73
722160092 Waciyeti 73
368630482 Kuneqeze 72
845488138 Rofiz 72
274229562 Yibenoti 72
573555603 Gum 71
483314148 Him 71
124845490 Jicikiq 71
573870623 Nihocit 71
531797954 Tixuhuwi 71
569720855 Tuguz 71
205990007 Vojuhazo 71
273844259 Didohepa 70
925649078 Hakuvoj 70
325281916 Kutah 70
135600901 Mogimu 70
771752962 Vah 70
737140995 Tus 69
830528035 Bajos 68
664428315 Mije 68
402300323 Sikofe 68
613848901 Sulexat 68
943449747 Zarace 68
719178863 Cij 67
518864969 Fihezob 67
588689922 Huka 67
365906867 Lazotax 67
719454582 Pamine 67
68300644 Qalak 67
214438775 Rexi 67
629009286 Wuzayozi 67
541763306 Hoxevu 66
839255109 Koketok 66
826905592 Lipa 66
83345819 Notod 66
349063800 Xis 66
247837470 Yedupop 66
558982219 Zifaxoha 66
573365421 Gakilot 65
214607036 Hogaz 65
34791400 Nirih 65
421600727 Viveb 65
64902880 Yoxevuy 65
792447709 Zihu 65
948790736 Nonetux 64
109432758 Paxoy 64
163020601 Qeqav 64
513359303 Sir 64
913232911 Vehadega 64
728557795 Dogesaw 63
215778490 Giy 63
409451512 Ludok 63
467739600 Mesacu 63
315567483 Nafoso 63
582105814 Pomaya 63
41463742 Qoriru 63
746026406 Cut 62
56206028 Defo 62
157642642 Falehu 62
379277034 Fejoku 62
561576654 Hide 62
265560825 Kakimevo 62
167232867 Kitoduva 62
556402324 Sevid 62
274784002 Tek 62
348286923 Vecipuri 62
504997276 Wajo 62
558032128 Cedu 61
529606570 Dumixiz 61
598223658 Gaxu 61
140288949 Hujumi 61
140406879 Jiber 61
863336943 Wodeh 61
20839083 Wodoleg 61
682165324 Xun 61
335770203 Yofuy 61
55203679 Dot 60
664671862 Godovoqi 60
937600051 Tanaye 60
786945558 Tetuc 60
807627191 Vovalah 60
128887858 Vub 60
506246087 Xonop 60
61533975 Jogisero 59
456824408 Nem 59
14045966 Niqovuv 59
774822434 Nuqey 59
524653067 Qite 59
895662999 Savayija 59
85568827 Tativiza 59
407072020 Cuqe 58
777314609 Gufoh 58
137118399 Jel 58
437045147 Kod 58
709453660 Lemogo 58
673517036 Sibug 58
255751848 Venowif 58
174741731 Vevoq 58
433950280 Weduvo 58
343102701 Zowah 58
881247228 Diwofek 57
625200050 Hutem 57
315391258 Jirevaco 57
602353957 Lahig 57
724911968 Qusove 57
605240581 Satineg 57
743831188 Sicisoxi 57
443828882 Cajiwemo 56
679909842 Cet 56
740069864 Dade 56
418293697 Gaz 56
41474563 Jeminep 56
930461470 Juhuw 56
49832433 Nuvete 56
979136286 Pos 56
122221740 Rida 56
837195821 Segaquk 56
175618618 Xuwugay 56
796199495 Yenenoyu 56
744441861 Zite 56
953437497 Fexuw 55
721058065 Gasow 55
12907681 Giq 55
30822463 Gisoq 55
693189565 Naluqu 55
400052550 Tozemoce 55
212876981 Wedikex 55
365993450 Xesud 55
527368748 Cazicov 54
336118720 Fod 54
449920097 Tumoke 54
15140114 Xazuhuju 54
776792193 Gen 53
829680931 Kiyosehe 53
396211565 Lexi 53
619022004 Pibaz 53
829436685 Qobubej 53
872691369 Quvucafu 53
226826544 Sehux 53
224726892 Wuya 53
408300046 Yelitu 53
159788732 Binodedu 52
484681268 Cevepufe 52
549225971 Kipimi 52
324098212 Mehitin 52
693401938 Mocolino 52
124143500 Wetixaqo 52
790805698 Xenutime 52
469012074 Bidi 51
822278179 Deyohox 51
973133007 Hufoyunu 51
52384716 Kisos 51
139096737 Ladi 51
775772721 Lipukud 51
82950330 Sifipaje 51
220434911 Wamume 51
451401468 Yojobaqu 51
241323051 Depusim 50
784095562 Juja 50
824588724 Qonuviq 50
291233561 Todocaxi 50
436349 Vapava 50
457427147 Xine 50
752472117 Yecak 50
889164796 Betonet 49
769362634 Duhu 49
48642437 Duyavil 49
420050308 Fal 49
704581151 Jiruyoq 49
465477499 Kepoye 49
190805896 Lepos 49
504289580 Mulahoh 49
950723158 Rujofiy 49
859167577 Sojijir 49
327722921 Veveraqa 49
715086586 Wug 49
33426236 Botete 48
560330511 Dor 48
631202851 Gem 48
811411058 Gir 48
802063312 Muvow 48
768156244 Sep 48
99540872 Tugobimi 48
303454114 Vuqaji 48
434913212 Cola 47
393424058 Gesekusi 47
264891113 Muy 47
295064735 Nipo 47
451834031 Pagisiwe 47
312190985 Paso 47
729920826 Sesaw 47
974523090 Yav 47
274113042 Foxe 46
334827770 Gemo 46
347763621 Kosemar 46
866571013 Nako 46
117021705 Tig 46
751107666 Wafic 46
771557723 Kedawota 45
25584123 Lupuxet 45
194943917 Redexil 45
517925534 Xapey 45
497629878 Xasirufu 45
662744998 Xur 45
722295455 Bit 44
743468390 Hiw 44
528200796 Pogixu 44
941188379 Posimu 44
18722514 Qosal 44
229131215 Sabojequ 44
374201444 Yokahozu 44
840193968 Zalozi 44
184564728 Jaxav 43
419804350 Rufaq 43
815265179 Woqeraxa 43
88762826 Xizozuj 43
263779606 Xufeqit 43
182103965 Zewimi 43
255624451 Zimiyuq 43
50092452 Cus 42
198871344 Lud 42
251017277 Nonisoy 42
729829736 Bukal 41
715191930 Dukoqo 41
625722994 Gabe 41
844317747 Nuko 41
467081309 Rejasof 41
29997049 Roviha 41
878122817 Tar 41
523574162 Xazuq 41
630402771 Liv 40
384187027 Poq 40
546841612 Wer 40
180251053 Yelofudo 40
899233973 Beb 39
983379092 Givuko 39
814045484 Gumi 39
554366256 Hawi 39
68446680 Hucet 39
960610277 Jupe 39
495452446 Kirabi 39
840503627 Naxa 39
778567430 Rila 39
880226902 Weyo 39
627975433 Boyede 38
573212648 Cehuhub 38
118698709 Foluci 38
298157132 Kezoguy 38
935830510 Lasayuf 38
819182943 Pili 38
609366370 Rigobuko 38
100721840 Vowiyiqe 38
270811749 Xuqi 38
938901983 Kupu 37
926232658 Lomida 37
779652149 Tehadol 37
222341708 Vatoc 37
847918823 Woli 37
678591914 Yadeb 37
817070465 Boxenub 36
766049132 Cusu 36
858420008 Gipomi 36
164764004 Jeyom 36
546791249 Kuyewati 36
2088544 Lumimoc 36
699303985 Nepebus 36
736167434 Putolu 36
306804009 Ruquwow 36
271430282 Bubecutu 35
19554527 Cexe 35
654953727 Devumug 35
462766389 Forak 35
18147398 Mixobat 35
682856435 Moyap 35
779431987 Qiz 35
199501759 Runakiwo 35
524011690 Sufor 35
541582743 Xefag 35
93585539 Yuzemal 35
466485716 Zice 35
298255271 Cuc 34
739631421 Gazowuh 34
667492074 Hodiga 34
863337692 Jefo 34
597729489 Kemohux 34
282804029 Kisisine 34
521098452 Mah 34
681561007 Qimozepo 34
979126456 Qiwiyi 34
704357493 Qubas 34
578807704 Sica 34
727118634 Tehawod 34
428985335 Xiguvo 34
407188788 Beyu 33
530952158 Davuw 33
554838609 Des 33
244066462 Gata 33
982999358 Kex 33
172699346 Kuvodubi 33
670783829 Pihegi 33
190726351 Riyiri 33
651066714 Rocubeze 33
508526797 Ruvoxu 33
761260354 Taq 33
722656031 Wilez 33
194507153 Zahake 33
788283383 Cege 32
909075699 Dig 32
870761733 Dirag 32
315375698 Gaviv 32
664642344 Gubi 32
224554440 Kitupiy 32
213045524 Qaniye 32
8565753 Duto 31
753117374 Haq 31
700206214 Kanoc 31
948894728 Kex 31
701180656 Loveqap 31
180665143 Mixokoj 31
204338443 Sux 31
228626686 Tobuv 31
506185317 Vecay 31
734777326 Gajapeyu 30
414490782 Qusebaji 30
270035603 Sixim 30
577862144 Sol 30
807072909 Tokuz 30
616534626 Finiteka 29
420036631 Hoq 29
216726688 Jaqinu 29
211367340 Job 29
791682928 Nepawade 29
793195270 Nore 29
238048419 Selamol 29
19305680 Sezejo 29
127131833 Vufiq 29
934934034 Yazak 29
839285704 Conuqiqu 28
234364990 Detala 28
482182552 Laqi 28
820657462 Quk 28
358830571 Ruzaga 28
336975488 Tupapom 28
354846878 Deg 27
851752395 Deguxiya 27
560379321 Fuwa 27
615559266 Nikoxi 27
257498721 Pamaj 27
239392722 Sijila 27
673075821 Soc 27
975487253 Tewijub 27
629593490 Toso 27
183003606 Web 27
935373222 Zegozu 27
338231277 Zubemo 27
435500802 Cudulo 26
602738259 Dim 26
743256710 Jabetom 26
8126971 Jacumasu 26
602605304 Javemage 26
589761062 Picudeke 26
94822171 Quxuzin 26
896241891 Voti 26
421045655 Zate 26
334670522 Bej 25
18098213 Kigeqaj 25
854314503 Rufutodi 25
750082484 Wikatez 25
626206664 Yac 25
705085300 Geyuwipo 24
796458632 Hihebufa 24
539529506 Lop 24
793470324 Niranan 24
225873235 Piqaweno 24
394761991 Tarel 24
512213597 Tik 24
771196921 Vacume 24
16751917 Xaraguro 24
702728996 Xeherosa 24
324297923 Biked 23
636976080 Foyaven 23
351159965 Guvawuh 23
158068330 Hon 23
670813150 Jef 23
508259911 Kogoxoye 23
603376990 Motohezi 23
25298564 Pebij 23
532520643 Rimuq 23
226636264 Rogovevo 23
451376979 Wosubemo 23
317649899 Xase 23
62367562 Zipog 23
637249359 Dubofoke 22
346764547 Pewuca 22
178832588 Sihedu 22
51489528 Xafuf 22
140795726 Xanu 22
205083000 Yeg 22
318933473 Ceje 21
887552522 Fiju 21
860279994 Kafel 21
535033152 Maj 21
180403715 Qapewol 21
79907413 Daza 20
207461266 Mop 20
244032949 Tireko 20
668101752 Yilaw 20
43307869 Caye 19
104944715 Dex 19
712704494 Hecawal 19
855503613 Jafe 19
199671857 Kiju 19
352429072 Mapiquvo 19
375885241 Momadu 19
954195736 Puyuca 19
541267390 Sevedij 19
930665403 Xuzu 19
776886866 Yanofi 19
8481503 Difob 18
118658849 Fizo 18
552037447 Hot 18
235646302 Koro 18
763237386 Mot 18
490958504 Sowe 18
378385916 Sud 18
134888464 Yip 18
516337650 Cucavuyu 17
620989172 Dixeb 17
578118634 Petemogi 17
498911453 Recosil 17
855029241 Tutad 17
67910972 Zirixebu 17
1564700 Fameli 16
842966742 Getabadi 16
182300122 Hix 16
54694537 Lecovisu 16
927829911 Niy 16
238429412 Tiveq 16
590594030 Towikayu 16
825480150 Toyoha 16
452531244 Webofay 16
121869022 Wov 16
202527986 Yawuf 16
428409196 Capa 15
927136295 Fezoda 15
394995882 Sidod 15
906913798 Tewoniq 15
473258907 Vajotu 15
968731964 Vedu 15
763195458 Voyeboqo 15
599250755 Yud 15
936751647 Bihiqu 14
787365464 Meyonig 14
937375067 Peg 14
198832991 Supareci 14
648802672 Tax 14
443525567 Tepa 14
733545158 Tixiza 14
828324854 Vatap 14
462662669 Vohoye 14
267804146 Xipafas 14
893007473 Bayuneni 13
382715166 Fisezi 13
202796189 Sapetoj 13
895871854 Titiqiz 13
607808618 Guret 12
214094145 Jajuw 12
26819287 Lucifafo 12
172981537 Rovema 12
233122039 Sowi 12
367831685 Tupile 12
722371091 Yaciqog 12
73776595 Donehat 11
544513831 Doxiso 11
373660339 Gezi 11
153870212 Joqase 11
637052795 Kafolaha 11
479329804 Zejiwob 11
710775227 God 10
231874260 Nur 10
970846633 Soro 10
647375374 Bayeno 9
467206074 Domupi 9
766213626 Fudiceku 9
983130269 Qefezu 9
643636406 Yulaq 9
738078338 Belugaw 8
138672266 Fuyeh 8
929249990 Gadaqu 8
306447372 Gaxexoy 8
388949655 Guti 8
255445188 Tulemi 8
405373377 Yaya 8
634771505 Zahikoha 8
542410005 Cacabeh 7
234717046 Jizuceri 7
141578147 Nusiw 7
126513547 Tozox 7
759876897 Zuvu 7
411560354 Fir 6
356945096 Jep 6
34058002 Qel 6
346483069 Biv 5
913758158 Hem 5
1314873 Jac 5
960598560 Luhuv 5
436007802 Qoz 5
197736936 Tuzadu 5
174583726 Yawani 5
147364766 Bow 4
963031695 Fanene 4
488860103 Konub 4
467282364 Nihiqubu 4
27093084 Nozopob 4
139027359 Yeneku 4
853755198 Yune 4
843705803 Fakexino 3
419052706 Feheqa 3
157326749 Fifafeh 3
777015699 Joneha 3
480001370 Kas 3
44801528 Lamocafo 3
663863606 Mobete 3
617988699 Duloya 2
586071597 Fuqimo 2
632631417 Loda 2
19468828 Saxuho 2
425340484 Betajiya 1
603767972 Fiyecef 1
815568294 Keloke 1
591359780 Tonudok 1
182086604 Daxiciji 0
373516022 Dotuhes 0
495434805 Javoni 0
410463810 Jezopo 0
238966503 Nuhudig 0
230448784 Ruxo 0
458214362 Yapuniye 0
