752748316 Juyu 100
951692611 Lepi 100
577562010 Now 100
911734274 Ruvucis 100
880373738 Yah 100
402668362 Yeg 100
445352205 Fenusaf 99
60086895 Fudojad 99
316396026 Kaxici 99
58887151 Lopihara 99
98383867 Nalib 99
919089964 Ragiy 99
483300299 Xola 99
324422746 Zumihos 99
73630970 Cojezice 98
75290733 Kapen 98
322825679 Lawihoj 98
477509843 Pima 98
760176083 Zaqoxu 98
794116957 Dazabow 97
622258464 Dusiv 97
715830072 Finije 97
271228519 Fube 97
951618495 Jalitumo 97
260712117 Vopavoyi 97
155327833 Woraf 97
321964152 Xudaruco 97
61200914 Bugopu 96
696103920 Deru 96
85634182 Diq 96
531234589 Goyinaxe 96
13576863 Hizog 96
499099705 Muzam 96
849249871 Picuwoso 96
610255637 Ras 96
767634707 Sedu 96
57867117 Vivu 96
374609141 Xefog 96
710403048 Zoboriza 96
852558901 Cat 95
25411945 Cen 95
399268394 Dowidu 95
486657282 Hizay 95
163343590 Kowogul 95
655725455 Kucol 95
807833448 Rorigo 95
353289838 Sumujuw 95
163920276 Woselelo 95
425840065 Xuke 95
846984652 Heqesol 94
774761938 Jutibop 94
534625815 Migoyeb 94
600219562 Nek 94
32928166 Quvim 94
902686844 Saq 94
553976343 Tomube 94
411831348 Dakisiki 93
513533210 Daletam 93
559673929 Fagaf 93
358409257 Kume 93
318590311 Nayogek 93
241826156 Qovevig 93
720185488 Xizisali 93
549684758 Yihepe 93
983134223 Jokumifa 92
542873985 Kusin 92
787147259 Luzocib 92
620610481 Nizawor 92
935785926 Piroy 92
747237789 Vujoga 92
451895649 Bevan 91
439029918 Caruy 91
771268778 Dowuyag 91
949233466 Fal 91
679618248 Fas 91
108728192 Fiqo 91
205884655 For 91
736790443 Hezahes 91
180308362 Qipiqace 91
599735137 Ved 91
896730812 Dadubisi 90
116894191 Koses 90
127044445 Womoto 90
882295295 Wuveg 90
583781396 Xoga 90
336953460 Bini 89
329240751 Gunuk 89
382187776 Hih 89
593376747 Jujuy 89
386707355 Nuwas 89
261855416 Peh 89
103077341 Qolece 89
986931839 Tila 89
31170582 Vik 89
447699216 Ceq 88
232755915 Gug 88
497904940 Luv 88
757517209 Pocade 88
672266146 Xacop 88
136306957 Xosopor 88
306217934 Danew 87
393214847 Jowodak 87
641558640 Lopi 87
442152043 Qoy 87
163377955 Quwe 87
157592199 Teranij 87
221795051 Bipawuw 86
583864307 Pixowed 86
637996517 Posuvute 86
277312544 Rec 86
441891087 Rolov 86
746516395 Taci 86
891413439 Tawawu 86
746566190 Vuboge 86
838479505 Xiz 86
689237840 Zugekehi 86
216274889 Dedote 85
802682351 Jedit 85
776013015 Lovoxi 85
747771448 Luxoce 85
679753573 Sig 85
392893410 Yum 85
422417840 Datewim 84
253156047 Fake 84
759018904 Gatimi 84
282681159 Gej 84
246635717 Guyowaco 84
909269211 Paluze 84
468730557 Purelu 84
285400438 Rohe 84
93628666 Rologi 84
451902286 Xajivoce 84
183472449 Yif 84
832401029 Butibegu 83
159496519 Fan 83
797661432 Fazo 83
825417385 Fujave 83
134281294 Gogo 83
195809321 Jowic 83
705226059 Kequle 83
178176785 Puqedox 83
519097270 Rece 83
875533558 Sevonuv 83
38157556 Vuk 83
259332712 Fibocac 82
580323655 Jusuxuna 82
600592843 Noyodid 82
685918286 Pano 82
407682031 Sez 82
725760252 Sis 82
815880289 Teve 82
308640663 Tikaciro 82
322275814 Tocep 82
638729802 Fazo 81
254669940 Geh 81
100053605 Hesaso 81
623090552 Loz 81
682110330 Pite 81
247426864 Reh 81
321743123 Seti 81
11222343 Zaj 81
245832094 Caq 80
321693898 Feqiwenu 80
435716935 Fituvo 80
295145516 Hasetu 80
355096382 Hixove 80
358080107 Nono 80
776355700 Rupij 80
741294705 Vem 80
682195590 Yobiweto 80
412604015 Yudoni 80
56822157 Genewuse 79
229386254 Kujih 79
870667918 Qaguta 79
308918499 Sozo 79
996625703 Zakoka 79
10244507 Zehak 79
774833888 Zok 79
209107368 Biro 78
132197965 Cebu 78
517164457 Jah 78
392413074 Kuxako 78
437142425 Nobuhic 78
22510483 Nurizox 78
551113983 Qorili 78
20952269 Voqurik 78
615031303 Vug 78
700582597 Wey 78
961409791 Yoy 78
702288284 Zafiveni 78
849494770 Bemaxeru 77
698214036 Cunerod 77
363588475 Dugil 77
451733403 Puw 77
457514071 Takecax 77
433816120 Vazoy 77
226419404 Yejis 77
133909987 Cayelir 76
758306111 Fimiho 76
880016997 Kosomi 76
564932759 Zosinix 76
27478038 Cet 75
800187467 Damotabu 75
353671347 Doboke 75
484191942 Doken 75
549602425 Fomaha 75
785148848 Gaxa 75
985395956 Humi 75
511559597 Huyu 75
492417682 Megelov 75
417222582 Tocuyup 75
414758139 Wuteretu 75
817267247 Xeqet 75
517765566 Baweh 74
683792364 Gorimabe 74
720185344 Gukesu 74
121128253 Pijo 74
842745978 Taqu 74
314403742 Yilifaf 74
223599459 Yiveyo 74
123065760 Noduqa 73
656763844 Nuyaz 73
260071208 Rebiyu 73
423675001 Surih 73
653376073 Tafixob 73
396126983 Valane 73
3480299 Zadob 73
491205051 Zitife 73
162824271 Binetupe 72
617617988 Butufese 72
461854056 Matuje 72
604560602 Rusir 72
431294648 Tomimet 72
978010951 Tomiqoq 72
511921005 Viqucaz 72
725555507 Bowapuje 71
657709752 Makarire 71
226098392 Minemo 71
852344327 Mosir 71
514571991 Nuzequ 71
46023270 Sog 71
780363200 Tuze 71
295616893 Vasehu 71
100220449 Wofadepa 71
282379616 Zerobiru 71
187294419 Cayaxod 70
669399226 Luxero 70
396104120 Mekof 70
667643605 Nodoxoga 70
368406931 Ruzeqaka 70
398118860 Sofadu 70
322194951 Veyugub 70
671595841 Buhiz 69
966635937 Dicalah 69
742896196 Gaputosa 69
609671735 Gig 69
75645249 Kiye 69
823913567 Lanese 69
423987352 Lovumiyu 69
187488794 Mihutu 69
570670870 Napupiz 69
398307704 Taze 69
919723767 Cina 68
685329918 Gam 68
528423918 Jix 68
920278490 Kufay 68
485868718 Mipiy 68
930607620 Miqog 68
242019882 Sasa 68
721710233 Yek 68
779041877 Fivifi 67
392339877 Mafinase 67
973522635 Mahuv 67
628568516 Modoqes 67
791356110 Nev 67
604899445 Pel 67
522118503 Welete 67
62130581 Yaja 67
883633371 Debi 66
141099659 Dubilolu 66
270163065 Keha 66
44965164 Mupehi 66
447293624 Tihidaso 66
739404705 Vah 66
506586524 Wetuvuyu 66
76912486 Bobif 65
973707266 Fey 65
797794360 Fineyuzu 65
385537554 Selov 65
834708002 Tica 65
97428416 Xeyi 65
998106564 Yozilaca 65
679265054 Dajo 64
798655065 Fapavovi 64
169190488 Giveb 64
936573311 Kaquwo 64
186959140 Pado 64
488117014 Pazuwi 64
793993254 Quj 64
1524273 Recoru 64
574495718 Safipeba 64
64067288 Sive 64
621092938 Tubezoju 64
727784769 Wiji 64
802029708 Zucuca 64
452216898 Bexife 63
533592606 Duxiciy 63
943833060 Gowewo 63
957671227 Hapegeni 63
325628184 Hufih 63
212432876 Mefe 63
448708543 Nofogina 63
432589953 Qovu 63
47851257 Sep 63
111288898 Wih 63
269504630 Xeyarux 63
237465098 Zuhuh 63
431695436 Budejex 62
343129689 Fude 62
388049225 Muw 62
335688507 Wari 62
65405903 Gamu 61
253244713 Jodib 61
411332362 Pay 61
696463476 Pomel 61
652957387 Quwavuxa 61
822672183 Remusobi 61
62654848 Xirodew 61
204372347 Duno 60
869283 Fumaqef 60
163237959 Hane 60
842932436 Kiziw 60
640734603 Kogoc 60
688852899 Tejix 60
209300131 Tihivuj 60
920762498 Yatu 60
327508155 Hepahohu 59
533473961 Poboz 59
5728597 Qilayaz 59
329604301 Reqexop 59
441547866 Xiquz 59
884391592 Yajo 59
443060585 Yig 59
363219261 Mexupaf 58
429113668 Qixayapo 58
951402176 Vofajofa 58
154670819 Wecakef 58
200200664 Xiqus 58
386292049 Detuje 57
783132263 Heq 57
371792657 Hocelaj 57
714446437 Keyo 57
614947712 Muqamu 57
553624171 Sidijam 57
418672848 Bamo 56
5204841 Goyuyo 56
262382476 Huvata 56
544137960 Pafexer 56
880387674 Qemoweb 56
538387133 Xeb 56
218169534 Zixoguq 56
151703156 Cojayuku 55
729493554 Fohapi 55
307263761 Julaxip 55
475838161 Lacazu 55
800564790 Povi 55
72478140 Relin 55
15615374 Ruf 55
297371657 Cagemaca 54
719869309 Disat 54
168047826 Jid 54
991558979 Kah 54
863804943 Kokivo 54
859608592 Lahavaxi 54
351355281 Qifof 54
529171934 Sadil 54
182667835 Wikoy 54
442249121 Hemuvaha 53
957035247 Qahosos 53
392650623 Siy 53
686605869 Vekipido 53
425130733 Vufeger 53
221738451 Yeha 53
907481765 Ducewu 52
89449045 Kijik 52
300479343 Qor 52
333131154 Quto 52
176865706 Rava 52
726880965 Tez 52
317623017 Yetinuh 52
583712738 Biqokic 51
508824610 Bufep 51
860985068 Coha 51
873719606 Mogu 51
98832958 Qecuxat 51
225516657 Sag 51
819886240 Sice 51
479509503 Yeqape 51
150340385 Comuze 50
936977157 Dula 50
181557615 Fak 50
122104246 Farevof 50
676928568 Limij 50
615404957 Munebejo 50
103805761 Panikug 50
780907665 Qukem 50
191124042 Sef 50
254065121 Yori 50
684542756 Zacidi 50
857948347 Disagow 49
203417464 Fidap 49
656366411 Gud 49
197724152 Huc 49
745742572 Jiqev 49
203692468 Lunu 49
6621100 Luze 49
25209176 Qemipozo 49
50160676 Boriz 48
777130622 Cev 48
487850749 Pequl 48
707611919 Sevolenu 48
114860646 Tupihix 48
87269466 Tuwitap 48
957650678 Zanipew 48
875430925 Zarepihe 48
432252672 Lezuwu 47
939597767 Qigage 47
590782017 Xiyifagu 47
757372121 Fav 46
580025624 Hideb 46
899181628 Holi 46
58799499 Huseg 46
227293145 Kabugeki 46
619252837 Muqabuca 46
533607362 Qixa 46
543897069 Qow 46
787290987 Saxu 46
384164679 Xaxi 46
768378912 Yebut 46
675645440 Baceripo 45
225349489 Fitaya 45
251246334 Jix 45
773553190 Liro 45
982762818 Nesanez 45
346881278 Noqazot 45
611822250 Petogof 45
718571667 Wawac 45
817369699 Yiqoh 45
942623037 Yuguyuf 45
825844324 Zic 45
327537245 Zozuk 45
491413492 Dagexur 44
743889759 Fafunevu 44
641422829 Fani 44
647258530 Jaleb 44
188052007 Leti 44
39272298 Nowatavo 44
801200127 Nuwo 44
233818961 Pib 44
284419900 Saromut 44
606626346 Buti 43
571561662 Hegone 43
794890380 Rusa 43
893645632 Yewileco 43
243611251 Zidafo 43
832045206 Barirayo 42
951659290 But 42
455081795 Dinam 42
233721586 Nezabo 42
460591847 Pupijopa 42
532109108 Samefozu 42
50585403 Titamo 42
709369515 Yuqek 42
515095187 Zagujuj 42
284082919 Zatol 42
242494540 Boquleb 41
125187200 Cemonipo 41
267160623 Lumozeti 41
661418993 Raper 41
647467652 Tiqifuwe 41
382137654 Yahavar 41
762632777 Zuqe 41
16332115 Hepa 40
705458285 Jonusula 40
651914984 Kayul 40
549202371 Qeput 40
756502947 Rawexak 40
173626359 Rexupat 40
785691530 Kefi 39
381808 Nekiso 39
203558982 Wohecax 39
362895230 Yuwo 39
525448603 Deduzam 38
919541161 Jidofix 38
843061958 Mojaqujo 38
105050547 Niris 38
94158539 Rizuwa 38
327206895 Sipuzuq 38
591414213 Suquhod 38
441662066 Varuw 38
441209663 Vebesal 38
953210463 Xahopefo 38
890585770 Yan 38
686341305 Zabax 38
1207505 Zagowo 38
17890598 Cebokeh 37
860951571 Danasu 37
961515978 Kaxaqi 37
635582068 Lamiqoze 37
810880076 Nac 37
598509647 Wiwa 37
708891261 Xawux 37
800324578 Bodepe 36
40369854 Ciyazit 36
530104048 Dizoruh 36
721416166 Domo 36
352059518 Jaqiz 36
679223050 Jowitage 36
842867339 Gipeqohu 35
564461169 Mijecas 35
194150736 Nedelax 35
7626408 Qik 35
331110987 Tevu 35
160340204 Vesoy 35
484849734 Zaxuqu 35
396394281 Cake 34
898016032 Cif 34
367316334 Dasegog 34
569104648 Dezajuv 34
805733978 Jehatefu 34
939034725 Jijubi 34
578887501 Reji 34
471588891 Ruja 34
960672902 Wekijug 34
670658296 Bafudav 33
640985279 Fikipek 33
403999161 Hudifow 33
304135465 Juqe 33
398683027 Luse 33
497149746 Pavujete 33
917994155 Piwi 33
360632083 Bicesa 32
716125573 Dezeza 32
929772731 Foqapi 32
427455994 Guhoh 32
172850104 Hurub 32
882856927 Labu 32
115441262 Loc 32
26784750 Novuvug 32
205432073 Tojixica 32
562285434 Vigi 32
560634818 Yufehe 32
7840756 Buyupat 31
341935697 Cedi 31
770022877 Cupah 31
661751219 Cuzoyid 31
887764136 Qej 31
734903859 Qive 31
738621928 Sifo 31
286177637 Vanal 31
662327333 Caho 30
799833422 Cosu 30
734209487 Duko 30
404410640 Furiga 30
485319151 Geyawo 30
273435538 Het 30
915277581 Hovov 30
68366837 Madet 30
453705319 Maki 30
607661385 Qapoy 30
758954308 Tazeqebe 30
904828213 Vud 30
636670605 Vulubug 30
958162711 Hos 29
984031166 Mapop 29
862506883 Nuj 29
854612176 Pite 29
509683590 Ridevon 29
503675899 Zaruzi 29
953970174 Duzaru 28
67353368 Fofire 28
800169693 Luq 28
428702682 Qahe 28
858176212 Sicosop 28
479613749 Xebi 28
409328959 Yozuq 28
268558431 Daf 27
107737561 Dunok 27
12450729 Fadevaku 27
744232142 Guporo 27
858804785 Kidunan 27
449613596 Menu 27
121875332 Pisaxov 27
665842958 Qopewad 27
907185572 Tisuja 27
227024693 Vugakoz 27
468815625 Wikecod 27
447176419 Xocobeza 27
544875092 Fakelid 26
541249541 Fiji 26
605404713 Mopiq 26
701573292 Nofetusu 26
766671775 Pog 26
323285461 Quxujofu 26
769427667 Recuqo 26
587314148 Sax 26
335810270 Tukoy 26
716117496 Vapiqes 26
852255209 Vojofu 26
682561575 Figipev 25
558389089 Gatumefa 25
616357995 Gup 25
396349809 Jequqif 25
528079369 Jiw 25
724477094 Joqe 25
60921456 Nehawa 25
359974631 Rapaje 25
428665303 Gowev 24
781462066 Hobe 24
120472197 Karagac 24
257931175 Mupilop 24
331306772 Paka 24
65321729 Qov 24
551903686 Vimoza 24
667856035 Xizub 24
703143526 Yovunulo 24
209227362 Zunexos 24
72427540 Duhobiqe 23
705574607 Fepoq 23
205674402 Lihune 23
942667729 Saxezoc 23
944476323 Seyas 23
676736349 Socecuy 23
861533599 Yeqem 23
474093788 Yokav 23
650470680 Baxes 22
198542778 Fugokito 22
495092678 Kolow 22
436062998 Somas 22
237299611 Yoqes 22
451972095 Zor 22
187132316 Cazuwat 21
781622145 Dino 21
652065993 Gabu 21
282543894 Giyehame 21
460335670 Jufuve 21
174616805 Qiqopu 21
14017013 Xituko 21
729493526 Yasirevi 21
248980608 Yet 21
369608614 Jeke 20
50626231 Macajat 20
183790613 Piviku 20
128403377 Ribig 20
644305742 Siyonu 20
165350173 Tewo 20
805079811 Wadekuv 20
652730439 Zahimaya 20
339404211 Zugoceq 20
233626455 Fim 19
935509888 Jaba 19
206296822 Lecifeso 19
125261539 Piziza 19
610545898 Sapeq 19
873853621 Tesa 19
641820841 Bop 18
594116385 Cal 18
82250025 Gaju 18
810672200 Ganasiy 18
342203238 Halodowo 18
384135352 Milivuli 18
900658342 Sijupolu 18
133185415 Basika 17
580707151 Guzaw 17
475258441 Pecagay 17
839737720 Qawoyed 17
322580950 Xilul 17
574268770 Xozotaji 17
56840376 Bap 16
141726406 Cefu 16
42098987 Dofecal 16
999342458 Piweh 16
642711094 Pow 16
646772231 Vifigu 16
818232555 Ger 15
404334626 Hibic 15
803962075 Giqi 14
153112112 Juyu 14
706876884 Timezux 14
366960693 Waci 14
472626809 Weren 14
278481910 Xir 14
108350177 Yayu 14
257014494 Caxowiko 13
149496897 Cayola 13
971542384 Doqidoz 13
752162348 Guyuranu 13
652142779 Laj 13
761457098 Nekayar 13
858039428 Qazes 13
724419502 Rafo 13
585651721 Ten 13
580052814 Xiguca 13
797526779 Xikuzuya 13
364234308 Hon 12
686699345 Lamel 12
256336681 Loxi 12
922960927 Qol 12
12099725 Qudomi 12
368852277 Tepuviyi 12
318324876 Xedasim 12
860446352 Xeg 12
594906056 Xehen 12
844066159 Dikoqude 11
29342698 Kacinamo 11
739960694 Kipapofa 11
197455994 Mada 11
679014200 Ruyor 11
697069133 Waxetoj 11
185012606 Dipaq 10
902685986 Guwid 10
67961153 Hak 10
23266358 Jatutiq 10
398761707 Metej 10
725060984 Qogenaku 10
26196232 Qukuya 10
978987050 Sur 10
157933828 Vacud 10
540115092 Wayi 10
384866550 Jezuni 9
697571328 Jihi 9
99832061 Law 9
678754001 Luyab 9
681752620 Pibige 9
676138301 Puhehipu 9
689444816 Sula 9
790047502 Tes 9
359930203 Tor 9
155356142 Xihorol 9
305442225 Yasupoza 9
138648604 Yica 9
277006898 Dot 8
547489232 Gohom 8
153957914 Jufedivi 8
556956241 Kaduca 8
234629256 Soyus 8
326313619 Vezi 8
567895487 Wad 8
187422158 Wita 8
256302468 Xokis 8
874196567 Yehafave 8
175762195 Delese 7
298269902 Duwosebu 7
463552826 Niz 7
327126767 Qamofeju 7
360692400 Wafok 7
176014876 Wom 7
513163572 Zoge 7
672295271 Cowixo 6
695542382 Halu 6
458097304 Hapucate 6
458171222 Metake 6
129866671 Mewi 6
70607236 Qel 6
397953363 Qosuyi 6
445242121 Wifame 6
57044493 Xaj 6
848001455 Yomojigi 6
616613294 Berij 5
93689624 Jagekav 5
663952587 Kori 5
281472414 Kuhem 5
931964204 Midih 5
260432253 Mocakipa 5
386246401 Poyud 5
838222619 Sidu 5
962417915 Toviqoye 5
842918259 Xudapeg 5
8908012 Yakey 5
927813800 Govibego 4
471787199 Huvo 4
122400811 Jaruh 4
678357549 Lizutem 4
754926181 Pituqula 4
43005041 Vucujid 4
494600935 Wuraleb 4
860661141 Yemosuya 4
882811089 Cibi 3
35113014 Faqez 3
104897746 Foyuqef 3
474371811 Hufo 3
502134158 Kuzag 3
710509847 Luvi 3
787083909 Rumamiy 3
392094013 Viyah 3
307701653 Dodiwin 2
461552941 Fan 2
115314181 Kuqagisa 2
98148750 Lenuhub 2
972032792 Nobi 2
891114872 Pinuhu 2
527551786 Cevomuxo 1
890781573 Faloki 1
321262301 Gadukin 1
642145306 Giqiyote 1
289579107 Gunoja 1
562863390 Moyowiv 1
151130512 Rozokan 1
741753101 Topawa 1
988526937 Vefum 1
857729902 Xolidac 1
504784390 Xuhad 1
353291453 Nidewuz 0
363676173 Raxiriz 0
418630269 Riqof 0
938553555 Sopeti 0
310622662 Tikele 0
871324083 Vofa 0
