877754568 Cohanez 100
567120776 Fiyiwiy 100
788391711 Luduruxo 100
230846275 Roxo 100
145164168 Ruvizope 100
613211371 Xinoya 100
945799786 Fivix 99
910693520 Fox 99
867521337 Mucet 99
410899574 Pusol 99
648257656 Suvobo 99
344619611 Vud 99
555707696 Zebuwi 99
264584600 Hoyif 98
329749518 Lataya 98
244086496 Nilaqe 98
90377998 Zajen 98
551299474 Ziboheju 98
335479105 Caduh 97
674706058 Gaz 97
892865557 Piho 97
92198340 Vego 97
337873048 Zogiwo 97
847840357 Beru 96
606069101 Cuyuc 96
564360554 Jaqufud 96
175576378 Jodohak 96
12565403 Lukoyih 96
118095754 Xato 96
188527329 Xazexay 96
488377950 Xiqit 96
576019484 Xonil 96
396688206 Ciyotez 95
912762 Daroras 95
735448642 Rivec 95
542666527 Wos 95
368589607 Yuqoced 95
627758414 Cagur 94
705366655 Ceragu 94
470340122 Hiw 94
95091390 Lasu 94
677236256 Lohec 94
913325988 Naxiki 94
802574565 Wowavuhe 94
694764804 Ceg 93
943600659 Dumobo 93
619613742 Ketom 93
59520708 Quj 93
475259690 Texax 93
40560642 Ceyaki 92
778338165 Cin 92
46181856 Fujaqozo 92
419612149 Gesi 92
32504726 Gomini 92
332519870 Jifuwaz 92
262795717 Levekumo 92
545128370 Vidukis 92
807067654 Vukom 92
864080706 Cog 91
362916757 Giyuka 91
393045721 Gukecero 91
845510232 Hegur 91
922043641 Jezivuri 91
852605690 Tit 91
953068249 Zafeb 91
576492419 Zetages 91
714758808 Box 90
119926994 Caguliho 90
559995447 Gahot 90
177794446 Qeyeci 90
418141981 Wizupivu 90
133370593 Xufab 90
834837054 Kupeloq 89
805160619 Pipi 89
350146920 Wibe 89
554199205 Hetiju 88
250150267 Peyazej 88
160308303 Ruzom 88
161476435 Van 88
912136646 Vudijo 88
796689923 Coloto 87
877838765 Hihi 87
153789793 Koxemi 87
155489336 Mejo 87
316854756 Rubuge 87
511601676 Tilefic 87
434064989 Vekuqe 87
923387587 Yon 87
415040856 Fuquxuv 86
774204628 Gesahur 86
420138155 Liy 86
787091133 Qeso 86
248785898 Wazov 86
230658938 Wehiqaga 86
752583619 Xuqahaci 86
611571292 Hohi 85
298419627 Jogova 85
659249225 Safu 85
781044840 Xecaxo 85
992640616 Yarofiy 85
978539196 Yugadot 85
344920652 Bev 84
740922184 Divob 84
384872531 Gotus 84
229685804 Haziw 84
226265961 Hujiye 84
933041509 Joxoyato 84
840065455 Moxasuh 84
993400925 Tusuco 84
291928861 Zaqud 84
859117310 Her 83
831752880 Jiquyizu 83
138544330 Kabiga 83
790091113 Duce 82
535625566 Fuzedipi 82
201324837 Muy 82
492495292 Tajol 82
946572625 Weginoji 82
399379613 Xove 82
226622452 Yuy 82
878268665 Guregayo 81
670693603 Naduquh 81
686218230 Namij 81
94812918 Qiyoho 81
897410231 Viyowe 81
714535364 Zezezid 81
881067914 Hiwucid 80
598664919 Lavebe 80
704285107 Leqe 80
481682345 Sawozaq 80
497707061 Siwoko 80
571618910 Bopudawi 79
124885301 Famaqu 79
704752864 Led 79
503623568 Qidu 79
769104564 Teza 79
903353790 Duyoz 78
107305668 Gijoruti 78
527103432 Hay 78
192814725 Hus 78
446698592 Reboca 78
74680663 Sifoz 78
833903765 Wuyume 78
61430558 Xevel 78
742149138 Zahiqinu 78
640088987 Dodunuv 77
851246384 Qeviri 77
453487290 Repewo 77
626362879 Ronuzawe 77
13054700 Wikideg 77
86358001 Woyuj 77
194055059 Xahapihi 77
830523230 Cidi 76
426266195 Qoqo 76
168995102 Sunaleja 76
2524648 Dobe 75
242387102 Fipo 75
277034007 Gisadew 75
681029937 Robinek 75
249355453 Tixus 75
905840175 Coquhago 74
522651996 Doqisih 74
950602841 Johid 74
214461067 Nal 74
695800149 Noderes 74
609672295 Soxe 74
283894233 Tunayip 74
69631047 Baza 73
346895578 Biriqit 73
707434461 Fayuk 73
458801873 Rolok 73
776842288 Taceri 73
832024582 Tax 73
451040502 Wowu 73
914778372 Xuyogeh 73
562134897 Nige 72
780532623 Rawoz 72
302130178 Renukizi 72
187304914 Sek 72
670177149 Xubite 72
652701413 Raxodes 71
623287859 Suvika 71
352858209 Vusugux 71
701143561 Wikeyac 71
528655748 Xowufuc 71
285761626 Kuraza 70
179301676 Laqo 70
267296706 Qawazeb 70
493934435 Xayakig 70
57748819 Yeb 70
924638195 Zoqur 70
922123764 Dis 69
160060998 Hacaya 69
575542582 Muwehu 69
978490428 Qab 69
861051174 Qeviduri 69
702992071 Tujutog 69
144258709 Xagex 69
920925769 Zagu 69
555954643 Bikalok 67
87588015 Gavasop 67
239737570 Gorifow 67
263132652 Hepecaju 67
316410465 Hujece 67
361250421 Jolaq 67
256171481 Lil 67
484835545 Xoyexoq 67
141973194 Zeqabo 67
140461358 Nuweko 66
17159948 Yowogohu 66
132408940 Yubaziki 66
697360923 Bazuk 65
795308511 Faqica 65
408204942 Jataco 65
521489945 Javil 65
57570068 Magufi 65
873712092 Nituqih 65
95658982 Pat 65
575956503 Tiboyax 65
306675949 Tiwexo 65
296384322 Bay 64
479327945 Hiy 64
566210890 Kacimi 64
691990161 Kitonaxu 64
330713319 Bexeri 63
765718461 Dupuhohu 63
347877743 Haguhaj 63
68596914 Hiv 63
594202232 Jore 63
920913236 Lij 63
31545202 Nufuz 63
449516106 Pilo 63
48662559 Totamon 63
935719160 Woh 63
308008525 Yixuwes 63
746436231 Yiy 63
540444119 Holije 62
604665377 Keni 62
121611045 Nayopequ 62
59853669 Pinolos 62
875311049 Rudatuxa 62
859206465 Rumal 62
274844692 Runuze 62
56793527 Tare 62
432324264 Waf 62
31666450 Cav 61
934878651 Hudu 61
595205800 Zijo 61
638856901 Dolamuy 60
56792785 Dub 60
50498892 Kuyo 60
903892655 Lerapeti 60
340039596 Niv 60
213236666 Samosiq 60
346442388 Siyiyo 60
588905195 Vemev 60
477517571 Cadoziy 59
941854155 Doravori 59
944261831 Geziwuwa 59
423268251 Jatuxema 59
865114154 Kixuviw 59
973351780 Mujel 59
944118777 Mukutibi 59
536240873 Nacad 59
593598743 Qav 59
848807215 Sekaqeho 59
908009295 Varuy 59
234334453 Xover 59
129575742 Derohem 58
140218329 Dilisawo 58
849803869 Jabi 58
36018527 Sesido 58
652057859 Xele 58
807028183 Yilan 58
687281683 Cen 57
922415120 Xorarox 57
711568914 Kasu 56
589875023 Miko 56
141852078 Piq 56
767632557 Pitojos 56
433323135 Pudiboli 56
574206380 Curoveya 55
277321902 Gexa 55
181588871 Jogibe 55
274694430 Miqipiwa 55
150968676 Niwones 55
788809917 Taxa 55
694558028 Veqegehu 55
78758132 Revar 54
611317506 Sebi 54
449901903 Xopoxape 54
744633475 Cevire 53
419411160 Jaju 53
928589011 Minobole 53
657561934 Noxameja 53
500426108 Vof 53
544330081 Zucen 53
267531749 Dabu 52
710509963 Donuc 52
32929481 Foyiv 52
826892414 Koteqew 52
978411427 Lebuzu 52
730493860 Pusajus 52
929321391 Qexu 52
322556612 Ziyiwik 52
578182605 Zobokete 52
27325724 Bek 51
971202755 Coda 51
97397776 Jejubewo 51
994075229 Tile 51
958868503 Wir 51
928454907 Zupuvic 51
525570077 Coluseb 50
370207687 Dawopaci 50
516578526 Suyaci 50
530957327 Cov 49
599029612 Gufac 49
914774056 Jocoxe 49
370885345 Kolivec 49
993929108 Pobiqama 49
274507737 Rofulat 49
314008775 Tuju 49
256917539 Wor 49
37012156 Xesuru 49
95475905 Xonopaf 49
665918262 Belaz 48
924183810 Ged 48
889707417 Gihug 48
741302135 Hezajow 48
737475907 Qita 48
145839389 Regetig 48
13511908 Tev 48
167311072 Vay 48
403316818 Voce 48
966996981 Yidow 48
902006424 Kek 47
401340219 Sibobaxo 47
239966461 Dif 46
915798677 Fiwolam 46
673269902 Hoba 46
182490268 Neboka 46
861427078 Pigus 46
263873955 Lixi 45
585810099 Vasefepo 45
640720671 Waliciru 45
925444507 Dod 44
665761137 Goz 44
4888167 Muwiquc 44
604417501 Rusaxay 44
550093003 Vacimuno 44
735779936 Votiqife 44
17552743 Hojati 43
340415941 Kaximi 43
359874051 Niyivar 43
233091322 Rupek 43
49379058 Rusogav 43
649143590 Vusaz 43
900978150 Xupah 43
364278762 Beg 42
619287145 Fajamon 42
323636449 Feboze 42
367238816 Hevod 42
330294334 Kudivo 42
680824642 Rum 42
805640665 Zoroto 42
628196982 Jayid 41
775575777 Jon 41
887792507 Juredipu 41
210524839 Raz 41
117739135 Rovehiy 41
752531925 Vubafuj 41
579675796 Waxute 41
182983534 Bama 40
702333032 Ciwowuta 40
186310702 Coroquhi 40
231608807 Cupov 40
948643129 Cux 40
262369501 Duzesove 40
534766612 Towa 40
436966761 Vowaqaro 40
824871771 Wejuya 40
569970221 Yuh 40
73407980 Gob 39
125617070 Higoq 39
302893920 Nihir 39
795038376 Gon 38
872563537 Moqame 38
193291772 Nukid 38
534997508 Puteba 38
929760163 Taxi 38
552264393 Dutixale 37
441621047 Hokuyid 37
442439597 Kokerobi 37
445406555 Neyaje 37
18824412 Pemer 37
328036553 Diyesaz 36
176226310 Megoma 36
170204934 Memaf 36
56147978 Nanuge 36
219665249 Nehife 36
286398290 Pucad 36
191959 Teh 36
1446836 Xiyihod 36
236900685 Keki 35
591262595 Kiceq 35
917630154 Kul 35
684510370 Qexuceye 35
586726914 Vuv 35
14852394 Yutu 35
311719775 Fitobe 34
449209252 Gebigi 34
981446821 Jelat 34
497091657 Megulopu 34
215390160 Vawa 34
157555256 Yefumeni 34
222552154 Ficevik 33
658291400 Guhic 33
972559367 Peri 33
197666083 Nexirako 32
437268954 Noboxap 32
292830585 Sifixi 32
901438822 Warezovi 32
477625597 Xobehex 32
132275136 Hix 31
163960772 Hotezar 31
829951977 Jatehi 31
701811633 Jiwuhi 31
970921092 Lekeku 31
491353826 Mugedax 31
584288690 Piv 31
227362216 Pujay 31
904569544 Tuvovawa 31
719085488 Vun 31
771090388 Kaz 30
124564851 Musogok 30
847967167 Wobu 30
273885939 Woq 30
734557955 Hajah 29
665301856 Leyevop 29
379724144 Naluqez 29
425256813 Qoxis 29
153992969 Yogu 29
665221157 Zonu 29
384239636 Huva 28
929776368 Minim 28
191816078 Pinape 28
935432159 Qeh 28
137473503 Roneha 28
842460746 Sofi 28
753576254 Xabemoh 28
757764446 Masutu 27
975044808 Mokun 27
174871013 Qus 27
202342610 Hihuxa 26
688115165 Rore 26
458060202 Tiwo 26
780200022 Woreh 26
87263701 Ceyap 25
70750227 Dadaz 25
629710375 Fizo 25
32438690 Guyoq 25
815474778 Haduxu 25
298187878 Hopi 25
76760182 Hopuwu 25
122602712 Takowor 25
963328176 Wen 25
940383281 Xugahu 25
923234025 Devib 24
414469998 Godoyuk 24
606548852 Huxej 24
826326648 Meguw 24
491780839 Nivubuma 24
787860435 Sepiyij 24
315747281 Fen 23
865379946 Fopak 23
664306227 Gune 23
489068402 Rafebu 23
603182286 Riyo 23
603068505 Sudater 23
489205246 Niy 22
381414540 Qafebow 22
811283179 Qocom 22
985702648 Vahofeq 22
193090207 Kexamora 21
33496283 Naquw 21
258949071 Qihizon 21
691704332 Voco 21
657983793 Huzozo 20
257691981 Kotah 20
248062551 Qey 20
780270005 Qisu 20
554507930 Safot 20
374024781 Suz 20
360398364 Yeqe 20
527815860 Yitu 20
725307621 Zoxux 20
711860119 Gigahu 19
844275052 Hipef 19
860885188 Hoduq 19
824103780 Jebiyor 19
604456333 Matotob 19
478597500 Moluxe 19
506135488 Qixey 19
131739723 Quco 19
552917834 Saxif 19
891302134 Sogula 19
225790494 Teke 19
229779711 Teso 19
249313150 Yufevu 19
592932068 Tuderaj 18
299680258 Velimequ 18
879796859 Vib 18
630716096 Fas 17
576654980 Focel 17
921912387 Hotodik 17
920492532 Hunesimo 17
983986774 Kojotam 17
410412964 Gik 16
603754550 Kezuhopu 16
342804704 Puk 16
892306712 Sajine 16
908887911 Yizinob 16
936536824 Bogocas 15
575919021 Hor 15
165900391 Qaz 15
174087262 Witit 15
582039398 Wobuxa 15
333779229 Nun 14
776703299 Tinoji 14
51433372 Xexeku 14
2023792 Zoxi 14
47059544 Bola 13
11254350 Fiwiroci 13
853294774 Ladu 13
836947155 Padotim 13
864961781 Qunuy 13
196220615 Tomido 13
316371382 Vaz 13
582769695 Vivebux 13
396788834 Xeqe 13
598415428 Zibeb 13
744656260 Catemafi 12
437928063 Laya 12
760123570 Love 12
239861260 Mumapece 12
736694493 Pig 12
773652365 Qek 12
928777697 Sike 12
547592938 Sugewub 12
342860052 Suhinox 12
779454608 Val 12
736194222 Vikugaku 12
446905705 Yopefixa 12
58228091 Barod 11
600810563 Kiwi 11
459601987 Liwoxopu 11
675187676 Sapuyen 11
620980839 Viwax 11
163412936 Vuf 11
875880227 Yanipa 11
48457527 Kuzaho 10
55165111 Lesig 10
980711664 Mux 10
211844599 Qofifof 10
668375338 Soquj 10
851217214 Buqiyi 9
891421724 Daf 9
683622427 Famubela 9
332862887 Jipeyuk 9
57922637 Nayin 9
435210157 Zubataga 9
559731890 Duxil 8
530060301 Fulahena 8
446970575 Hufab 8
20747450 Qofufa 8
196435233 Sexug 8
143142366 Vutiyem 8
268173721 Xatefed 8
915009813 Bocecat 7
628046847 Qumuxac 7
182621520 Sazadog 7
317061507 Yuki 7
973810025 Caboxeju 6
823143353 Dijobo 6
501028125 Kej 6
82626413 Lajaquga 6
507231783 Qanasera 6
444448682 Zitiwowe 6
193741250 Ciluhug 5
927333059 Hezuqe 5
229167221 Pehivo 5
25239355 Puqazini 5
918262973 Qomofi 5
541903332 Suvuqot 5
59089834 Tenezo 5
994618279 Wuqifad 5
88418253 Xurumaqe 5
441719810 Yigi 5
570175634 Zuhu 5
38303585 Hoyuwic 4
287818844 Qigo 4
997890587 Rus 4
87125898 Tew 4
707619738 Topuvo 4
477173090 Wikakaci 4
905081541 Biziso 3
832274756 Bomi 3
581828361 Duz 3
358281207 Fulenu 2
325219584 Hub 2
310564140 Peko 2
841413722 Raxog 2
919377628 Yoqojo 2
574467281 Humoyu 1
165429445 Labe 1
552721506 Muheji 1
132537506 Ned 1
95025210 Nudu 1
201976413 Qonuq 1
90809789 Rumineka 1
775600135 Sovo 1
818209114 Wovu 1
448852470 Wubafo 1
441554178 Difidave 0
310045330 Govazuvi 0
650100051 Jakuyar 0
612846160 Waw 0
373989726 Wibolihi 0
926741175 Xuqif 0
