376718755 Haraz 100
599271038 Ziqedef 100
423116959 Qehukop 99
160262493 Juvulafe 98
244915857 Loyi 98
40390019 Zewa 98
175384287 Bof 97
564507353 Qimoqofi 97
894446669 Fofo 96
192289580 Pugix 96
230569677 Qumuyixe 96
383826512 Sukifuwo 96
351375448 Bexo 94
483721678 Maxo 94
471715873 Nilu 94
768845759 Toharahu 94
768054116 Fot 93
70529901 Kivu 93
746494585 Lele 92
240885505 Qal 92
24296621 Vuzeyel 92
225088422 Taci 90
659426677 Xalinehe 90
602341235 Xotoje 90
644888318 Fuqog 89
750314546 Sezicu 89
886186205 Sixiti 89
208167395 Fidi 88
260268513 Fugocama 88
840031227 Liluxaso 88
438115360 Bih 87
455891310 Mafajoke 87
444171295 Zazizep 87
318838327 Soxo 86
222798218 Vac 86
174265746 Xaguqi 86
484028251 Pavubi 85
426865513 Xiyijek 85
276656134 Fudarup 84
897301860 Laqoseq 84
902619200 Rogu 84
814031382 Tewuta 84
249674660 Qukuzoj 83
650810597 Cefe 82
69342064 Fananey 82
417671560 Ninijiya 82
494564421 Pumakute 82
661075793 Vayodola 82
384709110 Fomose 81
519537004 Hacidif 81
159421300 Sojiti 81
215357821 Cifahix 80
884516735 Derajug 80
711692691 Havu 80
941761977 Nop 80
275616911 Pawedo 80
717438229 Rivid 80
807924011 Tepebu 80
530619604 Koh 79
958588032 Vir 79
978711148 Wuja 79
954953070 Dacuzod 78
451061133 Supob 78
401090875 Jihi 77
169714109 Sasaqev 77
418199227 Tava 77
601939990 Xocu 77
179685135 Zenahik 77
973012486 Hacojile 76
592840312 Hoxocat 76
269163214 Yajo 76
823643326 Kunu 75
711214677 Mucaz 75
696073355 Luvahe 74
66387610 Melus 74
493301242 Tunemoba 74
746754320 Gilapux 73
205873936 Wuxigu 73
983778024 Xixeq 72
876691436 Cahipaku 71
122457302 Fofuc 71
299312451 Gepixi 71
769942090 Voj 71
425270349 Vuqemapa 71
154156651 Facepuwu 70
290804858 Lafitawu 70
466481701 Lehaluwe 70
156384628 Votiqanu 70
605301715 Wih 70
605816501 Dizulaci 69
967824350 Miconaxa 69
571789374 Vefuj 69
136276617 Zahecuv 69
68895312 Cexet 68
328565563 Rane 68
919904750 Bexeva 67
383225962 Fejatazu 67
773581425 Fetivu 67
294528555 Nij 67
672095453 Fezoy 66
91952075 Foruw 66
150888600 Pupaqida 66
9845130 Weguraq 66
308789063 Zovem 66
816902781 Gewib 65
365263210 Hihoho 65
836327915 Pusiqore 65
631465577 Wezijoxu 65
922331678 Xejol 65
630082769 Dojig 64
466837986 Fubagey 64
248294532 Hal 64
931692124 Jon 63
554302022 Lisij 63
549217600 Muh 63
244110673 Mujuw 63
621926982 Vesazu 63
833650622 Vomola 63
616613246 Wacuz 63
857324255 Xobago 63
805109148 Bex 62
202196380 Bexiji 62
672316863 Ropojuh 62
539802715 Gurolow 61
20728700 Xewop 61
357775342 Jozumera 60
466692753 Ret 60
734066856 Tocame 60
305678404 Xuy 60
469611581 Zeyir 60
306909388 Hulejuge 59
829908823 Givix 58
839019440 Humemagi 58
787052449 Nupuz 58
886162266 Qabijo 58
462727841 Dodan 57
821542972 Fatu 57
246028287 Hesexa 57
95566542 Rerah 57
115092256 Sejuq 57
483683734 Viqazo 57
494462328 Zilaxe 57
54159968 Bexaxeka 56
677298604 Wixal 56
634938445 Moluyoxi 55
735703027 Peg 55
197381266 Maw 54
96874639 Xoyofar 54
80421443 Gelo 53
394627631 Kaxi 53
590733193 Pod 53
158220716 Yiqogevi 53
214825758 Cobaseho 52
860306235 Wavipo 52
445451113 Mojusis 51
406418591 Nuleqow 51
203638338 Fiwu 50
56561726 Horoteye 49
623500128 Kazoq 49
376144843 Kowa 49
43321043 Qero 49
331158627 Zesemo 49
185164218 Piwu 48
131946065 Sisad 48
798822202 Wabemey 48
264625221 Yagobaj 48
116780579 Hidupiwi 47
159828021 Jegaz 47
525682087 Nilajuz 47
754838108 Polu 47
863207511 Qace 47
327297672 Wucocaqe 47
143961108 Kufuneco 46
503210425 Mobikix 46
287891431 Seyacaw 46
560831545 Sojahi 46
205490616 Tik 46
687930838 Muqebo 45
28474079 Xocabebe 45
346973983 Jemo 44
231500553 Por 44
363619232 Xifa 44
672422516 Famewa 43
917218566 Gefim 43
348138525 Duwo 42
639074184 Kaku 42
260821852 Rekanalu 42
762778248 Yusab 42
595576657 Bifife 41
673962232 Boyaci 41
94242565 Dewegok 41
217969562 Fizicif 41
518107302 Giso 41
51283490 Velesopa 41
209661851 Wibaje 41
136632370 Didovi 40
580318860 Min 40
248506310 Ruhutal 40
555150972 Vakewe 40
477156502 Juvo 39
263077650 Lalo 39
577216956 Nateb 39
889613289 Sup 39
619671342 Xobovovo 39
824257027 Feyade 38
308094798 Liw 37
773162982 Buxohod 36
87010730 Fihexe 36
616572151 Kaje 36
2770999 Muy 36
313944454 Qaxoxegu 36
833470837 Yoh 35
456858496 Muvil 34
548345594 Ziva 34
425052969 Jom 33
133501569 Xoxuvi 33
496518616 Kiwo 32
152771295 Wanen 31
119111663 Zogafo 31
396257483 Zabicowu 30
824238485 Zuro 30
967277148 Paxolo 29
651562070 Riqew 29
742342978 Wufoci 29
827825990 Yuriwad 28
23880915 Kuk 27
254991291 Xiwanumu 27
729206023 Zuxa 27
486492809 Qopataf 26
355134502 Fejivawo 25
903494604 Nonumoqi 25
651363927 Zip 25
971968489 Dativoq 24
959935879 Lutipi 24
659882969 Nililo 24
13663685 Rubi 24
257848467 Tejetimi 24
466363389 Wamo 24
680075194 Cubezib 23
975392133 Gavocuc 23
747263953 Duhus 22
689146099 Jav 22
501370686 Nipak 22
285272502 Vala 22
33943643 Bewuxez 20
189440852 Feyav 20
44011669 Yomexo 20
971400623 Seqij 19
285488563 Bob 18
464107398 Neti 18
284888634 Pizuv 18
600456552 Qiv 18
782696665 Sijez 18
869886459 Fabifodu 17
210246561 Qadeqa 17
811493312 Quciqoqo 17
373628656 Nakado 16
963522000 Qacifij 16
991953164 Zetad 16
421195997 Hunoyi 15
841109373 Juj 15
649419577 Xubuv 15
273173214 Coq 14
228048824 Jocu 14
311448725 Kirogoxa 14
77352163 Vad 14
343709591 Vapeq 14
861662348 Xewe 14
56454824 Xil 14
736471816 Fehinuq 13
781103315 Gukay 13
241325949 Jofib 13
53494498 Ceq 12
706431171 Manugefo 12
805189957 Ratulizo 12
663650609 Rotuso 12
129277628 Xeqamuh 12
517534764 Zojekob 12
283294189 Cikusuv 11
760120957 Fote 11
988488156 Bazozew 10
800287184 Cunu 10
899858162 Nukuduji 10
133254284 Garige 9
573199755 Xaro 9
520175273 Zadi 9
464036336 Cape 8
225401111 Cusuc 8
106196807 Bicor 7
171262501 Fabut 7
826560408 Rafukisa 7
282905004 Rehehugi 7
97368418 Risara 7
996137006 Faboyapi 6
475084321 Fadoxaz 6
866230669 Guzolu 6
152946354 Cob 5
957318076 Qodax 5
888757112 Wonunu 5
69956067 Dipadav 4
891375214 Fefifepu 4
116209068 Tenas 4
862097383 Vebi 4
264736090 Xozaxih 4
667999237 Dat 3
554448320 Duhixi 3
842832775 Yosukuto 3
144363446 Buyuku 2
437136712 Jokafowe 2
633635131 Qobi 2
513733430 Fawagawa 1
865583805 Gewozu 1
862197216 Poreqaca 1
822641766 Cihoroqo 0
490905533 Guli 0
