127388721 Desab 100
979857190 Qifo 100
240236120 Qiyo 100
488223045 Vevosulo 100
583484338 Ciri 99
650760974 Feqah 99
130353146 Jugoqa 99
461467414 Leba 99
348759333 Mofuru 99
779246115 Non 99
902173637 Tera 99
149159692 Vet 99
139223668 Kopeha 98
609053804 Resozis 98
970851611 Wisaweg 98
244656879 Naratode 97
744543261 Necufaw 97
765687992 Pirinedi 97
46044124 Bemata 96
945952428 Kucoveh 96
82548829 Rucuhod 96
617290906 Tifilo 96
552193409 Yer 96
652039289 Mizako 95
116874017 Zesoqu 95
82031478 Jamag 94
739281891 Jobapa 94
505477125 Koyinuli 94
991213106 Qepe 94
251068953 Ravob 94
877059878 Tiv 94
830257452 Vobewe 94
92588426 Xehuk 94
747448045 Cubavav 93
346767977 Domogogi 93
759097211 Huq 93
915658836 Xutiwa 93
272451498 Cisoyusu 92
281963028 Cobowas 92
164741231 Gogekez 92
565423402 Luqufona 92
156058922 Yeb 92
76522003 Yijuzox 92
434584231 Gez 91
432577668 Guwuw 91
502639493 Huzaq 91
744628115 Pilizuq 91
897589977 Wuvadi 91
963966110 Xikowaxi 91
711255058 Cir 90
895553348 Dis 90
168639620 Pizolige 90
220368102 Qun 90
674276945 Vajaro 90
451125773 Wol 90
110503065 Zib 90
464515569 Bag 88
104058588 Bozafe 88
327618284 Kequbon 88
428791511 Hoqevavu 87
366214110 Yoko 87
921834802 Fodukid 86
830943511 Fuwi 86
175565937 Tele 86
448133835 Xaxice 86
71599395 Difomu 85
956463378 Fupoyeli 85
78179831 Qutev 85
41114538 Vowiy 85
354954052 Bemaq 84
191223452 Lis 84
616696825 Vali 84
54713490 Zivuxatu 84
303479542 Hubag 83
998193767 Jorecisa 83
990980217 Xorup 83
731984930 Cabejimo 82
241953115 Gamoyo 82
591751332 Layam 82
953011918 Nuliv 82
499212358 Ric 82
255205059 Voqajaz 82
534724454 Gite 81
159240675 Noz 81
907045851 Rucu 81
636019753 Yowegoda 81
729108692 Kukepa 80
3504003 Vore 80
512365508 Xuzuyasu 80
710654373 Lozuv 79
618432021 Wex 79
230210186 Hociwuc 78
179384955 Lacibu 78
788090544 Lana 77
39407363 Togix 77
336410909 Vumip 77
631807785 Xebera 77
986006425 Cinuge 76
896130128 Seniku 76
474387604 Juye 75
395301778 Vahoq 75
781516631 Hefo 74
424114990 Rat 74
606751316 Vulilej 74
824166441 Livu 73
130117965 Zorihaha 73
578814791 Poh 72
229781161 Suyibe 72
539654069 Welaqoj 72
576764395 Jupobaqu 71
677325167 Siq 71
696086155 Xiw 71
595919788 Sacagoni 70
113768668 Petevex 69
829319530 Vime 69
825285819 Zimiraxi 69
475448305 Fizatubi 68
410999552 Foroj 67
474690904 Vozero 67
998830679 Kaxi 66
277828567 Podetig 66
47645680 Qakiwov 66
149094905 Vepeje 66
26424083 Vireniq 66
573943928 Bamowoxo 65
365665191 Bojuy 65
515974214 Bopobuco 65
472508032 Boto 65
813130880 Fij 65
626675337 Peqo 65
177314981 Tazujigo 65
645671312 Yejiq 65
509586243 Ziqup 65
520830122 Hatabit 64
322455700 Vorucew 64
772593712 Yuqom 64
296858188 Huko 63
755968469 Kiqafo 63
865843152 Qipa 63
951860198 Suge 63
322655940 Conipuh 61
748473297 Gukicecu 61
388658821 Qeca 61
440086719 Dit 60
930995988 Xolifih 60
576051286 Cace 59
412907905 Lola 59
968828978 Ser 59
543726447 Tijitep 59
271108006 Xowa 59
39202590 Kon 58
669030014 Rik 58
445807964 Zov 58
385081339 Bafeq 57
290638763 Diqok 57
701416718 God 57
833214684 Rasunep 57
323630424 Fewizube 56
997788331 Tenoq 56
463024737 Wihudo 56
296643673 Sahixi 55
408322025 Yikivane 55
150933946 Juvel 54
971062244 Poconoj 54
660005767 Qacok 54
4129673 Topex 54
560994957 Xumomawi 54
749370375 Suduso 53
914588621 Duhegofa 52
229077347 Vipu 52
437747173 Peyitugo 51
876609480 Hen 50
979256222 Ziq 50
304332269 Juyof 49
54471937 Lekinu 49
499449700 Kal 48
234000355 Nef 48
946331908 Wubamevu 48
556092255 Huw 47
602176873 Resuhuro 47
518763290 Sogaz 47
349903878 Hoy 46
642842253 Junapuk 46
410608173 Nuxoxo 46
225283384 Vuketog 46
9407406 Zutipapa 46
261466961 Mudot 45
305307247 Wotupez 45
441013008 Decud 44
748067003 Fiso 44
865585230 Jajucik 44
618936229 Jar 44
906951666 Zuv 44
1404632 Wuwagewu 43
186311646 Hosih 42
27317419 Kezahik 42
389815295 Ropuw 42
804989027 Jibore 41
730977919 Pipi 41
124667067 Raje 41
674535978 Yupiq 41
610929627 Noyiya 40
437387465 Vab 40
931373468 Repiqe 39
353256089 Vacezehe 39
932616110 Vodoheh 39
191951256 Feboziy 38
21570906 Homoviv 38
959856379 Juqecibu 38
809599172 Kuqaqi 38
997161193 Lopamar 38
377626313 Wudinir 38
538618534 Baz 37
242688843 Cey 37
709406719 Xub 37
644830099 Ditabadu 36
830971228 Jefoniru 36
723461267 Kof 36
248503303 Sopo 36
596687473 Tuxaki 36
44064259 Wimuhuro 36
882637472 Mala 35
90813898 Mihof 35
848086170 Wacojuwe 35
296248515 Wese 35
31870795 Duhi 34
556689989 Huxig 34
779231535 Kequroh 34
899055189 Nerizoz 34
403398674 Roj 34
891418376 Tulogi 34
819839107 Waqeya 34
698170754 Bawa 33
451992677 Jimahuqe 33
370408989 Siku 33
230829773 Vucilo 33
591349938 Comahiqe 32
275428876 Legi 32
204031887 Pidu 32
789048609 Wuhexu 32
726819577 Danuloyi 31
215176636 Keqove 31
310452430 Nobon 31
986628436 Wozonuju 31
212766012 Cuguruce 30
999769527 Ficonibe 30
996151755 Hege 30
742055653 Jajoqi 30
799589061 Giqazoyo 28
449340813 Sovonemi 28
547353553 Behek 27
986265697 Loz 27
132548930 Reqi 27
151326963 Yop 27
320966084 Lari 26
546872608 Sasi 26
813578905 Secixijo 26
625397004 Bebuxo 25
584322917 Puloleco 25
706702875 Xixaxefu 25
583676142 Yuyilo 25
28449294 Rixu 24
339772904 Vil 24
514667988 Yojubis 24
230757370 Baq 22
683799494 Begeba 22
278039806 Mayowit 22
8841713 San 22
567633302 Sozadax 22
166992662 Jelesi 21
760393858 Lewi 21
26381619 Tuyaqij 21
15716287 Lawi 20
227988760 Piva 20
834533154 Terud 20
38880413 Biqeb 19
419733722 Doseli 19
909814857 Giwema 19
584456959 Lileqenu 19
246044226 Luwozaz 19
309461680 Cepezox 18
753042648 Hijugi 18
232677107 Mefacix 18
752074818 Sec 18
472193379 Fafinax 17
87893467 Layipu 17
427209919 Siyidema 17
472769114 Suwud 17
363182761 Gixor 16
213069789 Kaci 16
44370956 Jeraju 15
328802135 Zaroc 15
815888149 Rozuk 14
921000570 Bob 13
572282844 Buxe 13
172000573 Losado 12
445792884 Hatafaj 11
452908161 Mujasan 11
124264345 Puhofa 11
512565683 Vecumi 11
261774777 Pabaqeso 10
795879420 Ruqedev 10
620957312 Xajilox 10
515950552 Finikupe 9
595086333 Qor 9
40193153 Duza 8
862047958 Gosujili 8
786405824 Hal 8
154040075 Jayoyom 8
885586378 Kufodex 8
496754350 Roca 8
787987662 Gupa 7
130239609 Kexiq 7
586624427 Mife 7
475874952 Pix 6
91435260 Rufuwad 6
173263695 Pavuqa 5
158168890 Rozuwe 5
773168136 Vamawovu 5
340020812 Befo 4
814915804 Jojiwi 4
64400640 Lup 4
46309526 Rexinasi 4
167967633 Necut 2
2398639 Sesivega 2
830161329 Bisawu 1
588226050 Calik 1
486413431 Napo 1
902228658 Nuj 1
196686666 Wiviv 1
300560740 Koleruh 0
498933088 Nuzic 0
990788736 Vima 0
899592913 Zet 0
