854532118 Devex 100
159512067 Gomobud 100
976752368 Hamog 100
250113677 Liyidob 100
610136087 Mexogis 100
392400947 Nehajofe 100
411641156 Vif 100
796017657 Ciwesi 99
777194894 Yatopab 99
496132590 Baso 98
223484047 Guqajok 98
263083702 Jevo 98
254740784 Kah 98
21948774 Layezod 97
633880526 Puhed 97
143253684 Rufetuj 97
696584257 Ziwi 97
10147133 Caw 96
950251939 Cohuh 96
979750893 Lejo 96
482425343 Makeb 96
231655912 Sigoworu 96
366734554 Sud 96
989939738 Wej 96
880557533 Xamigale 96
686794539 Zefa 96
853511839 Zoh 96
79100704 Vogur 95
187237578 Bulu 94
662194072 Humir 94
455557513 Mipepera 94
451408062 Xomazi 94
848440580 Coma 93
973725577 Fakeh 93
79342005 Nicum 93
945785658 Xiqenuhi 93
110405135 Cuved 92
84449862 Midurazo 92
316114056 Boneso 91
500285711 Hegi 91
229040802 Luzileto 91
784185979 Nobomit 91
509086660 Powe 91
317523975 Qaz 91
863613693 Tadere 91
383961051 Widi 91
55232769 Cuwu 90
567659547 Gif 90
515637177 Goqibiyu 90
148908809 Hulibano 90
52610144 Rij 90
563049587 Sol 90
272885441 Tad 90
223808342 Xuxegazo 90
634220261 Dafebazu 89
108277135 Joqomeya 89
815009351 Viyutij 89
45478461 Fafome 88
562465009 Kahoy 88
174084781 Muvimi 88
408988421 Xasas 88
515129361 Xid 88
740697592 Baru 87
703710288 Fogif 87
625584671 Jiduqes 87
202632388 Kuye 87
859503118 Mudaqu 87
754374252 Ruyafa 87
11046831 Cidasa 86
11817128 Giluz 86
389089963 Mosalat 86
574907370 Pisusuje 86
16422898 Xiculid 86
6594219 Bojufu 85
616453034 Qiyukot 85
350242187 Bejezica 84
696126262 Habapufe 84
261045471 Kom 84
499676285 Moko 84
305914670 Fud 83
734245673 Loqinew 83
909778069 Sod 83
683914182 Xavate 83
32100488 Hihuw 82
752944789 Poguqur 82
730045821 Saxu 82
165980799 Hecete 81
529209203 Henofa 81
255758250 Muqaquda 81
983098849 Doqe 80
522163317 Lila 80
256105855 Nohusu 80
22116304 Xetutaxu 80
270639394 Yavavu 80
105669372 Gubaf 79
92024952 Niwivi 79
907019701 Pikeluza 79
877882158 Cige 78
213858936 Fokixuc 78
333842747 Pof 78
435566036 Toliyumo 78
11742236 Cevugen 77
475597105 Coyan 77
958257082 Hidi 77
784805176 Pelekox 77
431170791 Xezuyoxe 77
676724355 Yovebup 77
558062228 Hav 76
368649552 Mukuh 76
500908503 Nemi 76
694749024 Nidi 76
671353694 Socatuxu 76
424115142 Vezug 76
491619875 Cuwogace 75
429295343 Kibo 75
272746021 Pericu 75
36635610 Xino 75
179168483 Copuk 74
411300091 Gaxu 74
693410667 Lewewi 74
617410018 Sekosumu 74
903125170 Siqemera 74
196987024 Vezutu 74
625130659 Voh 74
947766766 Wolecar 74
198129964 Gutodiq 73
521429173 Jova 73
231471284 Lorasiz 73
829153954 Nom 73
132584233 Yavoxeq 73
828665818 Zoveki 72
959904736 Ges 71
277319439 Ligaq 71
56441061 Mef 71
781557568 Moda 71
730716216 Padivoj 71
668142010 Yawub 71
815066973 Coxupu 70
946651500 Famoqa 70
724818751 Lul 70
126874292 Nacel 70
307531941 Sanij 70
133076230 Taloxip 70
944871934 Vagedem 70
262953717 Fawepexa 69
319772926 Poqagu 69
612853687 Quyom 69
829868133 Teyapiw 69
80088812 Japog 68
737881101 Lawemapo 68
636892164 Tuh 68
863586502 Xoqig 68
15885499 Lodama 67
916187615 Qezuku 67
661916128 Soriv 67
844915331 Bep 66
969482467 Fopivub 66
309485637 Gulidis 66
845179228 Nop 66
720630731 Poha 66
361261911 Bakuq 65
887908448 Gifi 65
322279437 Temo 65
753766649 Zefeviz 64
693782793 Dexekemu 63
192826081 Juzosuza 63
342773439 Lexicuro 63
654370961 Nutiti 63
744081674 Yugacoj 63
146154408 Hutubo 62
651900427 Mapefe 62
403195416 Mezu 62
132776398 Qepivu 62
36802782 Qijoj 62
847646775 Xajerec 62
11589621 Fapoladi 61
3273494 Mahem 61
422025469 Nejogomu 61
841108104 Bex 60
970454494 Donaj 60
26708096 Mov 60
845573795 Puzigena 60
391913649 Senag 60
701624185 Baner 59
806527302 Lowumir 59
472843553 Naxunec 59
670697781 Sey 59
820326156 Vubulo 59
295526673 Yeyudik 59
968773839 Jifaxune 58
562878647 Mave 58
38590489 Careyiba 57
88480838 Fokar 57
552748389 Henif 57
465516515 Toba 56
488470098 Yise 56
377187927 Kebeba 55
675013909 Lecuxo 55
303594374 Motokuk 55
587732969 Pasiqume 55
725702178 Yay 55
575944243 Zepo 55
914933337 Norere 54
413545562 Rajiz 54
792449300 Yaheyat 54
141004156 Qutowag 53
517471754 Vidi 53
133692809 Waxu 53
333500416 Bomapiqu 52
925809784 Kidemumu 52
44404354 Noqowi 52
940073985 Vugoz 52
465467291 Weg 52
843325812 Sixusug 51
671128242 Yawumudi 51
374355884 Zucepuf 51
840908274 Bitegune 50
770447177 Mijucefo 50
484481937 Wixekih 50
691488240 Cebu 49
503468387 Difaf 49
443750184 Maqopo 49
721291839 Hahihe 48
464666370 Joxoweyo 48
313473021 Lamemi 48
259220183 Nah 48
817139609 Vag 48
502310605 Wihenu 48
206824110 Yejuy 48
530385088 Gusasili 47
27469454 Cuq 46
913315894 Fobu 46
616217434 Weqeci 46
583701516 Xag 46
414532916 Yokeye 46
457059557 Hidov 45
293902022 Hih 45
565737358 Povofi 45
149321698 Pesuru 44
296879673 Yiwupu 44
130213256 Zuyiroq 44
442821500 Detixete 43
954844672 Jemup 43
512167206 Vajeti 43
944806882 Vuqigo 43
814879924 Wexex 43
367714875 Yulecow 43
773023632 Feyocito 42
694727379 Gafut 42
813177473 Givovelo 42
357366735 Jozaw 42
467414010 Sakohuce 42
868344272 Kepi 41
346253593 Nafubek 41
576649825 Rovuta 41
122455081 Waf 41
716489635 Yol 41
556204152 Jihed 40
378195136 Wow 40
208529984 Yepahi 40
677894685 Fifex 39
923206298 Hah 39
257779678 Hahule 39
296621252 Jibo 39
339560996 Mubob 39
796397657 Viv 39
558575661 Fidi 38
920508623 Lirok 38
85329030 Lulaq 38
692061977 Ruhob 38
901318159 Vaput 38
164972184 Xiyuy 38
173126542 Corekozo 37
755876459 Hamoj 37
118532326 Miwacem 37
851123841 Qeyote 37
183414839 Vom 37
936561062 Bomofex 36
384484829 Lequsoq 36
562651988 Zisu 36
684623317 Cewi 35
841155155 Fewolin 35
302114071 Xigob 35
39461498 Deqivad 34
900628061 Pejap 34
722383693 Tutihi 34
339768893 Vuqi 34
340966654 Puca 33
308168728 Saqev 33
30058019 Viv 33
734595240 Vofatep 33
909575047 Watepopi 33
306590175 Yuni 33
120976348 Jok 32
394856199 Nofeguhu 32
16486662 Tevutot 32
567868989 Yudob 32
680229426 Gipil 31
101890259 Hagizi 31
583642797 Mitu 31
641183844 Takalifi 31
931808782 Xitenuje 31
383329290 Bozosi 30
870341465 Hukora 30
787427676 Kuris 30
250029017 Yafag 30
714926424 Zexofahu 30
259721614 Ciheraqa 29
504026922 Hotodadi 29
749223247 Nozepawo 29
374110645 Qayuces 29
831127290 Tudo 29
958578207 Vevil 29
29230825 Cekas 28
730460953 Cujime 28
707014674 Gix 28
519725269 Guxu 28
654710133 Hewu 28
120567801 Moje 28
544569838 Posurax 28
921877708 Yalekuja 28
786809879 Foroh 27
576560165 Bonovuq 26
733579145 Jigojo 26
49150385 Kudaw 26
128265864 Kuzoyad 26
598992271 Quq 26
469692787 Bezo 25
350326832 Dinuwoh 25
470654286 Mogom 25
280499880 Sokep 25
666407083 Teruxegu 25
808726339 Tex 25
311490570 Tukap 25
683912089 Vixod 25
518090344 Wozezoyo 25
632664772 Poqecaz 24
606847064 Vob 24
344141535 Her 23
710012330 Tod 23
294273507 Budohuta 22
931799157 Fun 22
864557805 Remoyi 22
732836685 Reze 22
767894901 Tugivih 22
777155441 Yid 22
696619834 Yuc 22
384317456 Mos 21
822468750 Pucijo 21
487483348 Rakoqu 21
529570453 Gaked 20
781391524 Lire 20
271540071 Beh 19
813061856 Kofazeh 19
920429186 May 19
197638171 Qav 19
521313506 Rose 19
687083214 Deqeli 18
808885478 Desos 18
213075428 Jafixoto 17
207043536 Jutopip 17
396409846 Qowoyu 17
787460155 Duhi 16
433813881 Qirejup 16
803385785 Qojagesa 16
207024234 Sawigaxa 16
14682472 Wod 16
399649137 Yunewi 15
995188063 Zoqopoli 15
577186405 Zuro 15
969933790 Cubuso 14
240213937 Nuyog 14
41125673 Yanexo 14
956968922 Micoba 13
893514287 Pur 13
782596220 Wag 13
801339386 Xilesiqi 13
588057388 Nur 12
263971093 Vanolud 12
950443593 Gafopip 11
655191268 Viv 11
21963528 Lak 10
487413003 Qok 10
933503674 Yonequvo 10
832487854 Domever 9
410882612 Howorimi 9
871342897 Raduq 9
720613549 Gokocax 8
336157374 Guyodi 8
230412090 Popi 8
809540694 Qac 8
318055631 Qozuf 8
18441346 Wakumiju 8
444836057 Leli 7
166131675 Nokudodi 7
582310701 Reritoyu 7
708512470 Taru 7
634046036 Veyefok 7
496127935 Yufucu 7
172541085 Bimeruj 6
511013282 Cudupu 6
968231889 Dupixuqe 6
702424989 Fozavax 6
250398351 Wubofeq 6
904580732 Zog 6
778320771 Dapi 5
496777672 Fet 5
139963321 Xeqos 5
262625320 Zevav 5
289294376 Gidolur 4
934081149 Xeqado 4
311357687 Bogeno 3
499753922 Jiha 3
546831602 Lad 3
191809136 Qojizeb 3
688272973 Sizici 2
642495391 Mosiyada 0
384395608 Poji 0
135512591 Quye 0
844526282 Yasayut 0
750260153 Zuyir 0
