606125078 Biya 100
166316697 Conowa 100
592688982 Newegipi 100
651309311 Saker 100
506184634 Samatiyu 100
240022110 Doz 99
201745101 Fusejor 99
555705987 Gaf 99
975005418 Julu 99
474372609 Pulo 99
524628937 Qofiriso 99
484256002 Wenikuri 99
932198534 Zifomah 99
835653951 Bopana 98
456305653 Dulaloza 98
786118140 Jixuhafi 98
311421834 Sik 98
338117632 Wimoyeko 98
393934400 Xile 98
256210655 Gonoro 97
431632386 Hijoqezi 97
102997296 Qeba 97
272237180 Tukoc 97
49209248 Bawosaqe 96
288859524 Ciqeb 96
796038169 Loqiyo 96
866729672 Miqozif 96
648986637 Tuj 96
643292568 Velarada 96
42237942 Ducati 95
93329170 Huhiq 95
685678962 Kigape 95
27150242 Buhapudo 94
191830710 Hil 94
307536265 Jediba 94
894882177 Texaq 94
819904261 Xeha 94
8083151 Bexoya 93
166122504 Hasis 93
955487132 Qanaj 93
69123480 Wud 93
352837999 Yetoq 93
210220912 Cubiyo 92
916561 Xijeg 92
794401042 Yin 92
740670044 Zef 92
304771665 Buvede 91
66856851 Howawo 91
887904683 Laqah 91
942403850 Nuruve 91
99139730 Potifi 91
844912434 Tuqij 91
606220503 Gigoh 90
560544520 Juc 90
586465370 Kox 90
104559353 Likit 90
409108841 Pakemu 90
446560439 Woyur 90
940878241 Xabegam 90
824428981 Xizih 90
11407101 Yeneracu 90
620471704 Jeha 89
589391104 Kehifuno 89
259202564 Notesimi 89
951288285 Teqeje 89
208169472 Zihoted 89
520105505 Xazine 88
416836686 Xirawewo 88
870362131 Xop 88
498838681 Yoxara 88
344207572 Lozoqe 87
525349432 Regopor 87
72912581 Weyemi 87
655643126 Daxaw 86
734602773 Jiy 86
123849319 Copolod 85
557298783 Matufiqu 85
184091280 Puten 85
33180207 Quvim 85
103873803 Waxa 84
749531927 Xuzay 84
258288003 Wegex 83
567358110 Xuhiza 83
904584852 Xuyi 83
833776324 Yurasosi 83
359692229 Sumef 82
960876498 Dogiya 81
510245891 Midawigi 81
497781634 Rada 81
514988346 Tuf 81
857264649 Xejazam 81
139634641 Nijip 80
866794381 Tix 80
400656936 Betuwap 79
562408742 Kayek 79
108039383 Lutuke 79
128272380 Wavabemo 79
686285708 Yuzi 79
588664120 Begoso 78
505040891 Mulihis 78
782293557 Nehexik 78
450503798 Xekikuto 78
150009378 Hudigine 77
666149169 Poxuzu 77
89583104 Qiw 77
996021300 Zowixuk 77
360648959 Deze 76
121101982 Jebu 76
367791268 Jiwak 76
582314240 Koz 76
773475382 Qun 76
764506027 Jifosa 75
50027861 Nadiw 75
689788768 Vesi 75
798963734 Huc 74
954299273 Kirabe 74
948250135 Mab 74
787505087 Tasi 74
413976259 Vosij 74
670942946 Wacig 73
677172583 Yirahid 73
109706608 Binera 72
596975686 Gasuki 72
118812212 Japo 72
198606261 Lalojuxu 72
532730221 Jatas 71
248219227 Jikucuh 71
974290942 Molidu 71
512326407 Bisut 70
936748019 Bomane 70
834057793 Hemuf 70
969923607 Ruhaxavi 70
214885943 Lemasa 69
531264769 Pux 69
974750459 Tenemure 69
590232381 Vigi 69
794813945 Yokax 69
581872185 Qujoy 68
475256703 Vasavi 68
835192290 Xuyubebo 68
276281317 Dofeke 67
6078561 Focepax 67
925643208 Jokuv 67
415618256 Kaz 67
284776862 Lumefof 67
343227127 Viqalohu 67
158157326 Yoseyi 67
358825730 Nab 66
681597277 Padiquga 66
485674693 Qibugipa 66
890235361 Wuvib 66
820624246 Xibip 66
318557090 Gaza 65
695926408 Gimopuqo 65
961570722 Kutoyuha 65
720462573 Xutozo 65
254175129 Jadovun 64
558762171 Kiteg 64
443648905 Sizolo 64
185695559 Zamiq 64
24039374 Zayugusu 64
57387797 Hamem 63
876094551 Huhenew 63
646806198 Moc 63
169917416 Simeqi 63
70131466 Bidugije 62
236115471 Hec 62
842257971 Yegima 62
458172560 Fehehuve 61
736143436 Fojozep 61
567949617 Jahogi 61
964218820 Joziyuma 61
370863358 Juzuxe 61
701883751 Nofahew 61
199919926 Vod 61
425576654 Wisol 61
506688261 Yakewoj 61
301710722 Jafanebo 60
435250670 Set 60
685037330 Kemob 59
848952640 Quhora 59
182841699 Wacuxuda 59
699790992 Zegowuta 59
469762559 Getov 58
989885758 Mar 58
778882558 Qifaleqi 58
328793691 Sucuqabo 58
428825450 Vayigoq 58
202985503 Vere 58
933389124 Yan 58
884608204 Bicaleg 57
389173375 Gamirezo 57
699437827 Humoqu 57
987322530 Jifaxi 57
21678951 Katukot 57
844265192 Gul 56
443040060 Qagu 56
404951974 Vakuzafi 56
130519601 Xaje 56
528599050 Gayidit 55
218909175 Mid 55
193584435 Qokeba 55
832458583 Vahiva 55
103428999 Vaneta 55
792994955 Vepeka 55
831493428 Yeqe 55
606892273 Cedopow 54
499895497 Kisitiw 54
778461146 Siyula 54
935164416 Zebev 54
867908569 Qoyuv 53
329021496 Teha 53
292689599 Xofe 53
796561269 Nuk 52
299534704 Qiq 52
301900007 Rel 52
433921349 Vobu 52
520119017 Wey 52
757137089 Zuni 52
142071241 Habikuro 51
967928526 Lilonozu 51
258961676 Qufohax 51
36243714 Xokavo 51
973464856 Xufa 51
236914821 Zele 51
368427998 Zul 51
307322985 Gepifa 50
667897032 Gozudey 50
703894187 Taku 50
869287513 Vagavi 50
887604320 Duvoke 49
423073544 Geyaha 49
235723504 Labarur 49
325544574 Lucikaxe 49
45890587 Neyiyom 49
823942271 Zace 49
401431815 Buxi 48
740515170 Guyoy 48
260227127 Kaku 48
961261513 Muha 48
651417829 Nofanuxe 48
994544863 Qegomaz 48
988250766 Kodo 47
762376529 Teg 47
628303036 Kehepuje 46
351875107 Kiqak 46
664724685 Sun 46
632733681 Vac 46
902776063 Wiz 46
937913453 Wipuw 45
379985750 Xaz 45
51987451 Fujob 44
994065870 Miqikonu 44
128836110 Mohazu 44
562577578 Yopopoj 44
265286544 Negakaw 43
420722798 Sikigu 43
336006709 Biq 42
171669685 Biw 42
970211932 Dur 42
291679461 Likisiv 42
221943834 Jeyo 41
269551305 Xetuj 41
3606045 Zemi 41
6383099 Zez 41
146692960 Nohe 40
309095123 Xewewa 40
769187772 Yogi 40
487454187 Zowo 40
705541870 Dupov 39
532571264 Radez 39
690897321 Raqoqed 39
188894709 Wuguro 39
594730614 Xoqi 39
743311871 Herok 38
719310504 Legexeh 38
433070666 Sab 38
294405495 Wot 38
133251560 Gaye 37
333731267 Wakeraku 37
372120446 Xareto 37
306408875 Foqom 36
71913133 Kuyuco 36
730537576 Nifowod 36
371683288 Nojafako 36
351890249 Wilina 36
385711491 Zuxup 36
886759928 Quharef 35
691774859 Ret 35
322878128 Vopo 35
530518611 Vud 35
83400448 Cad 34
290339936 Fecewex 34
433250145 Jaze 34
683897767 Lujuga 34
484612918 Beyenone 32
644780121 Qevabibe 32
784150566 Viwiweme 32
537711140 Xahajun 32
677858618 Betej 31
48905688 Gemo 31
989705857 Jihe 31
869843249 Qototew 31
992079465 Hec 30
250734335 Rixix 30
243113336 Sequbo 30
174375991 Tele 30
909290664 Yalamod 30
898078803 Yoci 30
849582223 Fuhit 29
73664980 Notubuco 29
263035220 Vel 29
512189469 Yidomefo 29
16677130 Duxozex 28
72455049 Xari 28
374056948 Xobojifo 28
75461333 Boguledi 27
260736854 Fomev 27
876650289 Soyewes 27
257762973 Yemihib 27
69191633 Bequzici 26
638766798 Loq 26
464145722 Mamez 26
765923063 Qaget 26
684268662 Suyeq 26
521065043 Tat 26
480757382 Wesix 26
793047701 Geb 25
449951388 Hed 25
732697098 Xodu 25
832252503 Butakupu 24
360259146 Desamo 24
831666965 Divepa 24
34750747 Doligok 24
545318906 Koyemu 24
673988385 Nigoq 24
134646441 Vaqaz 24
746774903 Dozi 23
305492340 Fewenesu 23
153922248 Hufix 23
169991648 Hupub 23
228672286 Labe 23
602401561 Bequjeha 22
82692045 Haceki 22
157097080 Nafoloy 22
939250535 Royam 22
267955240 Supa 22
486901186 Xipohos 22
828661816 Yadix 22
357461435 Yah 22
330238891 Fumohow 21
804645362 Guw 21
359238191 Mapareve 21
102053397 Qaro 21
654816691 Qemih 21
806183320 Tucali 21
964169057 Cigi 20
952122030 Cisibu 20
856822731 Gahuzite 20
850119914 Guzudaqo 20
369475616 Pihaco 20
572773439 Poj 20
191519314 Liyikur 19
278791542 Pabaqiz 19
654606637 Wosa 19
491688785 Ceruq 18
846604949 Gixo 18
730910949 Katirul 18
783577386 May 18
121924928 Poril 18
337812260 Sicav 18
765130629 Wesolez 18
872102358 Zotag 18
861373307 Daqeg 17
63612497 Hami 17
396372322 Lekobaw 17
112684912 Mac 17
658816474 Nuv 17
542652531 Renur 17
427652730 Sugupuna 17
168798263 Xehelic 17
544941064 Gaqi 16
546412873 Jupuho 16
129220817 Lef 16
775110853 Pajar 16
943479422 Pavosufi 16
418554341 Pix 16
239009810 Rohej 16
255381150 Tabol 16
156730298 Werepij 16
776945867 Yeloku 16
746175541 Qozasev 15
652142943 Recu 15
520393874 Juhopobo 14
731773727 Muxeya 14
517533050 Pawohe 14
752641719 Posetoqi 14
63499015 Xafoya 14
920731207 Yafulo 14
735147331 Fejeho 13
299824831 Laluvili 13
469002326 Lugihu 13
660966895 Qabaj 13
186854158 Royuta 13
615157310 Watuhicu 13
340120746 Feje 12
774304934 Roxola 12
106598953 Saluye 12
450876591 Togolege 12
168380640 Bifos 11
189878289 Hawuqo 11
413483545 Najun 11
316798251 Pibac 11
338425317 Qewusona 11
20719440 Ribu 11
810079271 Solezo 11
510456000 Vanamap 11
668724908 Vocu 11
373123424 Zuk 11
83709912 Haleme 10
704514967 Vifuh 10
337230094 Wapipofu 10
478476987 Juvifim 9
519413260 Nifo 9
485627117 Bebiv 8
288595327 Yuwudif 8
853047473 Zehiy 8
467978224 Kin 7
678226096 Zow 7
27048062 Mupe 6
144932114 Sewe 6
66025083 Yiv 6
768905473 Cip 5
469713671 Hivoqa 5
477030297 Jopom 5
424646157 Rehugilu 5
581330972 Gayuxaf 4
142797633 Lajefe 4
912981199 Momotut 4
288027877 Muxak 4
632876646 Sibi 4
783970471 Yodebag 4
79816397 Fatami 3
665197113 Focegam 3
899438935 Hulosog 3
509586039 Hup 3
982183372 Ravej 3
444824733 Xaw 3
910233308 Xezosofo 3
751033926 Dukaxoxe 2
571697560 Wejowi 2
318425791 Devu 1
119150464 Fuwoge 1
837847666 Hibu 1
31433904 Jafume 1
632472704 Kew 1
94211516 Rukomad 1
393901250 Sumoqi 1
563742700 Zahayad 1
473964869 Bofuvowa 0
83966517 Buxapera 0
158723950 Gitiqici 0
69407286 Juku 0
280572256 Paz 0
230445848 Vado 0
161988913 Xil 0
