755851115 Sodako 100
654874265 Sudenu 100
966203991 Zoqelis 100
100469865 Fozo 99
228887249 Kiwucuk 99
133215789 Niliva 99
774692392 Nolokeg 99
21048413 Gap 98
538589151 Kon 98
412019881 Korumeki 98
66675496 Logequ 98
113435706 Miz 98
53092012 Dapa 97
458977295 Hofot 97
111247630 Reyel 96
266453056 Cepi 95
202354043 Pemoq 95
903041826 Raho 95
513344490 Silab 95
504684363 Beminu 94
659562036 Heniqu 94
725850922 Mafaxov 94
270165878 Wiqif 94
999768695 Zifud 94
371908283 Fapiloz 93
558275908 Mukiner 93
843471204 Nuwup 93
581667944 Qegope 93
739433193 Sutuxiy 93
661292943 Teruz 93
164583895 Vumur 93
340369405 Qetet 92
610499602 Not 91
969629197 Duhe 90
566582605 Rayuxuri 90
742215322 Fafucave 89
131424500 Kiza 89
609148550 Bira 88
272900623 Laj 88
794147018 Riridu 88
757279304 Ruqas 88
399402897 Livoga 87
725874966 Rehorigi 87
528849316 Toqocit 87
374960929 Zocenaj 87
996621271 Jigeyo 86
996949057 Qayu 86
269675611 Cam 85
249551302 Dofa 85
151922206 Lukoyoja 85
502670556 Luyoqap 85
744361508 Xomuwid 85
961116478 Bifevi 84
814819795 Dihug 84
675761610 Lujuqi 84
752052381 Topu 84
81790985 Lafan 83
953193059 Qomiri 83
520651773 Roro 83
790228113 Bekon 82
836926183 Gikoya 82
505201200 Memuhune 82
482946990 Mopav 82
602817051 Pub 82
979470966 Tefa 82
889200956 Vijuxil 82
765386295 Yorofabe 82
225788156 Gac 81
441776622 Susugek 81
883989890 Tahe 81
259250173 Wapiw 81
66960066 Qeqalo 80
441437780 Samuzuv 80
804559586 Wicezuhu 80
434913942 Bug 79
952352046 Girazufi 79
52279041 Pipise 79
289183947 Wefoj 79
898009963 Wivuro 79
733340016 Xera 79
360842960 Beqiy 78
850301110 Geh 78
423097244 Kaleri 78
668085078 Xihezoh 78
312782595 Bikepe 77
319157127 Cilitogi 77
951288142 Riqa 77
607597977 Yilekav 77
905733181 Sufuval 76
934654989 Jidic 75
493803113 Bukizap 74
176159584 Cepide 74
526577597 Cij 74
135109145 Hafus 74
82827442 Puyiz 74
776506855 Walu 74
115319295 Yakap 74
113422615 Jayefe 73
771177728 Lokage 73
449669810 Xiqa 73
495396315 Yivota 73
551575040 Hovuwiz 72
321666684 Jelo 72
821019339 Lalibi 72
675075089 Regudaw 71
248982773 Vuluzos 71
732621311 Wobo 71
53024047 Joka 70
861925402 Jemebupe 69
316744942 Cidav 68
430793962 Lace 68
245714816 Tixo 68
601282772 Remi 67
335002973 Xela 67
634847376 Vabaladi 66
515753003 Wifanuj 66
661803918 Xar 66
215468641 Duti 65
729827831 Gavumuy 65
56039915 Moco 65
656352889 Cud 64
134860801 Gohe 64
659780967 Mepuw 64
418052455 Yakewuj 64
386274311 Nob 63
58650551 Vugi 63
858395918 Fequvu 62
167782438 Hurey 62
649647547 Mahire 62
372803743 Vesegoy 62
988636038 Voh 62
882492417 Noga 61
563606256 Teravocu 61
153914986 Xejirola 61
493414138 Xiqu 61
192728568 Moqagux 60
30630733 Dunukexe 58
576994321 Kunuma 58
780825934 Taw 58
249149979 Yinigi 58
290701037 Fideqem 57
597192106 Fubas 57
335299376 Nuzuqe 57
804891233 Kuxe 56
917872718 Qulepav 56
640242063 Sogo 56
534490671 Sowu 56
182608038 Wakexidi 56
682758927 Kevac 55
943535488 Rosare 55
548305503 Zali 55
649824495 Reke 54
855989705 Limiluva 53
237819506 Tas 52
677448816 Caj 51
308455017 Getu 51
66140990 Kuhex 51
844961667 Yun 51
857466971 Hatoqup 50
590822440 Lisamezi 50
459632254 Luxu 50
765386132 Macoqix 50
595092019 Weki 50
505764363 Zeveha 50
309877720 Cenoyetu 49
454474398 Coqaqine 49
358287585 Fede 49
907551812 Tuzesu 49
977400213 Qeremubu 48
73591959 Ved 48
91237581 Mowon 47
951277765 Tasa 47
551096643 Zul 47
514805183 Hagiwon 46
771452268 Qoyoyim 46
935119391 Sujak 46
774969719 Wabof 46
433995213 Febuj 45
932655144 Havifit 45
399768727 Mer 45
767023735 Nedel 45
986493537 Sawodeju 45
704322229 Woyowec 44
675038932 Jerutoh 43
744653050 Pixiyimo 43
998346275 Roh 43
647142934 Rukedeze 43
870459771 Ruvobejo 43
44487638 Sur 43
195815155 Zacuy 43
467261572 Jacewa 42
87692269 Lev 42
469262309 Vevid 42
858719530 Jeda 41
756266729 Sogap 41
824708380 Xucuq 41
431189012 Roropo 40
452359301 Vesawa 40
830587717 Wer 40
161407545 Poqoqu 39
537485311 Yof 38
254902688 Buv 37
788555900 Rowicehi 37
775815058 Tujik 37
110178290 Biwawuxe 35
442324989 Nupoyaju 35
122403617 Voc 35
552755310 Xob 35
635615580 Himozah 34
454868925 Mocewak 34
416701564 Pitezahu 34
262765759 Wojopu 34
367442291 Xen 34
534931535 Zav 34
844758019 Bowuxax 33
862683541 Nukif 33
506521902 Qumimop 33
118100814 Viguw 33
911392535 Tuw 32
608954075 Tenuce 31
565144321 Wome 31
767457627 Mategonu 29
867919817 Nivom 29
269804648 Vurafude 29
995424619 Wipu 29
256013087 Xove 29
616803659 Yiyiy 29
633787654 Boxihevu 28
436558297 Nux 28
769061564 Xozu 28
189447804 Nepipe 27
707714356 Qidegag 27
920550722 Fagihec 26
928291038 Gima 25
93047774 Hiruq 25
438796838 Kiko 25
462765998 Mepuhe 25
47420388 Ruxasogo 25
894714965 Volocota 24
679775368 Josir 23
705714880 Kewuqa 23
222427059 Vebu 23
243304121 Qareha 22
116648268 Yide 22
307887285 Ceb 21
355143573 Vakivune 21
344162114 Jonogiwa 20
284436937 Mezifu 20
516511789 Tit 20
847233528 Xuda 20
243443512 Zur 20
843618519 Nayav 19
957868322 Miropu 18
221118726 Lovub 17
377892199 Rogeweqo 17
607269550 Tuq 17
739423177 Vabefove 17
370516904 Zawuzar 17
643303138 Boho 16
927091720 Haqimox 16
718653065 Pujohi 16
947028886 Rubokali 16
691112301 Sedat 16
968451328 Gunegu 15
536503635 Migawiqo 15
884697010 Palan 15
621725911 Vunuzux 15
402216094 Zaxe 15
27132265 Pijaxuse 14
795141331 Zogare 14
642032160 Bape 13
188675083 Joz 13
581413316 Neher 13
635256568 Ligujo 12
59241228 Mehi 11
721410338 Xoje 11
305362432 Yus 11
346704545 Modumave 9
763672741 Pamu 9
650889756 Qotuse 9
697058542 Wocorok 9
825838564 Gebo 8
267147788 Qesexiji 7
389843510 Vezud 7
390473388 Vigu 7
452038571 Vupud 7
207617990 Cuso 6
54371676 Hogewoju 6
762123222 Jiveh 6
62173633 Doceda 5
592421220 Wekiw 5
492190130 Fixa 4
341553852 Vurowi 4
795935027 Jam 3
173716629 Zubavuw 3
102315513 Capoy 2
112516677 Cox 2
696898005 Dafefihu 2
780333976 Biriror 1
332398107 Gid 1
1958309 Hurug 1
490789317 Jifodeh 1
939668065 Jogodix 1
156713875 Non 1
259141584 Roseco 1
378565288 Bezoh 0
460793920 Dumapak 0
971385753 Suzerufu 0
