404288679 Pekob 100
783163873 Sivizaj 100
126927156 Ticejawa 100
845448213 Tiluwu 100
527131917 Wasu 100
415695566 Yisir 100
208763565 Fuf 99
780335760 Kogeb 99
860373646 Fah 98
599687018 Lehot 98
909507912 Don 97
431499651 Fij 97
315780890 Jiw 97
730099308 Kul 97
415246539 Nol 97
139333865 Yilujuqa 97
892019414 Gavu 96
740009990 Kuhutog 96
666439910 Linugo 96
735631934 Mol 96
867235461 Pasegew 96
415071166 Sufiyuc 96
458384187 Tecico 96
696397783 Bis 95
602936802 Bolekeq 95
398420744 Guqopur 95
816595589 Jefagija 95
320908254 Mip 95
351088589 Pefe 95
699593897 Pojota 95
314311441 Bujilepu 94
802790133 Gof 94
287142450 Nudaz 94
607041995 Woja 94
246073748 Fayega 93
233093123 Vosad 93
48161133 Weduq 93
327849579 Wifur 93
125017401 Bexaseg 92
698505991 Faq 92
259229064 Kuc 92
107900919 Punozeho 92
543633543 Raje 92
300730746 Voqo 92
269380614 Vupevowi 92
541113839 Gufac 91
558134166 Jozo 91
792436529 Silekuju 91
408211442 Wudek 91
305592610 Xenevule 91
680218322 Zar 91
373999657 Beduvovu 90
501039266 Juqej 90
623413382 Minud 90
2768556 Piwokixa 90
861350900 Rofit 90
543399676 Xiwuz 90
807874666 Bawim 89
863768011 Cowa 89
804138090 Dovag 89
363843892 Fop 89
53497426 Mize 89
363707117 Piceme 89
927718675 Qecimotu 89
300404524 Hib 88
341894734 Jaqawil 88
39837153 Mixapemi 88
519819157 Vanavobo 88
850427969 Yaso 88
387855293 Cufit 87
558597309 Hupu 87
473303650 Yuracoq 87
697695209 Catiwiy 86
801301389 Cic 86
688221981 Jadeb 86
53006784 Kime 86
505535683 Ruj 86
625092500 Tefu 86
26864000 Fatad 85
54985514 Lorunup 85
845387824 Qovihaq 85
902009997 Yigoc 85
473761363 Gipovoja 84
940300717 Huw 84
195362684 Mekupa 84
364028826 Mip 84
943047537 Rifizi 84
514624220 Rubivoy 84
91989517 Vewaki 84
228541400 Coqi 83
578087955 Fime 83
893330554 Jamey 83
90350229 Vajocaz 83
359907067 Waqapaq 83
542986072 Fome 82
305472054 Heg 82
987098739 Hezosev 82
65819525 Lori 82
26811184 Lur 82
207813899 Sahivebo 82
982576915 Hajuca 81
298099747 Livamum 81
233596590 Nusiqo 81
772824356 Soginig 81
612032611 Sutofa 81
969108952 Vigo 81
778581874 Zipufero 81
352775520 Cus 80
693735201 Dirowis 80
151275458 Caxobi 79
308884038 Cex 79
53749931 Cuceyuvu 79
150035032 Nor 79
150084665 Pat 79
293138674 Sewera 79
596409272 Wisoraz 79
556782179 Yit 79
18979968 Lub 78
625332842 Megok 78
986269456 Nez 78
539701362 Potilahi 78
326178863 Qunozapo 78
742961578 Rijomoyo 78
402198332 Weqofoso 78
250266358 Bihasa 77
998287221 Bup 77
95089194 Karoguqi 77
740430569 Lawofe 77
788448934 Mor 77
645256069 Sawuci 77
351936556 Ziw 77
960111622 Ciqokome 76
806482587 Dut 76
21892864 Hul 76
938493140 Mid 76
351812307 Nuqe 76
126813265 Pomubat 76
319423594 Taduvadi 76
709180272 Cikumiyo 75
257990683 Denadij 75
536690378 Joxayubu 75
45956702 Qos 75
49411843 Yuwad 75
252467815 Bayoka 74
768124838 Diza 74
171182853 Loceq 74
222153767 Najikuse 74
922953163 Segogefa 74
692653991 Vobomu 74
816607683 Weyexaqa 74
239229486 Xodujazo 74
58322940 Yegova 74
177496558 Bivoreqe 73
400205433 Gegolas 73
150947841 Xinotewi 73
423755931 Duxiqu 72
667887158 Rolu 72
735480426 Ruwiway 72
659959613 Sasocibu 72
372332653 Como 71
683325005 Dot 71
676580502 Hemex 71
40236260 Xadayiq 71
299013087 Jat 70
730388488 Lowuye 70
910740590 Sexay 70
628037311 Sisaw 70
726533956 Wax 70
793591070 Gocufe 69
30266546 Livenif 69
710676062 Niciw 69
170301755 Qiruyena 69
554574697 Ruhiwac 69
93358298 Tupujaw 69
543472666 Xiqop 69
917743718 Yanojavu 69
974032304 Der 68
546375443 Doje 68
63246510 Geji 68
536416264 Puwow 68
135917476 Qilon 68
304566360 Rudinuqu 68
932846428 Zowapus 68
58516737 Demifux 67
716628934 Ratej 67
822872199 Tey 67
132540408 Buzanehi 66
760207169 Cahif 66
78198722 Gaxelu 66
995584516 Pebi 66
98202105 Poconib 66
144661824 Yin 66
886290225 Kivux 65
183552012 Lemefa 65
170490926 Luk 65
290286072 Yedoq 65
108109631 Zit 65
325303974 Cigut 64
721113746 Cituj 64
340419752 Meyi 64
940531876 Zecidobi 64
529450268 Gokeloji 63
313996242 Jigofeyu 62
326031218 Heru 61
479099887 Lev 61
275225371 Rahagiba 61
400557063 Vukas 61
317010031 Zuyac 61
613226501 Celoke 60
666326704 Cikid 60
221782993 Yihemer 60
125724351 Foci 59
50552513 Ledemoba 59
918977103 Loyaxu 59
799040989 Nodum 59
476548567 Racag 59
458262837 Xofir 59
132214192 Zezep 59
130284124 Zurarume 59
243901822 Buroqupo 58
128276733 Jofadi 58
635408977 Nocob 58
701837735 Semeyuh 58
176120267 Vutewew 58
849407152 Wegu 58
765258056 Gew 57
687202869 Jahihu 57
73107072 Niponace 57
697283325 Pisulo 57
868153565 Ruxo 57
737491371 Xofo 57
751861345 Kepuna 56
28516599 Leg 56
258992756 Nodigace 56
566342058 Qefuyat 56
357894097 Dajozaco 55
269088576 Have 55
701089004 Huliha 55
745054555 Jayoh 55
360641597 Qafevuva 55
162376617 Qosuya 55
228871884 Sasabadu 55
662144608 Zodeket 55
414978886 Geteso 54
852706121 Tuvoh 54
528640364 Zomog 54
440945463 Hito 53
355103609 Hiyesud 53
647944106 Jikum 53
62267483 Kasoyob 53
932602694 Ledij 53
864775389 Qoravac 53
755723885 Saqeroni 53
840436281 Zese 53
790213856 Doxuv 52
531590712 Mokigape 52
919967760 Pob 52
870307015 Ted 52
425965018 Yuteqeb 52
958169817 Fexes 51
286178242 Giw 51
969390070 Lemecudi 51
860204668 Mawuqoxo 51
336010469 Sajuto 51
940909049 Wafeciw 51
105581475 Feveduz 50
574339757 Noyura 50
176750240 Pohubi 50
351974339 Woto 50
226869759 Yipirece 50
404439108 Zivewot 50
900299081 Fehelo 49
587564344 Fewuvoh 49
217906066 Gupuz 49
89592153 Muged 49
133618715 Puj 49
274077637 Qoyixa 49
510682463 Tes 49
656098096 Timo 49
398364820 Zetade 49
410303497 Dun 48
606277693 Honutet 48
467511020 Jiticine 48
323032296 Qaz 48
793740278 Tuc 48
922879556 Bihigaf 47
159366056 Fale 47
107272618 Jepagi 47
90253450 Lekabi 47
99427581 Runocug 47
624311276 Towo 47
92116864 Gok 46
67676556 Goy 46
939109575 Jaqaqu 46
428508685 Jene 46
689111138 Loriyo 46
159865657 Maqika 46
150372771 Qopuker 46
606791814 Qut 46
301539948 Repufir 46
200844952 Sayisiv 46
659290370 Tej 46
393091406 Yuluhen 46
63475809 Zawejufa 46
116783639 Boyupoja 45
635848027 Molini 45
880946620 Teziwe 45
946371668 Tuceyu 45
129683719 Yorin 45
116383728 Cacej 44
383388772 Gaboquc 44
524235605 Mop 44
443797294 Qike 44
265402602 Venafal 44
129477116 Wanuwaro 44
781383279 Doy 43
146940993 Hetaq 43
772458655 Kaqa 43
41153276 Seg 43
108839143 Xukuloqu 43
937183405 Zov 43
372321636 Diwo 42
725603326 Hacupufu 42
224235130 Hobotay 42
218187427 Jeco 42
260791067 Miv 42
134731061 Neluga 42
883913584 Nik 42
637595683 Tufu 42
254318071 Yoqezo 42
561540252 Jin 41
96653496 Saziwi 41
605433480 Taxedi 41
777873891 Xigi 41
435298033 Cosaze 40
741739023 Haheyu 40
326368481 Layalir 40
646980901 Numorero 40
128108078 Sux 40
347303953 Wil 40
284072193 Cox 39
740564344 Rox 39
490159382 Kegi 38
88368861 Liguh 38
32592421 Yovanato 38
96832994 Zek 38
202017546 Cuzuq 37
715346088 Fetuma 37
439826257 Goheg 37
363751 Newove 37
903720995 Xey 37
747383838 Hapef 36
690586647 Keb 36
991416163 Toco 36
620518105 Vogotet 36
63593866 Curenuq 35
152421422 Fekinax 35
455586490 Jagibez 35
615913479 Pepodaq 35
58729554 Fafuxec 34
384556714 Musatax 34
393510030 Naruboc 34
321191204 Pevasule 34
80115603 Saci 34
212069917 Xivu 34
42157269 Yomux 34
616283679 Faqiz 33
952627674 Nelup 33
350419562 Qam 33
491190546 Vemo 33
617893013 Wunoqo 33
149501116 Yifo 33
582208689 Zajejesi 33
706678303 Dufagoc 32
401244643 Gitey 32
406866125 Havehola 32
461167074 Lewasexe 32
574215503 Poqig 32
974722741 Xabawes 32
412688027 Dik 31
971803770 Dum 31
513117040 Moxuka 31
119339168 Panocab 31
314334835 Sawupi 31
916026778 Vicon 31
785625989 Vorimo 31
686388873 Cogowu 30
944911942 Feruqega 30
432270548 Fupaso 30
255246110 Furen 30
748657595 Pomipu 30
826053466 Vab 30
819929707 Yekew 30
336297701 Kudozid 29
471351284 Pupu 29
878703868 Zuv 29
172789904 Gif 28
424765889 Yen 28
333004089 Fib 27
848536285 Kezegavo 27
640850336 Puwe 27
269840944 Zici 27
330828748 Caqogo 26
140545700 Cev 26
544533104 Depepebe 26
487133378 Dew 26
735805050 Fiyuvoya 26
268379416 Kizepul 26
26347543 Rupimiso 26
991212862 Sufuxox 26
283477516 Fabu 25
972756099 File 25
47641874 Gakakuro 25
520507751 Jami 25
468791574 Kajevin 25
136222510 Mexudi 25
737026993 Vuzoh 25
454411621 Xetidor 25
604659876 Xevowac 25
192806570 Baqef 24
332461324 Goguxayi 24
819513246 Joh 24
48907853 Paxo 24
233889172 Qirerazo 24
104546843 Wetafel 24
897804477 Yuseko 24
727589927 Yuteqe 24
435770133 Ciha 23
811869978 Cuzuni 23
429776369 Ruqacu 23
792848170 Bezusefe 22
268397421 Darew 22
191628077 Faqufose 22
347012230 Jivoz 22
407016223 Pol 22
89101541 Saqivo 22
728032414 Yubeyere 22
472830639 Did 21
846084613 Luhi 21
935945357 Nusenir 21
23740185 Qik 21
719445311 Retoyeg 21
461341340 Zube 21
103278247 Bov 20
641297915 Catiji 20
63839421 Cibuxox 20
168956459 Fomari 20
873278850 Forura 20
916900021 Geberapu 20
103454997 Giwe 20
115410773 Guvoku 20
30493334 Tesemaju 20
131829701 Woza 20
269714292 Hal 19
459326020 Cal 18
758986818 Cavaliz 18
431104467 Kef 18
372659298 Tul 18
940346339 Weten 18
284784959 Xitad 18
267939237 Dazudo 17
96983778 Duyosi 17
967778350 Fudi 17
632145638 Gec 17
139922839 Nokatun 17
646130656 Xaz 17
307076123 Gix 16
450197074 Nititik 16
250984899 Qoqemeye 16
698683397 Vuwa 16
780913871 Zivek 16
529449177 Bezu 15
568616933 Keniqice 15
908884979 Sefu 15
115919597 Seraz 15
122147690 Bojupaq 14
144897702 Dajarode 14
590058013 Dewoq 14
873366431 Hifed 14
743850713 Yesewan 14
371128274 Geg 13
23179085 Kavuvo 13
999736947 Memilan 13
956750706 Sameqe 13
941534644 Sufe 13
10566905 Zihos 13
243703281 Zoyixete 13
310765880 Bute 12
58782192 Cepi 12
762363682 Gati 12
175561740 Viluju 12
887411923 Xutur 12
919552668 Fobayun 11
283016013 Fociwava 11
553548999 Hogigi 11
68689546 Lokahi 11
373458527 Mibusohu 11
223629099 Mupiweze 11
685357307 Tolek 11
972524082 Vuduz 11
420979535 Yawezal 11
491917391 Zeyosewe 11
678019486 Muz 10
216644856 Sidite 10
760692999 Xes 10
479731454 Yevated 10
44902438 Yice 10
582845410 Key 9
181447463 Pihijo 9
445158265 Pivawa 9
561269877 Roko 9
374338363 Vewoseqa 9
48457258 Dibi 8
821452259 Jiruxe 8
801538289 Kaha 8
558741967 Kawici 8
320228987 Qacafil 8
582604976 Qosabi 8
622702256 Xakuhu 8
576238255 Reh 7
300905214 Relo 7
189611612 Vin 7
54426322 Viris 7
779052469 Wipod 7
271213191 Wipuh 7
577160180 Yerulab 7
525023455 Fijix 6
927476773 Gexurabu 6
845881640 Gipeb 6
905463213 Gohuw 6
422768551 Miqe 6
112133827 Nutiw 6
649908152 Qoj 6
963013969 Tulusaf 6
391214596 Vemur 6
218034526 Vequ 6
159115628 Xizo 6
377108736 Dihevide 5
309940219 Hinet 5
191948778 Megol 5
319310308 Tadob 5
818564623 Ben 4
679440590 Buxeti 4
183130173 Ciguku 4
860764816 Dam 4
25908504 Duc 4
914725945 Jivuwiya 4
285977982 Pohi 3
594057717 Vecudoro 3
743359335 Wedi 3
274428715 Zozepa 3
118348099 Cefelix 2
233602925 Darevefu 2
758830670 Gohigi 2
40425345 Hedebih 2
99052459 Jacuqadi 2
663864413 Juyikage 2
722471377 Likifera 2
877582273 Ruxozuxa 2
787648232 Diw 1
827582578 Ficob 1
490810266 Jit 1
676032838 Rifal 1
655261746 Wetekey 1
254509813 Yelesak 1
962221939 Dodukole 0
702030279 Futo 0
639472063 Gibira 0
901669032 Nikoyar 0
494930607 Tehilo 0
155717774 Yexu 0
