568292346 Gayik 100
757356003 Gem 100
248074212 Mijinuj 100
598604638 Notopoh 100
433143119 Nuwebo 100
796308087 Segaker 100
441134921 Yuve 100
85557989 Bavipu 99
930732664 Heba 99
731057395 Pegegok 99
87748934 Xey 99
208504945 Defe 98
802243747 Doca 98
157457696 Fuyiyor 98
225998041 Gikuvus 98
610922204 Joyoc 98
155863898 Kujay 98
868087083 Qaqaqeje 98
421353855 Qihenowa 98
397620304 Tikig 98
568368690 Vigokar 98
426162394 Biw 96
534305983 Kawaxir 96
469783946 Qamamoy 96
522740192 Qeya 96
585309096 Sevuvox 96
542118133 Wamu 96
579653536 Xaw 96
993482528 Xiwaca 96
1120959 Kufud 95
712772035 Lohez 95
278057997 Voxiguz 95
416520897 Xenituli 95
337414271 Yeseheg 95
913574285 Hotacaho 94
20924999 Vuqeni 94
900677030 Xacufi 94
414313076 Zamumac 94
834156768 Caza 93
623856876 Mig 93
830220624 Rus 93
49720519 Siguxuh 93
296026211 Dope 92
544181735 Gafosipu 92
563001856 Qoc 92
249048215 Yiyeku 92
71653738 Buka 91
115045810 Nixoca 91
295754018 Cajigike 90
725683613 Cohuregi 90
380891030 Goyocos 90
571775309 Pitizisa 90
64513140 Zuha 90
895384168 Cuwi 89
38993775 Fuhasu 89
468492323 Juvixa 89
917762095 Leh 89
350401406 Qisam 89
45234137 Qodeyey 89
873245548 Yoloq 89
62366505 Zuzamu 89
841759744 Cusofulu 88
370139208 Feq 88
129655283 Paxase 88
329471878 Qijivi 88
180399067 Xak 88
241466613 Yikijoc 88
267992355 Dokoyun 87
876816487 Jupisam 87
598902583 Qibabi 87
940083828 Zodude 87
120239766 Hup 86
113821465 Joxufo 86
825432130 Niq 86
283389013 Tovedulo 86
280549129 Volovu 86
521321014 Yeyaj 86
665290328 Ziqoq 86
710543185 Gasuroy 85
697277257 Lozumu 85
61133101 Lufiji 85
32752554 Metilar 85
514255293 Rojidiwe 85
784349505 Vugasix 85
965425146 Wodigito 85
980176605 Din 84
700248359 Lawef 84
917706937 Regof 84
327751964 Sukoh 84
182588552 Tuger 84
43992220 Vive 84
406675689 Xozayi 84
312398288 Bimag 83
887062425 Dekenag 83
155524515 Fujipe 83
835541484 Kepoz 83
52187563 Rugusoga 83
978410023 Tucu 83
356993670 Vinet 83
556090892 Bobix 82
627588997 Fulap 82
29877327 Hifeveg 82
615523244 Tehihih 82
559840991 Toniyif 82
848885136 Yuqawe 82
364852125 Bulogin 81
591432968 Lehuxen 81
600507247 Lixax 81
427323012 Peg 81
12596223 Conalux 80
876306012 Gojoxohi 80
444356457 Kalim 80
130942837 Mujiw 80
663459834 Pohine 80
429973841 Qayatoj 80
663733543 Rut 80
181954769 Toga 80
163981699 Yoluci 80
289425310 Zub 80
63972943 Gun 79
666080873 Vogulepa 79
902873548 Vox 79
255101209 Xada 79
241572470 Yeme 79
179429816 Saqavam 78
535376185 Sesenan 78
661423410 Tota 78
830318755 Xoda 78
55589825 Dedimexo 77
768554127 Jiciha 77
564686896 Pahufera 77
255958010 Yezoviz 77
256819418 Hodipip 76
15749939 Jodano 76
374878704 Kikuxex 76
14571573 Renojud 76
448255992 Vigiwet 76
839262683 Wet 76
39879647 Xubawam 76
631768770 Ziresod 76
109579634 Cen 75
183197307 Codumin 75
63903165 Mati 75
672994370 Quxo 75
439660286 Tilito 75
985255932 Tos 75
833840827 Turudeh 75
526540181 Dixi 74
197124502 Fufamo 74
533948392 Jaqaka 74
250701628 Pivet 74
519830578 Qitocug 74
580834154 Keluloro 73
858371128 Mamu 73
346537536 Qofamami 73
777439326 Siyi 73
150629385 Tuvojodi 73
22915230 Bova 72
588611044 Butocu 72
908538520 Lolevif 72
371161736 Nafimogo 72
812817395 Veni 72
936226223 Viz 72
631511738 Vurey 72
705556934 Huhar 71
6619870 Moneguko 71
649064220 Sec 71
468138790 Visepun 71
268655710 Wumih 71
605764783 Xiboboc 71
913259538 Buyud 70
863574736 Fave 70
595462048 Keb 70
195956671 Leji 70
979502057 Nirilo 70
577276763 Nodevoka 70
73282089 Saxukuc 70
152010314 Yekavi 70
281590285 Zer 70
248055368 Cefetoh 69
255993781 Fihoxutu 69
404435356 Gebac 69
21984804 Gujuxox 69
514271529 Hidujunu 69
797534048 Kac 69
270360293 Mizinoy 69
357875663 Rerowafo 69
692591359 Bocax 68
190712680 Ceviloki 68
728082067 Gukihi 68
492326086 Manuna 68
700961153 Mifo 68
971863986 Noq 68
971289176 Secezesi 68
880714017 Tuta 68
36341335 Xipuye 68
481325718 Ciruw 67
731748274 Duk 67
36014911 Hereq 67
917768915 Nulopene 67
653572503 Quxec 67
48554241 Tuketo 67
665810280 Xibe 67
624793262 Yuho 67
254903784 Barogete 66
977439998 Beyapax 66
665854571 Fumu 66
927577594 Juf 66
299659212 Nabik 66
390253929 Qiy 66
772700857 Sonalu 66
530496683 Tuhiqubu 66
564705196 Wude 66
944457574 Wusipu 66
101743753 Xiyodi 66
520136516 Yuko 66
540050567 Foquruz 65
635200977 Mij 65
596771388 Qabuviq 65
660825408 Qub 65
40013631 Rigubavo 65
496770713 Rodowinu 65
271425375 Cuyel 64
927118816 Dim 64
218057859 Luvuy 64
714076192 Pufesuzu 64
596094447 Zeg 64
814102757 Zehemesa 64
577987442 Bibup 63
896895231 Burep 63
302646588 Duzi 63
679848247 Fetalohe 63
704440049 Jen 63
932477345 Jeva 63
895764337 Pimuk 63
104525139 Qewiko 63
553564295 Wejosi 63
967685366 Cexeh 62
145411548 Kat 62
177518532 Vure 62
193478636 Yiju 62
529123449 Mexat 61
897444952 Nila 61
680206821 Rave 61
6118554 Soqokuyu 61
133442130 Tores 61
256989908 Curokore 60
466257755 Dicukom 60
499554704 Hite 60
185511374 Siw 60
907610789 Fuzacu 59
668836673 Gobi 59
950705270 Koy 59
496799847 Niyuw 59
118131758 Qir 59
651709274 Qofofide 59
264031912 Xitey 59
663455347 Zupi 59
296615640 Cay 58
753796676 Ceh 58
223543933 Nesagoz 58
388984771 Nojujil 58
507536099 Wozaxo 58
960364275 Goru 57
604772073 Lemeki 57
65690882 Livatu 57
78626457 Qiputopa 57
358258565 Qoqevif 57
814164708 Ricosu 57
381604858 Bak 56
506036727 Comu 56
528854220 Gequnuy 56
485806622 Pocexeku 56
824479539 Tiqolone 56
848593631 Viqil 56
40442352 Caje 55
453942573 Gotod 55
60738546 Jagul 55
243523846 Tewiwe 55
102988719 Tonar 55
219761876 Tuxehofi 55
999669580 Vubeku 55
783550574 Xic 55
834458294 Zihil 55
653667889 Zomug 55
602585239 Folah 54
500100470 Galoyasi 54
149524096 Jatu 54
517650795 Nedecuja 54
991994169 Ruxuxov 54
43309892 Toko 54
835655208 Vowo 54
292441340 Gijo 53
820324198 Masuna 53
504751485 Puf 53
250351362 Vodojohe 53
368580754 Xeroguru 53
979148396 Xonihuva 53
167701627 Zihah 53
149413027 Binebo 52
317009582 Cakexe 52
81791625 Dosedi 52
730852805 Hoyipuma 52
951982051 Ciq 51
776687567 Gaboc 51
291162466 Lulo 51
635013248 Sanep 51
254496126 Vohaw 51
573021184 Forewod 50
432818400 Hey 50
678986553 Mojafabe 50
64181604 Xipihek 50
295731244 Polohasu 49
940541662 Refu 49
274046337 Tijujew 49
239177128 Zikixoda 49
722129180 Cujamike 48
856859750 Pekahifi 48
818229437 Sel 48
158150970 Wap 48
670205343 Wusuwow 48
892712507 Gecuwuc 47
323038717 Guf 47
144902247 Pefodita 47
422290948 Tojidon 47
846811392 Vikayivo 47
686975178 Pit 46
527186470 Sisiy 46
629366426 Wanaz 46
378199884 Wusog 46
406275918 Xojew 46
311472462 Bol 45
134905645 Cifumola 45
927915926 Dokubuqu 45
83864766 Fabivamu 45
449916377 Fopak 45
648442040 Hekuyez 45
333512540 Hoyice 45
589958040 Nogaho 45
772630010 Rabox 45
744675966 Xucoyu 45
387739383 Yev 45
126005470 Gezuruw 44
938463327 Mobatiki 44
832297158 Muzas 44
349640972 Pelifi 44
591008380 Suy 44
639781272 Tub 44
562298528 Xasafibu 44
867290354 Zacucut 44
706487864 Boba 43
233883715 Husutuza 43
721774391 Suxosi 43
274478522 Wihixi 43
914614797 Xireg 43
547777800 Yalaxur 43
350604539 Bihoq 42
129516009 Bofi 42
795436618 Dihoveze 42
277356888 Kij 42
757565669 Nakewob 42
523267279 Ropar 42
532571647 Sava 42
895630373 Sor 42
3000270 Xitukadu 42
431816566 Zodahi 42
179215381 Zoduvub 42
413469736 Bolujas 41
178887312 Cafo 41
322041160 Catucifo 41
394209341 Hapaquj 41
598444481 Loc 41
938678653 Ragovala 41
269096848 Rol 41
652120544 Zaqedar 41
465413735 Cic 40
71986660 Degeyati 40
954408984 Domoriwe 40
708602866 Gixon 40
542098585 Hukudo 40
287601605 Pedu 40
492481848 Waqec 40
789681208 Xixu 40
402226543 Yojo 40
729448665 Kigow 39
992634814 Luwawa 39
409539749 Mofa 39
478357700 Peq 39
22996554 Sidob 39
995529799 Vahe 39
607443155 Xanad 39
121053395 Xeqep 39
56454031 Zaqa 39
883374704 Cini 38
338326586 Nofab 38
811689221 Qivut 38
549076103 Viw 38
924047615 Wiwavo 38
555169052 Lurid 37
631475415 Sarugoku 37
652983418 Won 37
338517898 Bihiy 36
431181217 Cafi 36
542958114 Gegasoj 36
712721679 Jej 36
545379230 Jul 36
314531027 Mome 36
99637037 Wezu 36
946373221 Wuni 36
547604819 Xojufo 36
636761834 Bahamebo 35
602661156 Mehohi 35
85841887 Misem 35
29908425 Sun 35
444718891 Tun 35
611976400 Voyolake 35
433517172 Wenaj 35
104437298 Cesadem 34
69080838 Fixa 34
975576231 Suweruyi 34
64331731 Vaqexo 34
987267754 Vatabik 34
993472829 Yorahul 34
740365186 Bifexe 33
788613306 Coqif 33
281718313 Duyifubi 33
589150539 Jocexula 33
917863932 Pis 33
897687345 Regocuq 33
939409511 Saxexe 33
937065287 Sepoqa 33
914291127 Vika 33
853645497 Xibo 33
657934125 Yofaxu 33
511155789 Doludu 32
188303755 Xutub 32
839622774 Gowe 31
760717554 Hog 31
888622220 Jat 31
515102473 Jaye 31
270408345 Qopo 31
566177567 Sab 31
986561928 Yaducu 31
781877383 Yic 31
539714729 Daqijasa 30
814271237 Web 30
129256272 Weliwe 30
40491471 Xuqaf 30
80666685 Zetag 30
585850973 Bezune 29
219730293 Fazadam 29
517990723 Foxakohe 29
940115817 Fubun 29
8649370 Hik 29
679611744 Lecepus 29
739218051 Pajal 29
656228761 Racax 29
617266431 Rarey 29
119927257 Bafora 28
151373156 Keb 28
186446216 Raw 28
754407822 Tolijixe 28
267042877 Tuwuki 28
55139553 Zih 28
133967380 Zipalote 28
550334347 Zoyanor 28
904547277 Danebele 27
365206705 Jev 27
286310796 Jiximej 27
1803931 Soni 27
644657675 Vesacac 27
425041043 Wura 27
153065400 Xomuz 27
959574201 Xore 27
303579125 Zelokuqe 27
192332525 Cer 26
143454842 Ciwotet 26
601868642 Poqute 26
561429840 Tez 26
538717619 Wiwecija 26
5044118 Cumijur 25
122878593 Jimac 25
42443898 Libiho 25
228302145 Nudi 25
352130934 Wozom 25
637435062 Bekoweq 24
724988832 Cowafen 24
57675682 Ginuvuxo 24
563127834 Kevuc 24
788036924 Kihe 24
626280744 Laqu 24
991919140 Paluces 24
734361431 Weqa 24
450567350 Wip 24
34114290 Yuyo 24
568926687 Bam 23
527411953 Foloba 23
742467996 Juwi 23
531676407 Lixewi 23
616900798 Mujet 23
692148010 Sinemo 23
800566264 Vazo 23
175607096 Wuyuqe 23
43450061 Zadekop 23
133600485 Ciparip 22
67119274 Durefex 22
574845740 Gafob 22
944373038 Vuro 22
896813189 Yupuwafo 22
817273628 Dukoxuq 21
301723011 Gemalimi 21
971384415 Jag 21
824295720 Jameka 21
750446534 Meyofeme 21
858705806 Raluqu 21
389708113 Soruzij 21
599229024 Wobece 21
329130879 Woki 21
722238782 Xaw 21
544640894 Xujalewi 21
477207249 Dazepup 20
35451737 Deq 20
469091752 Gitivu 20
111617326 Hohisusi 20
459887361 Mapovoca 20
317340417 Pifeye 20
133461749 Yewizi 20
569546714 Bolupi 19
356663622 Cujotovi 19
285230086 Fuyejaxe 19
353729259 Juqi 19
722564591 Nej 19
609430064 Fuqot 18
210352471 Loh 18
567299385 Lop 18
323709308 Webugubu 18
733378329 Wora 18
128816045 Ciru 17
360296486 Kor 17
620418608 Mufib 17
471610053 Sotiwup 17
964245983 Vup 17
184903655 Copolulu 16
562143654 Habise 16
771013105 Niwoleco 16
781967846 Qamuvi 16
666837719 Qoc 16
724267828 Qoyiyemo 16
823157991 Teyi 16
924115462 Woruxu 16
904379952 Guna 15
24455796 Mav 15
578977199 Qid 15
557405112 Qucezayo 15
336778837 Vic 15
900083956 Zobemaz 15
398604717 Cazeb 14
947904082 Fehi 14
636753376 Nadev 14
770852861 Ruvayoya 14
708903608 Vek 14
737853414 Visaxu 14
260319067 Zoqor 14
504177004 Zovesiw 14
490442183 Becumus 13
443194390 Cequse 13
219610593 Dilic 13
42655680 Lov 13
306055719 Magev 13
359648096 Vulak 13
146050023 Zediti 13
599373132 Binohew 12
236555544 Dudakel 12
642626971 Fen 12
606447549 Menociho 12
105085836 Sabegi 12
436890017 Sekihu 12
95943193 Figer 11
892231699 Jobi 11
369076879 Naxanu 11
369079676 Nazoxi 11
878529648 Tebed 11
990739415 Dedazice 10
508040712 Fojixo 10
63834434 Hozukelu 10
950071916 Mogamo 10
379025296 Qewu 10
296101510 Fiwesiz 9
550567972 Ludo 9
227983289 Pigekuve 9
279263614 Saditiv 9
523038226 Vivobi 9
407801695 Ximiti 9
816243139 Bur 8
41870889 Curi 8
73623693 Kipudo 8
506880450 Lupivic 8
466333535 Nuv 8
563531851 Texuqu 8
843788131 Vafi 8
759342858 Vavo 8
67770763 Coye 7
249612378 Heke 7
807558344 Jicuho 7
290736500 Kax 7
393636561 Rug 7
745172487 Tolop 7
911134902 Totenez 7
971337611 Tuqa 7
61023249 Xex 7
512217931 Yisozes 7
630796278 Cagut 6
704833705 Faw 6
151596231 Fiseveca 6
82789205 Lic 6
934971060 Muyojol 6
854242512 Puvorup 6
843042373 Qeharo 6
68928543 Xuwaquj 6
263705028 Kodage 5
858348881 Neqi 5
883211896 Yogayivu 5
255166192 Fimaqahu 4
888700409 Gefej 4
294962769 Ludag 4
668839084 Nuniq 4
990764259 Sopa 4
864085486 Game 3
348079504 Hajijoh 3
884936973 Rah 3
884490598 Revodef 3
661890713 Funuvil 2
86261168 Fuxov 2
563997865 Maluho 2
370841603 Migah 2
100808235 Nebu 2
832616514 Peje 2
476739533 Rah 2
246779259 Sura 2
264091911 Dif 1
721237374 Joheluni 1
461813945 Lep 1
613929564 Necuje 1
463717586 Qigaros 1
87617126 Qivasoc 1
187095721 Qug 1
84903900 Bifey 0
672593492 Cadawive 0
838332524 Cuwik 0
537231332 Fafutu 0
386839049 Gegaged 0
405517300 Hasuzev 0
687325285 Mir 0
980905853 Put 0
884146318 Qofelile 0
324449922 Raguc 0
667090790 Reyebika 0
306178607 Sogoco 0
294476105 Wapa 0
