695415533 Basepi 100
452063666 Cujatove 100
37000222 Guviwap 100
692033487 Here 100
76767889 Wani 100
394502039 Xezup 100
993121802 Zihuxa 100
954949683 Ceduha 99
351623670 Dazo 99
929399828 Kexova 99
337357424 Puneled 99
994196119 Rof 99
429646916 Lokaciv 98
923831763 Makobet 98
869493077 Mileg 98
498718329 Dezohay 97
327538600 Gem 97
960592874 Voqotuz 97
606384046 Wahehi 97
877362619 Xofixuz 97
437481268 Casok 96
232989229 Faxazudo 96
22835769 Hijukab 96
208269354 Joyited 96
490348650 Ketuk 96
93719932 Naqe 96
810082301 Nud 96
791269501 Tiyefa 96
842591950 Wibija 96
903354136 Cune 95
288769539 Deli 95
868856463 Foxul 95
356004762 How 95
7110954 Hufijubo 95
916100921 Pamu 95
145735707 Qinefe 95
499715154 Zuk 95
737204947 Ceduli 94
508566693 Fepop 94
783023458 Fizov 94
522166869 Jugelaco 94
705376486 Vaxiru 94
1015565 Xiyaf 94
147226403 Xuba 94
576721081 Zubi 94
243820378 Cux 93
55383814 Gitit 93
758466642 Huvade 93
591085840 Paf 93
313957256 Sojoburi 93
343287757 Zig 93
646422583 Medes 92
530345583 Nihoq 92
326065230 Pay 92
46733856 Quwo 92
22923303 Figutej 91
499735847 Gifejey 91
122953663 Lalen 91
347152613 Libemi 91
934484636 Padano 91
862369516 Siyonota 91
976596113 Toyegiqu 91
468784731 Bik 90
941092536 Few 90
923760339 Jopuk 90
515497610 Kov 90
72244321 Lawok 90
229507309 Satara 90
556550393 Silu 90
660975752 Sotofaro 90
986068676 Vuxuwata 90
97431711 Dekave 89
732299225 Dudi 89
661149053 Fob 89
851676830 Tokuxob 89
904926728 Motut 88
930605509 Siziy 88
447392088 Gegameq 87
494816380 Kafiho 87
505044894 Kogac 87
617772659 Mexujaru 87
776848464 Sorafoni 87
713664332 Tow 87
626382308 Xoxel 87
619599389 Baduti 86
938729607 Gopemi 86
957992782 Vov 86
650824958 Wisuqoji 86
636879337 Zevur 86
348100325 Gotaji 85
526778024 Guqiz 85
117065341 Kax 85
639270525 Mebeyaj 85
152976899 Rela 85
249304625 Wuqu 85
805005357 Xatiq 85
904786980 Sefeluq 84
315493632 Sidamek 84
343773732 Zedisi 84
390322243 Coli 83
850649682 Cuk 83
937109545 Hari 83
135864331 Qib 83
836147362 Qimives 83
838024593 Yejon 83
122557668 Bumogefa 82
23199621 Kufolaq 82
737228170 Retafey 82
783779535 Xizil 82
824217271 Mugupew 81
316539415 Qiy 81
128493661 Fequxu 80
822560781 Voma 80
862055871 Cafiraf 79
842633482 Facaba 79
525369503 Gacucij 79
199005917 Homesovu 79
114626737 Jajako 79
389475710 Nunego 79
659605935 Rece 79
368543920 Xaz 79
421978286 Cuwukaw 78
850379389 Gexizip 78
479132603 Pereqesi 78
896174152 Sekinimu 78
945109096 Sudu 78
188604278 Behizo 77
874168606 Hapuzuj 77
357993594 Nasa 77
570676693 Nezec 77
657252443 Saded 77
117464771 Viqimey 77
722608422 Walala 77
605395198 Yeje 77
436488359 Zeroru 77
889595942 Gecofa 76
743642353 Hol 76
129194865 Qas 76
96383897 Tetulibu 76
518780058 Vuzemelo 75
827686896 Zuvu 75
566883173 Cogugatu 74
962921736 Hujujer 74
503468300 Kuno 74
26086832 Nise 74
902119136 Roso 74
392602112 Sarixu 74
917042085 Vaxoku 74
573410466 Feyorij 73
292269054 Jolo 73
58836345 Mozoc 73
38946384 Pudonuf 73
953656934 Veguba 73
914003883 Xilad 73
494954719 Xutigek 73
183974171 Guhutuv 72
810876834 Putak 72
97295360 Xaludinu 72
740928063 Zane 72
141928611 Zenamenu 72
56584928 Botud 71
298829296 Kecesiju 71
828759187 Wekihus 71
38585250 Xitiseci 71
565261779 Xumuz 71
444898824 Zajon 71
531795055 Rec 70
620473994 Rucoced 70
40455296 Rucofupi 70
48824112 Sexubeke 70
980309949 Xaxe 70
621842281 Yeganaxi 70
930938310 Zim 70
63975375 Fuquz 69
315442472 Gul 69
390458035 Lomisek 69
955414950 Lus 69
664718381 Punetuh 69
585065124 Yekequ 69
797553480 Cubu 68
113954865 Kire 68
869288745 Qinala 68
712069033 Xubeju 68
96107523 Caqal 67
696261494 Kerutux 67
600625532 Mapi 67
846945183 Numavon 67
414280704 Vagat 67
805576894 Wazopur 67
412794519 Gakicag 66
191854960 Haxerax 66
705727576 Hirek 66
804263730 Hisun 66
110616301 Dowosu 65
819283230 Jobidu 65
377747692 Lotil 65
962975657 Pehiyiv 65
793493076 Pupiq 65
316315785 Rizeme 65
574518064 Tiven 65
945150165 Zadehaga 65
705964896 Bet 64
70208446 Bojegox 64
678902975 Copiduzu 64
327164608 Huded 64
861108980 Key 64
685319707 Xicojiz 64
650835770 Covudom 63
945453664 Cuducew 63
869182014 Dede 63
833344263 Jiqomane 63
984205615 Judore 63
896580145 Muyuhuc 63
971177136 Qukosir 63
581831519 Vakopuv 63
744830574 Fiduli 62
382602491 Fuj 62
428330703 Jiqohi 62
340032859 Nokim 62
141422861 Puwiw 62
466949905 Rirapoci 62
803890673 Rofi 62
972049962 Tifagubo 62
291835559 Vipax 62
338077373 Yokezi 62
367899519 Yuhok 62
576315106 Zoc 62
222454244 Cerejif 61
579245830 Cocex 61
837173769 Filisop 61
563196682 Hijeloh 61
230111009 Hufiy 61
740081287 Puhi 61
807938626 Qizoy 61
332698952 Relayot 61
544760166 Remosen 61
992247857 Tesujo 61
200461526 Tumiba 61
156953299 Vuga 61
436621198 Hojariw 60
129594791 Miyabofa 60
338483063 Mujuwi 60
359701415 Pukibuj 60
666344975 Tej 60
698886921 Tom 60
280601572 Wacitolu 60
131711602 Kemi 59
273725390 Rez 59
177285782 Sisoci 59
286228745 Bihecax 58
108117857 Luguzi 58
555826334 Nos 58
588341651 Rago 58
309454909 Voyixire 58
501287346 Zepot 58
87052330 Pedoza 57
759417936 Qob 57
299502469 Vovocod 57
785234524 Vuco 57
205916646 Caqo 56
92073661 Dolutoko 56
416884684 Kewev 56
166316559 Muniq 56
97773019 Niz 56
377403190 Fubohi 55
960500531 Hepayipa 55
714500746 Humipox 55
628445548 Nigayi 55
513491734 Terifah 55
834458447 Xer 55
305765450 Yevehi 55
319971189 Bul 54
911866074 Rof 54
396710408 Sugayu 54
607060870 Betatir 53
766289980 Botat 53
334264541 Dalokog 53
716479242 Kukoh 53
637865677 Pujimes 53
556832639 Jumeku 52
584265266 Yovex 52
379431645 Celifowa 51
797091032 Kicuvex 51
719704065 Qicasad 51
768105539 Jap 50
725851642 Livexije 50
984604328 Tuqowig 50
993399213 Zifuzino 50
753743059 Kafilo 49
593952530 Lib 49
491986112 Pimu 49
479854138 Taqob 49
898452182 Tuneyur 49
680782091 Vuw 49
533714073 Wiguwiqo 49
332687409 Yanafu 49
964269098 Zuwekuci 49
686323010 Jaton 48
363817598 Vari 48
231065094 Yaf 48
759135935 Hupuzeh 47
907549495 Mecoyu 47
15630458 Sapixi 47
393847737 Tecude 47
364903181 Behuzaxi 46
101988145 Cewub 46
147814919 Divoy 46
484765167 Kik 46
286163765 Yaqa 46
280044236 Judihu 45
352810494 Hej 44
564338737 Sebegim 44
453023958 Yabi 44
54494226 Yejipav 44
813994943 Hutawi 43
712517298 Kisopif 43
802096232 Noju 43
883064884 Quyolu 43
147258277 Decunuq 42
52871001 Gob 42
243337489 Kezarus 42
382371299 Likukida 42
337277838 Reqici 42
789797001 Rojoyeci 42
655407078 Xikihi 42
301869692 Zabi 42
245419492 Goxurok 41
978426475 Hijono 41
650806421 Qeceqojo 41
894776875 Qosan 41
814776075 Yatabut 41
562670749 Yuweki 41
785210082 Fap 40
433272532 Fey 40
162469102 Xem 40
258085541 Xilebubo 40
765659187 Zixafol 40
531197511 Goce 39
270916226 Godicu 39
117221580 Mavidoki 39
401618514 Numizu 39
948431428 Qal 39
780531057 Rarulofo 39
721484738 Sakocoxu 39
504570053 Xis 39
505356909 Cegitiqo 38
751715552 Cuhet 38
923841754 Dahuji 38
621749244 Nuhakac 38
271500030 Sumibax 38
353366480 Bup 37
733487702 Cofuneb 37
690564217 Goh 36
833572889 Kuwufu 36
576402338 Nus 36
354650900 Sit 36
565206657 Yozeha 36
165390046 Bihob 35
410798456 Hos 35
67531406 Huxapuz 35
738109450 Pegagi 35
44429766 Pofolu 35
257202886 Tixosex 35
292564716 Watuya 35
366798643 Yuwomebe 35
654576963 Zuzegaci 35
908838615 Bamanutu 34
416944631 Kipuki 34
74721670 Pureleka 34
320235501 Siy 34
224410101 Suyumij 34
730591768 Xer 34
353355415 Duwadoy 33
957856967 Fojopipu 33
99046923 Hodabu 33
466037634 Niya 33
873029680 Xequvoyu 33
454511366 Nov 32
354844884 Selataza 32
432120492 Buy 31
835515418 Cibi 31
86124456 Fuzenofe 31
677673602 Luzaqey 31
455514405 Mejeci 31
935702896 Bata 30
594907654 Kehixuk 30
726497016 Vagimo 30
261577243 Weq 30
148767091 Dalab 29
922782410 Jehe 29
251490908 Jibixezu 29
128489458 Jito 29
939698050 Kej 29
812841653 Mejecogi 29
235953492 Qosade 29
130621521 Sadu 29
507671480 Sawo 29
918816437 Vega 29
461809137 Xewinawu 29
633363022 Yagujaz 29
777833682 Docaw 28
288524138 Dutut 28
986387454 Gakor 28
878586114 Kaloj 28
188796438 Numeyid 28
600766287 Revih 28
179805769 Yabize 28
895844695 Yizeha 28
148565538 Zikevi 28
393922258 Fedebu 27
376415474 Kok 27
726213399 Pipewim 27
757855288 Qos 27
169101122 Jageg 26
222872274 Lufiwi 26
732139512 Rag 26
224350494 Bifexuv 25
769318322 Ciw 25
832544540 Dideb 25
184698783 Diy 25
279561459 Mesaq 25
161862112 Mihayis 25
342388769 Necal 25
95269064 Fusedav 24
674040310 Gofelov 24
634416586 Hariruco 24
501345332 Lejijefe 24
764794563 Cevezave 23
769782049 Lusu 23
316753376 Wama 23
968039176 Yudikoh 23
873949202 Cace 22
342047718 Doriwu 22
458905123 Tobel 22
723551510 Tojasuwa 22
176126857 Xikuq 22
162493730 Xoh 22
81818797 Cew 21
195048420 Datujiki 21
719788810 Pegiqi 21
937063571 Deveran 20
499249363 Vix 20
222535920 Zive 20
40120364 Nofem 19
976928619 Soba 19
604136630 Bimex 18
408963396 Bomev 18
673404084 Galay 18
263285834 Jof 18
485974086 Vumuvu 18
729315191 Xev 18
167533310 Yoricuka 18
374357785 Yuq 18
693105708 Jozet 17
506577257 Luci 17
471530701 Pemawex 17
610184266 Sotozevu 17
323835698 Lamoti 16
886891670 Liha 16
497947049 Masajowu 16
941326100 Qud 16
93148740 Soqu 16
489882336 Yuhi 16
763806019 Doye 15
771481071 Zuvez 15
116409514 Bifoy 14
87252083 Gat 14
493710246 Kebida 14
563790866 Niku 14
41141355 Suvaha 14
1482491 Wazipifo 14
230699826 Belayi 13
607365355 Dijahod 13
886059806 Fojuc 13
42588874 Tukuki 13
932915185 Cojej 12
715185886 Daz 12
666533562 Loxi 12
382124373 Cema 11
832312311 Depeki 11
407962287 Jepevi 11
189731128 Rad 11
978796806 Renob 11
92357643 Zadak 11
545170299 Finaz 10
599049850 Fiyiqaqo 10
983246144 Nom 10
451090505 Sukaxi 10
147649470 Worizoh 10
71272448 Yuc 10
402192829 Vobowu 9
827213947 Bomoku 8
621864813 Duw 8
457618026 Fegujer 8
223457604 Luda 8
159420806 Voqo 8
795710627 Zatuqego 8
505162583 Besijahe 7
201143038 Bewizu 7
272024872 Biy 7
888710427 Jar 7
349044150 Jenu 7
339076642 Nuxotov 7
421417731 Sireda 7
719404926 Fenetis 6
874747369 Noqoyiru 6
878729849 Sukade 6
447230173 Tuwunega 6
391531494 Vodi 6
202527858 Vof 6
258510959 Fis 5
639756462 Hor 5
661167427 Muvinep 5
107749770 Piqu 5
658501732 Pis 5
305318059 Wab 5
281480698 Xehinaw 5
62165454 Fewetudi 4
120004855 Hecoc 4
199661498 Winaqaxa 4
211761535 Cotu 3
863919024 Dafayajo 3
36547523 Feyi 3
768463657 Hizuma 3
261002610 Quco 3
828917959 Tazibiki 3
933125317 Dadum 2
771370721 Fanu 2
705242665 Hezem 2
617157491 Mijuro 2
989575130 Niromak 2
505185045 Wiloxu 2
529247508 Ciw 1
754749271 Cohekit 1
234740077 Helo 1
911159331 Jegufuc 1
838170336 Jic 1
92796716 Jowaf 1
943007320 Mucapo 1
21706294 Nafut 1
276768355 Yoketubi 1
548835912 Bafalar 0
462734306 Lifunu 0
956333837 Limu 0
