623305460 Becir 100
165404912 Cesib 100
180424615 Fahago 100
176909771 Med 100
489393801 Nicifedu 100
232119138 Nirifaxa 100
162108940 Rujeqi 100
514236817 Wel 100
533493473 Zako 100
762167360 Zobirav 100
742331344 Geyeh 99
358121285 Nozofuk 99
954179541 Retocaq 99
772198766 Sadolug 99
756117728 Socupihu 99
906292291 Tuy 99
419764779 Weh 99
715066731 Wodizo 99
936800984 Xaqag 99
767220153 Yukone 99
657638972 Bisunoga 98
494423230 Juvisu 98
550212649 Lupit 98
218621895 Mecow 98
66042446 Razahu 98
814569459 Tugox 98
67785706 Vec 98
869645546 Vegaju 98
393963850 Xox 98
145789222 Gik 97
784928033 Goq 97
848139042 Maqol 97
203978609 Puyel 97
262598965 Qacir 97
204007189 Ves 97
179622381 Wudedis 97
512840883 Beda 96
421844675 Caqako 96
93220800 Cazisiyo 96
29039107 Cug 96
938622301 Gazari 96
995926063 Giq 96
599976587 Pocuyisa 96
217622960 Pum 96
812777169 Vix 96
668609676 Garaja 95
421310896 Newimot 95
840758463 Pirideqo 95
999082404 Pive 95
215772501 Roh 95
924556077 Sanikan 95
394467740 Satocal 95
926188030 Sayipo 95
411419736 Yuz 95
50580673 Lanix 94
969724497 Posonac 94
168680168 Qey 94
562289942 Seleka 94
115976206 Texezo 94
120637327 Xiwenak 94
330443419 Div 93
879579817 Ham 93
456206787 Lejar 93
756096361 Pifaf 93
948618326 Tij 93
614690308 Xorifal 93
48759433 For 92
125930979 Gazed 92
860142485 Hiqeyuje 92
251774893 Jugiqoze 92
355646888 Likagavi 92
158928712 Resoju 92
174113648 Talop 92
823155477 Viku 92
599976331 Zamo 92
290797988 Boluri 91
445623053 Daqev 91
318365239 Fecigel 91
471337914 Fet 91
906943054 Gegi 91
354993930 Hogulaf 91
553755256 Juyesola 91
225649885 Nefuyu 91
922467140 Nuvef 91
567984921 Tidub 91
712105912 Toqara 91
268612475 Wawus 91
613962945 Yovecote 91
934545315 Cehilib 90
718544828 Cufewu 90
922702585 Joleveju 90
681072023 Pir 90
19574800 Bucice 89
89173372 Jof 89
624874209 Kugeqoj 89
658715163 Mul 89
710770724 Pebi 89
41211543 Putid 89
116018587 Recuwudi 89
822890649 Yewiheqi 89
208003158 Yuwaqek 89
753572020 Hunuvey 88
234886910 Poyemal 88
210547276 Rus 88
808506586 Sos 88
822162955 Xifotuxo 88
989068102 Fehinog 87
371326820 Jotaful 87
269045007 Mirepaqi 87
11339696 Nebefo 87
970492578 Newu 87
70680100 Nisepap 87
526927183 Qih 87
11422262 Rusem 87
221298507 Wedate 87
344212773 Kal 86
431435060 Lazuve 86
852355353 Miloy 86
81409158 Muyaxuge 86
396412941 Sofeti 86
291389770 Venof 86
880906021 Xehebet 86
764691034 Geh 85
532675485 Kura 85
118678876 Mir 85
850515846 Qabahuxi 85
934603036 Togatof 85
199368222 Jitiki 84
785650779 Lujago 84
7000667 Nurowa 84
877008561 Picoc 84
548412543 Qahanayo 84
772773907 Bipob 83
225585633 Cubo 83
747287900 Mahobu 83
109487360 Nox 83
630857896 Sulaqoba 83
383650697 Yox 83
11734421 Fikakuq 82
162644028 Joruyu 82
784688357 Rez 82
485842047 Xaw 82
370586708 Zutubok 82
897362095 Coqudes 81
269297406 Gegeduhi 81
396118386 Lujecuv 81
16236216 Fubabo 80
87480291 Nuya 80
394566205 Qoba 80
757053811 Sejuvujo 80
453356848 Xapuhif 80
36756200 Fugotezi 79
583884080 Kula 79
531597941 Mesel 79
253431756 Petibal 79
422588417 Qevuniy 79
827273357 Qok 79
139546972 Sokohe 79
630171932 Xucawimi 79
782505522 Zelaril 79
392995925 Camovogo 78
542468937 Cawo 78
100437527 Cejac 78
777771585 Dales 78
712902774 Depid 78
825357095 Lowig 78
129156772 Maq 78
683620854 Muwopac 78
939806235 Ruye 78
308646032 Salowabu 78
330528355 Subucolu 78
948489506 Vogux 78
451344608 Vupokobo 78
815886374 Wiyegi 78
774653522 Xoxun 78
889661315 Dazimine 77
93178765 Dukenovi 77
612495476 Fomakawu 77
443137407 Kapesar 77
716629234 Loyabasa 77
142289013 Payuto 77
10584774 Sav 77
817343608 Sokupexo 77
515041501 Bahobuw 76
316097377 Fusa 76
640384940 Hapeso 76
304878824 Motew 76
648931477 Pir 76
960757973 Ruvoz 76
347618264 Sala 76
663024424 Weh 76
970672140 Zuc 76
53012603 Bavobi 75
790779064 Foza 75
288366222 Naneveva 75
909035223 Qegom 75
691712955 Sub 75
130371290 Tagaka 75
281259453 Vicade 75
287035842 Dosuc 74
746345927 Foqatada 74
270607355 Gacuhico 74
392284226 Gesiso 74
62425899 Gupe 74
536828154 Hayelo 74
163070684 Hok 74
948750213 Leco 74
368385943 Nin 74
557015037 Salevit 74
791015293 Vito 74
844564498 Wine 74
459336156 Foduxuh 73
175151866 Maheti 73
117364388 Nibobu 73
988143426 Rediqecu 73
719338732 Soqi 73
59999310 Tabo 73
412550404 Bedikag 72
400447299 Ciwis 72
982856812 Nor 72
591738377 Puduk 72
747642054 Rehofimi 72
16434176 Yeto 72
756272654 Cojuquq 71
608748111 Higaquy 71
265653367 Lofafamu 71
976843059 Mabox 71
934658400 Mepariz 71
14665673 Tuwoko 71
772476726 Yunuvep 71
179327880 Zowuk 71
639266407 Coyuya 70
635457807 Fik 70
283983584 Fol 70
572769129 Gizu 70
898602287 Nav 70
193694153 Qaxezare 70
848691584 Rosi 70
606406300 Wej 70
474788013 Xila 70
208194071 Zov 70
755575643 Fasoqa 69
799244287 Fufeti 69
347619424 Milab 69
976412147 Pen 69
674668792 Pizaber 69
591893538 Pum 69
424717949 Qasusopo 69
736881069 Woqebo 69
574422788 Wugulij 69
772796600 Cusade 68
762247148 Gec 68
703107683 Jilozeje 68
811496268 Jir 68
364510932 Nefulisi 68
264217608 Payuvap 68
256763040 Podabo 68
665231466 Qovo 68
426916988 Suwure 68
608095068 Yic 68
61071285 Hucibane 67
568065769 Jucare 67
716498512 Min 67
370090445 Rote 67
208919415 Xafow 67
199438114 Zic 67
739423698 Fuwuwo 66
480284120 Muneda 66
997445912 Nem 66
93021300 Ruwuleka 66
746207423 Tatukaci 66
900828698 Teg 66
482855504 Zek 66
542492074 Bime 65
309806443 Ciyaquko 65
931403407 Cowol 65
534301527 Faza 65
515189874 Fewi 65
744613844 Karo 65
369594865 Kiqitoz 65
355784778 Nurur 65
953708513 Tuhatij 65
20148871 Vawiloz 65
969743495 Jaragize 64
176656662 Pibon 64
398537074 Rab 64
391091024 Til 64
300756625 Tuped 64
45403276 Waf 64
222415052 Wego 64
284686206 Yadaz 64
340284639 Cire 63
341713218 Deb 63
873427643 Giyewika 63
502946002 Vikiwiko 63
9429083 Xikof 63
607758413 Zocadawi 63
840576337 Borodi 62
221350410 Judi 62
315810761 Juvig 62
218985296 Tubehu 62
755883484 Vabi 62
661728265 Varudi 62
11754506 Yamuwep 62
306211621 Zevag 62
388928729 Zoxow 62
872293056 Duke 61
923365165 Keyiba 61
162590401 Nibir 61
945321340 Pelayawi 61
307171810 Yaxec 61
591883610 Cow 60
519411974 Culebi 60
922171677 Fodig 60
207009387 Mey 60
276233224 Moxu 60
608278095 Nudi 60
808991054 Rijoke 60
861819681 Tari 60
392878114 Veburi 60
675772687 Vezahij 60
201332605 Zavohac 60
579148400 Zigeme 60
70960755 Bacixazi 59
989582037 Dob 59
34686156 Hizicake 59
719870531 Jagafos 59
794840290 Jetamin 59
322209255 Mereh 59
617642259 Puge 59
187060872 Sajivah 59
302236914 Tona 59
697990567 Gopa 58
996231511 Menozib 58
923746078 Naheyero 58
96719335 Natudaci 58
43707355 Pebagav 58
121481099 Pucatoju 58
563401093 Rori 58
356541233 Socoxa 58
197823799 Tekewoc 58
756873813 Tumaqe 58
767667225 Wodom 58
214030999 Bobatah 57
455458743 Cegon 57
882271025 Cidewed 57
672367623 Dav 57
521115135 Gaber 57
214153015 Guli 57
752673285 Nuwewi 57
114251000 Xetu 57
380957875 Baloza 56
727184187 Fag 56
569311837 Lipota 56
125305508 Nipoz 56
688175857 Taka 56
580737169 Yuqogolo 56
458548510 Behufe 55
888780214 Cazufox 55
289833814 Fotov 55
467952543 Hixe 55
516188597 Siyaxo 55
768895408 Xuz 55
729294059 Diba 54
138137051 Gibasave 54
113835952 Kamilacu 54
479603378 Pek 54
555251783 Piyekoro 54
106240366 Rono 54
304764871 Wefobu 54
529540888 Hoq 53
238815877 Kihi 53
67262295 Necagag 53
863900284 Qefobucu 53
393229276 Rotodupe 53
228495241 Valopug 53
511296923 Nedaj 52
234361636 Pis 52
262348695 Tagejece 52
87362318 Xilu 52
801165922 Coh 51
424871295 Fur 51
176970718 Hesoqi 51
399507200 Jacikom 51
116489337 Kemus 51
924250153 Kesutek 51
556077804 Lajo 51
19094351 Napuqel 51
605386903 Papihup 51
369375760 Qat 51
797175791 Debor 50
289492377 Dimo 50
518122819 Lukuto 50
17905320 Wequ 50
929353054 Wolumi 50
435156652 Cijoh 49
562492869 Huse 49
152883054 Kulu 49
749476604 Niwaze 49
949250563 Xedo 49
283262618 Begufu 48
153074802 Fisajar 48
674944535 Gaq 48
653961325 Getugoze 48
720589383 Hufarede 48
595478015 Mame 48
811380136 Nifelu 48
662856603 Renu 48
295626557 Vekeyu 48
337846878 Bepupi 47
294901621 Hamemavi 47
146125342 Nibofuz 47
54785145 Qayudewo 47
609697090 Situjoqa 47
767093411 Sux 47
355246904 Toqebu 47
724952493 Vosine 47
95007522 Zuy 47
118355476 Helu 46
619171636 Nadecu 46
921735509 Sagicid 46
914830739 Todacuw 46
861367122 Vuma 46
589275699 Weriwiv 46
295968496 Cima 45
444145685 Haq 45
804165710 Jeva 45
833153710 Jow 45
636724741 Muqoziw 45
487355702 Naj 45
538547375 Niluzu 45
668044740 Qeyepem 45
984800973 Xej 45
397714888 Xezutera 45
936539869 Yarumoda 45
586951545 Das 44
500051803 Fifej 44
168046468 Joduzi 44
52966067 Kog 44
522328806 Laqagi 44
177374927 Teley 44
277530267 Zene 44
203399127 Dicireyo 43
599378766 Mapiriq 43
262248770 Nixeh 43
611775851 Teyer 43
760986603 Wesuba 43
14624959 Cotawiw 42
421662483 Cut 42
769270918 Fas 42
571401718 Fike 42
615794751 Gafekaz 42
201300194 Gan 42
945074315 Loz 42
881699808 Mugidani 42
465681995 Nota 42
817706604 Xesinin 42
341434683 Xijenaj 42
534294812 Xuco 42
165779331 Yaluv 42
434069489 Bunida 41
73486753 Cakaja 41
532910057 Curujuv 41
638105592 Dakevi 41
611115748 Mag 41
242149948 Ned 41
926608771 Suc 41
295504828 Wekibe 41
181339955 Dudur 40
271948783 Moculupi 40
164788516 Naxub 40
873758561 Nocaqe 40
810026271 Riwosu 40
168218677 Wac 40
370799353 Xegowo 40
672608589 Ximam 40
850306689 Yidebum 40
378186386 Zijoxij 40
1893188 Bize 39
12041471 Cuyijam 39
113139346 Dimonuqo 39
342794980 Foke 39
910813344 Hifeqoxa 39
79442343 Hir 39
991320739 Qozuqace 39
319072031 Sequcu 39
7131978 Wacox 39
656850146 Yose 39
75416936 Motalem 38
825115709 Numaneqo 38
86460366 Pelaq 38
427430366 Powicexe 38
935337207 Qitas 38
741463859 Sukilule 38
515099137 Yuwa 38
254440124 Zameyaj 38
143112795 Gibus 37
292347035 Migukoki 37
991852747 Sefowi 37
120524807 Zuwi 37
951753218 Defida 36
323283521 Furuda 36
241081285 Kar 36
858182760 Nazon 36
697767444 Pep 36
601013908 Rijivi 36
40909081 Wavuni 36
408473203 Wile 36
490037733 Wiqivoho 36
790153499 Xuguqi 36
625083042 Bosoviz 35
713870497 Buzer 35
422690105 Dihovex 35
961140813 Doyizedo 35
96645593 Tiyom 35
243572119 Xal 35
363920424 Xubehija 35
651866131 Yucap 35
638527884 Zijoka 35
193847235 Fafopil 34
315402990 Ficexi 34
515547272 Fijigu 34
401773360 Herej 34
559006279 Jazev 34
380307030 Nupawiv 34
333222420 Quke 34
439218544 Tofabe 34
561664829 Vadijoji 34
158098453 Vohowuf 34
640421795 Yihiy 34
535127324 Ziq 34
880808796 Deqotofu 33
540127198 Goza 33
192677977 Linar 33
203104453 Mibeg 33
542257879 Nitovus 33
518270253 Sohula 33
790426652 Xawegum 33
704264068 Xaz 33
108133715 Xiv 33
283949676 Guqalim 32
701255933 Jijisobe 32
152866798 Kaduqul 32
440806227 Koyi 32
100566193 Liyiqow 32
190116449 Noce 32
231225095 Qixim 32
114825330 Xeduk 32
609026386 Zef 32
96895591 Ceboyu 31
224582881 Ponasa 31
721244434 Raje 31
584475738 Reciti 31
688890004 Tufajemo 31
774229265 Vota 31
595479751 Curutu 30
335518170 Gaxajiv 30
643095852 Hac 30
340587972 Jen 30
61428314 Jusukod 30
568534617 Pedu 30
134365495 Qisap 30
937674972 Qup 30
127960496 Wako 30
154037900 Yesiqidi 30
355952675 Zoretu 30
773876413 Fajow 29
860836667 Hodigocu 29
680820071 Jebitag 29
266239566 Lorepiv 29
52639552 Mifesus 29
619278416 Xeti 29
203276773 Xironuz 29
651794455 Yaheh 29
254256671 Gad 28
645316159 Gefaqef 28
295515945 Kegeq 28
645125795 Nepogo 28
655689349 Qav 28
446433211 Zowuy 28
10176253 Zujovuya 28
481585895 Hiwegezu 27
342845899 Jof 27
607417042 Qimamek 27
448797488 Seyotub 27
315999185 Wovuwop 27
222041404 Xitej 27
319428630 Yalovo 27
229706911 Zol 27
574406066 Cene 26
312951653 Dezo 26
574869711 Fas 26
844489663 Goyun 26
773035050 Hicagehe 26
401700431 Jubinef 26
68763870 Razop 26
649806820 Zihuvosa 26
789171141 Zum 26
383220192 Cuk 25
406816035 Hakis 25
274482429 Juz 25
334001406 Kudeli 25
141191580 Pabukinu 25
283505980 Sahosa 25
77681508 Woxaquv 25
85626629 Det 24
818146509 Dul 24
126745396 Dut 24
399417356 Fisoso 24
599862550 Honi 24
447929021 Mozav 24
21372287 Puq 24
520428393 Ritaboh 24
578703541 Vamefis 24
401305114 Wox 24
65489700 Musid 23
329717268 Noxogog 23
885150340 Pohija 23
409312347 Racili 23
654907705 Tuji 23
30722151 Woneb 23
948048417 Yatezav 23
286427977 Yuboc 23
104429472 Zikamuxe 23
815224777 Zikolup 23
256330969 Cezup 22
110748629 Dajaroku 22
572527404 Mibuwuyu 22
46109859 Tawuka 22
320623224 Fetared 21
751066216 Hidireg 21
195204480 Siyiku 21
774232639 Hafi 20
696010965 Heyoj 20
800965706 Jebaquq 20
17679400 Mij 20
403887123 Pewa 20
392488375 Qani 20
997927560 Fojufiv 19
453754980 Fupewoy 19
341205094 Him 19
138727285 Meci 19
224920933 Mixeheha 19
260361258 Nor 19
946274485 Todivim 19
762759122 Vuguvina 19
44386653 Zedawome 19
966121941 Zopifov 19
311559230 Cusa 18
724024242 Dudaw 18
687690261 Lusof 18
37214986 Qukevi 18
707630940 Rop 18
662729147 Rosesezi 18
43015195 Tacal 18
31707950 Yetocaz 18
1465825 Hecebep 17
480761308 Hen 17
761464231 Tet 17
721051056 Veqiyoh 17
378336491 Xowaxud 17
106574057 Yogux 17
60674755 Meweseya 16
521812990 Movecuje 16
355130202 Niba 16
349008284 Qupupec 16
714743271 Wat 16
363080598 Bomaqedi 15
336319375 Gefavev 15
709978606 Geqeweqa 15
611379012 Gugalase 15
868859372 Habij 15
334591799 Jayequ 15
281852641 Miduvi 15
306956453 Muz 15
568157260 Rewufiw 15
898882107 Sebule 15
316996262 Xapeh 15
85794916 Boji 14
822130542 Cabewix 14
267413247 Cakibiro 14
43878678 Nuhisod 14
816337202 Nuho 14
984348634 Xiz 14
717650596 Xubi 14
239317825 Yig 14
2848778 Hejuxude 13
205170385 Naw 13
825809989 Raxu 13
352985671 Rel 13
601150855 Tocul 13
184728862 Vagevihe 13
852062453 Zonumequ 13
545593357 Cayer 12
666619515 Duba 12
912088735 Hiboduw 12
518570459 Hica 12
990357028 Judokuz 12
948532038 Lis 12
974430165 Tuyowuba 12
686855424 Wazoxeda 12
239626733 Fet 11
639634204 Jeluroz 11
765473860 Jolelaq 11
47793481 Qitadobo 11
853970197 Tiruca 11
908844776 Wolajusa 11
398299642 Wukid 11
831121053 Yolinom 11
706031429 Bateyixu 10
188215493 Bayova 10
808057619 Burisuhu 10
846786310 Palu 10
458835374 Pubuyaj 10
876316829 Ricimuy 10
702114577 Sob 10
513597491 Sone 10
397715147 Terexir 10
698176946 Tomuriq 10
122818105 Votakuj 10
766023152 Domob 9
731823765 Gogum 9
331191097 Nuw 9
280233265 Ralo 9
753755311 Wow 9
719770557 Zizo 9
81148768 Kiha 8
227585123 Luwapaj 8
651880866 Moj 8
294991083 Nizagi 8
387979173 Peg 8
366264392 Wayud 8
332356484 Xebelob 8
574844046 Yunifeh 8
146148987 Zak 8
180857921 Fadel 7
689545375 Fovan 7
982908011 Low 7
533506602 Nixebemi 7
351324581 Vadeze 7
512296843 Dav 6
727919833 Fuqov 6
941519887 Gicuroso 6
993754118 Larukat 6
915644217 Pobivoli 6
286063431 Sujaj 6
844561529 Woqen 6
786935977 Yohoyey 6
180139170 Zocezof 6
465348619 Cozibak 5
482980696 Fawik 5
824566946 Fetiyed 5
460429997 Honux 5
188343135 Pilezib 5
179580477 Qoded 5
268674507 Vapo 5
983372597 Vonibic 5
692664527 Wugu 5
981912734 Yuq 5
945410943 Zuzif 5
773507035 Doxeqid 4
338519016 Foqofahe 4
290639319 Henela 4
429529188 Hoxupo 4
953817687 Key 4
158147291 Qal 4
47823662 Rukaxin 4
502267654 Xarek 4
260327104 Zukig 4
774828576 Denobos 3
626289488 Duratoq 3
873045337 Gepe 3
698133736 Lew 3
404478269 Radok 3
344738901 Vuhot 3
453258065 Yeyop 3
944998663 Fohata 2
438958874 Fufenix 2
619716217 Mahaf 2
52879160 Qixedoy 2
215446921 Ranu 2
708771778 Wos 2
897638116 Ziy 2
179062212 Gag 1
909299313 Jilone 1
746750494 Kuret 1
120441833 Lot 1
840114599 Puvew 1
5028674 Qip 1
612186227 Quyi 1
960152790 Giqehov 0
190095763 Kicuquh 0
882629199 Kow 0
611669864 Kulin 0
609640436 Luhes 0
899765335 Monemod 0
822756983 Rubel 0
42804381 Sezici 0
875945003 Zajeruba 0
