116752955 Divuk 100
27411947 Dutiv 100
587871812 Hafu 100
160587633 Mew 100
6309560 Fedefare 99
913967381 Vomokupo 99
970154439 Xet 99
317605827 Xofigah 98
839924490 Heyawa 97
898892722 Kozulu 97
864487959 Lacu 97
919985077 Xucimo 97
373390013 Coqejaju 96
380062459 Litomug 96
606026641 Mekif 96
649415404 Tekiy 96
246639125 Vobibuv 96
292402847 Xak 96
217034270 Xula 96
522421539 Zohilev 95
778169445 Fejuqo 94
428559699 Fetiqiw 94
143317502 Gocasag 94
942719610 Yuw 94
467700821 Mexoqez 93
495765070 Movecij 93
218455251 Qatusu 93
509665580 Xinugom 93
705077206 Yejoqohi 93
61604906 Cukumone 92
110011662 Duxoq 92
712597882 Gowis 92
31692636 Jowu 91
811788901 Nenixe 91
701413309 Topuja 91
70756294 Gatoto 90
84053495 Hexez 90
525745474 Sugak 90
557596738 Fiko 89
501861908 Hozo 89
125222030 Xefunuca 89
63693273 Homo 88
522874555 Pumaluce 88
406438876 Xafu 88
983793803 Yerizuc 88
272755423 Behawa 87
482405831 Cisab 87
168315804 Dejap 87
409254293 Qutuxev 87
391150388 Benu 86
259357705 Ciguwase 86
57443164 Difeguje 86
67773159 Vig 86
979475298 Leju 85
967718142 Luvoz 85
660018110 Map 85
746922777 Mixot 85
970512798 Xac 84
186385644 Cofej 83
672819206 Leyibur 83
307435633 Siyusux 83
399919620 Bam 82
449264264 Lamusi 82
588448693 Narayeha 82
259192936 Wipibu 82
628260526 Wutov 82
909077834 Jec 81
70984472 Lay 81
877798864 Mabumi 81
385796782 Qiqol 81
601757474 Qunufibi 81
300686848 Tusuw 81
107678909 Vomohum 81
358069116 Zifewas 81
688866106 Dozow 80
715302366 Feq 80
595368736 Foniba 80
551887318 Vukofoz 80
355172996 Wavaj 80
804608211 Gekocina 79
124931646 Vugubo 79
698459942 Dukoxaq 78
785024206 Jupow 78
823909693 Qijuga 78
559862070 Loriha 77
197521222 Rebo 77
903133345 Vusobe 77
356785050 Yavu 77
979308745 Fokeduv 76
420309927 Hop 76
740432820 Kafeg 76
947029744 Led 76
219797953 Muxawexo 76
103265290 Xotuzu 76
101763529 Yeca 76
866563058 Nateyuw 75
758710699 Rat 75
412494173 Vefo 75
269848361 Wok 75
147248805 Xayifoq 75
743760249 Xip 75
40472401 Hecaz 74
700014355 Gucaye 73
329319545 Riko 73
342980187 Sor 73
776700969 Wiyun 73
200861899 Xakiva 72
846155084 Xujove 72
182537430 Yeti 72
839107806 Yojupe 72
782030542 Decehin 71
404178249 Qohijep 71
441847147 Weve 71
656981579 Zohelupu 71
862087089 Suvul 70
948689165 Xuc 70
445740040 Bujemura 69
208375658 Caveboxa 69
846702171 Fap 69
240731697 Kuwagu 69
165607476 Sadam 69
501752371 Waqovome 69
578219528 Pid 68
103607319 Tojaw 68
375335796 Tuc 68
711543395 Wikaw 68
761945168 Beb 67
547692623 Lubi 67
961873700 Qexanud 67
645342837 Wec 67
705273121 Yedenucu 67
151706850 Bedepuwu 66
432362701 Goloxup 66
770920157 Hunehu 66
338406493 Nuy 66
624480581 Ropigij 66
658389261 Wiyazek 66
775669896 Kitov 65
116912085 Qataj 65
354432019 Cito 64
52319819 Lajegi 64
869698982 Nag 64
72190859 Yecob 64
245822508 Beqiq 63
165120871 Hakibot 63
593722289 Pomotapu 63
697996430 Kay 62
73965468 Marum 62
564449039 Nofo 62
357538416 Qulubeju 62
76201410 Xikavepu 62
767379758 Cave 61
132999541 Ciku 61
958206918 Hikepe 61
21504855 Pihabaro 60
588819157 Cekifat 59
129064002 Coy 59
524168320 Kop 59
859607848 Xod 59
192855126 Beq 58
10547198 Menopuba 58
970950833 Quhefe 58
60014684 Wabav 58
120046649 Cutekul 57
986058236 Doyases 57
283187035 Nawud 57
827781446 Potu 57
293455322 Tufa 57
66905012 Begaca 56
1308563 Soxo 56
178869494 Xuros 56
584991983 Bequ 55
85595545 Neguk 55
578827895 Bece 54
122087276 Fova 54
5181644 Nix 54
847749969 Dumu 53
244156899 Fesunoqu 53
494546659 Lamomuza 53
187074525 Marafemi 53
301055394 Qipihew 53
839088907 Joxade 52
348783652 Puro 52
99372457 Refa 52
683906885 Bakexor 51
435091810 Cic 51
417458264 Qihiho 51
460335616 Xoxeq 51
926811515 Moq 50
678786531 Qel 50
523036030 Ratoxur 50
173257396 Sukahel 50
142661090 Xusihu 50
796003203 Xuvada 49
270045875 Cetekako 48
702424207 Viweme 48
361759189 Xevikatu 48
83091250 Xilagopu 48
565505783 Qufufaq 47
560178342 Xuv 47
297932078 Cen 46
76157327 Suvux 46
592083263 Wariqo 46
367264701 Nomor 45
663837214 Puqufi 45
681321518 Qav 45
363878707 Rewide 45
635537546 Conape 44
563221399 Nofuyu 44
62717651 Pucofizu 44
150137946 Gih 43
565314140 Lociges 43
489685654 Pix 43
721221034 Rin 43
820847018 Wipojow 43
164469984 Goza 42
713080895 Maxepa 42
367657105 Tero 42
85068068 Fujunil 41
627176815 Necexuq 41
201698228 Sul 41
874934175 Wakiq 41
481150065 Bag 40
710015826 Dijuval 40
720284954 Heqovi 40
988039182 Huyi 40
721251035 Qew 40
445528861 Tuyezoxu 40
792688976 Xariceb 40
856217276 Yux 40
657874651 Tewafos 39
128509233 Tip 39
238884764 Vito 39
774943645 Dad 38
168244040 Neyisa 38
670079989 Socidogu 38
367014030 Tipivih 38
521178152 Yagi 38
854106736 Cof 37
348922022 Pegoxav 37
867937780 Zulu 37
335680150 Moluxuho 36
202715856 Rugaquh 36
15589859 Jiri 35
500527342 Rozedi 35
988246048 Gise 34
513487251 Juqunub 34
261144116 Keqonup 34
943251516 Wometa 34
443463270 Xukamido 34
432355184 Dug 33
950719149 Fokic 33
661191507 Pih 33
863837521 Zapixazo 33
268216774 Lejadus 32
213674483 Reke 32
607378974 Tojoma 32
222753138 Wakevu 32
431961048 Boviluwo 31
973193599 Hemog 31
346250609 Cavi 30
196430649 Cofefi 30
774971903 Dula 30
235264584 Rap 30
259799087 Wupo 30
88868284 Zojep 30
655996828 Cuxef 29
531300600 Jomix 29
697538725 Wezocik 29
304294733 Cebuvi 28
481802004 Kemof 28
942118857 Sane 28
864609380 Borivo 27
117289473 Fesojiku 27
564813916 Vumepap 27
865809601 Vuqa 27
739590645 Cudon 26
24713766 Fiwo 26
15621623 Muzu 26
652204909 Qix 26
692936981 Tisam 26
820670936 Viv 26
831462333 Zopu 26
242573424 Jefeja 25
68373495 Jobi 25
117703674 Maje 25
874214248 Pah 25
312180824 Piweteka 25
74796305 Raxacolo 25
170382303 Sexi 25
103974342 Tibo 25
552487052 Xexume 25
728941562 Dilip 24
856221630 Goxeguf 24
65271057 Rel 24
348235867 Lususe 23
52142643 Nage 23
548390086 Patozeko 23
705242431 Wezab 23
793043154 Xit 23
44944499 Zixadiq 23
597544809 Covetini 22
648948066 Fosofel 22
385774248 Tiqipuho 22
956095575 Yusay 22
752187538 Hoku 21
948906226 Vojot 21
616755430 Yasah 21
620368804 Cir 20
727523617 Cove 20
837593406 Rodiqu 20
122134677 Yukukel 20
795150712 Jewo 19
266047654 Suqeg 19
842340169 Zegimu 19
704618182 Zokolusa 19
994787730 Namasabu 18
87342239 Rugimez 18
986878078 Febaqix 17
437704324 Yewupopa 17
982437834 Laq 16
794983747 Putezupa 16
402646571 Wazaded 16
473797045 Wevu 16
314668630 Xed 16
4942205 Pay 15
658412210 Qakub 15
242578746 Suzaga 15
411669211 Biqigosa 14
203789511 Har 14
937737370 Jemu 14
987746893 Koni 14
288385497 Lemizo 14
98819969 Mapogewa 14
79786699 Wapizas 13
721570665 Fem 12
557691358 Hiqecu 12
320664557 Mefapisu 12
628933269 Rugi 12
345317088 Vagafuc 12
476784419 Zebiq 12
997285669 Luv 11
8035161 Miwipoh 11
420020964 Qoqubil 11
677497647 Vox 11
432712171 Xuxahuli 11
80848204 Cozohu 10
122480513 Hosofawe 10
818412995 Qalaba 10
44172302 Rabixaj 10
75858797 Riwa 9
740575208 Vuzohaf 9
131299949 Weyojom 9
72682326 Gar 8
636308957 Gix 8
714114733 Mujicer 8
375621617 Robovi 8
668178092 Zuyure 8
183029614 Dese 7
660149380 Farefe 7
582337134 Dup 6
638628541 Fumahif 6
484841044 Gonom 6
80111848 Hego 6
811845695 Popiluf 6
290449921 Rogi 6
282763078 Xuwezo 6
281597779 Zuwuz 6
204140099 Juracab 5
70859211 Mir 4
644991302 Tule 4
651063492 Doz 3
941384102 Tonehi 3
699585616 Gibemaxa 2
208797514 Tiqu 2
306299821 Hareluxa 1
227184427 Luf 1
391017188 Norugew 1
86300476 Boduluh 0
87290218 Gomaxi 0
