746892753 Dohuma 100
795896387 Kehohiv 100
368495673 Loyef 100
974813504 Qehaxin 100
354626347 Sahi 100
184183825 Tici 100
692376098 Guvan 99
647957433 Kokuti 99
812078634 Rif 99
754374842 Gafoh 98
502564433 Kelo 98
189595725 Weweciy 98
110925220 Yaka 98
80591274 Yuxarub 98
703675984 Beq 97
571648321 Bine 97
314889481 Bosaqoq 97
737550567 Dunedo 97
460537181 Jew 97
995537966 Lobosok 97
312842537 Mokinezi 97
976694842 Nam 97
475554792 Pezikuzu 97
830552657 Sajeyayu 97
845038443 Yuperu 97
961381616 Deho 96
825968551 Gere 96
33372455 Gukiwi 96
26068991 Nehuq 96
501330001 Qegamex 96
924929922 Rawobowe 96
574768274 Tonorade 96
67650193 Wijopes 96
173600026 Yabizu 96
862917538 Yesetuha 96
195481255 Ceyaxiv 95
940890685 Dorux 95
938884607 Fecerelo 95
823655069 Fonade 95
446476904 Gaxuba 95
703099681 Hefucawu 95
237533060 Vupolona 95
201706078 Donedi 94
94971029 Namopiqa 94
44953409 Vaxi 94
105923322 Viq 94
189349069 Zugulic 94
873513693 Boyexaci 93
866660315 Cafuhel 93
649692181 Diyiz 93
129046233 Dohize 93
267939724 Foq 93
200398357 Guta 93
408019163 Jeniketi 93
703754170 Jidehay 93
310910808 Jokadoc 93
629599503 Pej 93
717602350 Putefuca 93
11314101 Qoj 93
208621741 Tedupiv 93
498314278 Tel 93
217683771 Tive 93
679414789 Toradapi 93
750425331 Toya 93
387791814 Xenolaz 93
121692715 Zuqemo 93
403673900 Zuvewu 93
791362720 Cawari 92
602426674 Hap 92
233472274 Kasev 92
77306222 Qana 92
503606775 Sifixoto 92
27259393 Waqudab 92
973399266 Yuxofa 92
207277565 Besay 91
218874621 Cuheken 91
10162955 Dufuhoxi 91
42571521 Fumi 91
450905819 Jux 91
377151403 Limi 91
33164680 Zutole 91
21318631 Dujaw 90
74473673 Kape 90
156556546 Qebude 90
536196125 Vanogo 90
730958148 Calesi 89
851308721 Difeni 89
398459001 Faf 89
64175105 Heniromi 89
690123250 Jabopu 89
295029204 Jebibid 89
411536826 Judav 89
670014683 Lofa 89
539899470 Papa 89
301871194 Puti 89
607387956 Qina 89
529983166 Qukezaqo 89
29004514 Voyaxi 89
401836287 Zos 89
693205532 Zuz 89
870564346 Casi 88
859388834 Cimoleda 88
910277582 Diriw 88
546492714 Fezopo 88
272181054 Fukuveqe 88
90923843 Gimu 88
484914812 Gogajob 88
121272556 Meqof 88
711897014 Muwoyej 88
135027333 Muxetiv 88
771406537 Newavev 88
390633254 Yujunisa 88
522321962 Yupeq 88
569192307 Zebax 88
991900889 Foxey 87
147460737 Hac 87
328419306 Mic 87
596389639 Punenad 87
716368922 Siwu 87
546531713 Tayedex 87
487676812 Zila 87
540582044 Cikiwepo 86
231778230 Fafo 86
925548000 Fogep 86
365312597 Halonep 86
91376836 Hehexawe 86
723865696 Qaxecoku 86
859655271 Vujupica 86
930857004 Wub 86
676406193 Huyegawu 85
923739319 Muqelub 85
495143821 Nivotut 85
611560278 Vof 85
245874037 Basa 84
233982184 Kokinod 84
172145001 Sukoxim 84
226459743 Xihopezi 84
663410998 Degujel 83
929380846 Leli 83
484242554 Maha 83
190114171 Malakobe 83
631998097 Min 83
256351441 Nah 83
566922020 Nik 83
819043463 Vikev 83
242073392 Wel 83
306444735 Yutidih 83
41204881 Zegudoy 83
834485443 Cihad 82
82279802 Kuqanowe 82
584586063 Rila 82
499811083 Wajafoy 82
926993344 Cisoxa 81
399326580 Faki 81
907273024 Moyigo 81
579612730 Ser 81
443117438 Sevur 81
969179477 Sumovene 81
438042800 Xiv 81
518481725 Xox 81
87974133 Zube 81
946262535 Bosuzan 80
54485823 Mupevi 80
524267994 Nacaf 80
28983210 Sinotigo 80
687571127 Vukihira 80
802982041 Geq 79
133073442 Hupi 79
276588097 Novuleyu 79
938900313 Pepi 79
729078092 Piz 79
341686121 Qikuzej 79
665748247 Rarihog 79
823055754 Tucehoq 79
144061984 Cenihi 78
852487226 Cibi 78
429696021 Foligeka 78
173376148 Giqufuta 78
364022442 Nubawu 78
674958123 Qalokoko 78
882920599 Reni 78
992103536 Ronu 78
532863422 Sacage 78
813067463 Taj 78
658475962 Vipi 78
605328021 Vuv 78
255555313 Wupibivu 78
749525507 Xisaze 78
571729613 Xuket 78
46926981 Doko 77
636254550 Foqica 77
523461760 Johu 77
566562506 Letudu 77
881955322 Pageker 77
390092523 Sacegaz 77
459378773 Xis 77
45273416 Coj 76
943525746 Duquki 76
742606456 Gekox 76
994208569 Geteza 76
839112809 Hopineb 76
678183299 Kivivic 76
518079441 Muzuyej 76
573805838 Tekoxuq 76
220445350 Xero 76
920193516 Lekud 75
671709580 Misimo 75
525636918 Tayuwo 75
840157230 Xuzov 75
73061563 Bidexuzu 74
267678816 Hurojir 74
993451411 Kasa 74
298410685 Lavubexi 74
889072625 Nikaxe 74
3398415 Rakoxit 74
465213180 Ricec 74
363636105 Tabi 74
118263279 Wusikozu 74
355886860 Xayokili 74
819654547 Yehuwoto 74
193795202 Zev 74
906423515 Zulareri 74
50021832 Beb 73
288563313 Fizal 73
529849140 Hutaza 73
142041248 Widis 73
24071973 Mahoxe 72
705909763 Xoqeqeva 72
762916989 Xun 72
467911905 Yaluroz 72
434020928 Zoriyuwo 72
756515146 Coyefoh 71
844020211 Cubada 71
507709893 Fenajifu 71
724824980 Fiqor 71
288910317 Jeha 71
495115065 Qafuteho 71
627185670 Qufofah 71
751041200 Wak 71
136555974 Fonahife 70
945539495 Fudipije 70
631303388 Kago 70
567826085 Koge 70
731399745 Lihefode 70
266546813 Subi 70
451446112 Valo 70
93461235 Wuyeb 70
16935429 Xezesa 70
839857161 Yajap 70
702765330 Ziyunise 70
552281826 Conu 69
859372196 Docal 69
679170104 Forifa 69
198997833 Jerokefe 69
537968894 Jux 69
859107793 Palufi 69
805609085 Peg 69
830671796 Robiko 69
173345782 Zolay 69
58033968 Kewadihi 68
577815057 Qiruboh 68
290104784 Yocakup 68
224657627 Cexigam 67
396552629 Hixeros 67
119162273 Jujilur 67
677776017 Logu 67
676540271 Qapa 67
389161157 Qubovoha 67
146138134 Raratum 67
957115002 Rozalon 67
298088171 Sexuba 67
439211058 Wage 67
109074022 Yiboweqi 67
815240072 Baqube 66
728521656 Caqe 66
739555444 Cuyogece 66
378148060 Luxo 66
631657105 Miki 66
773040092 Nesi 66
363653048 Qab 66
880654650 Qimi 66
293936878 Tedage 66
521718816 Woji 66
624023916 Yupek 66
789954319 Ziqeq 66
101741672 Zujuq 66
560228508 Govowez 65
485970359 Mibomu 65
226535207 Nosonupi 65
87747416 Ritacanu 65
842227827 Sowip 65
275034026 Xuhumare 65
147795365 Buqip 64
510861929 Canival 64
448054345 Fanuno 64
554579014 Lal 64
535126732 Fesuzohu 63
384523991 Gexayoye 63
31925775 Viver 63
712314078 Citabin 62
85321293 Feguxahu 62
3848206 Felakox 62
382012557 Hoqe 62
983703388 Maboj 62
917192655 Molih 62
674889558 Neh 62
776016217 Penulo 62
22132929 Punikin 62
953332117 Qaza 62
668901690 Rure 62
16481155 Bun 61
310174971 Coqebiy 61
524156267 Faj 61
957917340 Fap 61
528043682 Mutusal 61
784820083 Qofilot 61
998001044 Sitigu 61
517165453 Wil 61
932138999 Zuwe 61
814471388 Foruk 60
830657226 Gayu 60
565273507 Jaqe 60
184991386 Paq 60
60043522 Pawanil 60
58506606 Qekom 60
269590902 Siwutas 60
474906253 Vof 60
734530515 Wahezes 60
34269163 Xeporu 60
934307131 Cuhi 59
880556567 Mutijo 59
624728447 Nel 59
634461084 Pizuyih 59
740851864 Zeriyuto 59
6056646 Zixavore 59
384704576 Hofez 58
296574405 Nepin 58
557868315 Nudasaf 58
293825888 Puciv 58
142096458 Qezalone 58
751914139 Sivage 58
723311525 Xaxini 58
9006623 Xugo 58
390152502 Zowikimo 58
167761788 Dubazo 57
374519849 Gadopo 57
182011510 Pimac 57
449160015 Qayeloc 57
330513369 Qizo 57
568796519 Sesuc 57
816599347 Ticaraga 57
585248271 Zeqecuni 57
509989224 Cinajefo 56
599077383 Keruwam 56
860874566 Muvobemi 56
895083041 Negu 56
782706922 Xakeho 56
938298710 Xodavi 56
978615084 Baxuvidi 55
141166961 Bejonoji 55
810150441 Beqi 55
457995534 Gobawe 55
71069560 Hoqu 55
726386680 Layide 55
876808212 Lerumo 55
873744879 Sicapo 55
768544416 Zayela 55
885878656 Donige 54
879592717 Fewo 54
402376092 Hubipex 54
937841332 Jefo 54
328885621 Rumuxi 54
839179413 Tududi 54
309125084 Wuhuw 54
12834473 Hiyoba 53
294319302 Hujopada 53
860013868 Mapazug 53
687234639 Qapesig 53
408642142 Sebalog 53
671108588 Suzen 53
676481562 Yijah 53
654361513 Zimeso 53
850333014 Baxiq 52
857380410 Fep 52
802743857 Paz 52
888072384 Ved 52
292678109 Viy 52
145745219 Xiseza 52
297335192 Beyokeyi 51
466621247 Kifiya 51
93397864 Mulo 51
444883700 Petakuvo 51
606327290 Qidaxir 51
621242110 Rajulev 51
385756172 Saquz 51
760253418 Taraxet 51
40478381 Vefe 51
236192557 Xopa 51
794359340 Gokul 50
694869502 Juraj 50
517863679 Kizazuqu 50
414017774 Mucawi 50
62534596 Taw 50
404225791 Xasi 50
677118914 Biyowo 49
853929939 Dozimik 49
946317534 Girexu 49
388585331 Pukata 49
119199466 Sam 49
840794440 Dakunom 48
217427869 Diyes 48
726606248 Jeyesus 48
665925095 Mekohic 48
273142783 Tegut 48
406611709 Waqor 48
126824633 Xukenur 48
322410725 Zajurat 48
438785592 Cifadol 47
869220813 Quq 47
683186769 Retasis 47
846127874 Sixiya 47
569775502 Yim 47
468944078 Gukeq 46
326723390 Guqopiv 46
776396683 Lobihuda 46
448246757 Loluvij 46
814994485 Pav 46
290089834 Rox 46
76514570 Vov 46
818422813 Wurawo 46
890897842 Wuzuma 46
559258031 Bugafok 45
95325324 Gebin 45
444031235 Muhow 45
550819242 Pazaqezi 45
737225396 Qes 45
823214340 Tah 45
409434796 Vokujohu 45
245043122 Fit 44
763072704 Gejo 44
876800722 Luvejoc 44
616616442 Royijoc 44
867670617 Heqovezi 43
820449280 Hoy 43
52020245 Kefegope 43
708578618 Kureteq 43
667252541 Lafozo 43
479062716 Qifap 43
598712531 Qogu 43
599822779 Sinase 43
491680578 Tinuti 43
282932868 Tiw 43
342468046 Woduxigo 43
250373703 Fefoca 42
701573827 Huhiva 42
711506822 Mej 42
68130186 Pedefe 42
684656828 Zaruxoto 42
576746006 Zevivoga 42
449795383 Bufa 41
658638963 Diyo 41
992322442 Fafa 41
743262585 Hehapusu 41
224809198 Homo 41
934783171 Rasuzum 41
621311841 Tum 41
639876255 Vepar 41
632630109 Vifiku 41
596099003 Xemi 41
577553876 Zujevimu 41
886006536 Zuti 41
217904306 Keqogeke 40
910684675 Nixan 40
290775084 Qavilu 40
243049284 Soni 40
984065447 Sujomak 40
904997992 Vaduwa 40
61375468 Dac 39
752398138 Fazuw 39
986431767 Jafujo 39
656009408 Rudaporu 39
790494502 Sagif 39
561469384 Sezok 39
288851167 Vavax 39
460015173 Xobo 39
409308486 Cahi 38
117696461 Fumiwa 38
34911776 Kaho 38
18068399 Mimewo 38
24592234 Mosici 38
798265802 Pemo 38
901740171 Pexotu 38
345601109 Poxifu 38
733655532 Qese 38
428696049 Quxuqe 38
423663036 Tulanur 38
773926154 Yoqoke 38
905801152 Gonot 37
49298352 Haleza 37
293783685 Lipomeg 37
72606400 Qubav 37
715876094 Tuhitaqu 37
593409140 Batap 36
455220976 Cetop 36
744775289 Jawofi 36
932643753 Neq 36
607621029 Vixe 36
635400405 Cowuzaru 35
115654525 Hexuy 35
173455460 Kuqo 35
691376773 Morew 35
460994149 Petakof 35
290619560 Qate 35
338561263 Qazi 35
351897100 Qenuceb 35
401878366 Sat 35
442958925 Tawawure 35
722064427 Zaxu 35
825497004 Cocob 34
84805094 Cuderax 34
867657885 Muqenin 34
469592628 Newuk 34
94693250 Suj 34
579497968 Xajup 34
94402702 Xoreb 34
145513822 Zac 34
658689741 Biw 33
530063074 Cem 33
994162270 Duva 33
25943693 Gehoha 33
545443610 Paxeci 33
221300473 Qununaqa 33
21785890 Rol 33
626937390 Siselusi 33
536951699 Xoxuzi 33
593902681 Bozaxad 32
293820391 Burofada 32
398742470 Dato 32
349461036 Hono 32
464341493 Jirimet 32
538894346 Jituk 32
373150788 Kibaho 32
403392128 Livofof 32
331508888 Ney 32
884230795 Pacupujo 32
122855676 Yavemulu 32
802578042 Yun 32
913802805 Ciwi 31
695844334 Qozisaro 31
947594707 Wuqos 31
48727199 Gihuq 30
756764715 Hoga 30
915838970 Kitaq 30
162526883 Kuhaq 30
265258028 Nojeset 30
366997879 Panovoqa 30
284137058 Qagu 30
512057952 Rimahe 30
566572300 Rosiva 30
159768401 Talaq 30
790975585 Bek 29
690193184 Domak 29
547763078 Honi 29
396674166 Jobej 29
679895046 Lajebug 29
215694055 Qixoquk 29
939728513 Rome 29
711780092 Ruhad 29
178770418 Filigace 28
443149325 Kureyiso 28
95663992 Ref 28
856059030 Risitej 28
54124857 Murotu 27
860950092 Qar 27
95617942 Qore 27
931675755 Rojunu 27
287906879 Zizazed 27
911277672 Faduta 26
470739693 Gomoja 26
796520911 Mizado 26
448216441 Vedepu 26
726177262 Xito 26
145236189 Zitef 26
722458158 Bavux 25
446768065 Boser 25
806219983 Jure 25
21530613 Keli 25
580365868 Lujoso 25
892914640 Molarosu 25
656455702 Palun 25
2198366 Soko 25
107087421 Wese 25
197497397 Xokes 25
862465113 Yawirixi 25
344859018 Yej 25
861681963 Zegojal 25
701543059 Buqamipo 24
794807009 Goye 24
151407339 Nigogay 24
445415531 Boxasuru 23
597709563 Fodazor 23
576336427 Hemuyow 23
748758615 Jejewo 23
903595506 Jov 23
934680412 Kav 23
171557349 Lemiz 23
178309487 Qivaje 23
340343017 Rurif 23
994399573 Xej 23
374702992 Zayohel 23
324978710 Gag 22
152532275 Gamok 22
770606620 Gavebuf 22
893268891 Gijuzaf 22
586410259 Heveda 22
592488536 Jagabij 22
885775500 Kiwu 22
868803973 Kosa 22
983943558 Lage 22
876198702 Luda 22
119188452 Nagec 22
749192816 Pub 22
797623301 Qebona 22
713128361 Tacow 22
777681837 Xinoni 22
792997089 Dip 21
322520760 Domij 21
819017781 Haja 21
428124424 Pog 21
615784217 Ticic 21
142007830 Wexefura 21
740786871 Yoq 21
629912930 Gefufuni 20
135346406 Luk 20
417098167 Qikelad 20
204666023 Qoyo 20
705381199 Regakici 20
274438208 Selomo 20
528770343 Tod 20
932074144 Xuliroli 20
826599874 Yus 20
210363300 Boxos 19
393873142 Bun 19
718886887 Cac 19
708566404 Cacuyev 19
642663911 Camapuc 19
67220078 Cese 19
599964546 Haris 19
712385269 Letufoca 19
490802233 Lohe 19
669155684 Wutog 19
951436381 Yomahe 19
884500381 Hebukas 18
349998132 Jug 18
41854404 Sevi 18
846360756 Sol 18
583913928 Subuc 18
511855236 Toxudu 18
359049784 Yoso 18
191983771 Bic 17
363522714 Cabove 17
225395430 Cida 17
396347896 Dicejamo 17
395283504 Fodeci 17
310657364 Niyo 17
80104280 Nujohu 17
587638738 Peqo 17
576904999 Rayoveg 17
531626940 Simuxubu 17
106776113 Tub 17
246959360 Buno 16
954235801 Fon 16
305398775 Kiko 16
723257373 Qido 16
391258899 Weke 16
641549806 Bif 15
736715064 Dep 15
819481717 Fiki 15
543452814 Gamepa 15
131835447 Howowe 15
640230768 Ribo 15
167378684 Xutigi 15
162138417 Yaxi 15
972269623 Zufuxu 15
275077124 Dayacun 14
657419617 Gujuqe 14
187333499 Jikez 14
632887943 Mijogus 14
556319825 Qiqaj 14
216233839 Raqebage 14
26165758 Sega 14
203026140 Tedocino 14
22613004 Top 14
635357199 Weqekufo 14
594465835 Buk 13
88104144 Jolowaq 13
735463647 Jowaz 13
194167412 Kemejud 13
771200525 Mujez 13
821493219 Pocoxoki 13
425905265 Detaye 12
236319144 Giwidayi 12
637484732 Laj 12
415315508 Mivuda 12
667491561 Panu 12
652856082 Dolequ 11
50986846 Fukub 11
617945971 Gezawuli 11
289698937 Horoj 11
993637704 Jihaweja 11
512426054 Kon 11
844727757 Pipo 11
8197340 Wobel 11
537654256 Bim 10
792747172 Jinup 10
378495537 Koc 10
560273145 Nel 10
376201014 Wotizi 10
483132717 Dohi 9
250997274 Sizulipo 9
407391073 Sodowi 9
616160531 Zuc 9
79105037 Busus 8
180319101 Cak 8
403809980 Cogava 8
294360397 Dicowol 8
554010311 Figi 8
506389487 Goposed 8
176230362 Jef 8
940681642 Kihar 8
523537270 Kobijaz 8
974594578 Qan 8
854255828 Qaq 8
161489869 Voro 8
914493581 Boka 7
88504352 Cir 7
53048853 Cisacuz 7
201183731 Dabuwa 7
427717734 Fuko 7
291084168 Kalu 7
970643283 Kexumaz 7
204199752 Kijobe 7
820343901 Kod 7
477761683 Nezuqule 7
902610899 Nulem 7
609929800 Rix 7
167645253 Roh 7
410444824 Salilej 7
219540201 Wijem 7
217742420 Huvura 6
386734723 Javoyuv 6
139196575 Lozese 6
600847784 Zoso 6
204261321 Zud 6
433304889 Feboxiyo 5
261892631 Gaganesu 5
603672907 Gek 5
120614951 Jic 5
749189570 Pazerus 5
841096607 Pebujone 5
614201189 Woveyazi 5
801540268 Xitawip 5
644120592 Xorifici 5
252721753 Xuzek 5
199989312 Yahufune 5
862464112 Beke 4
192875737 Deduf 4
804146954 Foqeno 4
821186298 Gazo 4
736753918 Husor 4
641832716 Luzi 4
773196712 Nupe 4
954703737 Rowuze 4
775354295 Sotag 4
647870788 Zudibu 4
421541880 Bof 3
802632372 Cumum 3
558656727 Jizo 3
662171054 Tel 3
158371916 Titihavi 3
492460779 Bav 2
94737211 Cequqil 2
127264536 Deh 2
547753134 Gowiciw 2
705619481 Junop 2
447062173 Qupa 2
757515800 Recaj 2
922784919 Taluhiwi 2
201023562 Wujipe 2
119555340 Xiviqije 2
843348460 Bodafed 1
677585465 Dobogace 1
532358600 Hukoxec 1
915810304 Japomij 1
747619750 Jelu 1
932695013 Ligevap 1
905901321 Ririd 1
371446794 Tohapip 1
42790214 Vide 1
264506917 Wis 1
755574809 Yas 1
536131717 Zifa 1
377548770 Bilu 0
433420509 Fiwe 0
700914480 Guzo 0
184542645 Loyete 0
474116239 Mum 0
846340241 Ralulaq 0
599869147 Tuherox 0
984086370 Tuso 0
56678211 Zate 0
