728773100 Cijek 100
638776236 Fep 100
847726262 Jorayide 100
85499419 Mequxu 100
408306792 Wikokinu 100
807293300 Buquxa 99
557560249 Jedub 99
637141035 Fijisa 98
456799129 Jozu 98
70645457 Buruwow 97
813464164 Maq 97
910461618 Nocakuli 97
448327835 Pix 96
449591671 Taqer 96
295706065 Bamawog 95
504438106 Bapu 95
615779966 Bipun 95
316622536 Meno 95
369190897 Sixi 95
990388896 Wubaci 95
38823473 Xenaxom 95
589523332 Gis 94
489826801 Xacetino 94
136012195 Filipegi 93
379308553 Foxi 93
266430522 Lini 93
924652863 Qox 93
13577881 Bir 92
868438626 Gajiro 92
618661421 Tot 91
689596008 Wis 91
499843228 Yukeno 91
281058841 Bajoja 90
341086902 Gopon 90
152847823 Nalofa 89
512281749 Ben 88
939511246 Tarahob 88
944445187 Tuyozix 88
291888710 Kezaf 87
307191486 Vav 87
217076184 Madaw 86
223676362 Nuzige 86
204429218 Rayaguju 86
159841113 Hufocay 84
248083965 Tamusig 83
822169550 Fodawiva 82
23377002 Jobeta 82
71066557 Daqawafu 81
672291270 Zex 80
703558243 Hoxom 79
785708423 Jus 79
46736832 Ferela 78
13075531 Koraf 78
524232022 Hop 76
281898629 Latifave 76
964870410 Mop 76
355770793 Top 76
158054712 Xixorile 76
982839762 Qijigage 75
30732120 Manak 74
716767870 Vaciquzu 73
368669138 Wuc 73
723693805 Titop 72
225159268 Xiqu 72
869233763 Bawo 71
978110625 Guxev 70
989854768 Jalov 70
693217042 Mupiva 69
486556494 Faned 67
538713051 Sava 67
450830330 Yaz 67
199940469 Muyay 66
868750965 Subuno 66
612450689 Vuy 66
843668072 Lezizoda 65
571887963 Vopacoqi 65
847992887 Digemev 64
495206006 Lererito 64
853532170 Xetu 64
728405725 Bima 63
821438820 Bodume 63
945304597 Cazoj 63
198918834 Viriqeqi 63
595328264 Wosazedi 61
149728335 Wipumuy 60
254414599 Gotux 59
523835098 Qur 59
633661018 Zaxas 59
178865933 Derexamo 58
31509856 Dusobos 58
296205861 Motike 56
693285882 Vereco 56
850652640 Zelejiw 56
760339209 Jonogiv 55
19734459 Kav 54
316121727 Nipi 54
57873551 Xipom 54
867720990 Dez 52
645790173 Dixava 52
12422597 Keda 52
517016361 Rabadik 52
385862379 Bovabe 51
836421302 Caca 51
158916643 Jefofole 51
748851811 Nodi 51
572881145 Faxasi 50
718307911 Fobi 50
171895794 Fumat 50
601592884 Gesese 50
762375706 Jutew 50
465658269 Mer 50
108797982 Puv 49
152449628 Tum 49
811993191 Yenut 49
215449127 Qijo 47
517210003 Xutac 46
899560645 Kubic 45
508640208 Ruji 45
242930179 Bibe 44
534650293 Ditibiy 44
317587489 Nejet 44
365892402 Bibagina 43
540009755 Bokakelo 42
213115185 Gudohequ 41
700462731 Kizibiy 40
732602915 Yec 40
480026310 Lokup 39
216465856 Niyajila 38
154292740 Qah 38
859743708 Sow 38
787126197 Xiwejoj 38
645154181 Liwex 37
807496794 Nokil 37
337486947 Libeca 36
738977930 Xur 36
475963469 Yodebaxa 36
191272077 Wiha 35
818263490 Gececiku 34
553773039 Kejixi 34
566330822 Mejajuro 34
157597427 Tacip 34
394942649 Pisuzut 32
862690543 Demoxo 31
406221920 Hih 31
931138642 Kuv 31
975114507 Lirakox 31
734802160 Vifona 31
959795164 Mifo 30
930240950 Madutomu 29
385806605 Vegagofe 29
621386266 Nivuwid 28
730500231 Fef 26
471823451 Pazazuz 26
523460606 Rikiyoq 26
562665056 Wepuwepe 25
820742549 Wezoc 25
345924957 Gasil 24
787239812 Pesehil 23
445115206 Yeduwa 23
913236870 Kig 21
561280581 Galucad 20
314147332 Sakox 19
735334369 Vuriveni 19
993960041 Totikozi 18
300880239 Ficob 17
571783866 Hayu 17
719707767 Timu 17
621260472 Tufisu 17
318466180 Ligasa 16
622227757 Qaqe 16
352548025 Nezut 15
755378221 Raq 15
83757637 Melabavi 14
554174185 Boho 13
471689523 Nodeben 13
424643630 Texujafa 13
601214719 Casit 12
408135042 Kizobede 12
622456198 Quzidi 12
383625308 Take 12
308744771 Bog 11
341970620 Seculex 10
387416222 Jeqa 8
774154308 Vahu 8
769858348 Qikiti 7
698243784 Rosu 7
333923730 Hukovof 6
751630036 Vewica 6
825787686 Vibelewu 6
222166897 Fuge 5
207311143 Lijemuj 4
789086598 Qoref 4
531687655 Rowar 4
313917541 Ruku 4
595467076 Koduqude 3
796564850 Rofegi 3
94620899 Tudavufo 3
492757004 Juwuloso 2
515131092 Rojuri 2
239485455 Liqime 1
753908994 Bapiw 0
292230170 Fufomis 0
314130393 Kiqalape 0
