244074039 Jadi 100
3024621 Davur 99
962361749 Geg 99
945282401 Joricuwo 99
811601444 Zomapa 99
369088543 Wiwodaj 98
271623346 Xiviris 98
90282331 Zaja 98
136208093 Zinikeb 98
372933784 Fuyiz 97
389159375 Vogus 97
997190364 Xepezuw 97
809377966 Fanewi 96
867741275 Besivud 95
164582450 Hiba 95
537430656 Jilasoj 95
990975348 Xecodu 94
734113884 Befe 93
952739185 Nalevup 93
32267055 Vocevoga 93
562565576 Caradip 92
726645059 Cusob 92
386171250 Gebori 92
333132148 Barej 91
122299194 Veqar 91
268722669 Vibolu 91
762354286 Zaberi 91
182274532 Gupep 90
805503278 Sitidohe 90
83914077 Giwic 89
606540312 Jajoy 89
554649505 Jaliy 89
828104041 Yipeke 88
742486184 Hinakage 87
578630408 Kuquyuq 87
877416791 Majisu 87
468072803 Noruyi 87
721058557 Wuyeb 87
656152335 Murimig 86
531737322 Puqob 86
100326270 Wehelen 86
540723223 Yuyigezi 86
676415738 Fokupe 85
151780089 Sobo 85
77215332 Xijova 85
953766397 Cato 84
125261172 Gunaf 84
98586051 Jitof 84
139742428 Liqote 84
593167769 Miqavev 84
514398576 Xavutu 84
644056032 Cux 83
272868280 Dici 83
742267358 Nikovij 82
44606086 Totad 82
164280371 Dom 80
997806236 Zebav 80
111412864 Wokuhud 79
440194504 Zixaca 79
863249602 Geduxo 78
193045552 Zocuf 78
13597187 Qit 77
430343521 Sonub 77
243942046 Xicat 77
153717464 Fiwevuv 76
201041499 Dabato 75
426269165 Guqoloki 75
517520175 Pafez 74
187116056 Zar 73
356461040 Mexoco 70
738938184 Nexorumu 69
607981996 Rer 69
507231254 Hubi 68
563502191 Mececu 68
953225919 Sew 68
403781504 Fegol 67
50579715 Kukisuk 67
295870454 Lanow 67
493274600 Qecol 67
759623215 Toped 67
741279161 Topire 67
580167898 Buhoh 66
26475023 Cemip 65
103876824 Koyofos 65
976609637 Ruga 65
239484003 Ducisel 64
838127981 Hazuhu 64
444534811 Mezez 64
498535010 Noc 64
397638866 Baq 63
756409012 Jetafil 63
562399994 Miludo 63
463305322 Sireg 62
227773987 Xatovobe 62
236425214 Vexuceg 60
268653311 Xaxizex 60
644916363 Jureg 59
534381307 Qufacowo 59
494424612 Tem 59
214788745 Ram 58
893684386 Qivu 56
70090837 Soyiz 56
91403904 Yadeta 56
734991417 Mazucom 55
252855893 Rezoco 54
340395636 Juqel 53
694709278 Nuke 53
865307706 Witu 52
730727804 Lod 51
999484142 Qineju 51
999256153 Tuqu 51
611724051 Zonoloye 51
150463039 Fiper 50
67420439 Qod 50
605262878 Xeriyov 50
337398351 Gemibako 49
847236483 Has 49
238073524 Qulu 49
720880402 Fija 46
265311414 Gevudamu 46
496173713 Hofaw 46
37424674 Lubak 46
605554369 Revi 46
45212371 Pihup 45
426614566 Seg 45
322247380 Tab 45
238880096 Qicot 44
766923853 Waret 44
210516537 Wig 44
101041291 Gazifo 43
344333905 Rahohen 42
576383055 Sama 42
829607627 Zohuxap 41
399794882 Jal 40
272604180 Repuma 40
231588416 Sig 40
815782992 Nom 39
5602552 Viwu 39
430150598 Bipovoj 38
974333354 Bujur 38
493161711 Lekotaq 37
821620914 Pehiz 37
350342057 Rarili 37
707424881 Wujexeq 37
857812503 Gupuhufa 35
439559757 Pugakequ 35
456839127 Wica 35
167585484 Zepiwuh 35
116146434 Lob 34
383221946 Zuhal 34
569010723 Qemefaho 33
859270569 Vujisu 33
372443497 Wuxaqi 33
226515956 Zegu 33
42855337 Fek 32
760084094 Japuh 32
181401210 Jalax 31
420054716 Vojosi 31
249253605 Zowolin 31
701967238 Gana 30
427634368 Suduyix 30
793890184 Vagid 30
168287384 Car 29
79266265 Diji 29
47184977 Rowukaq 29
865325952 Cawos 28
424910170 Deyocohe 28
950379731 Kijayab 28
749293968 Mulig 28
67346929 Caguhi 27
395008161 Gefico 27
823351748 Taqoqub 26
920088161 Dusore 24
273232769 Wubupin 24
250432578 Hijoquj 23
21554654 Xaw 23
914085609 Dofalasi 22
650318438 Dubaca 22
286948142 Lucec 21
919312596 Piye 21
379648897 Yutas 21
271864517 Zed 21
170791199 Fehaba 19
655737865 Tuy 19
144491862 Yurana 19
864491654 Zel 19
33235787 Jas 18
879551694 Qudij 18
407817226 Wog 18
519289553 Fivagex 17
25569979 Liluker 17
802051727 Zivac 17
115563846 Hojole 16
456035515 Juj 16
362493148 Wuk 16
921507591 Nicedu 15
376695662 Tadeb 15
434430893 Gifigura 14
546515288 Xudisegi 14
538848106 Zogaj 14
888627182 Hucu 13
720358401 Kidokawu 13
893291615 Cecu 12
681660812 Qomis 12
832996436 Qoq 12
421631084 Fosobofo 11
857064106 Kevowihe 11
382806236 Nuc 11
840300073 Cacosa 10
559338409 Kafuves 10
669339015 Taza 10
514050085 Bocezif 9
155383760 Ciwaquk 9
772443848 Futa 9
937664018 Xidedoj 9
129520762 Fiv 7
171101157 Mimaluti 6
202038369 Sicatum 6
181866974 Dap 4
273248805 Mawe 4
659934688 Nofa 4
889912606 Rosu 4
597814592 Rusoz 3
951570651 Xihabas 3
910095025 Tek 2
870214536 Wuq 1
708863845 Jexu 0
699934061 Xole 0
683434524 Yuciwaza 0
