422949867 Juboma 100
21248681 Maqexo 100
67855463 Mayuk 100
949093037 Noqase 100
129565882 Zejuvi 100
750826779 Diluge 99
27846000 Liwoxo 99
751946880 Luluyid 99
934060931 Mapa 99
156853068 Pawihes 99
656847599 Peh 99
438948657 Rom 99
850769843 Teku 99
430395672 Tidilos 99
324717314 Zunati 99
869192262 Loyoyeqi 98
564607179 Vucozo 98
943863245 Xewujixu 98
708452775 Yexu 98
552685145 Zoxil 98
980302880 Hos 97
376736652 Jus 97
673542160 Lob 97
126841648 Siru 97
365309446 Yadi 97
932451326 Zas 97
66429542 Zujal 97
557604333 Fofu 96
516677201 Kizigop 96
66729826 Suwaleca 96
888369844 Wugoh 96
397725997 Cepil 95
668063262 Gode 95
833264901 Hekom 95
265754950 Jeceh 95
823643717 Lev 95
229180913 Pezedal 95
774217038 Pufawes 95
750576361 Vod 95
473970529 Wefuce 95
651047076 Wenaruka 95
699992621 Xitegap 95
415616646 Yobe 95
527281710 Faquqak 94
347596838 Haw 94
398896229 Mayunili 94
2091766 Notolaq 94
896716813 Podaja 94
165561654 Wozucol 94
610749930 Zuke 94
619071423 Casatud 93
669361825 Cimeh 93
379679529 Fakefoj 93
711910156 Fejos 93
389769147 Loremiw 93
76016746 Pobayiba 93
351296643 Qabari 93
197010428 Qes 93
199209169 Tajiqeru 93
696185776 Yotawoc 93
220929782 Yuse 93
476659898 Beve 92
478726397 Dip 92
466937824 Dugehaw 92
813994212 Juyuxo 92
643757686 Pap 92
209229755 Rezep 92
810753195 Siy 92
182267758 Vulezi 92
205204296 Xifetuq 92
954845183 Xupaji 92
55519957 Ziveril 92
460097370 Powi 91
997084979 Tamaji 91
495029600 Tokoje 91
664536007 Goxuda 90
990470588 Rixos 90
500149488 Yix 90
699692218 Zukifa 90
432867258 Bok 89
165930986 Hed 89
843241860 Lud 89
105453278 Noped 89
990388362 Rileji 89
187049782 Tod 89
154639702 Xuk 89
862864863 Xuvapeb 89
674955385 Yoxikepo 89
690643888 Daloh 88
1831489 Heze 88
817131539 Nulaqato 88
961833574 Tuleh 88
723435609 Xajofahi 88
580761185 Nuxodug 87
167310646 Qaduw 87
609807340 Qayi 87
848720295 Rahe 87
502334146 Sonec 87
857380812 Taja 87
637693053 Voraqat 87
225498451 Wawibip 87
75918804 Zapive 87
815463562 Guqayo 86
661876191 Jiveje 86
351000951 Kivaxe 86
973487084 Nanuyo 86
510565949 Narinuq 86
930852429 Riku 86
852807546 Wuz 86
698112947 Bihib 85
757525679 Cetihe 85
641752349 Cobo 85
918904489 Disoqa 85
690328790 Hotuyi 85
138537954 Koha 85
48292916 Kokor 85
73975687 Kor 85
309351370 Lini 85
975504160 Welo 85
861871925 Xirecoku 85
285777738 Ziv 85
172548524 Dayan 84
277532887 Lahoquj 84
563459433 Meku 84
23108332 Wemarar 84
969947225 Xezalep 84
68456138 Xunu 84
848618105 Gahukevo 83
658531542 Jaqetudu 83
944302881 Dedito 82
476323205 Fiqitid 82
784035075 Womup 82
267078981 Gukozi 81
25083537 Kelo 81
372587924 Nemo 81
752367448 Nucejawa 81
525548682 Pehef 81
282611060 Sose 81
208394045 Virepejo 81
959446196 Vuvaz 81
982154070 Fonoheyi 80
868586053 Gus 80
122260655 Pori 80
531665962 Yedi 80
254219743 Jobitida 79
884007829 Rewi 79
874713442 Tuku 79
730648237 Cufi 78
83027436 Fiwa 78
518575728 Fusure 78
162374061 Komuxec 78
608401345 Muhite 78
808415258 Vane 78
897493191 Vehoger 78
353685748 Xunumeb 78
904953221 Yiwuw 78
107448027 Zevanuwo 78
310346237 Leyo 77
49491945 Mokado 77
413149534 Seza 77
280193470 Vacupaj 77
835928890 Yaqu 77
995395751 Fibecut 76
122002110 Gabicicu 76
478868648 Lapad 76
232445061 Nizawok 76
816577103 Sehiper 76
648884635 Tibuci 76
957925669 Veyecu 76
131231595 Vufuxapu 76
192616527 Zeyij 76
884248854 Bet 75
383220363 Bonepem 75
944515481 Futujobi 75
945570777 Getetu 75
13760002 Hulepib 75
159449473 Jogebadi 75
546546764 Mogiroge 75
9403310 Nosubar 75
37008301 Sax 75
956869494 Vaginako 75
62974173 Fix 74
158842385 Gozoseg 74
940705142 Hik 74
134916958 Jayu 74
636956751 Mob 74
334192843 Mumonene 74
265752698 Neji 74
842413749 Qapuri 74
612020081 Yaceve 74
691601828 Cam 73
347261466 Coqudig 73
487868335 Mekeme 73
274398073 Rupef 73
992314838 Rut 73
909884762 Beso 72
503955226 Hasufano 72
258520439 Moned 72
655524555 Rilagane 72
526566061 Tejuniw 72
191525490 Zul 72
825339210 Fokivesa 71
132436540 Hiwixe 71
865033576 Mic 71
956970424 Nok 71
415825776 Cazumi 70
425215681 Cuz 70
707889209 For 70
415855236 Mufifuw 70
278709787 Seh 70
205146950 Tup 70
51764928 Wacet 70
704284403 Huwi 69
772879285 Melal 69
565004737 Pulag 69
207909748 Qoxukoh 69
29729406 Wimexuy 69
624069840 Xizi 69
891822592 Yob 69
942873052 Yoxoy 69
967510679 Doweme 68
604231312 Jakaju 68
777050171 Jesow 68
360489394 Lilahi 68
947664014 Mez 68
806215685 Wefep 68
78297063 Luwoy 67
497838624 Nafi 67
864028178 Nemo 67
674597265 Vazud 67
690202446 Cunimuyo 66
497388983 Guhuqoz 66
402507545 Kifug 66
449592608 Liqufo 66
433958154 Locehet 66
720089989 Pufego 66
289943509 Bacepoye 65
745485348 Liyatuqo 65
25171550 Nodico 65
53667234 Bipo 64
37666910 Hiw 64
767883272 Hoc 64
146605745 Paxa 64
672803920 Soqa 64
319192434 Weqaqiqi 64
215123448 Cih 63
619031881 Doni 63
436855085 Jipene 63
171751741 Kajojan 63
753414370 Rowixake 63
804018849 Soqavofo 63
84180731 Vanu 63
134554215 Wolino 63
969723850 Ces 62
818724398 Dizi 62
743173651 Fuk 62
776980077 Henohi 62
166078400 Lad 62
565204525 Size 62
975845476 Yatedabi 62
872813062 Cej 61
304961378 Gazahah 61
668525955 Juwasup 61
92772423 Mugulaza 61
216360598 Pecanem 61
750291146 Dikoger 60
941290712 Pihut 60
431023621 Sasuc 60
834414662 Wuyenoqo 60
549114481 Yaya 60
555095619 Babov 59
493859884 Dovuhu 59
950004865 Dowiru 59
358157211 Hiheb 59
495352856 Japawiwa 59
708223717 Nidanopa 59
503938193 Tocoh 59
112203920 Yixif 59
201580252 Zepi 59
673895002 Dotad 58
444394658 Hofag 58
245507652 Lire 58
99292254 Nihihezu 58
5529497 Rijegut 58
307194485 Susegopa 58
978972723 Vumovode 58
145025507 Zer 58
10127427 Zuvunoju 58
503791921 Dabuc 57
642981645 Kufafo 57
380613584 Muwufef 57
724721582 Weri 57
387207396 Zerilin 57
771765619 Gamez 56
463319264 Kevuy 56
144450619 Puxed 56
147942816 Riwokoz 56
67876255 Yego 56
788089705 Cala 55
318930802 Daf 55
93825062 Dasex 55
505523812 Jejera 55
822671457 Migofuti 55
407546742 Pelureto 55
356140354 Qaf 55
794883809 Rif 55
265830674 Ror 55
992590377 Bip 54
124290895 Cupunib 54
493038318 Guqalula 54
874173491 Hovidolo 54
234206568 Sex 54
105833900 Vefe 54
649653601 Xazo 54
346288886 Yaj 54
333336115 Yicupo 54
84567377 Cegixu 53
739821245 Cih 53
967507925 Fiv 53
473496979 Fuxora 53
835258951 Jijec 53
946634331 Jupakavu 53
841657840 Jurege 53
979807196 Mib 53
135511655 Tufuwil 53
163192630 Wunejena 53
137786881 Ciwanov 52
763699004 Cobe 52
828691538 Coqig 52
229776724 Dawi 52
558884929 Dayeroc 52
92954998 Fovuro 52
441330329 Gozudolo 52
859302570 Lolo 52
125396277 Mig 52
523985649 Pinex 52
253505511 Wehero 52
50461545 Yotebogi 52
551611419 Kuherede 51
575294756 Qaf 51
855389172 Sadile 51
288274947 Tay 51
804877088 Wifiwe 51
499105002 Wurimoqo 51
29009035 Zewoton 51
359209275 Newomat 50
891294869 Qocego 50
113098382 Voneg 50
385349674 Jeluko 49
935071359 Lecamubu 49
330804793 Pucecaka 49
140186382 Way 49
811710064 Wiyozeq 49
528327712 Beyoyo 48
47242263 Dutalaki 48
466651695 Duwun 48
641412615 Hafejohe 48
334502951 Jijib 48
628614595 Kat 48
277540444 Muy 48
70647467 Tozezap 48
460369675 Vovato 48
431055778 Wuci 48
513877857 Yerobope 48
844076027 Yiciyo 48
514414095 Yul 48
564166623 Fadeh 47
253550643 Fiwapu 47
531495693 Pudi 47
954183152 Cebasa 46
761811465 Faca 46
360386742 Hejojivo 46
9145463 Herumog 46
898760643 Kize 46
860492651 Vibe 46
607399628 Caca 45
129829995 Coye 45
134173100 Gun 45
706013174 Lucazij 45
462578776 Maroze 45
894127812 Jalabid 44
429946627 Jozexu 44
14081828 Mecor 44
15289357 Pifakun 44
207518435 Porohi 44
384150033 Qek 44
59287011 Wujim 44
246720804 Yugoj 44
615598964 Zejusu 44
39646585 Binumila 43
137244349 Derinu 43
536058052 Koyog 43
362841621 Mibunok 43
170127054 Qaqip 43
923704942 Vuzuge 43
587472706 Xob 43
146619373 Cufu 42
945932702 Gomev 42
567639455 Kobofoku 42
451081425 Luja 42
492105986 Repoh 42
589332276 Wiravuje 42
853272018 Yaco 42
342899961 Gajibu 41
992004356 Hikaw 41
130788990 Lonotab 41
593732222 Noyu 41
822687634 Pidev 41
455071333 Sufetizo 41
756414602 Wiheg 41
254060170 Bimegun 40
7540033 Poxadalo 40
790568284 Vagoj 40
692791503 Vaqoqa 40
451839957 Zuwuyus 40
836200554 Bivi 39
69095427 Wayudis 39
842343343 Figey 38
464248566 Lutaqu 38
789190944 Nelufu 38
911650532 Pogi 38
327591399 Xafa 38
694865160 Zube 38
752808592 Geq 37
476295359 Joxa 37
251707489 Lirohov 37
939887716 Rumaca 37
670674547 Biqum 36
923999216 Ficelo 36
939403109 Geb 36
622224154 Gusecu 36
638634952 Habikasu 36
292492554 Masuyi 36
441573770 Sur 36
734713023 Xififir 36
39487830 Yep 36
521997779 Bote 35
551949163 Datik 35
682657226 Gis 35
748031203 Hihalih 35
132090667 Nit 35
790825752 Semuz 35
431201618 Faxo 34
417829520 Gemo 34
938428537 Pogacuso 34
879911496 Toresup 34
793956528 Wer 34
503377421 Yopu 34
160445280 Zufuqi 34
74989477 Zuloketo 34
789583839 Jeli 33
470192821 Levuraw 33
951314164 Luvigad 33
814389825 Putiyidu 33
256146247 Yosunofa 33
877540852 Cecopi 32
923783382 Dayikifo 32
38852715 Getoz 32
765303604 Korixeko 32
428444099 Qijag 32
184016116 Soguso 32
41160669 Temet 32
605436422 Tiday 32
122955504 Toxupub 32
157313357 Vaceyeta 32
683694015 Wotagu 32
78904339 Yiheq 32
260823908 Doganoga 31
356104364 Funimos 31
120547402 Lori 31
644581235 Pog 31
690309128 Riqucoc 31
584197643 Senenoke 31
637851378 Wuyeruj 31
160945288 Dohagih 30
291011922 Rehugeti 30
768012719 Rerocul 30
624716538 Sezizofe 30
826729728 Vug 30
24360195 Wisesan 30
132804949 Zupaj 30
394954800 Zuzit 30
705349323 Fahaqer 29
408269712 Tukudi 29
734487662 Wileh 29
894856965 Xowanone 29
797608657 Cuwoki 28
815217924 Guy 28
348621488 Pivo 28
900035087 Pope 28
631159954 Quw 28
630989181 Vahemewu 28
729996746 Gihiq 27
222545704 Guh 27
679824742 Jusumik 27
465686953 Kih 27
667725438 Zumowuh 27
312173525 Kuqif 26
283146853 Lax 26
636533010 Pacexi 26
596207758 Tacay 26
129380698 Xorop 26
788781145 Negopozi 25
187738348 Tojo 25
418494112 Tuna 25
439518799 Wos 25
373637143 Wunup 25
211925906 Baletet 24
452653953 Duzojiv 24
343335986 Gavigal 24
237647300 Gozebame 24
397896018 Hup 24
903866539 Nenavu 24
213001207 Rasima 24
543140560 Raxuso 24
85861089 Wup 24
472698174 Zekiy 24
301743263 Cazekur 23
66268308 Dabuhiwi 23
622250021 Fukuqoyo 23
664073010 Jeqewa 23
428768809 Lizi 23
252376793 Mesus 23
21357159 Pigawo 23
62749522 Qepoc 23
916918855 Vetugiz 23
206689816 Zoxagid 23
495013216 Bihuri 22
264680158 Coz 22
605151175 Jipa 22
585797160 Nuk 22
72820959 Rel 22
41312614 Rodife 22
714763843 Xihatijo 22
416796242 Fapu 21
415282049 Puyus 21
610513243 Susiyomi 21
738801468 Yadi 21
224658971 Yas 21
65114973 Yemawiva 21
836179055 Yokiqeq 21
527603734 Dibep 20
492891763 Gupinu 20
787725265 Hohoca 20
44338165 Jatof 20
504324558 Qucepuri 20
449798351 Ruhabasa 20
367617373 Bufujo 19
894281392 Curucaz 19
287124428 Hes 19
262370732 Kib 19
523137510 Pame 19
225285293 Ratejane 19
31334671 Vipiv 19
125412226 Wapopi 19
887513011 Giheja 18
338406124 Guzey 18
373398505 Hisabuf 18
410235534 Kufel 18
745857069 Viyim 18
223140557 Bibun 17
505124873 Bocip 17
927112136 Cahe 17
16034778 Cuz 17
689939963 Hifisoce 17
983551226 Hodepu 17
470809201 Nifamec 17
474922029 Noxo 17
846603369 Quqipoxa 17
202482162 Rugegiz 17
359631117 Vefe 17
756227279 Wotaxo 17
665577327 Bev 16
277321978 Dizozo 16
927773021 Pej 16
407175306 Tefape 16
496050640 Vipilo 16
965193666 Wes 16
222336090 Wevot 16
706321760 Xivutuh 16
184138561 Bupawu 15
159305263 Cumuki 15
30209261 Guwitop 15
406113381 Hibucu 15
694164753 Toveho 15
648051567 Wixorexa 15
296122670 Wovod 15
845383288 Xec 15
8261897 Xiqeleha 15
523951376 Xufebij 15
643744775 Xuyovico 15
939079504 Zilofiw 15
892628453 Bonewa 14
856019559 Ciwe 14
310388303 Heri 14
909876588 Laheg 14
936726094 Laxejexa 14
643062502 Pikic 14
830199693 Qil 14
338076565 Xiy 14
827025265 Yezocij 14
633844862 Zipu 14
19361036 Fumalusi 13
88800398 Qale 13
553563368 Qoxixaq 13
782674918 Tavuce 13
349436804 Xejas 13
716614989 Xitoja 13
206947755 Baji 12
93544482 Bixiciw 12
960335152 Qopequ 12
621388721 Qugi 12
685592780 Ribe 12
403533060 Roquzi 12
474184024 Sotogud 12
903770478 Vatunek 12
321903978 Viq 12
954793768 Buyono 11
248529205 Fugizupu 11
345707851 Kecumi 11
13619687 Mopa 11
947829516 Qocuraji 11
526135199 Satono 11
894014048 Baneni 10
801486614 Capa 10
996546302 Pec 10
166759724 Polawure 10
296422615 Quyu 10
32081520 Sohehe 10
261051421 Vuqina 10
217936573 Xovu 10
975578906 Yilelezo 10
535685564 Garak 9
297921759 Huto 9
584752732 Tayutow 9
452220049 Xin 9
7907363 Yacuvod 9
63051865 Yuba 9
838867472 Zecoc 9
683225842 Cuwecav 8
758579041 Degiyi 8
820836536 Had 8
192830168 Rejab 8
797628837 Rugu 8
98567244 Vib 8
960922777 Vuwen 8
870109155 Xuq 8
731944958 Yanuxalu 8
586993001 Cificobi 7
748613890 Nadujo 7
723737690 Casunuka 6
928775235 Gowu 6
988567135 Kezohamu 6
637724120 Noxera 6
860677941 Nuxenub 6
422513402 Pev 6
329058738 Wesata 6
589439640 Wevuf 6
88948059 Xubeca 6
613459559 Xuru 6
889247005 Duki 5
451643176 Gayulo 5
297003093 Gopugi 5
154969700 Jadaso 5
977111857 Musog 5
455018547 Toxej 5
19736522 Wifu 5
463784095 Wili 5
698006719 Xefe 5
463253804 Xusati 5
541742226 Dabog 4
163379792 Fekitag 4
889338860 Dirok 3
424254067 Lagogu 3
207975992 Qiyabele 3
948012697 Qucot 3
845682172 Tud 3
720271094 Yub 3
731250050 Baci 2
258170618 Cit 2
282600194 Jagep 2
202095550 Nozam 2
7932331 Pobavag 2
327803293 Tijepuwe 2
677898253 Hovuh 1
302616944 Kogonuja 1
41120678 Lowudip 1
234529275 Nige 1
279104473 Solemur 1
226731080 Zal 1
469209182 Higoxo 0
317629824 Huno 0
